Host: scc-ul1
Job:  ember  ID: 3229238  Task: 24
Cmd:  ember fit-sed widebinaries/widebinary_fluxes.pqt widebinaries/chains/thick/ --synthetic --xpphoto --numtasks=128
Warning: the passwords of all user accounts have been inactivated.              Please visit https://cas.cosmos.esa.int/cas/passwd to set a new one. Workaround solutions for the Gaia Archive issues following the infrastructure upgrade: https://www.cosmos.esa.int/web/gaia/news#WorkaroundArchive
['synthetic']
Total rows before filtering: 9477
Rows remaining after removing existing chains: 9476
Rows in this SGE task segment: 74
Bands selected: synthetic
Output directory: /projectnb/mesaelm/ember/widebinaries/chains/thick
mcmc
Bypassing Gaia archive queries temporarily with $EMBER_DIR/widebinaries/widebinary_fluxes.pqt
Nedler mode returns no errors, so assuming 5% error universally!
[1.49290834 1.42003037 1.34610476 1.27218875 1.19762042 1.13007946
 1.05509361 0.99733563 0.93015207 0.88181679 0.82898061 0.78163521
 0.73503799 0.69541353 0.66619626 0.62154845 0.58866829 0.56235899
 0.53157587 0.50467257 0.47871176 0.45783258 0.43639439 0.41680978]
Gaia DR3 6399244882967415808


Saving to widebinaries/chains/thick/6399244882967415808.npy


Gaia DR3 2230514539885276032


Saving to widebinaries/chains/thick/2230514539885276032.npy


Gaia DR3 6614994829845787264


Saving to widebinaries/chains/thick/6614994829845787264.npy


Gaia DR3 2619911255785125760


Saving to widebinaries/chains/thick/2619911255785125760.npy


Gaia DR3 1777802279392134528


Saving to widebinaries/chains/thick/1777802279392134528.npy


Gaia DR3 1906153352649388288


Saving to widebinaries/chains/thick/1906153352649388288.npy


Gaia DR3 2001018017613334144


Saving to widebinaries/chains/thick/2001018017613334144.npy


Gaia DR3 2005884249925303168


Saving to widebinaries/chains/thick/2005884249925303168.npy


Gaia DR3 6406343703698884736


Saving to widebinaries/chains/thick/6406343703698884736.npy


Gaia DR3 6509010778035696256


Saving to widebinaries/chains/thick/6509010778035696256.npy


Gaia DR3 6560124771509384192


Saving to widebinaries/chains/thick/6560124771509384192.npy


Gaia DR3 6598928181825176320


Saving to widebinaries/chains/thick/6598928181825176320.npy


Gaia DR3 1778247822119633664


Saving to widebinaries/chains/thick/1778247822119633664.npy


Gaia DR3 6398486868484233984


Saving to widebinaries/chains/thick/6398486868484233984.npy


Gaia DR3 6411523713430599296


Saving to widebinaries/chains/thick/6411523713430599296.npy


Gaia DR3 2600648572274461440


Saving to widebinaries/chains/thick/2600648572274461440.npy


Gaia DR3 2000752485552903808


Saving to widebinaries/chains/thick/2000752485552903808.npy


Gaia DR3 1898947638773470464


Saving to widebinaries/chains/thick/1898947638773470464.npy


Gaia DR3 2005420835825100416


Saving to widebinaries/chains/thick/2005420835825100416.npy


Gaia DR3 6598132753882533376


Saving to widebinaries/chains/thick/6598132753882533376.npy


Gaia DR3 2599941032247114880


Saving to widebinaries/chains/thick/2599941032247114880.npy


Gaia DR3 6508010630476420224


Saving to widebinaries/chains/thick/6508010630476420224.npy


Gaia DR3 1895380612598206080


Saving to widebinaries/chains/thick/1895380612598206080.npy


Gaia DR3 6508010561756944768


Saving to widebinaries/chains/thick/6508010561756944768.npy


Gaia DR3 6598965088479173888


Saving to widebinaries/chains/thick/6598965088479173888.npy


Gaia DR3 2230836284473931392


Saving to widebinaries/chains/thick/2230836284473931392.npy


Gaia DR3 2205812263114076800


Saving to widebinaries/chains/thick/2205812263114076800.npy


Gaia DR3 6566384325566246144


Saving to widebinaries/chains/thick/6566384325566246144.npy


Gaia DR3 1957114312146344832


Saving to widebinaries/chains/thick/1957114312146344832.npy


Gaia DR3 2615511422565919616


Saving to widebinaries/chains/thick/2615511422565919616.npy


Gaia DR3 1781896688895465344


Saving to widebinaries/chains/thick/1781896688895465344.npy


Gaia DR3 1880096614993712256


Saving to widebinaries/chains/thick/1880096614993712256.npy


Gaia DR3 6618761447446116736


Saving to widebinaries/chains/thick/6618761447446116736.npy


Gaia DR3 1957116678669855488


Saving to widebinaries/chains/thick/1957116678669855488.npy


Gaia DR3 1999911599675799296


Saving to widebinaries/chains/thick/1999911599675799296.npy


Gaia DR3 1999692586398444416


Saving to widebinaries/chains/thick/1999692586398444416.npy


Gaia DR3 2615713286028902272


Saving to widebinaries/chains/thick/2615713286028902272.npy


Gaia DR3 1895137689249628928


Saving to widebinaries/chains/thick/1895137689249628928.npy


Gaia DR3 2733969820340679424


Saving to widebinaries/chains/thick/2733969820340679424.npy


Gaia DR3 6508046364604668416


Saving to widebinaries/chains/thick/6508046364604668416.npy


Gaia DR3 6624889064401276032


Saving to widebinaries/chains/thick/6624889064401276032.npy


Gaia DR3 6599093628260468224


Saving to widebinaries/chains/thick/6599093628260468224.npy


Gaia DR3 6612044118594415232


Saving to widebinaries/chains/thick/6612044118594415232.npy


Gaia DR3 1957328025422182016


Saving to widebinaries/chains/thick/1957328025422182016.npy


Gaia DR3 6566304954569708032


Saving to widebinaries/chains/thick/6566304954569708032.npy


Gaia DR3 6599963062785192576


Saving to widebinaries/chains/thick/6599963062785192576.npy


Gaia DR3 2707011543278774784


Saving to widebinaries/chains/thick/2707011543278774784.npy


Gaia DR3 1895978094088684416


Saving to widebinaries/chains/thick/1895978094088684416.npy


Gaia DR3 6613665073611994752


Saving to widebinaries/chains/thick/6613665073611994752.npy


Gaia DR3 1958785020063453312


Saving to widebinaries/chains/thick/1958785020063453312.npy


Gaia DR3 2006231661232717440


Saving to widebinaries/chains/thick/2006231661232717440.npy


Gaia DR3 6398029579022635648


Saving to widebinaries/chains/thick/6398029579022635648.npy


Gaia DR3 6626564994999967360


Saving to widebinaries/chains/thick/6626564994999967360.npy


Gaia DR3 6357321019997922816


Saving to widebinaries/chains/thick/6357321019997922816.npy


Gaia DR3 1777232315757039872


Saving to widebinaries/chains/thick/1777232315757039872.npy


Gaia DR3 2706795626682842752


Saving to widebinaries/chains/thick/2706795626682842752.npy


Gaia DR3 6383575021206283008


Saving to widebinaries/chains/thick/6383575021206283008.npy


Gaia DR3 2625660017969555840


Saving to widebinaries/chains/thick/2625660017969555840.npy


Gaia DR3 1778836056545324160


Saving to widebinaries/chains/thick/1778836056545324160.npy


Gaia DR3 2614882987246581888


Saving to widebinaries/chains/thick/2614882987246581888.npy


Gaia DR3 1778824275450611968


Saving to widebinaries/chains/thick/1778824275450611968.npy


Gaia DR3 6357921044109007616


Saving to widebinaries/chains/thick/6357921044109007616.npy


Gaia DR3 6357921044107852160


Saving to widebinaries/chains/thick/6357921044107852160.npy


Gaia DR3 1999832774131371008


Saving to widebinaries/chains/thick/1999832774131371008.npy


Gaia DR3 2703590241050519680


Saving to widebinaries/chains/thick/2703590241050519680.npy


Gaia DR3 2703590241050519808


Saving to widebinaries/chains/thick/2703590241050519808.npy


Gaia DR3 2286735386910397184


Saving to widebinaries/chains/thick/2286735386910397184.npy


Gaia DR3 1881680014815507200


Saving to widebinaries/chains/thick/1881680014815507200.npy


Gaia DR3 2600433613455975168


Saving to widebinaries/chains/thick/2600433613455975168.npy


Gaia DR3 2626677723354947968


Saving to widebinaries/chains/thick/2626677723354947968.npy


Gaia DR3 1987338027069347328


Saving to widebinaries/chains/thick/1987338027069347328.npy


Gaia DR3 1894038693015555840


Saving to widebinaries/chains/thick/1894038693015555840.npy


Gaia DR3 1778557364708020736


Saving to widebinaries/chains/thick/1778557364708020736.npy


Gaia DR3 1874965499168713600


Saving to widebinaries/chains/thick/1874965499168713600.npy


fit-sed done
