Host: scc-ul1
Job:  ember  ID: 3229238  Task: 32
Cmd:  ember fit-sed widebinaries/widebinary_fluxes.pqt widebinaries/chains/thick/ --synthetic --xpphoto --numtasks=128
Warning: the passwords of all user accounts have been inactivated.              Please visit https://cas.cosmos.esa.int/cas/passwd to set a new one. Workaround solutions for the Gaia Archive issues following the infrastructure upgrade: https://www.cosmos.esa.int/web/gaia/news#WorkaroundArchive
['synthetic']
Total rows before filtering: 9477
Rows remaining after removing existing chains: 9476
Rows in this SGE task segment: 74
Bands selected: synthetic
Output directory: /projectnb/mesaelm/ember/widebinaries/chains/thick
mcmc
Bypassing Gaia archive queries temporarily with $EMBER_DIR/widebinaries/widebinary_fluxes.pqt
Nedler mode returns no errors, so assuming 5% error universally!
[1.49290834 1.42003037 1.34610476 1.27218875 1.19762042 1.13007946
 1.05509361 0.99733563 0.93015207 0.88181679 0.82898061 0.78163521
 0.73503799 0.69541353 0.66619626 0.62154845 0.58866829 0.56235899
 0.53157587 0.50467257 0.47871176 0.45783258 0.43639439 0.41680978]
Gaia DR3 1998285696851035264


Saving to widebinaries/chains/thick/1998285696851035264.npy


Gaia DR3 2771788450491848192


Saving to widebinaries/chains/thick/2771788450491848192.npy


Gaia DR3 2337747164454908544


Saving to widebinaries/chains/thick/2337747164454908544.npy


Gaia DR3 6386565898992522240


Saving to widebinaries/chains/thick/6386565898992522240.npy


Gaia DR3 1999127510441929600


Saving to widebinaries/chains/thick/1999127510441929600.npy


Gaia DR3 2017456399335128960


Saving to widebinaries/chains/thick/2017456399335128960.npy


Gaia DR3 1939334551991550848


Saving to widebinaries/chains/thick/1939334551991550848.npy


Gaia DR3 2822899141136601344


Saving to widebinaries/chains/thick/2822899141136601344.npy


Gaia DR3 2879072503002076032


Saving to widebinaries/chains/thick/2879072503002076032.npy


Gaia DR3 1919316877655289472


Saving to widebinaries/chains/thick/1919316877655289472.npy


Gaia DR3 6533863726553364608


Saving to widebinaries/chains/thick/6533863726553364608.npy


Gaia DR3 2311695469091020672


Saving to widebinaries/chains/thick/2311695469091020672.npy


Gaia DR3 6537804513666751104


Saving to widebinaries/chains/thick/6537804513666751104.npy


Gaia DR3 2744068040073626112


Saving to widebinaries/chains/thick/2744068040073626112.npy


Gaia DR3 2311628433240880768


Saving to widebinaries/chains/thick/2311628433240880768.npy


Gaia DR3 2389580406036176384


Saving to widebinaries/chains/thick/2389580406036176384.npy


Gaia DR3 1940133317127957504


Saving to widebinaries/chains/thick/1940133317127957504.npy


Gaia DR3 2017162348700944512


Saving to widebinaries/chains/thick/2017162348700944512.npy


Gaia DR3 2017104796131907712


Saving to widebinaries/chains/thick/2017104796131907712.npy


Gaia DR3 2742785322319919232


Saving to widebinaries/chains/thick/2742785322319919232.npy


Gaia DR3 2879107790455284480


Saving to widebinaries/chains/thick/2879107790455284480.npy


Gaia DR3 2758556201712205312


Saving to widebinaries/chains/thick/2758556201712205312.npy


Gaia DR3 2337472660210623488


Saving to widebinaries/chains/thick/2337472660210623488.npy


Gaia DR3 6534477043588355584


Saving to widebinaries/chains/thick/6534477043588355584.npy


Gaia DR3 2337889241973023360


Saving to widebinaries/chains/thick/2337889241973023360.npy


Gaia DR3 1944225110993426944


Saving to widebinaries/chains/thick/1944225110993426944.npy


Gaia DR3 2439452501125372416


Saving to widebinaries/chains/thick/2439452501125372416.npy


Gaia DR3 2868315435287431168


Saving to widebinaries/chains/thick/2868315435287431168.npy


Gaia DR3 2016038476022671616


Saving to widebinaries/chains/thick/2016038476022671616.npy


Gaia DR3 2445976419009862272


Saving to widebinaries/chains/thick/2445976419009862272.npy


Gaia DR3 2742718080312489088


Saving to widebinaries/chains/thick/2742718080312489088.npy


Gaia DR3 2641865135735601024


Saving to widebinaries/chains/thick/2641865135735601024.npy


Gaia DR3 2327798096051832832


Saving to widebinaries/chains/thick/2327798096051832832.npy


Gaia DR3 2852587295114061440


Saving to widebinaries/chains/thick/2852587295114061440.npy


Gaia DR3 2743171938097183616


Saving to widebinaries/chains/thick/2743171938097183616.npy


Gaia DR3 2012967540033400704


Saving to widebinaries/chains/thick/2012967540033400704.npy


Gaia DR3 2868289832986763136


Saving to widebinaries/chains/thick/2868289832986763136.npy


Gaia DR3 6530762377913958400


Saving to widebinaries/chains/thick/6530762377913958400.npy


Gaia DR3 2420585504363199616


Saving to widebinaries/chains/thick/2420585504363199616.npy


Gaia DR3 2766714685365963392


Saving to widebinaries/chains/thick/2766714685365963392.npy


Gaia DR3 2739666733683034880


Saving to widebinaries/chains/thick/2739666733683034880.npy


Gaia DR3 2341125207772651392


Saving to widebinaries/chains/thick/2341125207772651392.npy


Gaia DR3 6497445010928464256


Saving to widebinaries/chains/thick/6497445010928464256.npy


Gaia DR3 2415342616309685760


Saving to widebinaries/chains/thick/2415342616309685760.npy


Gaia DR3 2418598102736773120


Saving to widebinaries/chains/thick/2418598102736773120.npy


Gaia DR3 2418594834266031616


Saving to widebinaries/chains/thick/2418594834266031616.npy


Gaia DR3 2643218398328129664


Saving to widebinaries/chains/thick/2643218398328129664.npy


Gaia DR3 2314006371948832640


Saving to widebinaries/chains/thick/2314006371948832640.npy


Gaia DR3 2420383189928873728


Saving to widebinaries/chains/thick/2420383189928873728.npy


Gaia DR3 2011915273049699584


Saving to widebinaries/chains/thick/2011915273049699584.npy


Gaia DR3 6496573617899855360


Saving to widebinaries/chains/thick/6496573617899855360.npy


Gaia DR3 2215430786543709440


Saving to widebinaries/chains/thick/2215430786543709440.npy


Gaia DR3 6389031755680524800


Saving to widebinaries/chains/thick/6389031755680524800.npy


Gaia DR3 2389813575516074368


Saving to widebinaries/chains/thick/2389813575516074368.npy


Gaia DR3 2313822646133307264


Saving to widebinaries/chains/thick/2313822646133307264.npy


Gaia DR3 1922888645474386816


Saving to widebinaries/chains/thick/1922888645474386816.npy


Gaia DR3 2867428709223740288


Saving to widebinaries/chains/thick/2867428709223740288.npy


Gaia DR3 2419067967863872000


Saving to widebinaries/chains/thick/2419067967863872000.npy


Gaia DR3 2879667033851088896


Saving to widebinaries/chains/thick/2879667033851088896.npy


Gaia DR3 2442099751463686528


Saving to widebinaries/chains/thick/2442099751463686528.npy


Gaia DR3 1994749594433462272


Saving to widebinaries/chains/thick/1994749594433462272.npy


Gaia DR3 6497282317567870720


Saving to widebinaries/chains/thick/6497282317567870720.npy


Gaia DR3 2642011645661093760


Saving to widebinaries/chains/thick/2642011645661093760.npy


Gaia DR3 2310995767378550016


Saving to widebinaries/chains/thick/2310995767378550016.npy


Gaia DR3 2878866348868244096


Saving to widebinaries/chains/thick/2878866348868244096.npy


Gaia DR3 2851420820651132800


Saving to widebinaries/chains/thick/2851420820651132800.npy


Gaia DR3 2310996145335674240


Saving to widebinaries/chains/thick/2310996145335674240.npy


Gaia DR3 6389024991107756032


Saving to widebinaries/chains/thick/6389024991107756032.npy


Gaia DR3 2017484922210746368


Saving to widebinaries/chains/thick/2017484922210746368.npy


Gaia DR3 2017484922214792576


Saving to widebinaries/chains/thick/2017484922214792576.npy


Gaia DR3 6386267175426169984


Saving to widebinaries/chains/thick/6386267175426169984.npy


Gaia DR3 2334545730192266496


Saving to widebinaries/chains/thick/2334545730192266496.npy


Gaia DR3 1922616516346009600


Saving to widebinaries/chains/thick/1922616516346009600.npy


Gaia DR3 2419526502866646400


Saving to widebinaries/chains/thick/2419526502866646400.npy


fit-sed done
