Host: scc-mc3
Job:  ember  ID: 3229238  Task: 107
Cmd:  ember fit-sed widebinaries/widebinary_fluxes.pqt widebinaries/chains/thick/ --synthetic --xpphoto --numtasks=128
Warning: the passwords of all user accounts have been inactivated.              Please visit https://cas.cosmos.esa.int/cas/passwd to set a new one. Workaround solutions for the Gaia Archive issues following the infrastructure upgrade: https://www.cosmos.esa.int/web/gaia/news#WorkaroundArchive
['synthetic']
Total rows before filtering: 9477
Rows remaining after removing existing chains: 9476
Rows in this SGE task segment: 74
Bands selected: synthetic
Output directory: /projectnb/mesaelm/ember/widebinaries/chains/thick
mcmc
Bypassing Gaia archive queries temporarily with $EMBER_DIR/widebinaries/widebinary_fluxes.pqt
Nedler mode returns no errors, so assuming 5% error universally!
[1.49290834 1.42003037 1.34610476 1.27218875 1.19762042 1.13007946
 1.05509361 0.99733563 0.93015207 0.88181679 0.82898061 0.78163521
 0.73503799 0.69541353 0.66619626 0.62154845 0.58866829 0.56235899
 0.53157587 0.50467257 0.47871176 0.45783258 0.43639439 0.41680978]
Gaia DR3 6120825620870206720


Saving to widebinaries/chains/thick/6120825620870206720.npy


Gaia DR3 1246997338682879104


Saving to widebinaries/chains/thick/1246997338682879104.npy


Gaia DR3 1246997334387517952


Saving to widebinaries/chains/thick/1246997334387517952.npy


Gaia DR3 6124150475312093312


Saving to widebinaries/chains/thick/6124150475312093312.npy


Gaia DR3 1712016196599965312


Saving to widebinaries/chains/thick/1712016196599965312.npy


Gaia DR3 3723088655326161280


Saving to widebinaries/chains/thick/3723088655326161280.npy


Gaia DR3 3724177897687810944


Saving to widebinaries/chains/thick/3724177897687810944.npy


Gaia DR3 1711564018147558656


Saving to widebinaries/chains/thick/1711564018147558656.npy


Gaia DR3 5846206030463663232


Saving to widebinaries/chains/thick/5846206030463663232.npy


Gaia DR3 6122254431934878080


Saving to widebinaries/chains/thick/6122254431934878080.npy


Gaia DR3 6124162874883021056


Saving to widebinaries/chains/thick/6124162874883021056.npy


Gaia DR3 1482662155558870272


Saving to widebinaries/chains/thick/1482662155558870272.npy


Gaia DR3 1481957265526519936


Saving to widebinaries/chains/thick/1481957265526519936.npy


Gaia DR3 1246230047071154944


Saving to widebinaries/chains/thick/1246230047071154944.npy


Gaia DR3 6096035168423624064


Saving to widebinaries/chains/thick/6096035168423624064.npy


Gaia DR3 3673899601771708416


Saving to widebinaries/chains/thick/3673899601771708416.npy


Gaia DR3 1498332021616231424


Saving to widebinaries/chains/thick/1498332021616231424.npy


Gaia DR3 6124169746830934528


Saving to widebinaries/chains/thick/6124169746830934528.npy


Gaia DR3 1246322715284429440


Saving to widebinaries/chains/thick/1246322715284429440.npy


Gaia DR3 1453322271887656448


Saving to widebinaries/chains/thick/1453322271887656448.npy


Gaia DR3 5867736697198561536


Saving to widebinaries/chains/thick/5867736697198561536.npy


Gaia DR3 1713981230036450304


Saving to widebinaries/chains/thick/1713981230036450304.npy


Gaia DR3 3674265975367797504


Saving to widebinaries/chains/thick/3674265975367797504.npy


Gaia DR3 6277029453961769088


Saving to widebinaries/chains/thick/6277029453961769088.npy


Gaia DR3 6173299190534584064


Saving to widebinaries/chains/thick/6173299190534584064.npy


Gaia DR3 3671080144719730432


Saving to widebinaries/chains/thick/3671080144719730432.npy


Gaia DR3 6289950193056942976


Saving to widebinaries/chains/thick/6289950193056942976.npy


Gaia DR3 6289950193056943104


Saving to widebinaries/chains/thick/6289950193056943104.npy


Gaia DR3 5866867292739656192


Saving to widebinaries/chains/thick/5866867292739656192.npy


Gaia DR3 1233799071685613952


Saving to widebinaries/chains/thick/1233799071685613952.npy


Gaia DR3 6089760706535982848


Saving to widebinaries/chains/thick/6089760706535982848.npy


Gaia DR3 1715418669692503040


Saving to widebinaries/chains/thick/1715418669692503040.npy


Gaia DR3 1246239294135248384


Saving to widebinaries/chains/thick/1246239294135248384.npy


Gaia DR3 5847805643775792384


Saving to widebinaries/chains/thick/5847805643775792384.npy


Gaia DR3 6120966250983582976


Saving to widebinaries/chains/thick/6120966250983582976.npy


Gaia DR3 6124257982639690880


Saving to widebinaries/chains/thick/6124257982639690880.npy


Gaia DR3 1482708816083818752


Saving to widebinaries/chains/thick/1482708816083818752.npy


Gaia DR3 1674022086970165248


Saving to widebinaries/chains/thick/1674022086970165248.npy


Gaia DR3 1478574038183169024


Saving to widebinaries/chains/thick/1478574038183169024.npy


Gaia DR3 5797382285334422400


Saving to widebinaries/chains/thick/5797382285334422400.npy


Gaia DR3 1453142364297514368


Saving to widebinaries/chains/thick/1453142364297514368.npy


Gaia DR3 6089659959491702272


Saving to widebinaries/chains/thick/6089659959491702272.npy


Gaia DR3 1498271376679465600


Saving to widebinaries/chains/thick/1498271376679465600.npy


Gaia DR3 1498271406743008640


Saving to widebinaries/chains/thick/1498271406743008640.npy


Gaia DR3 1712155761562054912


Saving to widebinaries/chains/thick/1712155761562054912.npy


Gaia DR3 6296317052576778240


Saving to widebinaries/chains/thick/6296317052576778240.npy


Gaia DR3 1233030822295472256


Saving to widebinaries/chains/thick/1233030822295472256.npy


Gaia DR3 6118092990876503168


Saving to widebinaries/chains/thick/6118092990876503168.npy


Gaia DR3 5867796276986942976


Saving to widebinaries/chains/thick/5867796276986942976.npy


Gaia DR3 1673226521587985920


Saving to widebinaries/chains/thick/1673226521587985920.npy


Gaia DR3 6092568756153187328


Saving to widebinaries/chains/thick/6092568756153187328.npy


Gaia DR3 3640694449397210880


Saving to widebinaries/chains/thick/3640694449397210880.npy


Gaia DR3 1252527607292758144


Saving to widebinaries/chains/thick/1252527607292758144.npy


Gaia DR3 3647673088352595968


Saving to widebinaries/chains/thick/3647673088352595968.npy


Gaia DR3 5896527546613343360


Saving to widebinaries/chains/thick/5896527546613343360.npy


Gaia DR3 1477734110083441664


Saving to widebinaries/chains/thick/1477734110083441664.npy


Gaia DR3 1725515966006362624


Saving to widebinaries/chains/thick/1725515966006362624.npy


Gaia DR3 6117902603574181376


Saving to widebinaries/chains/thick/6117902603574181376.npy


Gaia DR3 5866831043215711488


Saving to widebinaries/chains/thick/5866831043215711488.npy


Gaia DR3 1486052911981684736


Saving to widebinaries/chains/thick/1486052911981684736.npy


Gaia DR3 1508121484739540224


Saving to widebinaries/chains/thick/1508121484739540224.npy


Gaia DR3 6275767661288768768


Saving to widebinaries/chains/thick/6275767661288768768.npy


Gaia DR3 3641131921880346112


Saving to widebinaries/chains/thick/3641131921880346112.npy


Gaia DR3 5847586845281627264


Saving to widebinaries/chains/thick/5847586845281627264.npy


Gaia DR3 6304590503913422464


Saving to widebinaries/chains/thick/6304590503913422464.npy


Gaia DR3 6115888946807164032


Saving to widebinaries/chains/thick/6115888946807164032.npy


Gaia DR3 1477612029933470080


Saving to widebinaries/chains/thick/1477612029933470080.npy


Gaia DR3 1505265434567325952


Saving to widebinaries/chains/thick/1505265434567325952.npy


Gaia DR3 1507811903497630464


Saving to widebinaries/chains/thick/1507811903497630464.npy


Gaia DR3 1477398797692204032


Saving to widebinaries/chains/thick/1477398797692204032.npy


Gaia DR3 3646593161776286592


Saving to widebinaries/chains/thick/3646593161776286592.npy


Gaia DR3 5895699756102521088


Saving to widebinaries/chains/thick/5895699756102521088.npy


Gaia DR3 6271159268754755456


Saving to widebinaries/chains/thick/6271159268754755456.npy


Gaia DR3 1485852491629542144


Saving to widebinaries/chains/thick/1485852491629542144.npy


fit-sed done
