Host: scc-ul1
Job:  ember  ID: 3229238  Task: 19
Cmd:  ember fit-sed widebinaries/widebinary_fluxes.pqt widebinaries/chains/thick/ --synthetic --xpphoto --numtasks=128
Warning: the passwords of all user accounts have been inactivated.              Please visit https://cas.cosmos.esa.int/cas/passwd to set a new one. Workaround solutions for the Gaia Archive issues following the infrastructure upgrade: https://www.cosmos.esa.int/web/gaia/news#WorkaroundArchive
['synthetic']
Total rows before filtering: 9477
Rows remaining after removing existing chains: 9476
Rows in this SGE task segment: 74
Bands selected: synthetic
Output directory: /projectnb/mesaelm/ember/widebinaries/chains/thick
mcmc
Bypassing Gaia archive queries temporarily with $EMBER_DIR/widebinaries/widebinary_fluxes.pqt
Nedler mode returns no errors, so assuming 5% error universally!
[1.49290834 1.42003037 1.34610476 1.27218875 1.19762042 1.13007946
 1.05509361 0.99733563 0.93015207 0.88181679 0.82898061 0.78163521
 0.73503799 0.69541353 0.66619626 0.62154845 0.58866829 0.56235899
 0.53157587 0.50467257 0.47871176 0.45783258 0.43639439 0.41680978]
Gaia DR3 6583705443338572416


Saving to widebinaries/chains/thick/6583705443338572416.npy


Gaia DR3 6583705447633572736


Saving to widebinaries/chains/thick/6583705447633572736.npy


Gaia DR3 6891062683248892416


Saving to widebinaries/chains/thick/6891062683248892416.npy


Gaia DR3 6356129011952895744


Saving to widebinaries/chains/thick/6356129011952895744.npy


Gaia DR3 6891038528355192576


Saving to widebinaries/chains/thick/6891038528355192576.npy


Gaia DR3 1850231057390463488


Saving to widebinaries/chains/thick/1850231057390463488.npy


Gaia DR3 6897694220128108544


Saving to widebinaries/chains/thick/6897694220128108544.npy


Gaia DR3 1850230919951509504


Saving to widebinaries/chains/thick/1850230919951509504.npy


Gaia DR3 6892672956683477248


Saving to widebinaries/chains/thick/6892672956683477248.npy


Gaia DR3 6575802329853184896


Saving to widebinaries/chains/thick/6575802329853184896.npy


Gaia DR3 6890740496277672320


Saving to widebinaries/chains/thick/6890740496277672320.npy


Gaia DR3 1970884454039426944


Saving to widebinaries/chains/thick/1970884454039426944.npy


Gaia DR3 1965479430974748160


Saving to widebinaries/chains/thick/1965479430974748160.npy


Gaia DR3 1970363903998706688


Saving to widebinaries/chains/thick/1970363903998706688.npy


Gaia DR3 1970563465364835200


Saving to widebinaries/chains/thick/1970563465364835200.npy


Gaia DR3 1970563572739456128


Saving to widebinaries/chains/thick/1970563572739456128.npy


Gaia DR3 1740349782319868672


Saving to widebinaries/chains/thick/1740349782319868672.npy


Gaia DR3 2284506200100795776


Saving to widebinaries/chains/thick/2284506200100795776.npy


Gaia DR3 6791027809683841792


Saving to widebinaries/chains/thick/6791027809683841792.npy


Gaia DR3 6577159024123317504


Saving to widebinaries/chains/thick/6577159024123317504.npy


Gaia DR3 6371674766341785600


Saving to widebinaries/chains/thick/6371674766341785600.npy


Gaia DR3 1785256070581458688


Saving to widebinaries/chains/thick/1785256070581458688.npy


Gaia DR3 1951525146646505984


Saving to widebinaries/chains/thick/1951525146646505984.npy


Gaia DR3 6899212229075129344


Saving to widebinaries/chains/thick/6899212229075129344.npy


Gaia DR3 6451616129332651008


Saving to widebinaries/chains/thick/6451616129332651008.npy


Gaia DR3 1853432117990029440


Saving to widebinaries/chains/thick/1853432117990029440.npy


Gaia DR3 1740336420675977600


Saving to widebinaries/chains/thick/1740336420675977600.npy


Gaia DR3 2171184961168788224


Saving to widebinaries/chains/thick/2171184961168788224.npy


Gaia DR3 6370640710016259840


Saving to widebinaries/chains/thick/6370640710016259840.npy


Gaia DR3 2274076297221555968


Saving to widebinaries/chains/thick/2274076297221555968.npy


Gaia DR3 1970506879178780928


Saving to widebinaries/chains/thick/1970506879178780928.npy


Gaia DR3 1970506879167911936


Saving to widebinaries/chains/thick/1970506879167911936.npy


Gaia DR3 6783064631079484160


Saving to widebinaries/chains/thick/6783064631079484160.npy


Gaia DR3 2671766358747780480


Saving to widebinaries/chains/thick/2671766358747780480.npy


Gaia DR3 1798067580066504576


Saving to widebinaries/chains/thick/1798067580066504576.npy


Gaia DR3 6590315574102952960


Saving to widebinaries/chains/thick/6590315574102952960.npy


Gaia DR3 1771060928789326976


Saving to widebinaries/chains/thick/1771060928789326976.npy


Gaia DR3 2177581885460920832


Saving to widebinaries/chains/thick/2177581885460920832.npy


Gaia DR3 6828158832750688640


Saving to widebinaries/chains/thick/6828158832750688640.npy


Gaia DR3 2691998571000176768


Saving to widebinaries/chains/thick/2691998571000176768.npy


Gaia DR3 2691998570995963264


Saving to widebinaries/chains/thick/2691998570995963264.npy


Gaia DR3 6396610762347262336


Saving to widebinaries/chains/thick/6396610762347262336.npy


Gaia DR3 2691597455410123264


Saving to widebinaries/chains/thick/2691597455410123264.npy


Gaia DR3 6898255177217741952


Saving to widebinaries/chains/thick/6898255177217741952.npy


Gaia DR3 1797311395241610240


Saving to widebinaries/chains/thick/1797311395241610240.npy


Gaia DR3 6576324490501362944


Saving to widebinaries/chains/thick/6576324490501362944.npy


Gaia DR3 6828128012065123584


Saving to widebinaries/chains/thick/6828128012065123584.npy


Gaia DR3 6452027557134280320


Saving to widebinaries/chains/thick/6452027557134280320.npy


Gaia DR3 1854351309716181760


Saving to widebinaries/chains/thick/1854351309716181760.npy


Gaia DR3 6783415757542238336


Saving to widebinaries/chains/thick/6783415757542238336.npy


Gaia DR3 6400472723922976128


Saving to widebinaries/chains/thick/6400472723922976128.npy


Gaia DR3 1847102470067232128


Saving to widebinaries/chains/thick/1847102470067232128.npy


Gaia DR3 6835247556013866752


Saving to widebinaries/chains/thick/6835247556013866752.npy


Gaia DR3 1784199684718451328


Saving to widebinaries/chains/thick/1784199684718451328.npy


Gaia DR3 6898313069080930816


Saving to widebinaries/chains/thick/6898313069080930816.npy


Gaia DR3 1784050765319038464


Saving to widebinaries/chains/thick/1784050765319038464.npy


Gaia DR3 6894125338529171456


Saving to widebinaries/chains/thick/6894125338529171456.npy


Gaia DR3 6894125338529169152


Saving to widebinaries/chains/thick/6894125338529169152.npy


Gaia DR3 1745949358821137152


Saving to widebinaries/chains/thick/1745949358821137152.npy


Gaia DR3 6790211838912745856


Saving to widebinaries/chains/thick/6790211838912745856.npy


Gaia DR3 1850020054234979968


Saving to widebinaries/chains/thick/1850020054234979968.npy


Gaia DR3 6582844289512084096


Saving to widebinaries/chains/thick/6582844289512084096.npy


Gaia DR3 1966184935178781696


Saving to widebinaries/chains/thick/1966184935178781696.npy


Gaia DR3 2687789335541961472


Saving to widebinaries/chains/thick/2687789335541961472.npy


Gaia DR3 1850838159607549312


Saving to widebinaries/chains/thick/1850838159607549312.npy


Gaia DR3 6783125211595105408


Saving to widebinaries/chains/thick/6783125211595105408.npy


Gaia DR3 1741031891851063424


Saving to widebinaries/chains/thick/1741031891851063424.npy


Gaia DR3 1741031896140411648


Saving to widebinaries/chains/thick/1741031896140411648.npy


Gaia DR3 6370798421213228288


Saving to widebinaries/chains/thick/6370798421213228288.npy


Gaia DR3 6590545195937635456


Saving to widebinaries/chains/thick/6590545195937635456.npy


Gaia DR3 6590545195937636992


Saving to widebinaries/chains/thick/6590545195937636992.npy


Gaia DR3 6834975736126811520


Saving to widebinaries/chains/thick/6834975736126811520.npy


Gaia DR3 1848830558750229632


Saving to widebinaries/chains/thick/1848830558750229632.npy


Gaia DR3 1786177908000968960


Saving to widebinaries/chains/thick/1786177908000968960.npy


fit-sed done
