Host: scc-mh6
Job:  ember  ID: 3229238  Task: 20
Cmd:  ember fit-sed widebinaries/widebinary_fluxes.pqt widebinaries/chains/thick/ --synthetic --xpphoto --numtasks=128
Warning: the passwords of all user accounts have been inactivated.              Please visit https://cas.cosmos.esa.int/cas/passwd to set a new one. Workaround solutions for the Gaia Archive issues following the infrastructure upgrade: https://www.cosmos.esa.int/web/gaia/news#WorkaroundArchive
['synthetic']
Total rows before filtering: 9477
Rows remaining after removing existing chains: 9476
Rows in this SGE task segment: 74
Bands selected: synthetic
Output directory: /projectnb/mesaelm/ember/widebinaries/chains/thick
mcmc
Bypassing Gaia archive queries temporarily with $EMBER_DIR/widebinaries/widebinary_fluxes.pqt
Nedler mode returns no errors, so assuming 5% error universally!
[1.49290834 1.42003037 1.34610476 1.27218875 1.19762042 1.13007946
 1.05509361 0.99733563 0.93015207 0.88181679 0.82898061 0.78163521
 0.73503799 0.69541353 0.66619626 0.62154845 0.58866829 0.56235899
 0.53157587 0.50467257 0.47871176 0.45783258 0.43639439 0.41680978]
Gaia DR3 6789921499123111552


Saving to widebinaries/chains/thick/6789921499123111552.npy


Gaia DR3 1787441899695627136


Saving to widebinaries/chains/thick/1787441899695627136.npy


Gaia DR3 6814466756183563648


Saving to widebinaries/chains/thick/6814466756183563648.npy


Gaia DR3 2687733913283870336


Saving to widebinaries/chains/thick/2687733913283870336.npy


Gaia DR3 6589111157896991616


Saving to widebinaries/chains/thick/6589111157896991616.npy


Gaia DR3 2688215048406240640


Saving to widebinaries/chains/thick/2688215048406240640.npy


Gaia DR3 1787683723535019776


Saving to widebinaries/chains/thick/1787683723535019776.npy


Gaia DR3 1951825455061008000


Saving to widebinaries/chains/thick/1951825455061008000.npy


Gaia DR3 2691666724647619200


Saving to widebinaries/chains/thick/2691666724647619200.npy


Gaia DR3 2224073910005362688


Saving to widebinaries/chains/thick/2224073910005362688.npy


Gaia DR3 6894074559130974464


Saving to widebinaries/chains/thick/6894074559130974464.npy


Gaia DR3 6816181818229177856


Saving to widebinaries/chains/thick/6816181818229177856.npy


Gaia DR3 6403971339858205952


Saving to widebinaries/chains/thick/6403971339858205952.npy


Gaia DR3 1967515898298884096


Saving to widebinaries/chains/thick/1967515898298884096.npy


Gaia DR3 2670770991487735424


Saving to widebinaries/chains/thick/2670770991487735424.npy


Gaia DR3 6589196786659917568


Saving to widebinaries/chains/thick/6589196786659917568.npy


Gaia DR3 1787803467222744320


Saving to widebinaries/chains/thick/1787803467222744320.npy


Gaia DR3 6458700145311223936


Saving to widebinaries/chains/thick/6458700145311223936.npy


Gaia DR3 6458700149606803456


Saving to widebinaries/chains/thick/6458700149606803456.npy


Gaia DR3 1965881847929861120


Saving to widebinaries/chains/thick/1965881847929861120.npy


Gaia DR3 1968018783135565568


Saving to widebinaries/chains/thick/1968018783135565568.npy


Gaia DR3 1977417206686680704


Saving to widebinaries/chains/thick/1977417206686680704.npy


Gaia DR3 6893027579247668864


Saving to widebinaries/chains/thick/6893027579247668864.npy


Gaia DR3 1770783199023856256


Saving to widebinaries/chains/thick/1770783199023856256.npy


Gaia DR3 6563981029371302656


Saving to widebinaries/chains/thick/6563981029371302656.npy


Gaia DR3 2698584198969706112


Saving to widebinaries/chains/thick/2698584198969706112.npy


Gaia DR3 2688307166863547264


Saving to widebinaries/chains/thick/2688307166863547264.npy


Gaia DR3 2174431990805230208


Saving to widebinaries/chains/thick/2174431990805230208.npy


Gaia DR3 6579462157385866880


Saving to widebinaries/chains/thick/6579462157385866880.npy


Gaia DR3 6814117867399713792


Saving to widebinaries/chains/thick/6814117867399713792.npy


Gaia DR3 6579243968751415552


Saving to widebinaries/chains/thick/6579243968751415552.npy


Gaia DR3 1766826194114406656


Saving to widebinaries/chains/thick/1766826194114406656.npy


Gaia DR3 6459145378800997760


Saving to widebinaries/chains/thick/6459145378800997760.npy


Gaia DR3 2701454272210490496


Saving to widebinaries/chains/thick/2701454272210490496.npy


Gaia DR3 2221374505878615040


Saving to widebinaries/chains/thick/2221374505878615040.npy


Gaia DR3 1849580460038874880


Saving to widebinaries/chains/thick/1849580460038874880.npy


Gaia DR3 2688230579006436864


Saving to widebinaries/chains/thick/2688230579006436864.npy


Gaia DR3 2701318787466116352


Saving to widebinaries/chains/thick/2701318787466116352.npy


Gaia DR3 2701318787468149760


Saving to widebinaries/chains/thick/2701318787468149760.npy


Gaia DR3 2674412569704274560


Saving to widebinaries/chains/thick/2674412569704274560.npy


Gaia DR3 1798886480007403264


Saving to widebinaries/chains/thick/1798886480007403264.npy


Gaia DR3 6838100896061888640


Saving to widebinaries/chains/thick/6838100896061888640.npy


Gaia DR3 6838100896061199232


Saving to widebinaries/chains/thick/6838100896061199232.npy


Gaia DR3 6344975321188774528


Saving to widebinaries/chains/thick/6344975321188774528.npy


Gaia DR3 6589828627888745856


Saving to widebinaries/chains/thick/6589828627888745856.npy


Gaia DR3 6402162673295524608


Saving to widebinaries/chains/thick/6402162673295524608.npy


Gaia DR3 6785736792227992064


Saving to widebinaries/chains/thick/6785736792227992064.npy


Gaia DR3 2171577010086746880


Saving to widebinaries/chains/thick/2171577010086746880.npy


Gaia DR3 6592228857477147264


Saving to widebinaries/chains/thick/6592228857477147264.npy


Gaia DR3 1785856025971193984


Saving to widebinaries/chains/thick/1785856025971193984.npy


Gaia DR3 6893432753577922432


Saving to widebinaries/chains/thick/6893432753577922432.npy


Gaia DR3 6893432749282629248


Saving to widebinaries/chains/thick/6893432749282629248.npy


Gaia DR3 1947239666934148096


Saving to widebinaries/chains/thick/1947239666934148096.npy


Gaia DR3 1947239666939016960


Saving to widebinaries/chains/thick/1947239666939016960.npy


Gaia DR3 6589778840627776000


Saving to widebinaries/chains/thick/6589778840627776000.npy


Gaia DR3 1849819054061030272


Saving to widebinaries/chains/thick/1849819054061030272.npy


Gaia DR3 1799563847891108736


Saving to widebinaries/chains/thick/1799563847891108736.npy


Gaia DR3 2668196480715605632


Saving to widebinaries/chains/thick/2668196480715605632.npy


Gaia DR3 6561826501976265088


Saving to widebinaries/chains/thick/6561826501976265088.npy


Gaia DR3 6593063524242091008


Saving to widebinaries/chains/thick/6593063524242091008.npy


Gaia DR3 6844561106694845568


Saving to widebinaries/chains/thick/6844561106694845568.npy


Gaia DR3 1951107332227645312


Saving to widebinaries/chains/thick/1951107332227645312.npy


Gaia DR3 6565468531164670080


Saving to widebinaries/chains/thick/6565468531164670080.npy


Gaia DR3 1946920293167980160


Saving to widebinaries/chains/thick/1946920293167980160.npy


Gaia DR3 6844614987059698304


Saving to widebinaries/chains/thick/6844614987059698304.npy


Gaia DR3 1945934336177892864


Saving to widebinaries/chains/thick/1945934336177892864.npy


Gaia DR3 6816564963672343168


Saving to widebinaries/chains/thick/6816564963672343168.npy


Gaia DR3 2304450305938600192


Saving to widebinaries/chains/thick/2304450305938600192.npy


Gaia DR3 1954368449356833024


Saving to widebinaries/chains/thick/1954368449356833024.npy


Gaia DR3 1801239297453428992


Saving to widebinaries/chains/thick/1801239297453428992.npy


Gaia DR3 1801239293158983168


Saving to widebinaries/chains/thick/1801239293158983168.npy


Gaia DR3 1966544990876472448


Saving to widebinaries/chains/thick/1966544990876472448.npy


Gaia DR3 6816585412011774592


Saving to widebinaries/chains/thick/6816585412011774592.npy


Gaia DR3 1773546477904389504


Saving to widebinaries/chains/thick/1773546477904389504.npy


fit-sed done
