Host: scc-mf8
Job:  ember  ID: 3229238  Task: 78
Cmd:  ember fit-sed widebinaries/widebinary_fluxes.pqt widebinaries/chains/thick/ --synthetic --xpphoto --numtasks=128
Warning: the passwords of all user accounts have been inactivated.              Please visit https://cas.cosmos.esa.int/cas/passwd to set a new one. Workaround solutions for the Gaia Archive issues following the infrastructure upgrade: https://www.cosmos.esa.int/web/gaia/news#WorkaroundArchive
['synthetic']
Total rows before filtering: 9477
Rows remaining after removing existing chains: 9476
Rows in this SGE task segment: 74
Bands selected: synthetic
Output directory: /projectnb/mesaelm/ember/widebinaries/chains/thick
mcmc
Bypassing Gaia archive queries temporarily with $EMBER_DIR/widebinaries/widebinary_fluxes.pqt
Nedler mode returns no errors, so assuming 5% error universally!
[1.49290834 1.42003037 1.34610476 1.27218875 1.19762042 1.13007946
 1.05509361 0.99733563 0.93015207 0.88181679 0.82898061 0.78163521
 0.73503799 0.69541353 0.66619626 0.62154845 0.58866829 0.56235899
 0.53157587 0.50467257 0.47871176 0.45783258 0.43639439 0.41680978]
Gaia DR3 5527101535284474880


Saving to widebinaries/chains/thick/5527101535284474880.npy


Gaia DR3 3090038517737811712


Saving to widebinaries/chains/thick/3090038517737811712.npy


Gaia DR3 5210532178932883584


Saving to widebinaries/chains/thick/5210532178932883584.npy


Gaia DR3 5514717838900733184


Saving to widebinaries/chains/thick/5514717838900733184.npy


Gaia DR3 708217670201714048


Saving to widebinaries/chains/thick/708217670201714048.npy


Gaia DR3 931304937345481344


Saving to widebinaries/chains/thick/931304937345481344.npy


Gaia DR3 5516861925241176704


Saving to widebinaries/chains/thick/5516861925241176704.npy


Gaia DR3 5540020831269068416


Saving to widebinaries/chains/thick/5540020831269068416.npy


Gaia DR3 5320596591410333824


Saving to widebinaries/chains/thick/5320596591410333824.npy


Gaia DR3 3070204904228113024


Saving to widebinaries/chains/thick/3070204904228113024.npy


Gaia DR3 1122557636309502464


Saving to widebinaries/chains/thick/1122557636309502464.npy


Gaia DR3 901397533874917120


Saving to widebinaries/chains/thick/901397533874917120.npy


Gaia DR3 5695987968721630976


Saving to widebinaries/chains/thick/5695987968721630976.npy


Gaia DR3 1035782147123862912


Saving to widebinaries/chains/thick/1035782147123862912.npy


Gaia DR3 652373680785395584


Saving to widebinaries/chains/thick/652373680785395584.npy


Gaia DR3 5696843796781424640


Saving to widebinaries/chains/thick/5696843796781424640.npy


Gaia DR3 5314641395919477248


Saving to widebinaries/chains/thick/5314641395919477248.npy


Gaia DR3 5700408001164563072


Saving to widebinaries/chains/thick/5700408001164563072.npy


Gaia DR3 930446424921997824


Saving to widebinaries/chains/thick/930446424921997824.npy


Gaia DR3 5723890442795808256


Saving to widebinaries/chains/thick/5723890442795808256.npy


Gaia DR3 676167047988099456


Saving to widebinaries/chains/thick/676167047988099456.npy


Gaia DR3 676167215489980800


Saving to widebinaries/chains/thick/676167215489980800.npy


Gaia DR3 5644174376610947584


Saving to widebinaries/chains/thick/5644174376610947584.npy


Gaia DR3 3090502404271858560


Saving to widebinaries/chains/thick/3090502404271858560.npy


Gaia DR3 5210534545460751872


Saving to widebinaries/chains/thick/5210534545460751872.npy


Gaia DR3 3066000891453132160


Saving to widebinaries/chains/thick/3066000891453132160.npy


Gaia DR3 930925678848600576


Saving to widebinaries/chains/thick/930925678848600576.npy


Gaia DR3 1137173203859550720


Saving to widebinaries/chains/thick/1137173203859550720.npy


Gaia DR3 5514859401022467840


Saving to widebinaries/chains/thick/5514859401022467840.npy


Gaia DR3 5514859405317369088


Saving to widebinaries/chains/thick/5514859405317369088.npy


Gaia DR3 5695124096173940480


Saving to widebinaries/chains/thick/5695124096173940480.npy


Gaia DR3 1035592137771074560


Saving to widebinaries/chains/thick/1035592137771074560.npy


Gaia DR3 5221060758683267456


Saving to widebinaries/chains/thick/5221060758683267456.npy


Gaia DR3 5695148384215197056


Saving to widebinaries/chains/thick/5695148384215197056.npy


Gaia DR3 916345634973117312


Saving to widebinaries/chains/thick/916345634973117312.npy


Gaia DR3 652961678988136960


Saving to widebinaries/chains/thick/652961678988136960.npy


Gaia DR3 5695347743714326016


Saving to widebinaries/chains/thick/5695347743714326016.npy


Gaia DR3 5543821194439339136


Saving to widebinaries/chains/thick/5543821194439339136.npy


Gaia DR3 5543902214700555008


Saving to widebinaries/chains/thick/5543902214700555008.npy


Gaia DR3 662139989741487872


Saving to widebinaries/chains/thick/662139989741487872.npy


Gaia DR3 3093523724785237632


Saving to widebinaries/chains/thick/3093523724785237632.npy


Gaia DR3 902972034525449088


Saving to widebinaries/chains/thick/902972034525449088.npy


Gaia DR3 5722379133997256704


Saving to widebinaries/chains/thick/5722379133997256704.npy


Gaia DR3 599514865440544640


Saving to widebinaries/chains/thick/599514865440544640.npy


Gaia DR3 5751099026256320000


Saving to widebinaries/chains/thick/5751099026256320000.npy


Gaia DR3 5515302542871362432


Saving to widebinaries/chains/thick/5515302542871362432.npy


Gaia DR3 5644934482745407616


Saving to widebinaries/chains/thick/5644934482745407616.npy


Gaia DR3 5276877741349363840


Saving to widebinaries/chains/thick/5276877741349363840.npy


Gaia DR3 5277806759956357760


Saving to widebinaries/chains/thick/5277806759956357760.npy


Gaia DR3 5302223305434575232


Saving to widebinaries/chains/thick/5302223305434575232.npy


Gaia DR3 3072961070640767488


Saving to widebinaries/chains/thick/3072961070640767488.npy


Gaia DR3 5643127675912226432


Saving to widebinaries/chains/thick/5643127675912226432.npy


Gaia DR3 679550726302721792


Saving to widebinaries/chains/thick/679550726302721792.npy


Gaia DR3 5723782316995845888


Saving to widebinaries/chains/thick/5723782316995845888.npy


Gaia DR3 5752068898591523584


Saving to widebinaries/chains/thick/5752068898591523584.npy


Gaia DR3 1028227230930769152


Saving to widebinaries/chains/thick/1028227230930769152.npy


Gaia DR3 930577850922831616


Saving to widebinaries/chains/thick/930577850922831616.npy


Gaia DR3 904712978045388544


Saving to widebinaries/chains/thick/904712978045388544.npy


Gaia DR3 5273132388130964608


Saving to widebinaries/chains/thick/5273132388130964608.npy


Gaia DR3 5541824648813110400


Saving to widebinaries/chains/thick/5541824648813110400.npy


Gaia DR3 5322283100511534848


Saving to widebinaries/chains/thick/5322283100511534848.npy


Gaia DR3 1150982210910907264


Saving to widebinaries/chains/thick/1150982210910907264.npy


Gaia DR3 5706216209991068928


Saving to widebinaries/chains/thick/5706216209991068928.npy


Gaia DR3 5706259945643846144


Saving to widebinaries/chains/thick/5706259945643846144.npy


Gaia DR3 5315977710564531200


Saving to widebinaries/chains/thick/5315977710564531200.npy


Gaia DR3 1090861598001615616


Saving to widebinaries/chains/thick/1090861598001615616.npy


Gaia DR3 5522885079992247808


Saving to widebinaries/chains/thick/5522885079992247808.npy


Gaia DR3 5722788525986605568


Saving to widebinaries/chains/thick/5722788525986605568.npy


Gaia DR3 5522541242086447744


Saving to widebinaries/chains/thick/5522541242086447744.npy


Gaia DR3 5541849667009824640


Saving to widebinaries/chains/thick/5541849667009824640.npy


Gaia DR3 5321323574761119872


Saving to widebinaries/chains/thick/5321323574761119872.npy


Gaia DR3 3093559939948809216


Saving to widebinaries/chains/thick/3093559939948809216.npy


Gaia DR3 5752987574915055744


Saving to widebinaries/chains/thick/5752987574915055744.npy


Gaia DR3 5695761538043060864


Saving to widebinaries/chains/thick/5695761538043060864.npy


fit-sed done
