Host: scc-tj3
Job:  ember  ID: 3229238  Task: 65
Cmd:  ember fit-sed widebinaries/widebinary_fluxes.pqt widebinaries/chains/thick/ --synthetic --xpphoto --numtasks=128
Warning: the passwords of all user accounts have been inactivated.              Please visit https://cas.cosmos.esa.int/cas/passwd to set a new one. Workaround solutions for the Gaia Archive issues following the infrastructure upgrade: https://www.cosmos.esa.int/web/gaia/news#WorkaroundArchive
['synthetic']
Total rows before filtering: 9477
Rows remaining after removing existing chains: 9476
Rows in this SGE task segment: 74
Bands selected: synthetic
Output directory: /projectnb/mesaelm/ember/widebinaries/chains/thick
mcmc
Bypassing Gaia archive queries temporarily with $EMBER_DIR/widebinaries/widebinary_fluxes.pqt
Nedler mode returns no errors, so assuming 5% error universally!
[1.49290834 1.42003037 1.34610476 1.27218875 1.19762042 1.13007946
 1.05509361 0.99733563 0.93015207 0.88181679 0.82898061 0.78163521
 0.73503799 0.69541353 0.66619626 0.62154845 0.58866829 0.56235899
 0.53157587 0.50467257 0.47871176 0.45783258 0.43639439 0.41680978]
Gaia DR3 969892061700200960


Saving to widebinaries/chains/thick/969892061700200960.npy


Gaia DR3 1141050936555250816


Saving to widebinaries/chains/thick/1141050936555250816.npy


Gaia DR3 2916748544537284864


Saving to widebinaries/chains/thick/2916748544537284864.npy


Gaia DR3 2942269373349524352


Saving to widebinaries/chains/thick/2942269373349524352.npy


Gaia DR3 2882964636725668480


Saving to widebinaries/chains/thick/2882964636725668480.npy


Gaia DR3 2942320608018028928


Saving to widebinaries/chains/thick/2942320608018028928.npy


Gaia DR3 2942320608015735680


Saving to widebinaries/chains/thick/2942320608015735680.npy


Gaia DR3 1105424079756504064


Saving to widebinaries/chains/thick/1105424079756504064.npy


Gaia DR3 969886422407734528


Saving to widebinaries/chains/thick/969886422407734528.npy


Gaia DR3 3374353017590346624


Saving to widebinaries/chains/thick/3374353017590346624.npy


Gaia DR3 3453245412129390848


Saving to widebinaries/chains/thick/3453245412129390848.npy


Gaia DR3 5482112989807691136


Saving to widebinaries/chains/thick/5482112989807691136.npy


Gaia DR3 3423432948911392128


Saving to widebinaries/chains/thick/3423432948911392128.npy


Gaia DR3 2991491279111245440


Saving to widebinaries/chains/thick/2991491279111245440.npy


Gaia DR3 3453617944704742784


Saving to widebinaries/chains/thick/3453617944704742784.npy


Gaia DR3 2942091870941465856


Saving to widebinaries/chains/thick/2942091870941465856.npy


Gaia DR3 2997951704492208768


Saving to widebinaries/chains/thick/2997951704492208768.npy


Gaia DR3 5282775448701747840


Saving to widebinaries/chains/thick/5282775448701747840.npy


Gaia DR3 5189365274427538432


Saving to widebinaries/chains/thick/5189365274427538432.npy


Gaia DR3 2910131546120761472


Saving to widebinaries/chains/thick/2910131546120761472.npy


Gaia DR3 972675093133152640


Saving to widebinaries/chains/thick/972675093133152640.npy


Gaia DR3 2896201038737693056


Saving to widebinaries/chains/thick/2896201038737693056.npy


Gaia DR3 2998172637610314752


Saving to widebinaries/chains/thick/2998172637610314752.npy


Gaia DR3 3318942437615166208


Saving to widebinaries/chains/thick/3318942437615166208.npy


Gaia DR3 1114016836143649024


Saving to widebinaries/chains/thick/1114016836143649024.npy


Gaia DR3 2897810350100517504


Saving to widebinaries/chains/thick/2897810350100517504.npy


Gaia DR3 2897205236450281984


Saving to widebinaries/chains/thick/2897205236450281984.npy


Gaia DR3 3423521936336223616


Saving to widebinaries/chains/thick/3423521936336223616.npy


Gaia DR3 3024997800749382912


Saving to widebinaries/chains/thick/3024997800749382912.npy


Gaia DR3 3121402705397074176


Saving to widebinaries/chains/thick/3121402705397074176.npy


Gaia DR3 2910061658410720256


Saving to widebinaries/chains/thick/2910061658410720256.npy


Gaia DR3 3315373564607614208


Saving to widebinaries/chains/thick/3315373564607614208.npy


Gaia DR3 1005713325901236224


Saving to widebinaries/chains/thick/1005713325901236224.npy


Gaia DR3 961028756735131648


Saving to widebinaries/chains/thick/961028756735131648.npy


Gaia DR3 3005171200920090752


Saving to widebinaries/chains/thick/3005171200920090752.npy


Gaia DR3 5548648634588556288


Saving to widebinaries/chains/thick/5548648634588556288.npy


Gaia DR3 3121385658671190784


Saving to widebinaries/chains/thick/3121385658671190784.npy


Gaia DR3 3425299472975762432


Saving to widebinaries/chains/thick/3425299472975762432.npy


Gaia DR3 5476796782368462976


Saving to widebinaries/chains/thick/5476796782368462976.npy


Gaia DR3 3457351095921373440


Saving to widebinaries/chains/thick/3457351095921373440.npy


Gaia DR3 2994432889326073088


Saving to widebinaries/chains/thick/2994432889326073088.npy


Gaia DR3 2912907190208993024


Saving to widebinaries/chains/thick/2912907190208993024.npy


Gaia DR3 3436350939227183616


Saving to widebinaries/chains/thick/3436350939227183616.npy


Gaia DR3 3004346292322852096


Saving to widebinaries/chains/thick/3004346292322852096.npy


Gaia DR3 959585652017507712


Saving to widebinaries/chains/thick/959585652017507712.npy


Gaia DR3 2884639948849408128


Saving to widebinaries/chains/thick/2884639948849408128.npy


Gaia DR3 2886791521306770944


Saving to widebinaries/chains/thick/2886791521306770944.npy


Gaia DR3 2943048312913498112


Saving to widebinaries/chains/thick/2943048312913498112.npy


Gaia DR3 2911663681211991680


Saving to widebinaries/chains/thick/2911663681211991680.npy


Gaia DR3 1005552311868957312


Saving to widebinaries/chains/thick/1005552311868957312.npy


Gaia DR3 2994863829164808320


Saving to widebinaries/chains/thick/2994863829164808320.npy


Gaia DR3 3019774192806841984


Saving to widebinaries/chains/thick/3019774192806841984.npy


Gaia DR3 5265050638369420672


Saving to widebinaries/chains/thick/5265050638369420672.npy


Gaia DR3 5481401472641916416


Saving to widebinaries/chains/thick/5481401472641916416.npy


Gaia DR3 5549834904555758976


Saving to widebinaries/chains/thick/5549834904555758976.npy


Gaia DR3 3021842747839619840


Saving to widebinaries/chains/thick/3021842747839619840.npy


Gaia DR3 5481401674504491776


Saving to widebinaries/chains/thick/5481401674504491776.npy


Gaia DR3 5261668433221463552


Saving to widebinaries/chains/thick/5261668433221463552.npy


Gaia DR3 2912042355593560192


Saving to widebinaries/chains/thick/2912042355593560192.npy


Gaia DR3 2892795821161588736


Saving to widebinaries/chains/thick/2892795821161588736.npy


Gaia DR3 972258172067856256


Saving to widebinaries/chains/thick/972258172067856256.npy


Gaia DR3 3375097898059812608


Saving to widebinaries/chains/thick/3375097898059812608.npy


Gaia DR3 2886482764697540480


Saving to widebinaries/chains/thick/2886482764697540480.npy


Gaia DR3 970115399998362496


Saving to widebinaries/chains/thick/970115399998362496.npy


Gaia DR3 3121159365433568768


Saving to widebinaries/chains/thick/3121159365433568768.npy


Gaia DR3 3004831481891936768


Saving to widebinaries/chains/thick/3004831481891936768.npy


Gaia DR3 3440036772785723008


Saving to widebinaries/chains/thick/3440036772785723008.npy


Gaia DR3 5189366099061264512


Saving to widebinaries/chains/thick/5189366099061264512.npy


Gaia DR3 5568506501779525632


Saving to widebinaries/chains/thick/5568506501779525632.npy


Gaia DR3 5568526224270980864


Saving to widebinaries/chains/thick/5568526224270980864.npy


Gaia DR3 3317156590218392192


Saving to widebinaries/chains/thick/3317156590218392192.npy


Gaia DR3 998722557954948608


Saving to widebinaries/chains/thick/998722557954948608.npy


Gaia DR3 2884736229130791040


Saving to widebinaries/chains/thick/2884736229130791040.npy


Gaia DR3 3374162286678753920


Saving to widebinaries/chains/thick/3374162286678753920.npy


fit-sed done
