Host: scc-tj3
Job:  ember  ID: 3229238  Task: 75
Cmd:  ember fit-sed widebinaries/widebinary_fluxes.pqt widebinaries/chains/thick/ --synthetic --xpphoto --numtasks=128
Warning: the passwords of all user accounts have been inactivated.              Please visit https://cas.cosmos.esa.int/cas/passwd to set a new one. Workaround solutions for the Gaia Archive issues following the infrastructure upgrade: https://www.cosmos.esa.int/web/gaia/news#WorkaroundArchive
['synthetic']
Total rows before filtering: 9477
Rows remaining after removing existing chains: 9476
Rows in this SGE task segment: 74
Bands selected: synthetic
Output directory: /projectnb/mesaelm/ember/widebinaries/chains/thick
mcmc
Bypassing Gaia archive queries temporarily with $EMBER_DIR/widebinaries/widebinary_fluxes.pqt
Nedler mode returns no errors, so assuming 5% error universally!
[1.49290834 1.42003037 1.34610476 1.27218875 1.19762042 1.13007946
 1.05509361 0.99733563 0.93015207 0.88181679 0.82898061 0.78163521
 0.73503799 0.69541353 0.66619626 0.62154845 0.58866829 0.56235899
 0.53157587 0.50467257 0.47871176 0.45783258 0.43639439 0.41680978]
Gaia DR3 3080880273072665472


Saving to widebinaries/chains/thick/3080880273072665472.npy


Gaia DR3 674637799111944320


Saving to widebinaries/chains/thick/674637799111944320.npy


Gaia DR3 3043561748914829824


Saving to widebinaries/chains/thick/3043561748914829824.npy


Gaia DR3 3151670714322193280


Saving to widebinaries/chains/thick/3151670714322193280.npy


Gaia DR3 5593865156934815872


Saving to widebinaries/chains/thick/5593865156934815872.npy


Gaia DR3 873994719110827264


Saving to widebinaries/chains/thick/873994719110827264.npy


Gaia DR3 5270733013240337920


Saving to widebinaries/chains/thick/5270733013240337920.npy


Gaia DR3 3144837318276010624


Saving to widebinaries/chains/thick/3144837318276010624.npy


Gaia DR3 3144837112115126400


Saving to widebinaries/chains/thick/3144837112115126400.npy


Gaia DR3 5594853686607608576


Saving to widebinaries/chains/thick/5594853686607608576.npy


Gaia DR3 5532225190752137344


Saving to widebinaries/chains/thick/5532225190752137344.npy


Gaia DR3 3056457061808958848


Saving to widebinaries/chains/thick/3056457061808958848.npy


Gaia DR3 1087760425456126208


Saving to widebinaries/chains/thick/1087760425456126208.npy


Gaia DR3 5518254486770771840


Saving to widebinaries/chains/thick/5518254486770771840.npy


Gaia DR3 934229780010043264


Saving to widebinaries/chains/thick/934229780010043264.npy


Gaia DR3 3151597867380171648


Saving to widebinaries/chains/thick/3151597867380171648.npy


Gaia DR3 5587456374233437184


Saving to widebinaries/chains/thick/5587456374233437184.npy


Gaia DR3 675050253411876480


Saving to widebinaries/chains/thick/675050253411876480.npy


Gaia DR3 3150708057532318208


Saving to widebinaries/chains/thick/3150708057532318208.npy


Gaia DR3 878953134300432768


Saving to widebinaries/chains/thick/878953134300432768.npy


Gaia DR3 3143596038368379136


Saving to widebinaries/chains/thick/3143596038368379136.npy


Gaia DR3 5712257682800855168


Saving to widebinaries/chains/thick/5712257682800855168.npy


Gaia DR3 5719570534632744064


Saving to widebinaries/chains/thick/5719570534632744064.npy


Gaia DR3 5711018052146428544


Saving to widebinaries/chains/thick/5711018052146428544.npy


Gaia DR3 5710572745647453440


Saving to widebinaries/chains/thick/5710572745647453440.npy


Gaia DR3 873818281853806720


Saving to widebinaries/chains/thick/873818281853806720.npy


Gaia DR3 5213864244628151424


Saving to widebinaries/chains/thick/5213864244628151424.npy


Gaia DR3 5710571680495418496


Saving to widebinaries/chains/thick/5710571680495418496.npy


Gaia DR3 3082588330031459200


Saving to widebinaries/chains/thick/3082588330031459200.npy


Gaia DR3 5718256515157378048


Saving to widebinaries/chains/thick/5718256515157378048.npy


Gaia DR3 5718256515152213760


Saving to widebinaries/chains/thick/5718256515152213760.npy


Gaia DR3 3080914632816248448


Saving to widebinaries/chains/thick/3080914632816248448.npy


Gaia DR3 1142428555905843072


Saving to widebinaries/chains/thick/1142428555905843072.npy


Gaia DR3 5539100299517728128


Saving to widebinaries/chains/thick/5539100299517728128.npy


Gaia DR3 3037597516813229312


Saving to widebinaries/chains/thick/3037597516813229312.npy


Gaia DR3 5595216555502363776


Saving to widebinaries/chains/thick/5595216555502363776.npy


Gaia DR3 3095485154747382016


Saving to widebinaries/chains/thick/3095485154747382016.npy


Gaia DR3 5725584343536324480


Saving to widebinaries/chains/thick/5725584343536324480.npy


Gaia DR3 5602379190880667904


Saving to widebinaries/chains/thick/5602379190880667904.npy


Gaia DR3 3152007091864270336


Saving to widebinaries/chains/thick/3152007091864270336.npy


Gaia DR3 5717790764605050880


Saving to widebinaries/chains/thick/5717790764605050880.npy


Gaia DR3 875615158730751360


Saving to widebinaries/chains/thick/875615158730751360.npy


Gaia DR3 5291119509303209984


Saving to widebinaries/chains/thick/5291119509303209984.npy


Gaia DR3 3080726856841147264


Saving to widebinaries/chains/thick/3080726856841147264.npy


Gaia DR3 3080726650687125632


Saving to widebinaries/chains/thick/3080726650687125632.npy


Gaia DR3 5518676806608480384


Saving to widebinaries/chains/thick/5518676806608480384.npy


Gaia DR3 5296007937998585984


Saving to widebinaries/chains/thick/5296007937998585984.npy


Gaia DR3 3095413171095791232


Saving to widebinaries/chains/thick/3095413171095791232.npy


Gaia DR3 5725503293214289280


Saving to widebinaries/chains/thick/5725503293214289280.npy


Gaia DR3 906745077396389120


Saving to widebinaries/chains/thick/906745077396389120.npy


Gaia DR3 5519013772569768192


Saving to widebinaries/chains/thick/5519013772569768192.npy


Gaia DR3 5209656383563251072


Saving to widebinaries/chains/thick/5209656383563251072.npy


Gaia DR3 3084229484276399872


Saving to widebinaries/chains/thick/3084229484276399872.npy


Gaia DR3 1148635573922531840


Saving to widebinaries/chains/thick/1148635573922531840.npy


Gaia DR3 5215031827192173056


Saving to widebinaries/chains/thick/5215031827192173056.npy


Gaia DR3 5537332907591482496


Saving to widebinaries/chains/thick/5537332907591482496.npy


Gaia DR3 673438365068121600


Saving to widebinaries/chains/thick/673438365068121600.npy


Gaia DR3 5594559120570403584


Saving to widebinaries/chains/thick/5594559120570403584.npy


Gaia DR3 5288257957277374208


Saving to widebinaries/chains/thick/5288257957277374208.npy


Gaia DR3 5711232560004075776


Saving to widebinaries/chains/thick/5711232560004075776.npy


Gaia DR3 5725285688690224256


Saving to widebinaries/chains/thick/5725285688690224256.npy


Gaia DR3 5725285688690224000


Saving to widebinaries/chains/thick/5725285688690224000.npy


Gaia DR3 3145390505765156352


Saving to widebinaries/chains/thick/3145390505765156352.npy


Gaia DR3 3088283009988253440


Saving to widebinaries/chains/thick/3088283009988253440.npy


Gaia DR3 5294165465748124672


Saving to widebinaries/chains/thick/5294165465748124672.npy


Gaia DR3 5711238499934258560


Saving to widebinaries/chains/thick/5711238499934258560.npy


Gaia DR3 5537849678068133376


Saving to widebinaries/chains/thick/5537849678068133376.npy


Gaia DR3 3150839277373651200


Saving to widebinaries/chains/thick/3150839277373651200.npy


Gaia DR3 5725637639788446208


Saving to widebinaries/chains/thick/5725637639788446208.npy


Gaia DR3 5270555167234424320


Saving to widebinaries/chains/thick/5270555167234424320.npy


Gaia DR3 670363374642836608


Saving to widebinaries/chains/thick/670363374642836608.npy


Gaia DR3 5545600410397615744


Saving to widebinaries/chains/thick/5545600410397615744.npy


Gaia DR3 5513600601942900096


Saving to widebinaries/chains/thick/5513600601942900096.npy


Gaia DR3 5697423999627597440


Saving to widebinaries/chains/thick/5697423999627597440.npy


fit-sed done
