Host: scc-ei2
Job:  ember  ID: 3229238  Task: 49
Cmd:  ember fit-sed widebinaries/widebinary_fluxes.pqt widebinaries/chains/thick/ --synthetic --xpphoto --numtasks=128
Warning: the passwords of all user accounts have been inactivated.              Please visit https://cas.cosmos.esa.int/cas/passwd to set a new one. Workaround solutions for the Gaia Archive issues following the infrastructure upgrade: https://www.cosmos.esa.int/web/gaia/news#WorkaroundArchive
['synthetic']
Total rows before filtering: 9477
Rows remaining after removing existing chains: 9476
Rows in this SGE task segment: 74
Bands selected: synthetic
Output directory: /projectnb/mesaelm/ember/widebinaries/chains/thick
mcmc
Bypassing Gaia archive queries temporarily with $EMBER_DIR/widebinaries/widebinary_fluxes.pqt
Nedler mode returns no errors, so assuming 5% error universally!
[1.49290834 1.42003037 1.34610476 1.27218875 1.19762042 1.13007946
 1.05509361 0.99733563 0.93015207 0.88181679 0.82898061 0.78163521
 0.73503799 0.69541353 0.66619626 0.62154845 0.58866829 0.56235899
 0.53157587 0.50467257 0.47871176 0.45783258 0.43639439 0.41680978]
Gaia DR3 135683720597931008


Saving to widebinaries/chains/thick/135683720597931008.npy


Gaia DR3 447107645997171328


Saving to widebinaries/chains/thick/447107645997171328.npy


Gaia DR3 31322547949728256


Saving to widebinaries/chains/thick/31322547949728256.npy


Gaia DR3 439717961490943104


Saving to widebinaries/chains/thick/439717961490943104.npy


Gaia DR3 136137475303027200


Saving to widebinaries/chains/thick/136137475303027200.npy


Gaia DR3 5152846503245405952


Saving to widebinaries/chains/thick/5152846503245405952.npy


Gaia DR3 5073586798807216384


Saving to widebinaries/chains/thick/5073586798807216384.npy


Gaia DR3 5154681278914176512


Saving to widebinaries/chains/thick/5154681278914176512.npy


Gaia DR3 462778946573843456


Saving to widebinaries/chains/thick/462778946573843456.npy


Gaia DR3 4723479447297071744


Saving to widebinaries/chains/thick/4723479447297071744.npy


Gaia DR3 5073401672831650816


Saving to widebinaries/chains/thick/5073401672831650816.npy


Gaia DR3 137461635195495680


Saving to widebinaries/chains/thick/137461635195495680.npy


Gaia DR3 31047184711544832


Saving to widebinaries/chains/thick/31047184711544832.npy


Gaia DR3 31047257726638592


Saving to widebinaries/chains/thick/31047257726638592.npy


Gaia DR3 31067426892323584


Saving to widebinaries/chains/thick/31067426892323584.npy


Gaia DR3 3267349950425598080


Saving to widebinaries/chains/thick/3267349950425598080.npy


Gaia DR3 4723389085481331456


Saving to widebinaries/chains/thick/4723389085481331456.npy


Gaia DR3 4850463492593066368


Saving to widebinaries/chains/thick/4850463492593066368.npy


Gaia DR3 139162712826495744


Saving to widebinaries/chains/thick/139162712826495744.npy


Gaia DR3 238721227276122240


Saving to widebinaries/chains/thick/238721227276122240.npy


Gaia DR3 439872275376398592


Saving to widebinaries/chains/thick/439872275376398592.npy


Gaia DR3 5167439672539923456


Saving to widebinaries/chains/thick/5167439672539923456.npy


Gaia DR3 439872275371188608


Saving to widebinaries/chains/thick/439872275371188608.npy


Gaia DR3 240835034083922304


Saving to widebinaries/chains/thick/240835034083922304.npy


Gaia DR3 240802426691794176


Saving to widebinaries/chains/thick/240802426691794176.npy


Gaia DR3 137481559548474368


Saving to widebinaries/chains/thick/137481559548474368.npy


Gaia DR3 238906387610412928


Saving to widebinaries/chains/thick/238906387610412928.npy


Gaia DR3 4620279221491091456


Saving to widebinaries/chains/thick/4620279221491091456.npy


Gaia DR3 446203228969067392


Saving to widebinaries/chains/thick/446203228969067392.npy


Gaia DR3 445943327607739520


Saving to widebinaries/chains/thick/445943327607739520.npy


Gaia DR3 466850064475199488


Saving to widebinaries/chains/thick/466850064475199488.npy


Gaia DR3 17293531198591232


Saving to widebinaries/chains/thick/17293531198591232.npy


Gaia DR3 5167370055415132160


Saving to widebinaries/chains/thick/5167370055415132160.npy


Gaia DR3 4720605839298874880


Saving to widebinaries/chains/thick/4720605839298874880.npy


Gaia DR3 3262071336835328512


Saving to widebinaries/chains/thick/3262071336835328512.npy


Gaia DR3 31156178097394432


Saving to widebinaries/chains/thick/31156178097394432.npy


Gaia DR3 31156173801575936


Saving to widebinaries/chains/thick/31156173801575936.npy


Gaia DR3 125315772624513024


Saving to widebinaries/chains/thick/125315772624513024.npy


Gaia DR3 4639775624235504896


Saving to widebinaries/chains/thick/4639775624235504896.npy


Gaia DR3 235840781689958016


Saving to widebinaries/chains/thick/235840781689958016.npy


Gaia DR3 434857952593321088


Saving to widebinaries/chains/thick/434857952593321088.npy


Gaia DR3 123478596069419392


Saving to widebinaries/chains/thick/123478596069419392.npy


Gaia DR3 123477840154269184


Saving to widebinaries/chains/thick/123477840154269184.npy


Gaia DR3 4670644443248889600


Saving to widebinaries/chains/thick/4670644443248889600.npy


Gaia DR3 110925574893371776


Saving to widebinaries/chains/thick/110925574893371776.npy


Gaia DR3 3269036738701508608


Saving to widebinaries/chains/thick/3269036738701508608.npy


Gaia DR3 29942587842779264


Saving to widebinaries/chains/thick/29942587842779264.npy


Gaia DR3 5106380802552582784


Saving to widebinaries/chains/thick/5106380802552582784.npy


Gaia DR3 4613612951211823104


Saving to widebinaries/chains/thick/4613612951211823104.npy


Gaia DR3 4613612951211823616


Saving to widebinaries/chains/thick/4613612951211823616.npy


Gaia DR3 4730277006138022912


Saving to widebinaries/chains/thick/4730277006138022912.npy


Gaia DR3 61934562280099456


Saving to widebinaries/chains/thick/61934562280099456.npy


Gaia DR3 435185607062800384


Saving to widebinaries/chains/thick/435185607062800384.npy


Gaia DR3 5061866073574856576


Saving to widebinaries/chains/thick/5061866073574856576.npy


Gaia DR3 5168260419316083840


Saving to widebinaries/chains/thick/5168260419316083840.npy


Gaia DR3 3262705170928796800


Saving to widebinaries/chains/thick/3262705170928796800.npy


Gaia DR3 239523454152475520


Saving to widebinaries/chains/thick/239523454152475520.npy


Gaia DR3 137974690513728896


Saving to widebinaries/chains/thick/137974690513728896.npy


Gaia DR3 3266140045253880576


Saving to widebinaries/chains/thick/3266140045253880576.npy


Gaia DR3 4641329405963444608


Saving to widebinaries/chains/thick/4641329405963444608.npy


Gaia DR3 449533958925653760


Saving to widebinaries/chains/thick/449533958925653760.npy


Gaia DR3 5106424679939403776


Saving to widebinaries/chains/thick/5106424679939403776.npy


Gaia DR3 4642153627368210560


Saving to widebinaries/chains/thick/4642153627368210560.npy


Gaia DR3 118393560949382912


Saving to widebinaries/chains/thick/118393560949382912.npy


Gaia DR3 5074140677789997312


Saving to widebinaries/chains/thick/5074140677789997312.npy


Gaia DR3 490974032483671424


Saving to widebinaries/chains/thick/490974032483671424.npy


Gaia DR3 490974032483668352


Saving to widebinaries/chains/thick/490974032483668352.npy


Gaia DR3 56070969848079488


Saving to widebinaries/chains/thick/56070969848079488.npy


Gaia DR3 56070969848077312


Saving to widebinaries/chains/thick/56070969848077312.npy


Gaia DR3 16166875378033664


Saving to widebinaries/chains/thick/16166875378033664.npy


Gaia DR3 5053332866912186496


Saving to widebinaries/chains/thick/5053332866912186496.npy


Gaia DR3 3268696199335140608


Saving to widebinaries/chains/thick/3268696199335140608.npy


Gaia DR3 30094530901137408


Saving to widebinaries/chains/thick/30094530901137408.npy


Gaia DR3 10285381522061568


Saving to widebinaries/chains/thick/10285381522061568.npy


fit-sed done
