Host: scc-mf8
Job:  ember  ID: 3229238  Task: 7
Cmd:  ember fit-sed widebinaries/widebinary_fluxes.pqt widebinaries/chains/thick/ --synthetic --xpphoto --numtasks=128
Warning: the passwords of all user accounts have been inactivated.              Please visit https://cas.cosmos.esa.int/cas/passwd to set a new one. Workaround solutions for the Gaia Archive issues following the infrastructure upgrade: https://www.cosmos.esa.int/web/gaia/news#WorkaroundArchive
['synthetic']
Total rows before filtering: 9477
Rows remaining after removing existing chains: 9476
Rows in this SGE task segment: 74
Bands selected: synthetic
Output directory: /projectnb/mesaelm/ember/widebinaries/chains/thick
mcmc
Bypassing Gaia archive queries temporarily with $EMBER_DIR/widebinaries/widebinary_fluxes.pqt
Nedler mode returns no errors, so assuming 5% error universally!
[1.49290834 1.42003037 1.34610476 1.27218875 1.19762042 1.13007946
 1.05509361 0.99733563 0.93015207 0.88181679 0.82898061 0.78163521
 0.73503799 0.69541353 0.66619626 0.62154845 0.58866829 0.56235899
 0.53157587 0.50467257 0.47871176 0.45783258 0.43639439 0.41680978]
Gaia DR3 2242741938116584320


Saving to widebinaries/chains/thick/2242741938116584320.npy


Gaia DR3 2053584770878226304


Saving to widebinaries/chains/thick/2053584770878226304.npy


Gaia DR3 2046406888395086080


Saving to widebinaries/chains/thick/2046406888395086080.npy


Gaia DR3 4515612513483106816


Saving to widebinaries/chains/thick/4515612513483106816.npy


Gaia DR3 2136922808752205184


Saving to widebinaries/chains/thick/2136922808752205184.npy


Gaia DR3 6645357023108224256


Saving to widebinaries/chains/thick/6645357023108224256.npy


Gaia DR3 6645357018814684288


Saving to widebinaries/chains/thick/6645357018814684288.npy


Gaia DR3 6758402482190569728


Saving to widebinaries/chains/thick/6758402482190569728.npy


Gaia DR3 6758402482191376512


Saving to widebinaries/chains/thick/6758402482191376512.npy


Gaia DR3 6420957248323555584


Saving to widebinaries/chains/thick/6420957248323555584.npy


Gaia DR3 4314903198513595776


Saving to widebinaries/chains/thick/4314903198513595776.npy


Gaia DR3 6742638543465834240


Saving to widebinaries/chains/thick/6742638543465834240.npy


Gaia DR3 4213545848628209152


Saving to widebinaries/chains/thick/4213545848628209152.npy


Gaia DR3 4287461995275275776


Saving to widebinaries/chains/thick/4287461995275275776.npy


Gaia DR3 2239990272826423296


Saving to widebinaries/chains/thick/2239990272826423296.npy


Gaia DR3 6640466807707896960


Saving to widebinaries/chains/thick/6640466807707896960.npy


Gaia DR3 6771271754694994432


Saving to widebinaries/chains/thick/6771271754694994432.npy


Gaia DR3 4323318787437857664


Saving to widebinaries/chains/thick/4323318787437857664.npy


Gaia DR3 4213600446248924160


Saving to widebinaries/chains/thick/4213600446248924160.npy


Gaia DR3 2017735439096867584


Saving to widebinaries/chains/thick/2017735439096867584.npy


Gaia DR3 6367393061905528960


Saving to widebinaries/chains/thick/6367393061905528960.npy


Gaia DR3 2045575726326014720


Saving to widebinaries/chains/thick/2045575726326014720.npy


Gaia DR3 6737870889248418944


Saving to widebinaries/chains/thick/6737870889248418944.npy


Gaia DR3 2142145179748734976


Saving to widebinaries/chains/thick/2142145179748734976.npy


Gaia DR3 2142145385907166208


Saving to widebinaries/chains/thick/2142145385907166208.npy


Gaia DR3 2241753167925181824


Saving to widebinaries/chains/thick/2241753167925181824.npy


Gaia DR3 4179798095858334464


Saving to widebinaries/chains/thick/4179798095858334464.npy


Gaia DR3 4322937016399839104


Saving to widebinaries/chains/thick/4322937016399839104.npy


Gaia DR3 2053240524960871680


Saving to widebinaries/chains/thick/2053240524960871680.npy


Gaia DR3 6739543452591798784


Saving to widebinaries/chains/thick/6739543452591798784.npy


Gaia DR3 2053300787637255808


Saving to widebinaries/chains/thick/2053300787637255808.npy


Gaia DR3 2053300791934158848


Saving to widebinaries/chains/thick/2053300791934158848.npy


Gaia DR3 6342718509147744768


Saving to widebinaries/chains/thick/6342718509147744768.npy


Gaia DR3 6772993688687389568


Saving to widebinaries/chains/thick/6772993688687389568.npy


Gaia DR3 6417099989732711168


Saving to widebinaries/chains/thick/6417099989732711168.npy


Gaia DR3 6367472604700948480


Saving to widebinaries/chains/thick/6367472604700948480.npy


Gaia DR3 4180213569520266496


Saving to widebinaries/chains/thick/4180213569520266496.npy


Gaia DR3 6765481245425985664


Saving to widebinaries/chains/thick/6765481245425985664.npy


Gaia DR3 2018579417338008832


Saving to widebinaries/chains/thick/2018579417338008832.npy


Gaia DR3 6417391940132434560


Saving to widebinaries/chains/thick/6417391940132434560.npy


Gaia DR3 2045289436683798656


Saving to widebinaries/chains/thick/2045289436683798656.npy


Gaia DR3 4294837042544744576


Saving to widebinaries/chains/thick/4294837042544744576.npy


Gaia DR3 6639116710507193856


Saving to widebinaries/chains/thick/6639116710507193856.npy


Gaia DR3 2045641456515474944


Saving to widebinaries/chains/thick/2045641456515474944.npy


Gaia DR3 4186786797923376128


Saving to widebinaries/chains/thick/4186786797923376128.npy


Gaia DR3 6416242095782317312


Saving to widebinaries/chains/thick/6416242095782317312.npy


Gaia DR3 2032771290641139584


Saving to widebinaries/chains/thick/2032771290641139584.npy


Gaia DR3 4207055367062840320


Saving to widebinaries/chains/thick/4207055367062840320.npy


Gaia DR3 2025465619994915072


Saving to widebinaries/chains/thick/2025465619994915072.npy


Gaia DR3 4183272552601606400


Saving to widebinaries/chains/thick/4183272552601606400.npy


Gaia DR3 4239145713445699968


Saving to widebinaries/chains/thick/4239145713445699968.npy


Gaia DR3 2078245820251112192


Saving to widebinaries/chains/thick/2078245820251112192.npy


Gaia DR3 1825560185434765312


Saving to widebinaries/chains/thick/1825560185434765312.npy


Gaia DR3 2052087549578594432


Saving to widebinaries/chains/thick/2052087549578594432.npy


Gaia DR3 2032785962252363776


Saving to widebinaries/chains/thick/2032785962252363776.npy


Gaia DR3 2138512595196274816


Saving to widebinaries/chains/thick/2138512595196274816.npy


Gaia DR3 6359804473168387712


Saving to widebinaries/chains/thick/6359804473168387712.npy


Gaia DR3 6744916083016444672


Saving to widebinaries/chains/thick/6744916083016444672.npy


Gaia DR3 6645604928622813824


Saving to widebinaries/chains/thick/6645604928622813824.npy


Gaia DR3 6752494088957691520


Saving to widebinaries/chains/thick/6752494088957691520.npy


Gaia DR3 2238516205691628544


Saving to widebinaries/chains/thick/2238516205691628544.npy


Gaia DR3 2238516240051369984


Saving to widebinaries/chains/thick/2238516240051369984.npy


Gaia DR3 2288964784173215744


Saving to widebinaries/chains/thick/2288964784173215744.npy


Gaia DR3 2138961505172741760


Saving to widebinaries/chains/thick/2138961505172741760.npy


Gaia DR3 4210694922359371904


Saving to widebinaries/chains/thick/4210694922359371904.npy


Gaia DR3 6741727357564567808


Saving to widebinaries/chains/thick/6741727357564567808.npy


Gaia DR3 6659380430632781440


Saving to widebinaries/chains/thick/6659380430632781440.npy


Gaia DR3 4315272222102560640


Saving to widebinaries/chains/thick/4315272222102560640.npy


Gaia DR3 2025075641305573888


Saving to widebinaries/chains/thick/2025075641305573888.npy


Gaia DR3 2248877792815618176


Saving to widebinaries/chains/thick/2248877792815618176.npy


Gaia DR3 2080031186620676992


Saving to widebinaries/chains/thick/2080031186620676992.npy


Gaia DR3 2239287302642036992


Saving to widebinaries/chains/thick/2239287302642036992.npy


Gaia DR3 2021891902269260416


Saving to widebinaries/chains/thick/2021891902269260416.npy


Gaia DR3 4316803257676198272


Saving to widebinaries/chains/thick/4316803257676198272.npy


fit-sed done
