Host: scc-da3
Job:  ember  ID: 3229238  Task: 29
Cmd:  ember fit-sed widebinaries/widebinary_fluxes.pqt widebinaries/chains/thick/ --synthetic --xpphoto --numtasks=128
Warning: the passwords of all user accounts have been inactivated.              Please visit https://cas.cosmos.esa.int/cas/passwd to set a new one. Workaround solutions for the Gaia Archive issues following the infrastructure upgrade: https://www.cosmos.esa.int/web/gaia/news#WorkaroundArchive
['synthetic']
Total rows before filtering: 9477
Rows remaining after removing existing chains: 9476
Rows in this SGE task segment: 74
Bands selected: synthetic
Output directory: /projectnb/mesaelm/ember/widebinaries/chains/thick
mcmc
Bypassing Gaia archive queries temporarily with $EMBER_DIR/widebinaries/widebinary_fluxes.pqt
Nedler mode returns no errors, so assuming 5% error universally!
[1.49290834 1.42003037 1.34610476 1.27218875 1.19762042 1.13007946
 1.05509361 0.99733563 0.93015207 0.88181679 0.82898061 0.78163521
 0.73503799 0.69541353 0.66619626 0.62154845 0.58866829 0.56235899
 0.53157587 0.50467257 0.47871176 0.45783258 0.43639439 0.41680978]
Gaia DR3 2410501604052164224


Saving to widebinaries/chains/thick/2410501604052164224.npy


Gaia DR3 1910755358566523008


Saving to widebinaries/chains/thick/1910755358566523008.npy


Gaia DR3 6493854456923666688


Saving to widebinaries/chains/thick/6493854456923666688.npy


Gaia DR3 1992032460684248192


Saving to widebinaries/chains/thick/1992032460684248192.npy


Gaia DR3 1931693534590780032


Saving to widebinaries/chains/thick/1931693534590780032.npy


Gaia DR3 1914676938586144896


Saving to widebinaries/chains/thick/1914676938586144896.npy


Gaia DR3 1911106416309735552


Saving to widebinaries/chains/thick/1911106416309735552.npy


Gaia DR3 2811484217572663168


Saving to widebinaries/chains/thick/2811484217572663168.npy


Gaia DR3 6502406286565705856


Saving to widebinaries/chains/thick/6502406286565705856.npy


Gaia DR3 2638514545852367360


Saving to widebinaries/chains/thick/2638514545852367360.npy


Gaia DR3 1991824588562332288


Saving to widebinaries/chains/thick/1991824588562332288.npy


Gaia DR3 2631652528139944832


Saving to widebinaries/chains/thick/2631652528139944832.npy


Gaia DR3 2838845289551963136


Saving to widebinaries/chains/thick/2838845289551963136.npy


Gaia DR3 6502360583819422080


Saving to widebinaries/chains/thick/6502360583819422080.npy


Gaia DR3 1885744595770968832


Saving to widebinaries/chains/thick/1885744595770968832.npy


Gaia DR3 1885744600065811840


Saving to widebinaries/chains/thick/1885744600065811840.npy


Gaia DR3 6555346946809206272


Saving to widebinaries/chains/thick/6555346946809206272.npy


Gaia DR3 2838636966458088576


Saving to widebinaries/chains/thick/2838636966458088576.npy


Gaia DR3 6387649708219253248


Saving to widebinaries/chains/thick/6387649708219253248.npy


Gaia DR3 2815804203053249920


Saving to widebinaries/chains/thick/2815804203053249920.npy


Gaia DR3 2632174216341948160


Saving to widebinaries/chains/thick/2632174216341948160.npy


Gaia DR3 1911568035098578944


Saving to widebinaries/chains/thick/1911568035098578944.npy


Gaia DR3 1910721823462446336


Saving to widebinaries/chains/thick/1910721823462446336.npy


Gaia DR3 6605335899369392128


Saving to widebinaries/chains/thick/6605335899369392128.npy


Gaia DR3 1910890430994366336


Saving to widebinaries/chains/thick/1910890430994366336.npy


Gaia DR3 2300990903055236480


Saving to widebinaries/chains/thick/2300990903055236480.npy


Gaia DR3 2405290537411339392


Saving to widebinaries/chains/thick/2405290537411339392.npy


Gaia DR3 2838432044981604992


Saving to widebinaries/chains/thick/2838432044981604992.npy


Gaia DR3 2657530084056947072


Saving to widebinaries/chains/thick/2657530084056947072.npy


Gaia DR3 2811537578247344640


Saving to widebinaries/chains/thick/2811537578247344640.npy


Gaia DR3 6490159513742130944


Saving to widebinaries/chains/thick/6490159513742130944.npy


Gaia DR3 6490159440724932480


Saving to widebinaries/chains/thick/6490159440724932480.npy


Gaia DR3 6527346680622426752


Saving to widebinaries/chains/thick/6527346680622426752.npy


Gaia DR3 2214948066575911552


Saving to widebinaries/chains/thick/2214948066575911552.npy


Gaia DR3 2379201119352265472


Saving to widebinaries/chains/thick/2379201119352265472.npy


Gaia DR3 2819079300299524480


Saving to widebinaries/chains/thick/2819079300299524480.npy


Gaia DR3 2812251371746545792


Saving to widebinaries/chains/thick/2812251371746545792.npy


Gaia DR3 2844308831549635840


Saving to widebinaries/chains/thick/2844308831549635840.npy


Gaia DR3 2638838111504878208


Saving to widebinaries/chains/thick/2638838111504878208.npy


Gaia DR3 2631427815450821888


Saving to widebinaries/chains/thick/2631427815450821888.npy


Gaia DR3 1990989780062217856


Saving to widebinaries/chains/thick/1990989780062217856.npy


Gaia DR3 6393502099375879552


Saving to widebinaries/chains/thick/6393502099375879552.npy


Gaia DR3 6502185250369176064


Saving to widebinaries/chains/thick/6502185250369176064.npy


Gaia DR3 6527718075031173760


Saving to widebinaries/chains/thick/6527718075031173760.npy


Gaia DR3 2817075272854044416


Saving to widebinaries/chains/thick/2817075272854044416.npy


Gaia DR3 2839397832801325952


Saving to widebinaries/chains/thick/2839397832801325952.npy


Gaia DR3 2837711250683473408


Saving to widebinaries/chains/thick/2837711250683473408.npy


Gaia DR3 2657451056656635648


Saving to widebinaries/chains/thick/2657451056656635648.npy


Gaia DR3 1916287654400384256


Saving to widebinaries/chains/thick/1916287654400384256.npy


Gaia DR3 6527897089266179200


Saving to widebinaries/chains/thick/6527897089266179200.npy


Gaia DR3 1936925560672650624


Saving to widebinaries/chains/thick/1936925560672650624.npy


Gaia DR3 2638567906524769792


Saving to widebinaries/chains/thick/2638567906524769792.npy


Gaia DR3 6549949405574674176


Saving to widebinaries/chains/thick/6549949405574674176.npy


Gaia DR3 1916314729875263360


Saving to widebinaries/chains/thick/1916314729875263360.npy


Gaia DR3 2014172742215711104


Saving to widebinaries/chains/thick/2014172742215711104.npy


Gaia DR3 6489939778917673600


Saving to widebinaries/chains/thick/6489939778917673600.npy


Gaia DR3 2378137036906365056


Saving to widebinaries/chains/thick/2378137036906365056.npy


Gaia DR3 6392897844722947328


Saving to widebinaries/chains/thick/6392897844722947328.npy


Gaia DR3 6392906262858857088


Saving to widebinaries/chains/thick/6392906262858857088.npy


Gaia DR3 6492423270741234304


Saving to widebinaries/chains/thick/6492423270741234304.npy


Gaia DR3 6492839813849403648


Saving to widebinaries/chains/thick/6492839813849403648.npy


Gaia DR3 6499095244738784128


Saving to widebinaries/chains/thick/6499095244738784128.npy


Gaia DR3 2844034846998168576


Saving to widebinaries/chains/thick/2844034846998168576.npy


Gaia DR3 6530197954786182272


Saving to widebinaries/chains/thick/6530197954786182272.npy


Gaia DR3 6492256316772362752


Saving to widebinaries/chains/thick/6492256316772362752.npy


Gaia DR3 6354169269916754816


Saving to widebinaries/chains/thick/6354169269916754816.npy


Gaia DR3 2817973569559904640


Saving to widebinaries/chains/thick/2817973569559904640.npy


Gaia DR3 2664365301168573824


Saving to widebinaries/chains/thick/2664365301168573824.npy


Gaia DR3 2664365374183501312


Saving to widebinaries/chains/thick/2664365374183501312.npy


Gaia DR3 2811108287674799104


Saving to widebinaries/chains/thick/2811108287674799104.npy


Gaia DR3 1924530594293050496


Saving to widebinaries/chains/thick/1924530594293050496.npy


Gaia DR3 6549974350744434176


Saving to widebinaries/chains/thick/6549974350744434176.npy


Gaia DR3 2378059688840742912


Saving to widebinaries/chains/thick/2378059688840742912.npy


Gaia DR3 1917237872966083840


Saving to widebinaries/chains/thick/1917237872966083840.npy


fit-sed done
