Host: scc-ei2
Job:  ember  ID: 3229238  Task: 64
Cmd:  ember fit-sed widebinaries/widebinary_fluxes.pqt widebinaries/chains/thick/ --synthetic --xpphoto --numtasks=128
Warning: the passwords of all user accounts have been inactivated.              Please visit https://cas.cosmos.esa.int/cas/passwd to set a new one. Workaround solutions for the Gaia Archive issues following the infrastructure upgrade: https://www.cosmos.esa.int/web/gaia/news#WorkaroundArchive
['synthetic']
Total rows before filtering: 9477
Rows remaining after removing existing chains: 9476
Rows in this SGE task segment: 74
Bands selected: synthetic
Output directory: /projectnb/mesaelm/ember/widebinaries/chains/thick
mcmc
Bypassing Gaia archive queries temporarily with $EMBER_DIR/widebinaries/widebinary_fluxes.pqt
Nedler mode returns no errors, so assuming 5% error universally!
[1.49290834 1.42003037 1.34610476 1.27218875 1.19762042 1.13007946
 1.05509361 0.99733563 0.93015207 0.88181679 0.82898061 0.78163521
 0.73503799 0.69541353 0.66619626 0.62154845 0.58866829 0.56235899
 0.53157587 0.50467257 0.47871176 0.45783258 0.43639439 0.41680978]
Gaia DR3 3398880785543056256


Saving to widebinaries/chains/thick/3398880785543056256.npy


Gaia DR3 265568689886199424


Saving to widebinaries/chains/thick/265568689886199424.npy


Gaia DR3 287038990881256448


Saving to widebinaries/chains/thick/287038990881256448.npy


Gaia DR3 481770505981721984


Saving to widebinaries/chains/thick/481770505981721984.npy


Gaia DR3 2888659866438806144


Saving to widebinaries/chains/thick/2888659866438806144.npy


Gaia DR3 2887293521379951872


Saving to widebinaries/chains/thick/2887293521379951872.npy


Gaia DR3 4794570879852920320


Saving to widebinaries/chains/thick/4794570879852920320.npy


Gaia DR3 2965898531065733120


Saving to widebinaries/chains/thick/2965898531065733120.npy


Gaia DR3 4659809928696442496


Saving to widebinaries/chains/thick/4659809928696442496.npy


Gaia DR3 3458032067280433536


Saving to widebinaries/chains/thick/3458032067280433536.npy


Gaia DR3 4659228317107531008


Saving to widebinaries/chains/thick/4659228317107531008.npy


Gaia DR3 2883848403555492096


Saving to widebinaries/chains/thick/2883848403555492096.npy


Gaia DR3 3398107794507310208


Saving to widebinaries/chains/thick/3398107794507310208.npy


Gaia DR3 4659754197206503168


Saving to widebinaries/chains/thick/4659754197206503168.npy


Gaia DR3 193503536706214912


Saving to widebinaries/chains/thick/193503536706214912.npy


Gaia DR3 2965820671898305280


Saving to widebinaries/chains/thick/2965820671898305280.npy


Gaia DR3 2886960300637515136


Saving to widebinaries/chains/thick/2886960300637515136.npy


Gaia DR3 2991586867901809920


Saving to widebinaries/chains/thick/2991586867901809920.npy


Gaia DR3 4801272304439747840


Saving to widebinaries/chains/thick/4801272304439747840.npy


Gaia DR3 3335603337311200128


Saving to widebinaries/chains/thick/3335603337311200128.npy


Gaia DR3 2965805489193336704


Saving to widebinaries/chains/thick/2965805489193336704.npy


Gaia DR3 192315961070088448


Saving to widebinaries/chains/thick/192315961070088448.npy


Gaia DR3 3430635265466836736


Saving to widebinaries/chains/thick/3430635265466836736.npy


Gaia DR3 498476687513022464


Saving to widebinaries/chains/thick/498476687513022464.npy


Gaia DR3 2903694519720730112


Saving to widebinaries/chains/thick/2903694519720730112.npy


Gaia DR3 214932464278691328


Saving to widebinaries/chains/thick/214932464278691328.npy


Gaia DR3 2883882630152145280


Saving to widebinaries/chains/thick/2883882630152145280.npy


Gaia DR3 192005967510846848


Saving to widebinaries/chains/thick/192005967510846848.npy


Gaia DR3 2910492941848598912


Saving to widebinaries/chains/thick/2910492941848598912.npy


Gaia DR3 198027266851070848


Saving to widebinaries/chains/thick/198027266851070848.npy


Gaia DR3 3346787883122375680


Saving to widebinaries/chains/thick/3346787883122375680.npy


Gaia DR3 3431088844078555904


Saving to widebinaries/chains/thick/3431088844078555904.npy


Gaia DR3 2903170881600597760


Saving to widebinaries/chains/thick/2903170881600597760.npy


Gaia DR3 4794116545326732160


Saving to widebinaries/chains/thick/4794116545326732160.npy


Gaia DR3 2991688504008069120


Saving to widebinaries/chains/thick/2991688504008069120.npy


Gaia DR3 3017775379450445056


Saving to widebinaries/chains/thick/3017775379450445056.npy


Gaia DR3 3457813608061868160


Saving to widebinaries/chains/thick/3457813608061868160.npy


Gaia DR3 3457812852147627776


Saving to widebinaries/chains/thick/3457812852147627776.npy


Gaia DR3 3429879213782790528


Saving to widebinaries/chains/thick/3429879213782790528.npy


Gaia DR3 3450054526302892032


Saving to widebinaries/chains/thick/3450054526302892032.npy


Gaia DR3 210251293523757056


Saving to widebinaries/chains/thick/210251293523757056.npy


Gaia DR3 2909400504029842944


Saving to widebinaries/chains/thick/2909400504029842944.npy


Gaia DR3 4622983672201981184


Saving to widebinaries/chains/thick/4622983672201981184.npy


Gaia DR3 4622982920582737408


Saving to widebinaries/chains/thick/4622982920582737408.npy


Gaia DR3 3316865631950262528


Saving to widebinaries/chains/thick/3316865631950262528.npy


Gaia DR3 2997653461965752960


Saving to widebinaries/chains/thick/2997653461965752960.npy


Gaia DR3 2995662899240378496


Saving to widebinaries/chains/thick/2995662899240378496.npy


Gaia DR3 4794684919823656448


Saving to widebinaries/chains/thick/4794684919823656448.npy


Gaia DR3 3350123251647482624


Saving to widebinaries/chains/thick/3350123251647482624.npy


Gaia DR3 288141285648247808


Saving to widebinaries/chains/thick/288141285648247808.npy


Gaia DR3 288141281351299712


Saving to widebinaries/chains/thick/288141281351299712.npy


Gaia DR3 1107275794776268544


Saving to widebinaries/chains/thick/1107275794776268544.npy


Gaia DR3 3424873717162032640


Saving to widebinaries/chains/thick/3424873717162032640.npy


Gaia DR3 960945541744434048


Saving to widebinaries/chains/thick/960945541744434048.npy


Gaia DR3 3424441471654472960


Saving to widebinaries/chains/thick/3424441471654472960.npy


Gaia DR3 3122495241997802240


Saving to widebinaries/chains/thick/3122495241997802240.npy


Gaia DR3 3323096740438265728


Saving to widebinaries/chains/thick/3323096740438265728.npy


Gaia DR3 5567945510331346560


Saving to widebinaries/chains/thick/5567945510331346560.npy


Gaia DR3 3021167544620311296


Saving to widebinaries/chains/thick/3021167544620311296.npy


Gaia DR3 5571043311328096512


Saving to widebinaries/chains/thick/5571043311328096512.npy


Gaia DR3 5567933892444757632


Saving to widebinaries/chains/thick/5567933892444757632.npy


Gaia DR3 2999077123363869440


Saving to widebinaries/chains/thick/2999077123363869440.npy


Gaia DR3 2884028693400171648


Saving to widebinaries/chains/thick/2884028693400171648.npy


Gaia DR3 3453514929914965248


Saving to widebinaries/chains/thick/3453514929914965248.npy


Gaia DR3 963187544736253568


Saving to widebinaries/chains/thick/963187544736253568.npy


Gaia DR3 960784909967341824


Saving to widebinaries/chains/thick/960784909967341824.npy


Gaia DR3 2913069917928896896


Saving to widebinaries/chains/thick/2913069917928896896.npy


Gaia DR3 3423222559935120000


Saving to widebinaries/chains/thick/3423222559935120000.npy


Gaia DR3 3348649970487797504


Saving to widebinaries/chains/thick/3348649970487797504.npy


Gaia DR3 2911288266709958272


Saving to widebinaries/chains/thick/2911288266709958272.npy


Gaia DR3 1006533763440848256


Saving to widebinaries/chains/thick/1006533763440848256.npy


Gaia DR3 5278507763038054528


Saving to widebinaries/chains/thick/5278507763038054528.npy


Gaia DR3 2890898064093706496


Saving to widebinaries/chains/thick/2890898064093706496.npy


Gaia DR3 2890898059797230208


Saving to widebinaries/chains/thick/2890898059797230208.npy


fit-sed done
