Host: scc-ul1
Job:  ember  ID: 3229238  Task: 88
Cmd:  ember fit-sed widebinaries/widebinary_fluxes.pqt widebinaries/chains/thick/ --synthetic --xpphoto --numtasks=128
Warning: the passwords of all user accounts have been inactivated.              Please visit https://cas.cosmos.esa.int/cas/passwd to set a new one. Workaround solutions for the Gaia Archive issues following the infrastructure upgrade: https://www.cosmos.esa.int/web/gaia/news#WorkaroundArchive
['synthetic']
Total rows before filtering: 9477
Rows remaining after removing existing chains: 9476
Rows in this SGE task segment: 74
Bands selected: synthetic
Output directory: /projectnb/mesaelm/ember/widebinaries/chains/thick
mcmc
Bypassing Gaia archive queries temporarily with $EMBER_DIR/widebinaries/widebinary_fluxes.pqt
Nedler mode returns no errors, so assuming 5% error universally!
[1.49290834 1.42003037 1.34610476 1.27218875 1.19762042 1.13007946
 1.05509361 0.99733563 0.93015207 0.88181679 0.82898061 0.78163521
 0.73503799 0.69541353 0.66619626 0.62154845 0.58866829 0.56235899
 0.53157587 0.50467257 0.47871176 0.45783258 0.43639439 0.41680978]
Gaia DR3 3881552646239195264


Saving to widebinaries/chains/thick/3881552646239195264.npy


Gaia DR3 5420145102878491264


Saving to widebinaries/chains/thick/5420145102878491264.npy


Gaia DR3 5421000312471014528


Saving to widebinaries/chains/thick/5421000312471014528.npy


Gaia DR3 5420132458495459968


Saving to widebinaries/chains/thick/5420132458495459968.npy


Gaia DR3 5672755356738011008


Saving to widebinaries/chains/thick/5672755356738011008.npy


Gaia DR3 5460302321248101632


Saving to widebinaries/chains/thick/5460302321248101632.npy


Gaia DR3 5415103154869246848


Saving to widebinaries/chains/thick/5415103154869246848.npy


Gaia DR3 809719464076796416


Saving to widebinaries/chains/thick/809719464076796416.npy


Gaia DR3 1147462399310480384


Saving to widebinaries/chains/thick/1147462399310480384.npy


Gaia DR3 802592670224001664


Saving to widebinaries/chains/thick/802592670224001664.npy


Gaia DR3 1052932127631167616


Saving to widebinaries/chains/thick/1052932127631167616.npy


Gaia DR3 5356559688333439744


Saving to widebinaries/chains/thick/5356559688333439744.npy


Gaia DR3 810478814294621568


Saving to widebinaries/chains/thick/810478814294621568.npy


Gaia DR3 810478814296280448


Saving to widebinaries/chains/thick/810478814296280448.npy


Gaia DR3 739253825436690432


Saving to widebinaries/chains/thick/739253825436690432.npy


Gaia DR3 3861237313489649280


Saving to widebinaries/chains/thick/3861237313489649280.npy


Gaia DR3 1051984314247568000


Saving to widebinaries/chains/thick/1051984314247568000.npy


Gaia DR3 753249852545153664


Saving to widebinaries/chains/thick/753249852545153664.npy


Gaia DR3 3831461159924430080


Saving to widebinaries/chains/thick/3831461159924430080.npy


Gaia DR3 802706160439361792


Saving to widebinaries/chains/thick/802706160439361792.npy


Gaia DR3 5473446810956708864


Saving to widebinaries/chains/thick/5473446810956708864.npy


Gaia DR3 3835912017354065920


Saving to widebinaries/chains/thick/3835912017354065920.npy


Gaia DR3 5253440719012671104


Saving to widebinaries/chains/thick/5253440719012671104.npy


Gaia DR3 739577567186823552


Saving to widebinaries/chains/thick/739577567186823552.npy


Gaia DR3 5358713326662338048


Saving to widebinaries/chains/thick/5358713326662338048.npy


Gaia DR3 5358713738986478464


Saving to widebinaries/chains/thick/5358713738986478464.npy


Gaia DR3 1045820413407933312


Saving to widebinaries/chains/thick/1045820413407933312.npy


Gaia DR3 3835861439819152128


Saving to widebinaries/chains/thick/3835861439819152128.npy


Gaia DR3 3835866563715176192


Saving to widebinaries/chains/thick/3835866563715176192.npy


Gaia DR3 1045447816405008512


Saving to widebinaries/chains/thick/1045447816405008512.npy


Gaia DR3 1051920984954750592


Saving to widebinaries/chains/thick/1051920984954750592.npy


Gaia DR3 822747027598821632


Saving to widebinaries/chains/thick/822747027598821632.npy


Gaia DR3 3873721404734233344


Saving to widebinaries/chains/thick/3873721404734233344.npy


Gaia DR3 726442934425575168


Saving to widebinaries/chains/thick/726442934425575168.npy


Gaia DR3 5458994903138268288


Saving to widebinaries/chains/thick/5458994903138268288.npy


Gaia DR3 3875651975353757440


Saving to widebinaries/chains/thick/3875651975353757440.npy


Gaia DR3 3875652014008894720


Saving to widebinaries/chains/thick/3875652014008894720.npy


Gaia DR3 5458990436370216832


Saving to widebinaries/chains/thick/5458990436370216832.npy


Gaia DR3 5673333356256660224


Saving to widebinaries/chains/thick/5673333356256660224.npy


Gaia DR3 5666566029691278336


Saving to widebinaries/chains/thick/5666566029691278336.npy


Gaia DR3 3768857063783479424


Saving to widebinaries/chains/thick/3768857063783479424.npy


Gaia DR3 5204830592668717952


Saving to widebinaries/chains/thick/5204830592668717952.npy


Gaia DR3 847938247739964672


Saving to widebinaries/chains/thick/847938247739964672.npy


Gaia DR3 3832340322550513024


Saving to widebinaries/chains/thick/3832340322550513024.npy


Gaia DR3 5358257166773503488


Saving to widebinaries/chains/thick/5358257166773503488.npy


Gaia DR3 3860853923236137728


Saving to widebinaries/chains/thick/3860853923236137728.npy


Gaia DR3 5462588141496355712


Saving to widebinaries/chains/thick/5462588141496355712.npy


Gaia DR3 3779037205721914240


Saving to widebinaries/chains/thick/3779037205721914240.npy


Gaia DR3 5355756052708120832


Saving to widebinaries/chains/thick/5355756052708120832.npy


Gaia DR3 1045618618665087488


Saving to widebinaries/chains/thick/1045618618665087488.npy


Gaia DR3 5462401769979215360


Saving to widebinaries/chains/thick/5462401769979215360.npy


Gaia DR3 5666295485406677632


Saving to widebinaries/chains/thick/5666295485406677632.npy


Gaia DR3 5230049983503598080


Saving to widebinaries/chains/thick/5230049983503598080.npy


Gaia DR3 5446981840952991232


Saving to widebinaries/chains/thick/5446981840952991232.npy


Gaia DR3 3875681627808638592


Saving to widebinaries/chains/thick/3875681627808638592.npy


Gaia DR3 805992948591057280


Saving to widebinaries/chains/thick/805992948591057280.npy


Gaia DR3 5245142399804845312


Saving to widebinaries/chains/thick/5245142399804845312.npy


Gaia DR3 5258559568396836992


Saving to widebinaries/chains/thick/5258559568396836992.npy


Gaia DR3 1077711924264929024


Saving to widebinaries/chains/thick/1077711924264929024.npy


Gaia DR3 5204237028189995904


Saving to widebinaries/chains/thick/5204237028189995904.npy


Gaia DR3 3877090239642465280


Saving to widebinaries/chains/thick/3877090239642465280.npy


Gaia DR3 5446595504350839168


Saving to widebinaries/chains/thick/5446595504350839168.npy


Gaia DR3 3830369447957783168


Saving to widebinaries/chains/thick/3830369447957783168.npy


Gaia DR3 5462418232588603648


Saving to widebinaries/chains/thick/5462418232588603648.npy


Gaia DR3 1133813538705035264


Saving to widebinaries/chains/thick/1133813538705035264.npy


Gaia DR3 5358819047273110784


Saving to widebinaries/chains/thick/5358819047273110784.npy


Gaia DR3 3886617649631192320


Saving to widebinaries/chains/thick/3886617649631192320.npy


Gaia DR3 3883615188318129536


Saving to widebinaries/chains/thick/3883615188318129536.npy


Gaia DR3 847197657939923200


Saving to widebinaries/chains/thick/847197657939923200.npy


Gaia DR3 3831257823288140544


Saving to widebinaries/chains/thick/3831257823288140544.npy


Gaia DR3 5668245774220968832


Saving to widebinaries/chains/thick/5668245774220968832.npy


Gaia DR3 809417476336725248


Saving to widebinaries/chains/thick/809417476336725248.npy


Gaia DR3 5668045560025520768


Saving to widebinaries/chains/thick/5668045560025520768.npy


Gaia DR3 3888564193235029760


Saving to widebinaries/chains/thick/3888564193235029760.npy


fit-sed done
