Host: scc-ei2
Job:  ember  ID: 3229238  Task: 122
Cmd:  ember fit-sed widebinaries/widebinary_fluxes.pqt widebinaries/chains/thick/ --synthetic --xpphoto --numtasks=128
Warning: the passwords of all user accounts have been inactivated.              Please visit https://cas.cosmos.esa.int/cas/passwd to set a new one. Workaround solutions for the Gaia Archive issues following the infrastructure upgrade: https://www.cosmos.esa.int/web/gaia/news#WorkaroundArchive
['synthetic']
Total rows before filtering: 9477
Rows remaining after removing existing chains: 9476
Rows in this SGE task segment: 74
Bands selected: synthetic
Output directory: /projectnb/mesaelm/ember/widebinaries/chains/thick
mcmc
Bypassing Gaia archive queries temporarily with $EMBER_DIR/widebinaries/widebinary_fluxes.pqt
Nedler mode returns no errors, so assuming 5% error universally!
[1.49290834 1.42003037 1.34610476 1.27218875 1.19762042 1.13007946
 1.05509361 0.99733563 0.93015207 0.88181679 0.82898061 0.78163521
 0.73503799 0.69541353 0.66619626 0.62154845 0.58866829 0.56235899
 0.53157587 0.50467257 0.47871176 0.45783258 0.43639439 0.41680978]
Gaia DR3 4541292226002182912


Saving to widebinaries/chains/thick/4541292226002182912.npy


Gaia DR3 4392051256451595520


Saving to widebinaries/chains/thick/4392051256451595520.npy


Gaia DR3 1334626143378986880


Saving to widebinaries/chains/thick/1334626143378986880.npy


Gaia DR3 1415654279126087168


Saving to widebinaries/chains/thick/1415654279126087168.npy


Gaia DR3 1358581344947528576


Saving to widebinaries/chains/thick/1358581344947528576.npy


Gaia DR3 4541188429528480768


Saving to widebinaries/chains/thick/4541188429528480768.npy


Gaia DR3 4560670053288871424


Saving to widebinaries/chains/thick/4560670053288871424.npy


Gaia DR3 4560670053288877056


Saving to widebinaries/chains/thick/4560670053288877056.npy


Gaia DR3 1438686535171582080


Saving to widebinaries/chains/thick/1438686535171582080.npy


Gaia DR3 5816421016371325696


Saving to widebinaries/chains/thick/5816421016371325696.npy


Gaia DR3 5973124989801823872


Saving to widebinaries/chains/thick/5973124989801823872.npy


Gaia DR3 5926497351672565248


Saving to widebinaries/chains/thick/5926497351672565248.npy


Gaia DR3 5916025255032617344


Saving to widebinaries/chains/thick/5916025255032617344.npy


Gaia DR3 5916023915002608384


Saving to widebinaries/chains/thick/5916023915002608384.npy


Gaia DR3 5973883863282674688


Saving to widebinaries/chains/thick/5973883863282674688.npy


Gaia DR3 1335069349644072064


Saving to widebinaries/chains/thick/1335069349644072064.npy


Gaia DR3 5923372024252846336


Saving to widebinaries/chains/thick/5923372024252846336.npy


Gaia DR3 4547667881613361792


Saving to widebinaries/chains/thick/4547667881613361792.npy


Gaia DR3 4567162772529696512


Saving to widebinaries/chains/thick/4567162772529696512.npy


Gaia DR3 4143247473189638528


Saving to widebinaries/chains/thick/4143247473189638528.npy


Gaia DR3 1361501403017141376


Saving to widebinaries/chains/thick/1361501403017141376.npy


Gaia DR3 1419944814015880832


Saving to widebinaries/chains/thick/1419944814015880832.npy


Gaia DR3 1414363413824188160


Saving to widebinaries/chains/thick/1414363413824188160.npy


Gaia DR3 4568437381385140992


Saving to widebinaries/chains/thick/4568437381385140992.npy


Gaia DR3 4544873438451556352


Saving to widebinaries/chains/thick/4544873438451556352.npy


Gaia DR3 5980661630916894720


Saving to widebinaries/chains/thick/5980661630916894720.npy


Gaia DR3 5801976285430367360


Saving to widebinaries/chains/thick/5801976285430367360.npy


Gaia DR3 1361522568616178304


Saving to widebinaries/chains/thick/1361522568616178304.npy


Gaia DR3 5817223724273680768


Saving to widebinaries/chains/thick/5817223724273680768.npy


Gaia DR3 4386642380798646656


Saving to widebinaries/chains/thick/4386642380798646656.npy


Gaia DR3 1415478834006039552


Saving to widebinaries/chains/thick/1415478834006039552.npy


Gaia DR3 5811266123594176256


Saving to widebinaries/chains/thick/5811266123594176256.npy


Gaia DR3 1333073736038928000


Saving to widebinaries/chains/thick/1333073736038928000.npy


Gaia DR3 4386963335112335104


Saving to widebinaries/chains/thick/4386963335112335104.npy


Gaia DR3 4546417736893388800


Saving to widebinaries/chains/thick/4546417736893388800.npy


Gaia DR3 4134318824595398656


Saving to widebinaries/chains/thick/4134318824595398656.npy


Gaia DR3 4548553606950154240


Saving to widebinaries/chains/thick/4548553606950154240.npy


Gaia DR3 4386943539610092800


Saving to widebinaries/chains/thick/4386943539610092800.npy


Gaia DR3 4546863760656893824


Saving to widebinaries/chains/thick/4546863760656893824.npy


Gaia DR3 4387443581175220992


Saving to widebinaries/chains/thick/4387443581175220992.npy


Gaia DR3 4573526818847148800


Saving to widebinaries/chains/thick/4573526818847148800.npy


Gaia DR3 1437711302717071488


Saving to widebinaries/chains/thick/1437711302717071488.npy


Gaia DR3 1335000015988278400


Saving to widebinaries/chains/thick/1335000015988278400.npy


Gaia DR3 4368168107254401408


Saving to widebinaries/chains/thick/4368168107254401408.npy


Gaia DR3 4059234481269453696


Saving to widebinaries/chains/thick/4059234481269453696.npy


Gaia DR3 4547250346367495168


Saving to widebinaries/chains/thick/4547250346367495168.npy


Gaia DR3 1348083822105314816


Saving to widebinaries/chains/thick/1348083822105314816.npy


Gaia DR3 4395423557398667264


Saving to widebinaries/chains/thick/4395423557398667264.npy


Gaia DR3 4540596097701725952


Saving to widebinaries/chains/thick/4540596097701725952.npy


Gaia DR3 5980690321325398784


Saving to widebinaries/chains/thick/5980690321325398784.npy


Gaia DR3 4359752655708430720


Saving to widebinaries/chains/thick/4359752655708430720.npy


Gaia DR3 1365015545259769600


Saving to widebinaries/chains/thick/1365015545259769600.npy


Gaia DR3 1341557984372129536


Saving to widebinaries/chains/thick/1341557984372129536.npy


Gaia DR3 1361329196304526848


Saving to widebinaries/chains/thick/1361329196304526848.npy


Gaia DR3 5980497975556687232


Saving to widebinaries/chains/thick/5980497975556687232.npy


Gaia DR3 4599716189388636800


Saving to widebinaries/chains/thick/4599716189388636800.npy


Gaia DR3 4387164717540206336


Saving to widebinaries/chains/thick/4387164717540206336.npy


Gaia DR3 5811675008784009344


Saving to widebinaries/chains/thick/5811675008784009344.npy


Gaia DR3 4574317981890245632


Saving to widebinaries/chains/thick/4574317981890245632.npy


Gaia DR3 1420737076567340544


Saving to widebinaries/chains/thick/1420737076567340544.npy


Gaia DR3 5811647619769606016


Saving to widebinaries/chains/thick/5811647619769606016.npy


Gaia DR3 1333272850723563648


Saving to widebinaries/chains/thick/1333272850723563648.npy


Gaia DR3 1348098047037575680


Saving to widebinaries/chains/thick/1348098047037575680.npy


Gaia DR3 4543530286216084352


Saving to widebinaries/chains/thick/4543530286216084352.npy


Gaia DR3 4134944927787937152


Saving to widebinaries/chains/thick/4134944927787937152.npy


Gaia DR3 5973645269263011584


Saving to widebinaries/chains/thick/5973645269263011584.npy


Gaia DR3 4387094619380065280


Saving to widebinaries/chains/thick/4387094619380065280.npy


Gaia DR3 4387094623673782656


Saving to widebinaries/chains/thick/4387094623673782656.npy


Gaia DR3 4599428903321162368


Saving to widebinaries/chains/thick/4599428903321162368.npy


Gaia DR3 1336988963803208192


Saving to widebinaries/chains/thick/1336988963803208192.npy


Gaia DR3 4360053647015500928


Saving to widebinaries/chains/thick/4360053647015500928.npy


Gaia DR3 4374152680323757184


Saving to widebinaries/chains/thick/4374152680323757184.npy


Gaia DR3 4543560759008603520


Saving to widebinaries/chains/thick/4543560759008603520.npy


Gaia DR3 5767084280350394752


Saving to widebinaries/chains/thick/5767084280350394752.npy


fit-sed done
