Host: scc-mh3
Job:  ember  ID: 3229238  Task: 5
Cmd:  ember fit-sed widebinaries/widebinary_fluxes.pqt widebinaries/chains/thick/ --synthetic --xpphoto --numtasks=128
Warning: the passwords of all user accounts have been inactivated.              Please visit https://cas.cosmos.esa.int/cas/passwd to set a new one. Workaround solutions for the Gaia Archive issues following the infrastructure upgrade: https://www.cosmos.esa.int/web/gaia/news#WorkaroundArchive
['synthetic']
Total rows before filtering: 9477
Rows remaining after removing existing chains: 9476
Rows in this SGE task segment: 74
Bands selected: synthetic
Output directory: /projectnb/mesaelm/ember/widebinaries/chains/thick
mcmc
Bypassing Gaia archive queries temporarily with $EMBER_DIR/widebinaries/widebinary_fluxes.pqt
Nedler mode returns no errors, so assuming 5% error universally!
[1.49290834 1.42003037 1.34610476 1.27218875 1.19762042 1.13007946
 1.05509361 0.99733563 0.93015207 0.88181679 0.82898061 0.78163521
 0.73503799 0.69541353 0.66619626 0.62154845 0.58866829 0.56235899
 0.53157587 0.50467257 0.47871176 0.45783258 0.43639439 0.41680978]
Gaia DR3 2043321624396787456


Saving to widebinaries/chains/thick/2043321624396787456.npy


Gaia DR3 2133770161022928384


Saving to widebinaries/chains/thick/2133770161022928384.npy


Gaia DR3 2252065826780777472


Saving to widebinaries/chains/thick/2252065826780777472.npy


Gaia DR3 4206232584471100672


Saving to widebinaries/chains/thick/4206232584471100672.npy


Gaia DR3 2099165746957427072


Saving to widebinaries/chains/thick/2099165746957427072.npy


Gaia DR3 4306387446545325184


Saving to widebinaries/chains/thick/4306387446545325184.npy


Gaia DR3 2036061205536029952


Saving to widebinaries/chains/thick/2036061205536029952.npy


Gaia DR3 4514365087498161152


Saving to widebinaries/chains/thick/4514365087498161152.npy


Gaia DR3 4206010350002500224


Saving to widebinaries/chains/thick/4206010350002500224.npy


Gaia DR3 2142952045186749312


Saving to widebinaries/chains/thick/2142952045186749312.npy


Gaia DR3 2039371010410209024


Saving to widebinaries/chains/thick/2039371010410209024.npy


Gaia DR3 6764010098866108160


Saving to widebinaries/chains/thick/6764010098866108160.npy


Gaia DR3 6435108856324799104


Saving to widebinaries/chains/thick/6435108856324799104.npy


Gaia DR3 4185277404674281472


Saving to widebinaries/chains/thick/4185277404674281472.npy


Gaia DR3 2134291539989508096


Saving to widebinaries/chains/thick/2134291539989508096.npy


Gaia DR3 6759182482613554048


Saving to widebinaries/chains/thick/6759182482613554048.npy


Gaia DR3 6714149617368377728


Saving to widebinaries/chains/thick/6714149617368377728.npy


Gaia DR3 2037566810603341696


Saving to widebinaries/chains/thick/2037566810603341696.npy


Gaia DR3 2037566814905409024


Saving to widebinaries/chains/thick/2037566814905409024.npy


Gaia DR3 6419945079146391424


Saving to widebinaries/chains/thick/6419945079146391424.npy


Gaia DR3 6439752471882748288


Saving to widebinaries/chains/thick/6439752471882748288.npy


Gaia DR3 4204389876028437632


Saving to widebinaries/chains/thick/4204389876028437632.npy


Gaia DR3 4198204470273977216


Saving to widebinaries/chains/thick/4198204470273977216.npy


Gaia DR3 2132754628889037696


Saving to widebinaries/chains/thick/2132754628889037696.npy


Gaia DR3 4081109952230747520


Saving to widebinaries/chains/thick/4081109952230747520.npy


Gaia DR3 6421165464038956672


Saving to widebinaries/chains/thick/6421165464038956672.npy


Gaia DR3 2255125217884609152


Saving to widebinaries/chains/thick/2255125217884609152.npy


Gaia DR3 2255125217884610816


Saving to widebinaries/chains/thick/2255125217884610816.npy


Gaia DR3 2132775584035117056


Saving to widebinaries/chains/thick/2132775584035117056.npy


Gaia DR3 2132775588334185856


Saving to widebinaries/chains/thick/2132775588334185856.npy


Gaia DR3 6714237062902167040


Saving to widebinaries/chains/thick/6714237062902167040.npy


Gaia DR3 4268042455267635584


Saving to widebinaries/chains/thick/4268042455267635584.npy


Gaia DR3 2035812161843961088


Saving to widebinaries/chains/thick/2035812161843961088.npy


Gaia DR3 4513673043671887872


Saving to widebinaries/chains/thick/4513673043671887872.npy


Gaia DR3 6421551087682473088


Saving to widebinaries/chains/thick/6421551087682473088.npy


Gaia DR3 2262736591422315392


Saving to widebinaries/chains/thick/2262736591422315392.npy


Gaia DR3 2099241956856104448


Saving to widebinaries/chains/thick/2099241956856104448.npy


Gaia DR3 6657296344997877632


Saving to widebinaries/chains/thick/6657296344997877632.npy


Gaia DR3 2023375963778106880


Saving to widebinaries/chains/thick/2023375963778106880.npy


Gaia DR3 2102057943576941824


Saving to widebinaries/chains/thick/2102057943576941824.npy


Gaia DR3 4320094439580536320


Saving to widebinaries/chains/thick/4320094439580536320.npy


Gaia DR3 4516523085199687040


Saving to widebinaries/chains/thick/4516523085199687040.npy


Gaia DR3 2099257423039264000


Saving to widebinaries/chains/thick/2099257423039264000.npy


Gaia DR3 6365555846693399168


Saving to widebinaries/chains/thick/6365555846693399168.npy


Gaia DR3 6365743515289965824


Saving to widebinaries/chains/thick/6365743515289965824.npy


Gaia DR3 2251989891760845312


Saving to widebinaries/chains/thick/2251989891760845312.npy


Gaia DR3 6712746881052199296


Saving to widebinaries/chains/thick/6712746881052199296.npy


Gaia DR3 6417016353831945216


Saving to widebinaries/chains/thick/6417016353831945216.npy


Gaia DR3 2103066848573842816


Saving to widebinaries/chains/thick/2103066848573842816.npy


Gaia DR3 4083701260633245952


Saving to widebinaries/chains/thick/4083701260633245952.npy


Gaia DR3 4293220962298749184


Saving to widebinaries/chains/thick/4293220962298749184.npy


Gaia DR3 2252619950579738880


Saving to widebinaries/chains/thick/2252619950579738880.npy


Gaia DR3 2036254375991082624


Saving to widebinaries/chains/thick/2036254375991082624.npy


Gaia DR3 4267947076977170688


Saving to widebinaries/chains/thick/4267947076977170688.npy


Gaia DR3 6658538204727579264


Saving to widebinaries/chains/thick/6658538204727579264.npy


Gaia DR3 6759653657703931264


Saving to widebinaries/chains/thick/6759653657703931264.npy


Gaia DR3 2043211600224024704


Saving to widebinaries/chains/thick/2043211600224024704.npy


Gaia DR3 6438942990806462336


Saving to widebinaries/chains/thick/6438942990806462336.npy


Gaia DR3 4201009015202934272


Saving to widebinaries/chains/thick/4201009015202934272.npy


Gaia DR3 4320979683849182976


Saving to widebinaries/chains/thick/4320979683849182976.npy


Gaia DR3 2240355997881277312


Saving to widebinaries/chains/thick/2240355997881277312.npy


Gaia DR3 6712775532775517696


Saving to widebinaries/chains/thick/6712775532775517696.npy


Gaia DR3 2133253944611262848


Saving to widebinaries/chains/thick/2133253944611262848.npy


Gaia DR3 4261124916530391936


Saving to widebinaries/chains/thick/4261124916530391936.npy


Gaia DR3 4184136803093217280


Saving to widebinaries/chains/thick/4184136803093217280.npy


Gaia DR3 2143573131817151616


Saving to widebinaries/chains/thick/2143573131817151616.npy


Gaia DR3 6445023805504483968


Saving to widebinaries/chains/thick/6445023805504483968.npy


Gaia DR3 2023394556692123136


Saving to widebinaries/chains/thick/2023394556692123136.npy


Gaia DR3 2264255291858285056


Saving to widebinaries/chains/thick/2264255291858285056.npy


Gaia DR3 4084646458368123392


Saving to widebinaries/chains/thick/4084646458368123392.npy


Gaia DR3 4293643380924505856


Saving to widebinaries/chains/thick/4293643380924505856.npy


Gaia DR3 2039894717236055552


Saving to widebinaries/chains/thick/2039894717236055552.npy


Gaia DR3 6742431045006336000


Saving to widebinaries/chains/thick/6742431045006336000.npy


Gaia DR3 2038304789074991232


Saving to widebinaries/chains/thick/2038304789074991232.npy


fit-sed done
