Host: scc-mc1
Job:  ember  ID: 3229238  Task: 14
Cmd:  ember fit-sed widebinaries/widebinary_fluxes.pqt widebinaries/chains/thick/ --synthetic --xpphoto --numtasks=128
Warning: the passwords of all user accounts have been inactivated.              Please visit https://cas.cosmos.esa.int/cas/passwd to set a new one. Workaround solutions for the Gaia Archive issues following the infrastructure upgrade: https://www.cosmos.esa.int/web/gaia/news#WorkaroundArchive
['synthetic']
Total rows before filtering: 9477
Rows remaining after removing existing chains: 9476
Rows in this SGE task segment: 74
Bands selected: synthetic
Output directory: /projectnb/mesaelm/ember/widebinaries/chains/thick
mcmc
Bypassing Gaia archive queries temporarily with $EMBER_DIR/widebinaries/widebinary_fluxes.pqt
Nedler mode returns no errors, so assuming 5% error universally!
[1.49290834 1.42003037 1.34610476 1.27218875 1.19762042 1.13007946
 1.05509361 0.99733563 0.93015207 0.88181679 0.82898061 0.78163521
 0.73503799 0.69541353 0.66619626 0.62154845 0.58866829 0.56235899
 0.53157587 0.50467257 0.47871176 0.45783258 0.43639439 0.41680978]
Gaia DR3 4225778602678650368


Saving to widebinaries/chains/thick/4225778602678650368.npy


Gaia DR3 6862609555705425920


Saving to widebinaries/chains/thick/6862609555705425920.npy


Gaia DR3 2056625646374157184


Saving to widebinaries/chains/thick/2056625646374157184.npy


Gaia DR3 6899603968748062976


Saving to widebinaries/chains/thick/6899603968748062976.npy


Gaia DR3 6676421761352374784


Saving to widebinaries/chains/thick/6676421761352374784.npy


Gaia DR3 6798697422981741056


Saving to widebinaries/chains/thick/6798697422981741056.npy


Gaia DR3 4232458445056082816


Saving to widebinaries/chains/thick/4232458445056082816.npy


Gaia DR3 2245551602640533120


Saving to widebinaries/chains/thick/2245551602640533120.npy


Gaia DR3 4224699230153058944


Saving to widebinaries/chains/thick/4224699230153058944.npy


Gaia DR3 4224699225856218368


Saving to widebinaries/chains/thick/4224699225856218368.npy


Gaia DR3 1860806881783999616


Saving to widebinaries/chains/thick/1860806881783999616.npy


Gaia DR3 6470891976916409344


Saving to widebinaries/chains/thick/6470891976916409344.npy


Gaia DR3 6908407066861225728


Saving to widebinaries/chains/thick/6908407066861225728.npy


Gaia DR3 6453746879788705664


Saving to widebinaries/chains/thick/6453746879788705664.npy


Gaia DR3 2187179075779531648


Saving to widebinaries/chains/thick/2187179075779531648.npy


Gaia DR3 1855910275463661440


Saving to widebinaries/chains/thick/1855910275463661440.npy


Gaia DR3 1749541875622774784


Saving to widebinaries/chains/thick/1749541875622774784.npy


Gaia DR3 2187273294481108352


Saving to widebinaries/chains/thick/2187273294481108352.npy


Gaia DR3 1755960820211364352


Saving to widebinaries/chains/thick/1755960820211364352.npy


Gaia DR3 6676455433894568192


Saving to widebinaries/chains/thick/6676455433894568192.npy


Gaia DR3 6455065159870008704


Saving to widebinaries/chains/thick/6455065159870008704.npy


Gaia DR3 1749144505248265216


Saving to widebinaries/chains/thick/1749144505248265216.npy


Gaia DR3 6791548054778323840


Saving to widebinaries/chains/thick/6791548054778323840.npy


Gaia DR3 6683255917607897984


Saving to widebinaries/chains/thick/6683255917607897984.npy


Gaia DR3 1862669939818850816


Saving to widebinaries/chains/thick/1862669939818850816.npy


Gaia DR3 1862669939818850688


Saving to widebinaries/chains/thick/1862669939818850688.npy


Gaia DR3 1812599142353197056


Saving to widebinaries/chains/thick/1812599142353197056.npy


Gaia DR3 1751150388118530816


Saving to widebinaries/chains/thick/1751150388118530816.npy


Gaia DR3 2180853654109990016


Saving to widebinaries/chains/thick/2180853654109990016.npy


Gaia DR3 2069622487994113408


Saving to widebinaries/chains/thick/2069622487994113408.npy


Gaia DR3 2167884948815689472


Saving to widebinaries/chains/thick/2167884948815689472.npy


Gaia DR3 2167884742657252352


Saving to widebinaries/chains/thick/2167884742657252352.npy


Gaia DR3 1754629380347258112


Saving to widebinaries/chains/thick/1754629380347258112.npy


Gaia DR3 6906761548926472576


Saving to widebinaries/chains/thick/6906761548926472576.npy


Gaia DR3 4231249050982986880


Saving to widebinaries/chains/thick/4231249050982986880.npy


Gaia DR3 2187341700425190400


Saving to widebinaries/chains/thick/2187341700425190400.npy


Gaia DR3 2187341700425179008


Saving to widebinaries/chains/thick/2187341700425179008.npy


Gaia DR3 6798348151943204608


Saving to widebinaries/chains/thick/6798348151943204608.npy


Gaia DR3 2182380295939334784


Saving to widebinaries/chains/thick/2182380295939334784.npy


Gaia DR3 1859148027969967744


Saving to widebinaries/chains/thick/1859148027969967744.npy


Gaia DR3 6903297606261527424


Saving to widebinaries/chains/thick/6903297606261527424.npy


Gaia DR3 6806457909192570112


Saving to widebinaries/chains/thick/6806457909192570112.npy


Gaia DR3 4231183114644856064


Saving to widebinaries/chains/thick/4231183114644856064.npy


Gaia DR3 1814127356142644224


Saving to widebinaries/chains/thick/1814127356142644224.npy


Gaia DR3 6674523974217870080


Saving to widebinaries/chains/thick/6674523974217870080.npy


Gaia DR3 1748276234658802816


Saving to widebinaries/chains/thick/1748276234658802816.npy


Gaia DR3 4232095400058350208


Saving to widebinaries/chains/thick/4232095400058350208.npy


Gaia DR3 4231393018288162176


Saving to widebinaries/chains/thick/4231393018288162176.npy


Gaia DR3 6453986715058741120


Saving to widebinaries/chains/thick/6453986715058741120.npy


Gaia DR3 6674985116265556352


Saving to widebinaries/chains/thick/6674985116265556352.npy


Gaia DR3 6806583841928390400


Saving to widebinaries/chains/thick/6806583841928390400.npy


Gaia DR3 1811300412963816576


Saving to widebinaries/chains/thick/1811300412963816576.npy


Gaia DR3 6674899075185809792


Saving to widebinaries/chains/thick/6674899075185809792.npy


Gaia DR3 2167789841060297984


Saving to widebinaries/chains/thick/2167789841060297984.npy


Gaia DR3 6799271058813651968


Saving to widebinaries/chains/thick/6799271058813651968.npy


Gaia DR3 1856123481943041152


Saving to widebinaries/chains/thick/1856123481943041152.npy


Gaia DR3 2183289695130494080


Saving to widebinaries/chains/thick/2183289695130494080.npy


Gaia DR3 6858356064909035648


Saving to widebinaries/chains/thick/6858356064909035648.npy


Gaia DR3 1863297898403938944


Saving to widebinaries/chains/thick/1863297898403938944.npy


Gaia DR3 6857930553910420608


Saving to widebinaries/chains/thick/6857930553910420608.npy


Gaia DR3 6482745708696336640


Saving to widebinaries/chains/thick/6482745708696336640.npy


Gaia DR3 2276192169909917440


Saving to widebinaries/chains/thick/2276192169909917440.npy


Gaia DR3 6914183596010946048


Saving to widebinaries/chains/thick/6914183596010946048.npy


Gaia DR3 1748069934494062336


Saving to widebinaries/chains/thick/1748069934494062336.npy


Gaia DR3 1863256941594127104


Saving to widebinaries/chains/thick/1863256941594127104.npy


Gaia DR3 1856158425794359552


Saving to widebinaries/chains/thick/1856158425794359552.npy


Gaia DR3 6348996750607331712


Saving to widebinaries/chains/thick/6348996750607331712.npy


Gaia DR3 6677847931011658752


Saving to widebinaries/chains/thick/6677847931011658752.npy


Gaia DR3 6482779145017901184


Saving to widebinaries/chains/thick/6482779145017901184.npy


Gaia DR3 1859297634566155776


Saving to widebinaries/chains/thick/1859297634566155776.npy


Gaia DR3 6914588864830198528


Saving to widebinaries/chains/thick/6914588864830198528.npy


Gaia DR3 4228180417108614016


Saving to widebinaries/chains/thick/4228180417108614016.npy


Gaia DR3 6779096394834497664


Saving to widebinaries/chains/thick/6779096394834497664.npy


Gaia DR3 2274506962182986624


Saving to widebinaries/chains/thick/2274506962182986624.npy


fit-sed done
