Host: scc-da1
Job:  ember  ID: 3229238  Task: 13
Cmd:  ember fit-sed widebinaries/widebinary_fluxes.pqt widebinaries/chains/thick/ --synthetic --xpphoto --numtasks=128
Warning: the passwords of all user accounts have been inactivated.              Please visit https://cas.cosmos.esa.int/cas/passwd to set a new one. Workaround solutions for the Gaia Archive issues following the infrastructure upgrade: https://www.cosmos.esa.int/web/gaia/news#WorkaroundArchive
['synthetic']
Total rows before filtering: 9477
Rows remaining after removing existing chains: 9476
Rows in this SGE task segment: 74
Bands selected: synthetic
Output directory: /projectnb/mesaelm/ember/widebinaries/chains/thick
mcmc
Bypassing Gaia archive queries temporarily with $EMBER_DIR/widebinaries/widebinary_fluxes.pqt
Nedler mode returns no errors, so assuming 5% error universally!
[1.49290834 1.42003037 1.34610476 1.27218875 1.19762042 1.13007946
 1.05509361 0.99733563 0.93015207 0.88181679 0.82898061 0.78163521
 0.73503799 0.69541353 0.66619626 0.62154845 0.58866829 0.56235899
 0.53157587 0.50467257 0.47871176 0.45783258 0.43639439 0.41680978]
Gaia DR3 2184977990943437056


Saving to widebinaries/chains/thick/2184977990943437056.npy


Gaia DR3 6475580608031098368


Saving to widebinaries/chains/thick/6475580608031098368.npy


Gaia DR3 6848280891970718080


Saving to widebinaries/chains/thick/6848280891970718080.npy


Gaia DR3 6475580608031183104


Saving to widebinaries/chains/thick/6475580608031183104.npy


Gaia DR3 2083055736954942208


Saving to widebinaries/chains/thick/2083055736954942208.npy


Gaia DR3 6798046370361706624


Saving to widebinaries/chains/thick/6798046370361706624.npy


Gaia DR3 2067689237315646848


Saving to widebinaries/chains/thick/2067689237315646848.npy


Gaia DR3 1860104710479849344


Saving to widebinaries/chains/thick/1860104710479849344.npy


Gaia DR3 1860225583728496256


Saving to widebinaries/chains/thick/1860225583728496256.npy


Gaia DR3 4218098376519548160


Saving to widebinaries/chains/thick/4218098376519548160.npy


Gaia DR3 6860887140680514304


Saving to widebinaries/chains/thick/6860887140680514304.npy


Gaia DR3 6906197808698867712


Saving to widebinaries/chains/thick/6906197808698867712.npy


Gaia DR3 6906197808698867584


Saving to widebinaries/chains/thick/6906197808698867584.npy


Gaia DR3 4217863527711631104


Saving to widebinaries/chains/thick/4217863527711631104.npy


Gaia DR3 2246656092133538048


Saving to widebinaries/chains/thick/2246656092133538048.npy


Gaia DR3 6792940616320806272


Saving to widebinaries/chains/thick/6792940616320806272.npy


Gaia DR3 2186823353707174528


Saving to widebinaries/chains/thick/2186823353707174528.npy


Gaia DR3 6474312454510860672


Saving to widebinaries/chains/thick/6474312454510860672.npy


Gaia DR3 6363507903206319488


Saving to widebinaries/chains/thick/6363507903206319488.npy


Gaia DR3 6343145738134060544


Saving to widebinaries/chains/thick/6343145738134060544.npy


Gaia DR3 6799673961106126592


Saving to widebinaries/chains/thick/6799673961106126592.npy


Gaia DR3 1803863243302502912


Saving to widebinaries/chains/thick/1803863243302502912.npy


Gaia DR3 1753749771045399424


Saving to widebinaries/chains/thick/1753749771045399424.npy


Gaia DR3 2068031219791744384


Saving to widebinaries/chains/thick/2068031219791744384.npy


Gaia DR3 2071078176977176064


Saving to widebinaries/chains/thick/2071078176977176064.npy


Gaia DR3 1860233181531993088


Saving to widebinaries/chains/thick/1860233181531993088.npy


Gaia DR3 4225800386751257728


Saving to widebinaries/chains/thick/4225800386751257728.npy


Gaia DR3 6695448432113670144


Saving to widebinaries/chains/thick/6695448432113670144.npy


Gaia DR3 1832657322529510656


Saving to widebinaries/chains/thick/1832657322529510656.npy


Gaia DR3 2274765111191373056


Saving to widebinaries/chains/thick/2274765111191373056.npy


Gaia DR3 6793065376530745856


Saving to widebinaries/chains/thick/6793065376530745856.npy


Gaia DR3 1748816983925915776


Saving to widebinaries/chains/thick/1748816983925915776.npy


Gaia DR3 1748922296525519872


Saving to widebinaries/chains/thick/1748922296525519872.npy


Gaia DR3 2186612105741592448


Saving to widebinaries/chains/thick/2186612105741592448.npy


Gaia DR3 6474450550595885696


Saving to widebinaries/chains/thick/6474450550595885696.npy


Gaia DR3 6848779073817453824


Saving to widebinaries/chains/thick/6848779073817453824.npy


Gaia DR3 6799640838318191232


Saving to widebinaries/chains/thick/6799640838318191232.npy


Gaia DR3 2064280373311767296


Saving to widebinaries/chains/thick/2064280373311767296.npy


Gaia DR3 2194823503386158336


Saving to widebinaries/chains/thick/2194823503386158336.npy


Gaia DR3 2064284054100290048


Saving to widebinaries/chains/thick/2064284054100290048.npy


Gaia DR3 2064328270786091136


Saving to widebinaries/chains/thick/2064328270786091136.npy


Gaia DR3 1830901574254227328


Saving to widebinaries/chains/thick/1830901574254227328.npy


Gaia DR3 1861054722874160384


Saving to widebinaries/chains/thick/1861054722874160384.npy


Gaia DR3 6369529756595303552


Saving to widebinaries/chains/thick/6369529756595303552.npy


Gaia DR3 1752997537587574016


Saving to widebinaries/chains/thick/1752997537587574016.npy


Gaia DR3 6468139521355497344


Saving to widebinaries/chains/thick/6468139521355497344.npy


Gaia DR3 6875762674007953152


Saving to widebinaries/chains/thick/6875762674007953152.npy


Gaia DR3 1863392142857483136


Saving to widebinaries/chains/thick/1863392142857483136.npy


Gaia DR3 6475631666600649472


Saving to widebinaries/chains/thick/6475631666600649472.npy


Gaia DR3 2181460928123112704


Saving to widebinaries/chains/thick/2181460928123112704.npy


Gaia DR3 1811708018242693632


Saving to widebinaries/chains/thick/1811708018242693632.npy


Gaia DR3 2056895194225688064


Saving to widebinaries/chains/thick/2056895194225688064.npy


Gaia DR3 2056895194225684864


Saving to widebinaries/chains/thick/2056895194225684864.npy


Gaia DR3 6855726892092331136


Saving to widebinaries/chains/thick/6855726892092331136.npy


Gaia DR3 2247283122997785088


Saving to widebinaries/chains/thick/2247283122997785088.npy


Gaia DR3 2181552462469281152


Saving to widebinaries/chains/thick/2181552462469281152.npy


Gaia DR3 6675628777245765120


Saving to widebinaries/chains/thick/6675628777245765120.npy


Gaia DR3 1815742508656148480


Saving to widebinaries/chains/thick/1815742508656148480.npy


Gaia DR3 6475939358059500928


Saving to widebinaries/chains/thick/6475939358059500928.npy


Gaia DR3 2188364864717683200


Saving to widebinaries/chains/thick/2188364864717683200.npy


Gaia DR3 6425770463551365760


Saving to widebinaries/chains/thick/6425770463551365760.npy


Gaia DR3 1856648670539810688


Saving to widebinaries/chains/thick/1856648670539810688.npy


Gaia DR3 1861027333862160640


Saving to widebinaries/chains/thick/1861027333862160640.npy


Gaia DR3 4225936142079157504


Saving to widebinaries/chains/thick/4225936142079157504.npy


Gaia DR3 6369309162777917568


Saving to widebinaries/chains/thick/6369309162777917568.npy


Gaia DR3 6426355914836548608


Saving to widebinaries/chains/thick/6426355914836548608.npy


Gaia DR3 6901562508193245952


Saving to widebinaries/chains/thick/6901562508193245952.npy


Gaia DR3 6899819846694528896


Saving to widebinaries/chains/thick/6899819846694528896.npy


Gaia DR3 2181651628971026560


Saving to widebinaries/chains/thick/2181651628971026560.npy


Gaia DR3 1818501870531001600


Saving to widebinaries/chains/thick/1818501870531001600.npy


Gaia DR3 1752715749078038656


Saving to widebinaries/chains/thick/1752715749078038656.npy


Gaia DR3 1812554676560349568


Saving to widebinaries/chains/thick/1812554676560349568.npy


Gaia DR3 6681510954000897280


Saving to widebinaries/chains/thick/6681510954000897280.npy


Gaia DR3 2064054629830019328


Saving to widebinaries/chains/thick/2064054629830019328.npy


fit-sed done
