Host: scc-da3
Job:  ember  ID: 3229238  Task: 58
Cmd:  ember fit-sed widebinaries/widebinary_fluxes.pqt widebinaries/chains/thick/ --synthetic --xpphoto --numtasks=128
Warning: the passwords of all user accounts have been inactivated.              Please visit https://cas.cosmos.esa.int/cas/passwd to set a new one. Workaround solutions for the Gaia Archive issues following the infrastructure upgrade: https://www.cosmos.esa.int/web/gaia/news#WorkaroundArchive
['synthetic']
Total rows before filtering: 9477
Rows remaining after removing existing chains: 9476
Rows in this SGE task segment: 74
Bands selected: synthetic
Output directory: /projectnb/mesaelm/ember/widebinaries/chains/thick
mcmc
Bypassing Gaia archive queries temporarily with $EMBER_DIR/widebinaries/widebinary_fluxes.pqt
Nedler mode returns no errors, so assuming 5% error universally!
[1.49290834 1.42003037 1.34610476 1.27218875 1.19762042 1.13007946
 1.05509361 0.99733563 0.93015207 0.88181679 0.82898061 0.78163521
 0.73503799 0.69541353 0.66619626 0.62154845 0.58866829 0.56235899
 0.53157587 0.50467257 0.47871176 0.45783258 0.43639439 0.41680978]
Gaia DR3 497426585189285632


Saving to widebinaries/chains/thick/497426585189285632.npy


Gaia DR3 4880809734346899840


Saving to widebinaries/chains/thick/4880809734346899840.npy


Gaia DR3 4773988266993950208


Saving to widebinaries/chains/thick/4773988266993950208.npy


Gaia DR3 4774453871512918400


Saving to widebinaries/chains/thick/4774453871512918400.npy


Gaia DR3 147065972342145152


Saving to widebinaries/chains/thick/147065972342145152.npy


Gaia DR3 4814411365311968256


Saving to widebinaries/chains/thick/4814411365311968256.npy


Gaia DR3 2973561134976187520


Saving to widebinaries/chains/thick/2973561134976187520.npy


Gaia DR3 203343061967608960


Saving to widebinaries/chains/thick/203343061967608960.npy


Gaia DR3 497193974059657728


Saving to widebinaries/chains/thick/497193974059657728.npy


Gaia DR3 552870180579386624


Saving to widebinaries/chains/thick/552870180579386624.npy


Gaia DR3 552870180574698624


Saving to widebinaries/chains/thick/552870180574698624.npy


Gaia DR3 260355939621322496


Saving to widebinaries/chains/thick/260355939621322496.npy


Gaia DR3 3173590127159300480


Saving to widebinaries/chains/thick/3173590127159300480.npy


Gaia DR3 3200641308659597056


Saving to widebinaries/chains/thick/3200641308659597056.npy


Gaia DR3 4881004313545842688


Saving to widebinaries/chains/thick/4881004313545842688.npy


Gaia DR3 3308604004656997888


Saving to widebinaries/chains/thick/3308604004656997888.npy


Gaia DR3 4880015204053550464


Saving to widebinaries/chains/thick/4880015204053550464.npy


Gaia DR3 3231634445501473920


Saving to widebinaries/chains/thick/3231634445501473920.npy


Gaia DR3 4878129301094109824


Saving to widebinaries/chains/thick/4878129301094109824.npy


Gaia DR3 4783243882861824512


Saving to widebinaries/chains/thick/4783243882861824512.npy


Gaia DR3 3180056015739635456


Saving to widebinaries/chains/thick/3180056015739635456.npy


Gaia DR3 198468862497657600


Saving to widebinaries/chains/thick/198468862497657600.npy


Gaia DR3 4874191675075361536


Saving to widebinaries/chains/thick/4874191675075361536.npy


Gaia DR3 4665667679961183744


Saving to widebinaries/chains/thick/4665667679961183744.npy


Gaia DR3 161654773656107264


Saving to widebinaries/chains/thick/161654773656107264.npy


Gaia DR3 200367749144674944


Saving to widebinaries/chains/thick/200367749144674944.npy


Gaia DR3 4817122279949923968


Saving to widebinaries/chains/thick/4817122279949923968.npy


Gaia DR3 477705607194465024


Saving to widebinaries/chains/thick/477705607194465024.npy


Gaia DR3 482151138863835776


Saving to widebinaries/chains/thick/482151138863835776.npy


Gaia DR3 3224908977688888064


Saving to widebinaries/chains/thick/3224908977688888064.npy


Gaia DR3 4776947293303041152


Saving to widebinaries/chains/thick/4776947293303041152.npy


Gaia DR3 2979633943855004160


Saving to widebinaries/chains/thick/2979633943855004160.npy


Gaia DR3 4787222912363334016


Saving to widebinaries/chains/thick/4787222912363334016.npy


Gaia DR3 4787222912363333120


Saving to widebinaries/chains/thick/4787222912363333120.npy


Gaia DR3 3287738886031037568


Saving to widebinaries/chains/thick/3287738886031037568.npy


Gaia DR3 4881373783812216064


Saving to widebinaries/chains/thick/4881373783812216064.npy


Gaia DR3 482374344024845440


Saving to widebinaries/chains/thick/482374344024845440.npy


Gaia DR3 478651844325590144


Saving to widebinaries/chains/thick/478651844325590144.npy


Gaia DR3 4654713073833235456


Saving to widebinaries/chains/thick/4654713073833235456.npy


Gaia DR3 4811421896276768128


Saving to widebinaries/chains/thick/4811421896276768128.npy


Gaia DR3 2972913350828553216


Saving to widebinaries/chains/thick/2972913350828553216.npy


Gaia DR3 4622012425477079680


Saving to widebinaries/chains/thick/4622012425477079680.npy


Gaia DR3 206154723654526464


Saving to widebinaries/chains/thick/206154723654526464.npy


Gaia DR3 3226758558108942976


Saving to widebinaries/chains/thick/3226758558108942976.npy


Gaia DR3 4622012425477079552


Saving to widebinaries/chains/thick/4622012425477079552.npy


Gaia DR3 3295332796231463168


Saving to widebinaries/chains/thick/3295332796231463168.npy


Gaia DR3 4812064560821512960


Saving to widebinaries/chains/thick/4812064560821512960.npy


Gaia DR3 4874828292309270784


Saving to widebinaries/chains/thick/4874828292309270784.npy


Gaia DR3 3181694975259919104


Saving to widebinaries/chains/thick/3181694975259919104.npy


Gaia DR3 2979169400190770048


Saving to widebinaries/chains/thick/2979169400190770048.npy


Gaia DR3 3289360833184866944


Saving to widebinaries/chains/thick/3289360833184866944.npy


Gaia DR3 2976159349672629120


Saving to widebinaries/chains/thick/2976159349672629120.npy


Gaia DR3 4873061617641604864


Saving to widebinaries/chains/thick/4873061617641604864.npy


Gaia DR3 3187271938755506944


Saving to widebinaries/chains/thick/3187271938755506944.npy


Gaia DR3 478776570174077184


Saving to widebinaries/chains/thick/478776570174077184.npy


Gaia DR3 161790765206804480


Saving to widebinaries/chains/thick/161790765206804480.npy


Gaia DR3 3180513236483070464


Saving to widebinaries/chains/thick/3180513236483070464.npy


Gaia DR3 497304745556626688


Saving to widebinaries/chains/thick/497304745556626688.npy


Gaia DR3 3232204714079975808


Saving to widebinaries/chains/thick/3232204714079975808.npy


Gaia DR3 2976172268931184768


Saving to widebinaries/chains/thick/2976172268931184768.npy


Gaia DR3 4776747972460494208


Saving to widebinaries/chains/thick/4776747972460494208.npy


Gaia DR3 500935371606721792


Saving to widebinaries/chains/thick/500935371606721792.npy


Gaia DR3 4662169033966694912


Saving to widebinaries/chains/thick/4662169033966694912.npy


Gaia DR3 4783672280079613824


Saving to widebinaries/chains/thick/4783672280079613824.npy


Gaia DR3 4783672383158829440


Saving to widebinaries/chains/thick/4783672383158829440.npy


Gaia DR3 4654695103690489856


Saving to widebinaries/chains/thick/4654695103690489856.npy


Gaia DR3 3295040669735074432


Saving to widebinaries/chains/thick/3295040669735074432.npy


Gaia DR3 3224730199673762176


Saving to widebinaries/chains/thick/3224730199673762176.npy


Gaia DR3 2987304961602374528


Saving to widebinaries/chains/thick/2987304961602374528.npy


Gaia DR3 3225639049113892352


Saving to widebinaries/chains/thick/3225639049113892352.npy


Gaia DR3 4880316087985831808


Saving to widebinaries/chains/thick/4880316087985831808.npy


Gaia DR3 201854258801563520


Saving to widebinaries/chains/thick/201854258801563520.npy


Gaia DR3 3288292588918004992


Saving to widebinaries/chains/thick/3288292588918004992.npy


Gaia DR3 4622640418416167808


Saving to widebinaries/chains/thick/4622640418416167808.npy


fit-sed done
