Host: scc-gp4
Job:  ember  ID: 3229238  Task: 92
Cmd:  ember fit-sed widebinaries/widebinary_fluxes.pqt widebinaries/chains/thick/ --synthetic --xpphoto --numtasks=128
Warning: the passwords of all user accounts have been inactivated.              Please visit https://cas.cosmos.esa.int/cas/passwd to set a new one. Workaround solutions for the Gaia Archive issues following the infrastructure upgrade: https://www.cosmos.esa.int/web/gaia/news#WorkaroundArchive
['synthetic']
Total rows before filtering: 9477
Rows remaining after removing existing chains: 9476
Rows in this SGE task segment: 74
Bands selected: synthetic
Output directory: /projectnb/mesaelm/ember/widebinaries/chains/thick
mcmc
Bypassing Gaia archive queries temporarily with $EMBER_DIR/widebinaries/widebinary_fluxes.pqt
Nedler mode returns no errors, so assuming 5% error universally!
[1.49290834 1.42003037 1.34610476 1.27218875 1.19762042 1.13007946
 1.05509361 0.99733563 0.93015207 0.88181679 0.82898061 0.78163521
 0.73503799 0.69541353 0.66619626 0.62154845 0.58866829 0.56235899
 0.53157587 0.50467257 0.47871176 0.45783258 0.43639439 0.41680978]
Gaia DR3 857095736490211840


Saving to widebinaries/chains/thick/857095736490211840.npy


Gaia DR3 860485462121503360


Saving to widebinaries/chains/thick/860485462121503360.npy


Gaia DR3 5387644020196417920


Saving to widebinaries/chains/thick/5387644020196417920.npy


Gaia DR3 3804750586512019840


Saving to widebinaries/chains/thick/3804750586512019840.npy


Gaia DR3 5362083394215880064


Saving to widebinaries/chains/thick/5362083394215880064.npy


Gaia DR3 3988995032719018624


Saving to widebinaries/chains/thick/3988995032719018624.npy


Gaia DR3 837268419402405888


Saving to widebinaries/chains/thick/837268419402405888.npy


Gaia DR3 5340660754487596672


Saving to widebinaries/chains/thick/5340660754487596672.npy


Gaia DR3 733402121474544896


Saving to widebinaries/chains/thick/733402121474544896.npy


Gaia DR3 860602152086702848


Saving to widebinaries/chains/thick/860602152086702848.npy


Gaia DR3 733402636870625152


Saving to widebinaries/chains/thick/733402636870625152.npy


Gaia DR3 1055247832262516224


Saving to widebinaries/chains/thick/1055247832262516224.npy


Gaia DR3 733294781652279680


Saving to widebinaries/chains/thick/733294781652279680.npy


Gaia DR3 3536906186731515520


Saving to widebinaries/chains/thick/3536906186731515520.npy


Gaia DR3 3549856784440989952


Saving to widebinaries/chains/thick/3549856784440989952.npy


Gaia DR3 3969248314986533504


Saving to widebinaries/chains/thick/3969248314986533504.npy


Gaia DR3 733495927855419392


Saving to widebinaries/chains/thick/733495927855419392.npy


Gaia DR3 5389920726526683008


Saving to widebinaries/chains/thick/5389920726526683008.npy


Gaia DR3 3549886952290137984


Saving to widebinaries/chains/thick/3549886952290137984.npy


Gaia DR3 5389799303504792064


Saving to widebinaries/chains/thick/5389799303504792064.npy


Gaia DR3 1058921369330372864


Saving to widebinaries/chains/thick/1058921369330372864.npy


Gaia DR3 3556193098154403968


Saving to widebinaries/chains/thick/3556193098154403968.npy


Gaia DR3 3562650151984291840


Saving to widebinaries/chains/thick/3562650151984291840.npy


Gaia DR3 3562650151984292224


Saving to widebinaries/chains/thick/3562650151984292224.npy


Gaia DR3 5456845937723677696


Saving to widebinaries/chains/thick/5456845937723677696.npy


Gaia DR3 3563721248108635648


Saving to widebinaries/chains/thick/3563721248108635648.npy


Gaia DR3 861577625059010176


Saving to widebinaries/chains/thick/861577625059010176.npy


Gaia DR3 5347257033974672384


Saving to widebinaries/chains/thick/5347257033974672384.npy


Gaia DR3 763197172895543168


Saving to widebinaries/chains/thick/763197172895543168.npy


Gaia DR3 5338535535959689728


Saving to widebinaries/chains/thick/5338535535959689728.npy


Gaia DR3 5340572759180197120


Saving to widebinaries/chains/thick/5340572759180197120.npy


Gaia DR3 3788837835759888256


Saving to widebinaries/chains/thick/3788837835759888256.npy


Gaia DR3 761213821423029632


Saving to widebinaries/chains/thick/761213821423029632.npy


Gaia DR3 1072975022015600000


Saving to widebinaries/chains/thick/1072975022015600000.npy


Gaia DR3 5338527701937418624


Saving to widebinaries/chains/thick/5338527701937418624.npy


Gaia DR3 5453792903170800256


Saving to widebinaries/chains/thick/5453792903170800256.npy


Gaia DR3 1073804496162795520


Saving to widebinaries/chains/thick/1073804496162795520.npy


Gaia DR3 833137687358752896


Saving to widebinaries/chains/thick/833137687358752896.npy


Gaia DR3 5225619535755433984


Saving to widebinaries/chains/thick/5225619535755433984.npy


Gaia DR3 5390573840730111872


Saving to widebinaries/chains/thick/5390573840730111872.npy


Gaia DR3 3553233522088690176


Saving to widebinaries/chains/thick/3553233522088690176.npy


Gaia DR3 3537045893427676160


Saving to widebinaries/chains/thick/3537045893427676160.npy


Gaia DR3 5200598194455687552


Saving to widebinaries/chains/thick/5200598194455687552.npy


Gaia DR3 5401533081142672640


Saving to widebinaries/chains/thick/5401533081142672640.npy


Gaia DR3 3537148805141304832


Saving to widebinaries/chains/thick/3537148805141304832.npy


Gaia DR3 3969904006167826432


Saving to widebinaries/chains/thick/3969904006167826432.npy


Gaia DR3 3553240604489359616


Saving to widebinaries/chains/thick/3553240604489359616.npy


Gaia DR3 1151712080471223808


Saving to widebinaries/chains/thick/1151712080471223808.npy


Gaia DR3 3562398363821309440


Saving to widebinaries/chains/thick/3562398363821309440.npy


Gaia DR3 3967833552758060160


Saving to widebinaries/chains/thick/3967833552758060160.npy


Gaia DR3 3758414658256808704


Saving to widebinaries/chains/thick/3758414658256808704.npy


Gaia DR3 5228492392139792896


Saving to widebinaries/chains/thick/5228492392139792896.npy


Gaia DR3 3984292623351996032


Saving to widebinaries/chains/thick/3984292623351996032.npy


Gaia DR3 842283115842429440


Saving to widebinaries/chains/thick/842283115842429440.npy


Gaia DR3 5389020780556419712


Saving to widebinaries/chains/thick/5389020780556419712.npy


Gaia DR3 3815204747363852032


Saving to widebinaries/chains/thick/3815204747363852032.npy


Gaia DR3 1054535520527813120


Saving to widebinaries/chains/thick/1054535520527813120.npy


Gaia DR3 3967928596089247616


Saving to widebinaries/chains/thick/3967928596089247616.npy


Gaia DR3 842498482680906496


Saving to widebinaries/chains/thick/842498482680906496.npy


Gaia DR3 842504358196167680


Saving to widebinaries/chains/thick/842504358196167680.npy


Gaia DR3 777512951728187392


Saving to widebinaries/chains/thick/777512951728187392.npy


Gaia DR3 3788194488314248832


Saving to widebinaries/chains/thick/3788194488314248832.npy


Gaia DR3 5400019951280183168


Saving to widebinaries/chains/thick/5400019951280183168.npy


Gaia DR3 5399993666080466176


Saving to widebinaries/chains/thick/5399993666080466176.npy


Gaia DR3 3566246452656613120


Saving to widebinaries/chains/thick/3566246452656613120.npy


Gaia DR3 862269900778823936


Saving to widebinaries/chains/thick/862269900778823936.npy


Gaia DR3 3536215732084777344


Saving to widebinaries/chains/thick/3536215732084777344.npy


Gaia DR3 3532509621985958912


Saving to widebinaries/chains/thick/3532509621985958912.npy


Gaia DR3 838922389831369216


Saving to widebinaries/chains/thick/838922389831369216.npy


Gaia DR3 3998521987440890496


Saving to widebinaries/chains/thick/3998521987440890496.npy


Gaia DR3 5339533445838716928


Saving to widebinaries/chains/thick/5339533445838716928.npy


Gaia DR3 765425535072834816


Saving to widebinaries/chains/thick/765425535072834816.npy


Gaia DR3 5350210047324691712


Saving to widebinaries/chains/thick/5350210047324691712.npy


Gaia DR3 782194019404645632


Saving to widebinaries/chains/thick/782194019404645632.npy


fit-sed done
