Host: scc-ul1
Job:  ember  ID: 3229238  Task: 111
Cmd:  ember fit-sed widebinaries/widebinary_fluxes.pqt widebinaries/chains/thick/ --synthetic --xpphoto --numtasks=128
Warning: the passwords of all user accounts have been inactivated.              Please visit https://cas.cosmos.esa.int/cas/passwd to set a new one. Workaround solutions for the Gaia Archive issues following the infrastructure upgrade: https://www.cosmos.esa.int/web/gaia/news#WorkaroundArchive
['synthetic']
Total rows before filtering: 9477
Rows remaining after removing existing chains: 9476
Rows in this SGE task segment: 74
Bands selected: synthetic
Output directory: /projectnb/mesaelm/ember/widebinaries/chains/thick
mcmc
Bypassing Gaia archive queries temporarily with $EMBER_DIR/widebinaries/widebinary_fluxes.pqt
Nedler mode returns no errors, so assuming 5% error universally!
[1.49290834 1.42003037 1.34610476 1.27218875 1.19762042 1.13007946
 1.05509361 0.99733563 0.93015207 0.88181679 0.82898061 0.78163521
 0.73503799 0.69541353 0.66619626 0.62154845 0.58866829 0.56235899
 0.53157587 0.50467257 0.47871176 0.45783258 0.43639439 0.41680978]
Gaia DR3 1269817320266750720


Saving to widebinaries/chains/thick/1269817320266750720.npy


Gaia DR3 5848744631019491840


Saving to widebinaries/chains/thick/5848744631019491840.npy


Gaia DR3 1160949249455394048


Saving to widebinaries/chains/thick/1160949249455394048.npy


Gaia DR3 1296865581185679360


Saving to widebinaries/chains/thick/1296865581185679360.npy


Gaia DR3 1266120732108636160


Saving to widebinaries/chains/thick/1266120732108636160.npy


Gaia DR3 5874907647687863296


Saving to widebinaries/chains/thick/5874907647687863296.npy


Gaia DR3 1702350905276475648


Saving to widebinaries/chains/thick/1702350905276475648.npy


Gaia DR3 5908467864932320768


Saving to widebinaries/chains/thick/5908467864932320768.npy


Gaia DR3 1720879840867082368


Saving to widebinaries/chains/thick/1720879840867082368.npy


Gaia DR3 1158162532939474304


Saving to widebinaries/chains/thick/1158162532939474304.npy


Gaia DR3 1159992365100979840


Saving to widebinaries/chains/thick/1159992365100979840.npy


Gaia DR3 1261421999231535616


Saving to widebinaries/chains/thick/1261421999231535616.npy


Gaia DR3 1296172240321566720


Saving to widebinaries/chains/thick/1296172240321566720.npy


Gaia DR3 6232133026945777536


Saving to widebinaries/chains/thick/6232133026945777536.npy


Gaia DR3 1269138719727661568


Saving to widebinaries/chains/thick/1269138719727661568.npy


Gaia DR3 1269138715432182784


Saving to widebinaries/chains/thick/1269138715432182784.npy


Gaia DR3 6281108539021421952


Saving to widebinaries/chains/thick/6281108539021421952.npy


Gaia DR3 1282030970304135296


Saving to widebinaries/chains/thick/1282030970304135296.npy


Gaia DR3 1585338884984207616


Saving to widebinaries/chains/thick/1585338884984207616.npy


Gaia DR3 5906821213129270400


Saving to widebinaries/chains/thick/5906821213129270400.npy


Gaia DR3 5906978301556431104


Saving to widebinaries/chains/thick/5906978301556431104.npy


Gaia DR3 1159776066253409792


Saving to widebinaries/chains/thick/1159776066253409792.npy


Gaia DR3 5899802137077200768


Saving to widebinaries/chains/thick/5899802137077200768.npy


Gaia DR3 6306853535066906752


Saving to widebinaries/chains/thick/6306853535066906752.npy


Gaia DR3 1619171098288924416


Saving to widebinaries/chains/thick/1619171098288924416.npy


Gaia DR3 6229228774355869824


Saving to widebinaries/chains/thick/6229228774355869824.npy


Gaia DR3 5793349478547698816


Saving to widebinaries/chains/thick/5793349478547698816.npy


Gaia DR3 5900171362508955264


Saving to widebinaries/chains/thick/5900171362508955264.npy


Gaia DR3 5881614531165643136


Saving to widebinaries/chains/thick/5881614531165643136.npy


Gaia DR3 5800075951399977088


Saving to widebinaries/chains/thick/5800075951399977088.npy


Gaia DR3 1183696903788548096


Saving to widebinaries/chains/thick/1183696903788548096.npy


Gaia DR3 6200701910811598976


Saving to widebinaries/chains/thick/6200701910811598976.npy


Gaia DR3 6333979075333491456


Saving to widebinaries/chains/thick/6333979075333491456.npy


Gaia DR3 6306844532815447936


Saving to widebinaries/chains/thick/6306844532815447936.npy


Gaia DR3 1594149202938555008


Saving to widebinaries/chains/thick/1594149202938555008.npy


Gaia DR3 5873129943469726336


Saving to widebinaries/chains/thick/5873129943469726336.npy


Gaia DR3 1612720366646956928


Saving to widebinaries/chains/thick/1612720366646956928.npy


Gaia DR3 1592139841142404992


Saving to widebinaries/chains/thick/1592139841142404992.npy


Gaia DR3 1188602684154204800


Saving to widebinaries/chains/thick/1188602684154204800.npy


Gaia DR3 1276054682231244160


Saving to widebinaries/chains/thick/1276054682231244160.npy


Gaia DR3 1276041827388448640


Saving to widebinaries/chains/thick/1276041827388448640.npy


Gaia DR3 5880313637046259200


Saving to widebinaries/chains/thick/5880313637046259200.npy


Gaia DR3 1180589958805879168


Saving to widebinaries/chains/thick/1180589958805879168.npy


Gaia DR3 1592229554419229440


Saving to widebinaries/chains/thick/1592229554419229440.npy


Gaia DR3 5872841081146683904


Saving to widebinaries/chains/thick/5872841081146683904.npy


Gaia DR3 5900616188006414208


Saving to widebinaries/chains/thick/5900616188006414208.npy


Gaia DR3 1180833053957547904


Saving to widebinaries/chains/thick/1180833053957547904.npy


Gaia DR3 6332754146365576320


Saving to widebinaries/chains/thick/6332754146365576320.npy


Gaia DR3 1275665416454295808


Saving to widebinaries/chains/thick/1275665416454295808.npy


Gaia DR3 6200444762530612096


Saving to widebinaries/chains/thick/6200444762530612096.npy


Gaia DR3 1292344084430802688


Saving to widebinaries/chains/thick/1292344084430802688.npy


Gaia DR3 6204275392325306112


Saving to widebinaries/chains/thick/6204275392325306112.npy


Gaia DR3 6312902429567359616


Saving to widebinaries/chains/thick/6312902429567359616.npy


Gaia DR3 1291844695697637888


Saving to widebinaries/chains/thick/1291844695697637888.npy


Gaia DR3 5872950173360899584


Saving to widebinaries/chains/thick/5872950173360899584.npy


Gaia DR3 6305845768234497664


Saving to widebinaries/chains/thick/6305845768234497664.npy


Gaia DR3 6231408453077222656


Saving to widebinaries/chains/thick/6231408453077222656.npy


Gaia DR3 6226606576571210880


Saving to widebinaries/chains/thick/6226606576571210880.npy


Gaia DR3 1620005730693224832


Saving to widebinaries/chains/thick/1620005730693224832.npy


Gaia DR3 6212459710206960256


Saving to widebinaries/chains/thick/6212459710206960256.npy


Gaia DR3 1593068623526189824


Saving to widebinaries/chains/thick/1593068623526189824.npy


Gaia DR3 1593068623526189696


Saving to widebinaries/chains/thick/1593068623526189696.npy


Gaia DR3 1261742816108467328


Saving to widebinaries/chains/thick/1261742816108467328.npy


Gaia DR3 1392989835489013120


Saving to widebinaries/chains/thick/1392989835489013120.npy


Gaia DR3 1288846155690355840


Saving to widebinaries/chains/thick/1288846155690355840.npy


Gaia DR3 5887572574163385600


Saving to widebinaries/chains/thick/5887572574163385600.npy


Gaia DR3 4418372534027715968


Saving to widebinaries/chains/thick/4418372534027715968.npy


Gaia DR3 6256819747342673664


Saving to widebinaries/chains/thick/6256819747342673664.npy


Gaia DR3 1290622283581661952


Saving to widebinaries/chains/thick/1290622283581661952.npy


Gaia DR3 4419420639191811328


Saving to widebinaries/chains/thick/4419420639191811328.npy


Gaia DR3 1290603454445023616


Saving to widebinaries/chains/thick/1290603454445023616.npy


Gaia DR3 4419811549935748096


Saving to widebinaries/chains/thick/4419811549935748096.npy


Gaia DR3 5902253944934575232


Saving to widebinaries/chains/thick/5902253944934575232.npy


Gaia DR3 1694045194440383360


Saving to widebinaries/chains/thick/1694045194440383360.npy


fit-sed done
