Host: scc-mf8
Job:  ember  ID: 3229238  Task: 46
Cmd:  ember fit-sed widebinaries/widebinary_fluxes.pqt widebinaries/chains/thick/ --synthetic --xpphoto --numtasks=128
Warning: the passwords of all user accounts have been inactivated.              Please visit https://cas.cosmos.esa.int/cas/passwd to set a new one. Workaround solutions for the Gaia Archive issues following the infrastructure upgrade: https://www.cosmos.esa.int/web/gaia/news#WorkaroundArchive
['synthetic']
Total rows before filtering: 9477
Rows remaining after removing existing chains: 9476
Rows in this SGE task segment: 74
Bands selected: synthetic
Output directory: /projectnb/mesaelm/ember/widebinaries/chains/thick
mcmc
Bypassing Gaia archive queries temporarily with $EMBER_DIR/widebinaries/widebinary_fluxes.pqt
Nedler mode returns no errors, so assuming 5% error universally!
[1.49290834 1.42003037 1.34610476 1.27218875 1.19762042 1.13007946
 1.05509361 0.99733563 0.93015207 0.88181679 0.82898061 0.78163521
 0.73503799 0.69541353 0.66619626 0.62154845 0.58866829 0.56235899
 0.53157587 0.50467257 0.47871176 0.45783258 0.43639439 0.41680978]
Gaia DR3 4951389619117196928


Saving to widebinaries/chains/thick/4951389619117196928.npy


Gaia DR3 4951386664179697536


Saving to widebinaries/chains/thick/4951386664179697536.npy


Gaia DR3 2517190657563948672


Saving to widebinaries/chains/thick/2517190657563948672.npy


Gaia DR3 337931634623290624


Saving to widebinaries/chains/thick/337931634623290624.npy


Gaia DR3 568658690807680256


Saving to widebinaries/chains/thick/568658690807680256.npy


Gaia DR3 5119295082016649472


Saving to widebinaries/chains/thick/5119295082016649472.npy


Gaia DR3 5175494484271615744


Saving to widebinaries/chains/thick/5175494484271615744.npy


Gaia DR3 4640244497224197632


Saving to widebinaries/chains/thick/4640244497224197632.npy


Gaia DR3 4966305490779907584


Saving to widebinaries/chains/thick/4966305490779907584.npy


Gaia DR3 5070005247053743360


Saving to widebinaries/chains/thick/5070005247053743360.npy


Gaia DR3 4939012317940174464


Saving to widebinaries/chains/thick/4939012317940174464.npy


Gaia DR3 19693180966870656


Saving to widebinaries/chains/thick/19693180966870656.npy


Gaia DR3 517636025520734720


Saving to widebinaries/chains/thick/517636025520734720.npy


Gaia DR3 19247810039585920


Saving to widebinaries/chains/thick/19247810039585920.npy


Gaia DR3 75004701812799360


Saving to widebinaries/chains/thick/75004701812799360.npy


Gaia DR3 4644957553816692992


Saving to widebinaries/chains/thick/4644957553816692992.npy


Gaia DR3 327081379001288448


Saving to widebinaries/chains/thick/327081379001288448.npy


Gaia DR3 340379250584988544


Saving to widebinaries/chains/thick/340379250584988544.npy


Gaia DR3 340393475516829952


Saving to widebinaries/chains/thick/340393475516829952.npy


Gaia DR3 4725527841755869440


Saving to widebinaries/chains/thick/4725527841755869440.npy


Gaia DR3 4744980848149984512


Saving to widebinaries/chains/thick/4744980848149984512.npy


Gaia DR3 4938950436050078720


Saving to widebinaries/chains/thick/4938950436050078720.npy


Gaia DR3 4696402186757847936


Saving to widebinaries/chains/thick/4696402186757847936.npy


Gaia DR3 4696281721514576384


Saving to widebinaries/chains/thick/4696281721514576384.npy


Gaia DR3 4696281721514576256


Saving to widebinaries/chains/thick/4696281721514576256.npy


Gaia DR3 5146195110731883520


Saving to widebinaries/chains/thick/5146195110731883520.npy


Gaia DR3 4725852403843324288


Saving to widebinaries/chains/thick/4725852403843324288.npy


Gaia DR3 89918924208626816


Saving to widebinaries/chains/thick/89918924208626816.npy


Gaia DR3 4725938195815504640


Saving to widebinaries/chains/thick/4725938195815504640.npy


Gaia DR3 454047312426322304


Saving to widebinaries/chains/thick/454047312426322304.npy


Gaia DR3 4950192461407964544


Saving to widebinaries/chains/thick/4950192461407964544.npy


Gaia DR3 561701011292002432


Saving to widebinaries/chains/thick/561701011292002432.npy


Gaia DR3 561361708875972224


Saving to widebinaries/chains/thick/561361708875972224.npy


Gaia DR3 4752797826067491200


Saving to widebinaries/chains/thick/4752797826067491200.npy


Gaia DR3 4617017515950873856


Saving to widebinaries/chains/thick/4617017515950873856.npy


Gaia DR3 334653200186823552


Saving to widebinaries/chains/thick/334653200186823552.npy


Gaia DR3 2496972013118785408


Saving to widebinaries/chains/thick/2496972013118785408.npy


Gaia DR3 4746476317108135424


Saving to widebinaries/chains/thick/4746476317108135424.npy


Gaia DR3 451277681288060160


Saving to widebinaries/chains/thick/451277681288060160.npy


Gaia DR3 2500203890109764608


Saving to widebinaries/chains/thick/2500203890109764608.npy


Gaia DR3 5063316986547228672


Saving to widebinaries/chains/thick/5063316986547228672.npy


Gaia DR3 340111420721666048


Saving to widebinaries/chains/thick/340111420721666048.npy


Gaia DR3 4745497103220803456


Saving to widebinaries/chains/thick/4745497103220803456.npy


Gaia DR3 4752788892536907776


Saving to widebinaries/chains/thick/4752788892536907776.npy


Gaia DR3 23283704907067264


Saving to widebinaries/chains/thick/23283704907067264.npy


Gaia DR3 546779813870902400


Saving to widebinaries/chains/thick/546779813870902400.npy


Gaia DR3 5133180122874161920


Saving to widebinaries/chains/thick/5133180122874161920.npy


Gaia DR3 4646960550470545920


Saving to widebinaries/chains/thick/4646960550470545920.npy


Gaia DR3 4945167276657940864


Saving to widebinaries/chains/thick/4945167276657940864.npy


Gaia DR3 4945167280953805440


Saving to widebinaries/chains/thick/4945167280953805440.npy


Gaia DR3 5130348433755930880


Saving to widebinaries/chains/thick/5130348433755930880.npy


Gaia DR3 4726265201739972992


Saving to widebinaries/chains/thick/4726265201739972992.npy


Gaia DR3 4745205698279549312


Saving to widebinaries/chains/thick/4745205698279549312.npy


Gaia DR3 4744728853829024128


Saving to widebinaries/chains/thick/4744728853829024128.npy


Gaia DR3 546779199690850432


Saving to widebinaries/chains/thick/546779199690850432.npy


Gaia DR3 5127242248983674752


Saving to widebinaries/chains/thick/5127242248983674752.npy


Gaia DR3 341762436212834816


Saving to widebinaries/chains/thick/341762436212834816.npy


Gaia DR3 464169897501475456


Saving to widebinaries/chains/thick/464169897501475456.npy


Gaia DR3 27015245508396544


Saving to widebinaries/chains/thick/27015245508396544.npy


Gaia DR3 334969172340018304


Saving to widebinaries/chains/thick/334969172340018304.npy


Gaia DR3 4640354104789670272


Saving to widebinaries/chains/thick/4640354104789670272.npy


Gaia DR3 4639913917886657536


Saving to widebinaries/chains/thick/4639913917886657536.npy


Gaia DR3 18493721155296768


Saving to widebinaries/chains/thick/18493721155296768.npy


Gaia DR3 5062113639787751296


Saving to widebinaries/chains/thick/5062113639787751296.npy


Gaia DR3 81102077903961984


Saving to widebinaries/chains/thick/81102077903961984.npy


Gaia DR3 4620033098389147648


Saving to widebinaries/chains/thick/4620033098389147648.npy


Gaia DR3 5177859052746654208


Saving to widebinaries/chains/thick/5177859052746654208.npy


Gaia DR3 464384100412451840


Saving to widebinaries/chains/thick/464384100412451840.npy


Gaia DR3 4953558203939284736


Saving to widebinaries/chains/thick/4953558203939284736.npy


Gaia DR3 88699119136916480


Saving to widebinaries/chains/thick/88699119136916480.npy


Gaia DR3 88698908686586752


Saving to widebinaries/chains/thick/88698908686586752.npy


Gaia DR3 4741416368894126592


Saving to widebinaries/chains/thick/4741416368894126592.npy


Gaia DR3 5062948237833763840


Saving to widebinaries/chains/thick/5062948237833763840.npy


Gaia DR3 5062948340912201088


Saving to widebinaries/chains/thick/5062948340912201088.npy


fit-sed done
