Host: scc-ul1
Job:  ember  ID: 3229238  Task: 10
Cmd:  ember fit-sed widebinaries/widebinary_fluxes.pqt widebinaries/chains/thick/ --synthetic --xpphoto --numtasks=128
Warning: the passwords of all user accounts have been inactivated.              Please visit https://cas.cosmos.esa.int/cas/passwd to set a new one. Workaround solutions for the Gaia Archive issues following the infrastructure upgrade: https://www.cosmos.esa.int/web/gaia/news#WorkaroundArchive
['synthetic']
Total rows before filtering: 9477
Rows remaining after removing existing chains: 9476
Rows in this SGE task segment: 74
Bands selected: synthetic
Output directory: /projectnb/mesaelm/ember/widebinaries/chains/thick
mcmc
Bypassing Gaia archive queries temporarily with $EMBER_DIR/widebinaries/widebinary_fluxes.pqt
Nedler mode returns no errors, so assuming 5% error universally!
[1.49290834 1.42003037 1.34610476 1.27218875 1.19762042 1.13007946
 1.05509361 0.99733563 0.93015207 0.88181679 0.82898061 0.78163521
 0.73503799 0.69541353 0.66619626 0.62154845 0.58866829 0.56235899
 0.53157587 0.50467257 0.47871176 0.45783258 0.43639439 0.41680978]
Gaia DR3 4241135657686132096


Saving to widebinaries/chains/thick/4241135657686132096.npy


Gaia DR3 6864088403144005248


Saving to widebinaries/chains/thick/6864088403144005248.npy


Gaia DR3 6851567027287826560


Saving to widebinaries/chains/thick/6851567027287826560.npy


Gaia DR3 2238124259859506688


Saving to widebinaries/chains/thick/2238124259859506688.npy


Gaia DR3 1827244289342713600


Saving to widebinaries/chains/thick/1827244289342713600.npy


Gaia DR3 1807309147099442432


Saving to widebinaries/chains/thick/1807309147099442432.npy


Gaia DR3 4303993771068034176


Saving to widebinaries/chains/thick/4303993771068034176.npy


Gaia DR3 1827244873458649600


Saving to widebinaries/chains/thick/1827244873458649600.npy


Gaia DR3 6671982723672553856


Saving to widebinaries/chains/thick/6671982723672553856.npy


Gaia DR3 6447863667946689024


Saving to widebinaries/chains/thick/6447863667946689024.npy


Gaia DR3 4247193550133090688


Saving to widebinaries/chains/thick/4247193550133090688.npy


Gaia DR3 4247181799102563584


Saving to widebinaries/chains/thick/4247181799102563584.npy


Gaia DR3 4235999563992751744


Saving to widebinaries/chains/thick/4235999563992751744.npy


Gaia DR3 2075691968290192512


Saving to widebinaries/chains/thick/2075691968290192512.npy


Gaia DR3 1822972961544491776


Saving to widebinaries/chains/thick/1822972961544491776.npy


Gaia DR3 4221901587239151488


Saving to widebinaries/chains/thick/4221901587239151488.npy


Gaia DR3 2302404909370209664


Saving to widebinaries/chains/thick/2302404909370209664.npy


Gaia DR3 6427282876152585728


Saving to widebinaries/chains/thick/6427282876152585728.npy


Gaia DR3 2075230723149988736


Saving to widebinaries/chains/thick/2075230723149988736.npy


Gaia DR3 2076032095325231488


Saving to widebinaries/chains/thick/2076032095325231488.npy


Gaia DR3 1823915243015442816


Saving to widebinaries/chains/thick/1823915243015442816.npy


Gaia DR3 6366408410585481856


Saving to widebinaries/chains/thick/6366408410585481856.npy


Gaia DR3 2237853917436921472


Saving to widebinaries/chains/thick/2237853917436921472.npy


Gaia DR3 2302187029972173568


Saving to widebinaries/chains/thick/2302187029972173568.npy


Gaia DR3 2086165568147021952


Saving to widebinaries/chains/thick/2086165568147021952.npy


Gaia DR3 1807729469781687296


Saving to widebinaries/chains/thick/1807729469781687296.npy


Gaia DR3 2058242581323930496


Saving to widebinaries/chains/thick/2058242581323930496.npy


Gaia DR3 1833410973339152640


Saving to widebinaries/chains/thick/1833410973339152640.npy


Gaia DR3 6367779776464273792


Saving to widebinaries/chains/thick/6367779776464273792.npy


Gaia DR3 4248225892778747264


Saving to widebinaries/chains/thick/4248225892778747264.npy


Gaia DR3 6670512509122260864


Saving to widebinaries/chains/thick/6670512509122260864.npy


Gaia DR3 6447988672968553088


Saving to widebinaries/chains/thick/6447988672968553088.npy


Gaia DR3 1822214302830254208


Saving to widebinaries/chains/thick/1822214302830254208.npy


Gaia DR3 4298811124237354880


Saving to widebinaries/chains/thick/4298811124237354880.npy


Gaia DR3 4192615858811606528


Saving to widebinaries/chains/thick/4192615858811606528.npy


Gaia DR3 6448017672589475584


Saving to widebinaries/chains/thick/6448017672589475584.npy


Gaia DR3 4299127989744823424


Saving to widebinaries/chains/thick/4299127989744823424.npy


Gaia DR3 6697414912954845824


Saving to widebinaries/chains/thick/6697414912954845824.npy


Gaia DR3 6852218968961230080


Saving to widebinaries/chains/thick/6852218968961230080.npy


Gaia DR3 6423508321457209344


Saving to widebinaries/chains/thick/6423508321457209344.npy


Gaia DR3 4192400698130454400


Saving to widebinaries/chains/thick/4192400698130454400.npy


Gaia DR3 1808084685047324288


Saving to widebinaries/chains/thick/1808084685047324288.npy


Gaia DR3 1808084680754808704


Saving to widebinaries/chains/thick/1808084680754808704.npy


Gaia DR3 1835089648402321280


Saving to widebinaries/chains/thick/1835089648402321280.npy


Gaia DR3 6687813801326344576


Saving to widebinaries/chains/thick/6687813801326344576.npy


Gaia DR3 4299137881055141632


Saving to widebinaries/chains/thick/4299137881055141632.npy


Gaia DR3 1835212312673280256


Saving to widebinaries/chains/thick/1835212312673280256.npy


Gaia DR3 6877226914260117632


Saving to widebinaries/chains/thick/6877226914260117632.npy


Gaia DR3 6448025712768292992


Saving to widebinaries/chains/thick/6448025712768292992.npy


Gaia DR3 2082337412258590720


Saving to widebinaries/chains/thick/2082337412258590720.npy


Gaia DR3 1823509252657869440


Saving to widebinaries/chains/thick/1823509252657869440.npy


Gaia DR3 2085981954003859456


Saving to widebinaries/chains/thick/2085981954003859456.npy


Gaia DR3 2275852455177465088


Saving to widebinaries/chains/thick/2275852455177465088.npy


Gaia DR3 6686512052576363136


Saving to widebinaries/chains/thick/6686512052576363136.npy


Gaia DR3 4237543651977039488


Saving to widebinaries/chains/thick/4237543651977039488.npy


Gaia DR3 2055127523129265792


Saving to widebinaries/chains/thick/2055127523129265792.npy


Gaia DR3 6697768332928303360


Saving to widebinaries/chains/thick/6697768332928303360.npy


Gaia DR3 1834719112986872576


Saving to widebinaries/chains/thick/1834719112986872576.npy


Gaia DR3 6698584136197686016


Saving to widebinaries/chains/thick/6698584136197686016.npy


Gaia DR3 1833426263409692800


Saving to widebinaries/chains/thick/1833426263409692800.npy


Gaia DR3 4248619071266347648


Saving to widebinaries/chains/thick/4248619071266347648.npy


Gaia DR3 1822193996219126784


Saving to widebinaries/chains/thick/1822193996219126784.npy


Gaia DR3 2087750793340532864


Saving to widebinaries/chains/thick/2087750793340532864.npy


Gaia DR3 6686517412695518848


Saving to widebinaries/chains/thick/6686517412695518848.npy


Gaia DR3 2250878530315964800


Saving to widebinaries/chains/thick/2250878530315964800.npy


Gaia DR3 2081862491954072064


Saving to widebinaries/chains/thick/2081862491954072064.npy


Gaia DR3 2061825644887045376


Saving to widebinaries/chains/thick/2061825644887045376.npy


Gaia DR3 6442856908603949824


Saving to widebinaries/chains/thick/6442856908603949824.npy


Gaia DR3 6443338013660832640


Saving to widebinaries/chains/thick/6443338013660832640.npy


Gaia DR3 4248724860592949888


Saving to widebinaries/chains/thick/4248724860592949888.npy


Gaia DR3 6362614270837040512


Saving to widebinaries/chains/thick/6362614270837040512.npy


Gaia DR3 4216886444123762944


Saving to widebinaries/chains/thick/4216886444123762944.npy


Gaia DR3 6866390157719060096


Saving to widebinaries/chains/thick/6866390157719060096.npy


Gaia DR3 2055059323366130432


Saving to widebinaries/chains/thick/2055059323366130432.npy


fit-sed done
