Host: scc-ul1
Job:  ember  ID: 3229238  Task: 4
Cmd:  ember fit-sed widebinaries/widebinary_fluxes.pqt widebinaries/chains/thick/ --synthetic --xpphoto --numtasks=128
Warning: the passwords of all user accounts have been inactivated.              Please visit https://cas.cosmos.esa.int/cas/passwd to set a new one. Workaround solutions for the Gaia Archive issues following the infrastructure upgrade: https://www.cosmos.esa.int/web/gaia/news#WorkaroundArchive
['synthetic']
Total rows before filtering: 9477
Rows remaining after removing existing chains: 9476
Rows in this SGE task segment: 75
Bands selected: synthetic
Output directory: /projectnb/mesaelm/ember/widebinaries/chains/thick
mcmc
Bypassing Gaia archive queries temporarily with $EMBER_DIR/widebinaries/widebinary_fluxes.pqt
Nedler mode returns no errors, so assuming 5% error universally!
[1.49290834 1.42003037 1.34610476 1.27218875 1.19762042 1.13007946
 1.05509361 0.99733563 0.93015207 0.88181679 0.82898061 0.78163521
 0.73503799 0.69541353 0.66619626 0.62154845 0.58866829 0.56235899
 0.53157587 0.50467257 0.47871176 0.45783258 0.43639439 0.41680978]
Gaia DR3 4532937041451745920


Saving to widebinaries/chains/thick/4532937041451745920.npy


Gaia DR3 2255303549222862464


Saving to widebinaries/chains/thick/2255303549222862464.npy


Gaia DR3 6439867435272145536


Saving to widebinaries/chains/thick/6439867435272145536.npy


Gaia DR3 6732788847722142208


Saving to widebinaries/chains/thick/6732788847722142208.npy


Gaia DR3 4533139592112831616


Saving to widebinaries/chains/thick/4533139592112831616.npy


Gaia DR3 2155931298916630272


Saving to widebinaries/chains/thick/2155931298916630272.npy


Gaia DR3 6657855412300594688


Saving to widebinaries/chains/thick/6657855412300594688.npy


Gaia DR3 2153403903936616320


Saving to widebinaries/chains/thick/2153403903936616320.npy


Gaia DR3 2093759864900246912


Saving to widebinaries/chains/thick/2093759864900246912.npy


Gaia DR3 4313608145555096832


Saving to widebinaries/chains/thick/4313608145555096832.npy


Gaia DR3 2153523712049311232


Saving to widebinaries/chains/thick/2153523712049311232.npy


Gaia DR3 2262435046064003328


Saving to widebinaries/chains/thick/2262435046064003328.npy


Gaia DR3 6761790253626569472


Saving to widebinaries/chains/thick/6761790253626569472.npy


Gaia DR3 6638010636168379904


Saving to widebinaries/chains/thick/6638010636168379904.npy


Gaia DR3 6638009880254413696


Saving to widebinaries/chains/thick/6638009880254413696.npy


Gaia DR3 6730889922427739392


Saving to widebinaries/chains/thick/6730889922427739392.npy


Gaia DR3 6761847050275609088


Saving to widebinaries/chains/thick/6761847050275609088.npy


Gaia DR3 4507802613654081664


Saving to widebinaries/chains/thick/4507802613654081664.npy


Gaia DR3 2267604984097878784


Saving to widebinaries/chains/thick/2267604984097878784.npy


Gaia DR3 4533834994545343232


Saving to widebinaries/chains/thick/4533834994545343232.npy


Gaia DR3 6438078358055259008


Saving to widebinaries/chains/thick/6438078358055259008.npy


Gaia DR3 6416877441709083776


Saving to widebinaries/chains/thick/6416877441709083776.npy


Gaia DR3 6662481710553213056


Saving to widebinaries/chains/thick/6662481710553213056.npy


Gaia DR3 4074564525152038144


Saving to widebinaries/chains/thick/4074564525152038144.npy


Gaia DR3 2099902424044964480


Saving to widebinaries/chains/thick/2099902424044964480.npy


Gaia DR3 6661254445122598400


Saving to widebinaries/chains/thick/6661254445122598400.npy


Gaia DR3 6632174084849850496


Saving to widebinaries/chains/thick/6632174084849850496.npy


Gaia DR3 6662149241432273920


Saving to widebinaries/chains/thick/6662149241432273920.npy


Gaia DR3 4101221119437998976


Saving to widebinaries/chains/thick/4101221119437998976.npy


Gaia DR3 2093033018993201920


Saving to widebinaries/chains/thick/2093033018993201920.npy


Gaia DR3 4281789717861282176


Saving to widebinaries/chains/thick/4281789717861282176.npy


Gaia DR3 2153298518322999168


Saving to widebinaries/chains/thick/2153298518322999168.npy


Gaia DR3 6644218680682279168


Saving to widebinaries/chains/thick/6644218680682279168.npy


Gaia DR3 6433537207528739712


Saving to widebinaries/chains/thick/6433537207528739712.npy


Gaia DR3 2105963408877174528


Saving to widebinaries/chains/thick/2105963408877174528.npy


Gaia DR3 2104204778683022720


Saving to widebinaries/chains/thick/2104204778683022720.npy


Gaia DR3 6718776843334984576


Saving to widebinaries/chains/thick/6718776843334984576.npy


Gaia DR3 6438081454732088832


Saving to widebinaries/chains/thick/6438081454732088832.npy


Gaia DR3 6438082206346099840


Saving to widebinaries/chains/thick/6438082206346099840.npy


Gaia DR3 6359337966704558208


Saving to widebinaries/chains/thick/6359337966704558208.npy


Gaia DR3 4514263348304945664


Saving to widebinaries/chains/thick/4514263348304945664.npy


Gaia DR3 6346924377346497664


Saving to widebinaries/chains/thick/6346924377346497664.npy


Gaia DR3 4082320445824432000


Saving to widebinaries/chains/thick/4082320445824432000.npy


Gaia DR3 4310991685885480064


Saving to widebinaries/chains/thick/4310991685885480064.npy


Gaia DR3 4081604968686574464


Saving to widebinaries/chains/thick/4081604968686574464.npy


Gaia DR3 2105537794798597120


Saving to widebinaries/chains/thick/2105537794798597120.npy


Gaia DR3 2153427951457223040


Saving to widebinaries/chains/thick/2153427951457223040.npy


Gaia DR3 6712119330493864064


Saving to widebinaries/chains/thick/6712119330493864064.npy


Gaia DR3 6435004230919027584


Saving to widebinaries/chains/thick/6435004230919027584.npy


Gaia DR3 6661288839222418048


Saving to widebinaries/chains/thick/6661288839222418048.npy


Gaia DR3 6718712968582097280


Saving to widebinaries/chains/thick/6718712968582097280.npy


Gaia DR3 6756796752844235776


Saving to widebinaries/chains/thick/6756796752844235776.npy


Gaia DR3 2092535726202900352


Saving to widebinaries/chains/thick/2092535726202900352.npy


Gaia DR3 2035939675128715520


Saving to widebinaries/chains/thick/2035939675128715520.npy


Gaia DR3 4085489994240885632


Saving to widebinaries/chains/thick/4085489994240885632.npy


Gaia DR3 4085489994240873728


Saving to widebinaries/chains/thick/4085489994240873728.npy


Gaia DR3 2044464528082190848


Saving to widebinaries/chains/thick/2044464528082190848.npy


Gaia DR3 2092686565454710784


Saving to widebinaries/chains/thick/2092686565454710784.npy


Gaia DR3 4521387496437713536


Saving to widebinaries/chains/thick/4521387496437713536.npy


Gaia DR3 6756787643213918464


Saving to widebinaries/chains/thick/6756787643213918464.npy


Gaia DR3 2044471022073155200


Saving to widebinaries/chains/thick/2044471022073155200.npy


Gaia DR3 6661010422261368960


Saving to widebinaries/chains/thick/6661010422261368960.npy


Gaia DR3 4080612010906664960


Saving to widebinaries/chains/thick/4080612010906664960.npy


Gaia DR3 4080612010906664704


Saving to widebinaries/chains/thick/4080612010906664704.npy


Gaia DR3 4521148863743781248


Saving to widebinaries/chains/thick/4521148863743781248.npy


Gaia DR3 2044202539379338496


Saving to widebinaries/chains/thick/2044202539379338496.npy


Gaia DR3 2251878261265268096


Saving to widebinaries/chains/thick/2251878261265268096.npy


Gaia DR3 4517866516602288512


Saving to widebinaries/chains/thick/4517866516602288512.npy


Gaia DR3 4517866512297606528


Saving to widebinaries/chains/thick/4517866512297606528.npy


Gaia DR3 2255804887870032384


Saving to widebinaries/chains/thick/2255804887870032384.npy


Gaia DR3 4267611073087674752


Saving to widebinaries/chains/thick/4267611073087674752.npy


Gaia DR3 4267612546219850880


Saving to widebinaries/chains/thick/4267612546219850880.npy


Gaia DR3 4305456503800024320


Saving to widebinaries/chains/thick/4305456503800024320.npy


Gaia DR3 6421151209042040960


Saving to widebinaries/chains/thick/6421151209042040960.npy


Gaia DR3 4199160186394001536


Saving to widebinaries/chains/thick/4199160186394001536.npy


fit-sed done
