Host: scc-da1
Job:  ember  ID: 3229238  Task: 38
Cmd:  ember fit-sed widebinaries/widebinary_fluxes.pqt widebinaries/chains/thick/ --synthetic --xpphoto --numtasks=128
Warning: the passwords of all user accounts have been inactivated.              Please visit https://cas.cosmos.esa.int/cas/passwd to set a new one. Workaround solutions for the Gaia Archive issues following the infrastructure upgrade: https://www.cosmos.esa.int/web/gaia/news#WorkaroundArchive
['synthetic']
Total rows before filtering: 9477
Rows remaining after removing existing chains: 9476
Rows in this SGE task segment: 74
Bands selected: synthetic
Output directory: /projectnb/mesaelm/ember/widebinaries/chains/thick
mcmc
Bypassing Gaia archive queries temporarily with $EMBER_DIR/widebinaries/widebinary_fluxes.pqt
Nedler mode returns no errors, so assuming 5% error universally!
[1.49290834 1.42003037 1.34610476 1.27218875 1.19762042 1.13007946
 1.05509361 0.99733563 0.93015207 0.88181679 0.82898061 0.78163521
 0.73503799 0.69541353 0.66619626 0.62154845 0.58866829 0.56235899
 0.53157587 0.50467257 0.47871176 0.45783258 0.43639439 0.41680978]
Gaia DR3 2777645067895669376


Saving to widebinaries/chains/thick/2777645067895669376.npy


Gaia DR3 2777645067895669504


Saving to widebinaries/chains/thick/2777645067895669504.npy


Gaia DR3 2473840350055572352


Saving to widebinaries/chains/thick/2473840350055572352.npy


Gaia DR3 424459076562158464


Saving to widebinaries/chains/thick/424459076562158464.npy


Gaia DR3 4987071932534046592


Saving to widebinaries/chains/thick/4987071932534046592.npy


Gaia DR3 2582632107885049088


Saving to widebinaries/chains/thick/2582632107885049088.npy


Gaia DR3 2774832139194763776


Saving to widebinaries/chains/thick/2774832139194763776.npy


Gaia DR3 2549827285118953600


Saving to widebinaries/chains/thick/2549827285118953600.npy


Gaia DR3 2376490415165540608


Saving to widebinaries/chains/thick/2376490415165540608.npy


Gaia DR3 566374176233595008


Saving to widebinaries/chains/thick/566374176233595008.npy


Gaia DR3 2524607924349977728


Saving to widebinaries/chains/thick/2524607924349977728.npy


Gaia DR3 4987563830844953088


Saving to widebinaries/chains/thick/4987563830844953088.npy


Gaia DR3 2801953101027001216


Saving to widebinaries/chains/thick/2801953101027001216.npy


Gaia DR3 378192593631003264


Saving to widebinaries/chains/thick/378192593631003264.npy


Gaia DR3 4908694659192071296


Saving to widebinaries/chains/thick/4908694659192071296.npy


Gaia DR3 374092957154977152


Saving to widebinaries/chains/thick/374092957154977152.npy


Gaia DR3 374092957152206592


Saving to widebinaries/chains/thick/374092957152206592.npy


Gaia DR3 363066814030170624


Saving to widebinaries/chains/thick/363066814030170624.npy


Gaia DR3 361054432874158848


Saving to widebinaries/chains/thick/361054432874158848.npy


Gaia DR3 4932878619308493824


Saving to widebinaries/chains/thick/4932878619308493824.npy


Gaia DR3 566469013401234560


Saving to widebinaries/chains/thick/566469013401234560.npy


Gaia DR3 362614021399794176


Saving to widebinaries/chains/thick/362614021399794176.npy


Gaia DR3 367799116372410752


Saving to widebinaries/chains/thick/367799116372410752.npy


Gaia DR3 4908884011415732608


Saving to widebinaries/chains/thick/4908884011415732608.npy


Gaia DR3 2789844733521484544


Saving to widebinaries/chains/thick/2789844733521484544.npy


Gaia DR3 574070177802252288


Saving to widebinaries/chains/thick/574070177802252288.npy


Gaia DR3 574070280881467264


Saving to widebinaries/chains/thick/574070280881467264.npy


Gaia DR3 4932697238547542528


Saving to widebinaries/chains/thick/4932697238547542528.npy


Gaia DR3 2344155045207252608


Saving to widebinaries/chains/thick/2344155045207252608.npy


Gaia DR3 2524394000619171840


Saving to widebinaries/chains/thick/2524394000619171840.npy


Gaia DR3 4932692836203842560


Saving to widebinaries/chains/thick/4932692836203842560.npy


Gaia DR3 2344151991485320832


Saving to widebinaries/chains/thick/2344151991485320832.npy


Gaia DR3 5002936476573376512


Saving to widebinaries/chains/thick/5002936476573376512.npy


Gaia DR3 374254619721557504


Saving to widebinaries/chains/thick/374254619721557504.npy


Gaia DR3 4631088756525786624


Saving to widebinaries/chains/thick/4631088756525786624.npy


Gaia DR3 2357555003868432768


Saving to widebinaries/chains/thick/2357555003868432768.npy


Gaia DR3 377231345590861824


Saving to widebinaries/chains/thick/377231345590861824.npy


Gaia DR3 377231139432432384


Saving to widebinaries/chains/thick/377231139432432384.npy


Gaia DR3 524176156904148096


Saving to widebinaries/chains/thick/524176156904148096.npy


Gaia DR3 2524510205254222336


Saving to widebinaries/chains/thick/2524510205254222336.npy


Gaia DR3 311729207384483712


Saving to widebinaries/chains/thick/311729207384483712.npy


Gaia DR3 2791520694184340736


Saving to widebinaries/chains/thick/2791520694184340736.npy


Gaia DR3 2791520694184340480


Saving to widebinaries/chains/thick/2791520694184340480.npy


Gaia DR3 2577474470638597632


Saving to widebinaries/chains/thick/2577474470638597632.npy


Gaia DR3 4931501588370743040


Saving to widebinaries/chains/thick/4931501588370743040.npy


Gaia DR3 377904796464796416


Saving to widebinaries/chains/thick/377904796464796416.npy


Gaia DR3 2345088259997529856


Saving to widebinaries/chains/thick/2345088259997529856.npy


Gaia DR3 2345088259997529728


Saving to widebinaries/chains/thick/2345088259997529728.npy


Gaia DR3 2359099371028711808


Saving to widebinaries/chains/thick/2359099371028711808.npy


Gaia DR3 2345026854849021312


Saving to widebinaries/chains/thick/2345026854849021312.npy


Gaia DR3 364430311528707072


Saving to widebinaries/chains/thick/364430311528707072.npy


Gaia DR3 522824517819155840


Saving to widebinaries/chains/thick/522824517819155840.npy


Gaia DR3 4981235900910296320


Saving to widebinaries/chains/thick/4981235900910296320.npy


Gaia DR3 567094287624818304


Saving to widebinaries/chains/thick/567094287624818304.npy


Gaia DR3 374811767174987776


Saving to widebinaries/chains/thick/374811767174987776.npy


Gaia DR3 5003118862360177152


Saving to widebinaries/chains/thick/5003118862360177152.npy


Gaia DR3 5002319517407730304


Saving to widebinaries/chains/thick/5002319517407730304.npy


Gaia DR3 2804140583705710208


Saving to widebinaries/chains/thick/2804140583705710208.npy


Gaia DR3 2581458104344982528


Saving to widebinaries/chains/thick/2581458104344982528.npy


Gaia DR3 2524942107165434624


Saving to widebinaries/chains/thick/2524942107165434624.npy


Gaia DR3 2345192163846102144


Saving to widebinaries/chains/thick/2345192163846102144.npy


Gaia DR3 374383228223674240


Saving to widebinaries/chains/thick/374383228223674240.npy


Gaia DR3 4710499334574162304


Saving to widebinaries/chains/thick/4710499334574162304.npy


Gaia DR3 2359214952893456000


Saving to widebinaries/chains/thick/2359214952893456000.npy


Gaia DR3 4907699223213362432


Saving to widebinaries/chains/thick/4907699223213362432.npy


Gaia DR3 2359214952893455872


Saving to widebinaries/chains/thick/2359214952893455872.npy


Gaia DR3 5001812466452392448


Saving to widebinaries/chains/thick/5001812466452392448.npy


Gaia DR3 404301046987377792


Saving to widebinaries/chains/thick/404301046987377792.npy


Gaia DR3 376506144656994432


Saving to widebinaries/chains/thick/376506144656994432.npy


Gaia DR3 402626280325569536


Saving to widebinaries/chains/thick/402626280325569536.npy


Gaia DR3 370958769192327296


Saving to widebinaries/chains/thick/370958769192327296.npy


Gaia DR3 4927280631949356160


Saving to widebinaries/chains/thick/4927280631949356160.npy


Gaia DR3 5033961366110081792


Saving to widebinaries/chains/thick/5033961366110081792.npy


Gaia DR3 426623808797849472


Saving to widebinaries/chains/thick/426623808797849472.npy


fit-sed done
