Host: scc-da1
Job:  ember  ID: 3229238  Task: 106
Cmd:  ember fit-sed widebinaries/widebinary_fluxes.pqt widebinaries/chains/thick/ --synthetic --xpphoto --numtasks=128
Warning: the passwords of all user accounts have been inactivated.              Please visit https://cas.cosmos.esa.int/cas/passwd to set a new one. Workaround solutions for the Gaia Archive issues following the infrastructure upgrade: https://www.cosmos.esa.int/web/gaia/news#WorkaroundArchive
['synthetic']
Total rows before filtering: 9477
Rows remaining after removing existing chains: 9476
Rows in this SGE task segment: 74
Bands selected: synthetic
Output directory: /projectnb/mesaelm/ember/widebinaries/chains/thick
mcmc
Bypassing Gaia archive queries temporarily with $EMBER_DIR/widebinaries/widebinary_fluxes.pqt
Nedler mode returns no errors, so assuming 5% error universally!
[1.49290834 1.42003037 1.34610476 1.27218875 1.19762042 1.13007946
 1.05509361 0.99733563 0.93015207 0.88181679 0.82898061 0.78163521
 0.73503799 0.69541353 0.66619626 0.62154845 0.58866829 0.56235899
 0.53157587 0.50467257 0.47871176 0.45783258 0.43639439 0.41680978]
Gaia DR3 3614081629439823232


Saving to widebinaries/chains/thick/3614081629439823232.npy


Gaia DR3 6178459340337515776


Saving to widebinaries/chains/thick/6178459340337515776.npy


Gaia DR3 6108617257936777216


Saving to widebinaries/chains/thick/6108617257936777216.npy


Gaia DR3 1458624533570796672


Saving to widebinaries/chains/thick/1458624533570796672.npy


Gaia DR3 6066259745011175296


Saving to widebinaries/chains/thick/6066259745011175296.npy


Gaia DR3 6178000843988956032


Saving to widebinaries/chains/thick/6178000843988956032.npy


Gaia DR3 6115767897448034944


Saving to widebinaries/chains/thick/6115767897448034944.npy


Gaia DR3 1459033345737195008


Saving to widebinaries/chains/thick/1459033345737195008.npy


Gaia DR3 6172049423770655104


Saving to widebinaries/chains/thick/6172049423770655104.npy


Gaia DR3 1459032658542428416


Saving to widebinaries/chains/thick/1459032658542428416.npy


Gaia DR3 6177624119522491648


Saving to widebinaries/chains/thick/6177624119522491648.npy


Gaia DR3 1450701860800499712


Saving to widebinaries/chains/thick/1450701860800499712.npy


Gaia DR3 6115328505111718400


Saving to widebinaries/chains/thick/6115328505111718400.npy


Gaia DR3 3726737625181271424


Saving to widebinaries/chains/thick/3726737625181271424.npy


Gaia DR3 6170878443887801216


Saving to widebinaries/chains/thick/6170878443887801216.npy


Gaia DR3 1250683795012206592


Saving to widebinaries/chains/thick/1250683795012206592.npy


Gaia DR3 5867485531849389056


Saving to widebinaries/chains/thick/5867485531849389056.npy


Gaia DR3 3726944951843168768


Saving to widebinaries/chains/thick/3726944951843168768.npy


Gaia DR3 1671280660884565632


Saving to widebinaries/chains/thick/1671280660884565632.npy


Gaia DR3 3657406892995238912


Saving to widebinaries/chains/thick/3657406892995238912.npy


Gaia DR3 1659015063216647424


Saving to widebinaries/chains/thick/1659015063216647424.npy


Gaia DR3 3727701007821059072


Saving to widebinaries/chains/thick/3727701007821059072.npy


Gaia DR3 1495233387395677952


Saving to widebinaries/chains/thick/1495233387395677952.npy


Gaia DR3 3671977891669036416


Saving to widebinaries/chains/thick/3671977891669036416.npy


Gaia DR3 1726755699725216000


Saving to widebinaries/chains/thick/1726755699725216000.npy


Gaia DR3 1250703036465723904


Saving to widebinaries/chains/thick/1250703036465723904.npy


Gaia DR3 6178545613348311552


Saving to widebinaries/chains/thick/6178545613348311552.npy


Gaia DR3 1457566425425140864


Saving to widebinaries/chains/thick/1457566425425140864.npy


Gaia DR3 5864719706015177344


Saving to widebinaries/chains/thick/5864719706015177344.npy


Gaia DR3 5791281950008792704


Saving to widebinaries/chains/thick/5791281950008792704.npy


Gaia DR3 1246691979392466048


Saving to widebinaries/chains/thick/1246691979392466048.npy


Gaia DR3 1246692121126938240


Saving to widebinaries/chains/thick/1246692121126938240.npy


Gaia DR3 6288109992843345664


Saving to widebinaries/chains/thick/6288109992843345664.npy


Gaia DR3 6095198989830715264


Saving to widebinaries/chains/thick/6095198989830715264.npy


Gaia DR3 1244869882467388672


Saving to widebinaries/chains/thick/1244869882467388672.npy


Gaia DR3 3671698409558515456


Saving to widebinaries/chains/thick/3671698409558515456.npy


Gaia DR3 3657518832727150592


Saving to widebinaries/chains/thick/3657518832727150592.npy


Gaia DR3 3671982392794432128


Saving to widebinaries/chains/thick/3671982392794432128.npy


Gaia DR3 1450779346306149760


Saving to widebinaries/chains/thick/1450779346306149760.npy


Gaia DR3 6170611473015474176


Saving to widebinaries/chains/thick/6170611473015474176.npy


Gaia DR3 6110304424169215872


Saving to widebinaries/chains/thick/6110304424169215872.npy


Gaia DR3 3671778399027809920


Saving to widebinaries/chains/thick/3671778399027809920.npy


Gaia DR3 6109213433755996800


Saving to widebinaries/chains/thick/6109213433755996800.npy


Gaia DR3 1714970721782139392


Saving to widebinaries/chains/thick/1714970721782139392.npy


Gaia DR3 5872619868868196352


Saving to widebinaries/chains/thick/5872619868868196352.npy


Gaia DR3 3661203605429858560


Saving to widebinaries/chains/thick/3661203605429858560.npy


Gaia DR3 3643727319077684096


Saving to widebinaries/chains/thick/3643727319077684096.npy


Gaia DR3 5871135051468260480


Saving to widebinaries/chains/thick/5871135051468260480.npy


Gaia DR3 3657684515386065152


Saving to widebinaries/chains/thick/3657684515386065152.npy


Gaia DR3 1258583094567913600


Saving to widebinaries/chains/thick/1258583094567913600.npy


Gaia DR3 6120684329330514560


Saving to widebinaries/chains/thick/6120684329330514560.npy


Gaia DR3 1712473760939967232


Saving to widebinaries/chains/thick/1712473760939967232.npy


Gaia DR3 1712378240867798528


Saving to widebinaries/chains/thick/1712378240867798528.npy


Gaia DR3 1245342431950358784


Saving to widebinaries/chains/thick/1245342431950358784.npy


Gaia DR3 5847744144145002496


Saving to widebinaries/chains/thick/5847744144145002496.npy


Gaia DR3 6172268368320318848


Saving to widebinaries/chains/thick/6172268368320318848.npy


Gaia DR3 1457654416420552192


Saving to widebinaries/chains/thick/1457654416420552192.npy


Gaia DR3 1483015996441622912


Saving to widebinaries/chains/thick/1483015996441622912.npy


Gaia DR3 3659258638079940608


Saving to widebinaries/chains/thick/3659258638079940608.npy


Gaia DR3 1247034339825405056


Saving to widebinaries/chains/thick/1247034339825405056.npy


Gaia DR3 5786461111205962240


Saving to widebinaries/chains/thick/5786461111205962240.npy


Gaia DR3 1231503222686937344


Saving to widebinaries/chains/thick/1231503222686937344.npy


Gaia DR3 6109197800076195840


Saving to widebinaries/chains/thick/6109197800076195840.npy


Gaia DR3 1658312299192341376


Saving to widebinaries/chains/thick/1658312299192341376.npy


Gaia DR3 3724362336470991488


Saving to widebinaries/chains/thick/3724362336470991488.npy


Gaia DR3 6110921421991528192


Saving to widebinaries/chains/thick/6110921421991528192.npy


Gaia DR3 1231505456069951616


Saving to widebinaries/chains/thick/1231505456069951616.npy


Gaia DR3 5847051692338898304


Saving to widebinaries/chains/thick/5847051692338898304.npy


Gaia DR3 1481817593190278272


Saving to widebinaries/chains/thick/1481817593190278272.npy


Gaia DR3 6289811551512801152


Saving to widebinaries/chains/thick/6289811551512801152.npy


Gaia DR3 3659209434934591488


Saving to widebinaries/chains/thick/3659209434934591488.npy


Gaia DR3 1452833715063044096


Saving to widebinaries/chains/thick/1452833715063044096.npy


Gaia DR3 1511457265578685440


Saving to widebinaries/chains/thick/1511457265578685440.npy


Gaia DR3 6300657756978554240


Saving to widebinaries/chains/thick/6300657756978554240.npy


fit-sed done
