Host: scc-ul1
Job:  ember  ID: 3229238  Task: 57
Cmd:  ember fit-sed widebinaries/widebinary_fluxes.pqt widebinaries/chains/thick/ --synthetic --xpphoto --numtasks=128
Warning: the passwords of all user accounts have been inactivated.              Please visit https://cas.cosmos.esa.int/cas/passwd to set a new one. Workaround solutions for the Gaia Archive issues following the infrastructure upgrade: https://www.cosmos.esa.int/web/gaia/news#WorkaroundArchive
['synthetic']
Total rows before filtering: 9477
Rows remaining after removing existing chains: 9476
Rows in this SGE task segment: 74
Bands selected: synthetic
Output directory: /projectnb/mesaelm/ember/widebinaries/chains/thick
mcmc
Bypassing Gaia archive queries temporarily with $EMBER_DIR/widebinaries/widebinary_fluxes.pqt
Nedler mode returns no errors, so assuming 5% error universally!
[1.49290834 1.42003037 1.34610476 1.27218875 1.19762042 1.13007946
 1.05509361 0.99733563 0.93015207 0.88181679 0.82898061 0.78163521
 0.73503799 0.69541353 0.66619626 0.62154845 0.58866829 0.56235899
 0.53157587 0.50467257 0.47871176 0.45783258 0.43639439 0.41680978]
Gaia DR3 158800402816375552


Saving to widebinaries/chains/thick/158800402816375552.npy


Gaia DR3 4895218494928716544


Saving to widebinaries/chains/thick/4895218494928716544.npy


Gaia DR3 4677010104474867072


Saving to widebinaries/chains/thick/4677010104474867072.npy


Gaia DR3 3410614872415786496


Saving to widebinaries/chains/thick/3410614872415786496.npy


Gaia DR3 483026526214817152


Saving to widebinaries/chains/thick/483026526214817152.npy


Gaia DR3 3293404321555348608


Saving to widebinaries/chains/thick/3293404321555348608.npy


Gaia DR3 3173087414123893120


Saving to widebinaries/chains/thick/3173087414123893120.npy


Gaia DR3 3282850659195732608


Saving to widebinaries/chains/thick/3282850659195732608.npy


Gaia DR3 2977168731408497920


Saving to widebinaries/chains/thick/2977168731408497920.npy


Gaia DR3 173809084428652032


Saving to widebinaries/chains/thick/173809084428652032.npy


Gaia DR3 3309188669965291264


Saving to widebinaries/chains/thick/3309188669965291264.npy


Gaia DR3 272804438472008064


Saving to widebinaries/chains/thick/272804438472008064.npy


Gaia DR3 3229596981735416704


Saving to widebinaries/chains/thick/3229596981735416704.npy


Gaia DR3 3306404023623951488


Saving to widebinaries/chains/thick/3306404023623951488.npy


Gaia DR3 4778080919855531264


Saving to widebinaries/chains/thick/4778080919855531264.npy


Gaia DR3 4790641160871505664


Saving to widebinaries/chains/thick/4790641160871505664.npy


Gaia DR3 557772284448811904


Saving to widebinaries/chains/thick/557772284448811904.npy


Gaia DR3 204274691914849536


Saving to widebinaries/chains/thick/204274691914849536.npy


Gaia DR3 204274691914843008


Saving to widebinaries/chains/thick/204274691914843008.npy


Gaia DR3 2978215333334401152


Saving to widebinaries/chains/thick/2978215333334401152.npy


Gaia DR3 4816435909815730816


Saving to widebinaries/chains/thick/4816435909815730816.npy


Gaia DR3 556255920473740160


Saving to widebinaries/chains/thick/556255920473740160.npy


Gaia DR3 556255851754249216


Saving to widebinaries/chains/thick/556255851754249216.npy


Gaia DR3 3186226681154400512


Saving to widebinaries/chains/thick/3186226681154400512.npy


Gaia DR3 203970402070941952


Saving to widebinaries/chains/thick/203970402070941952.npy


Gaia DR3 3201594074140023936


Saving to widebinaries/chains/thick/3201594074140023936.npy


Gaia DR3 4677160424033079936


Saving to widebinaries/chains/thick/4677160424033079936.npy


Gaia DR3 4893484805609852288


Saving to widebinaries/chains/thick/4893484805609852288.npy


Gaia DR3 4790436166376256000


Saving to widebinaries/chains/thick/4790436166376256000.npy


Gaia DR3 3184485016080343808


Saving to widebinaries/chains/thick/3184485016080343808.npy


Gaia DR3 3184485020375405184


Saving to widebinaries/chains/thick/3184485020375405184.npy


Gaia DR3 4867908722038748160


Saving to widebinaries/chains/thick/4867908722038748160.npy


Gaia DR3 4868155459319366656


Saving to widebinaries/chains/thick/4868155459319366656.npy


Gaia DR3 3184578650663335552


Saving to widebinaries/chains/thick/3184578650663335552.npy


Gaia DR3 3200361963985567488


Saving to widebinaries/chains/thick/3200361963985567488.npy


Gaia DR3 4893301492109279744


Saving to widebinaries/chains/thick/4893301492109279744.npy


Gaia DR3 4868389891517494528


Saving to widebinaries/chains/thick/4868389891517494528.npy


Gaia DR3 502044778839257472


Saving to widebinaries/chains/thick/502044778839257472.npy


Gaia DR3 4653127612412528640


Saving to widebinaries/chains/thick/4653127612412528640.npy


Gaia DR3 3186216265857981440


Saving to widebinaries/chains/thick/3186216265857981440.npy


Gaia DR3 4663419934597675136


Saving to widebinaries/chains/thick/4663419934597675136.npy


Gaia DR3 4663419934597675264


Saving to widebinaries/chains/thick/4663419934597675264.npy


Gaia DR3 173927625524478464


Saving to widebinaries/chains/thick/173927625524478464.npy


Gaia DR3 4895338955874208768


Saving to widebinaries/chains/thick/4895338955874208768.npy


Gaia DR3 2976915946813427968


Saving to widebinaries/chains/thick/2976915946813427968.npy


Gaia DR3 4677774711732166144


Saving to widebinaries/chains/thick/4677774711732166144.npy


Gaia DR3 471647749101032192


Saving to widebinaries/chains/thick/471647749101032192.npy


Gaia DR3 4677774471212622080


Saving to widebinaries/chains/thick/4677774471212622080.npy


Gaia DR3 3282776064203623680


Saving to widebinaries/chains/thick/3282776064203623680.npy


Gaia DR3 3413009093345760768


Saving to widebinaries/chains/thick/3413009093345760768.npy


Gaia DR3 4815218166329988992


Saving to widebinaries/chains/thick/4815218166329988992.npy


Gaia DR3 3229959648773988480


Saving to widebinaries/chains/thick/3229959648773988480.npy


Gaia DR3 3229959996667631232


Saving to widebinaries/chains/thick/3229959996667631232.npy


Gaia DR3 482288582111854080


Saving to widebinaries/chains/thick/482288582111854080.npy


Gaia DR3 4774702910900795776


Saving to widebinaries/chains/thick/4774702910900795776.npy


Gaia DR3 2977958563011736704


Saving to widebinaries/chains/thick/2977958563011736704.npy


Gaia DR3 3174751524973104640


Saving to widebinaries/chains/thick/3174751524973104640.npy


Gaia DR3 3226092498876949504


Saving to widebinaries/chains/thick/3226092498876949504.npy


Gaia DR3 279096973579137152


Saving to widebinaries/chains/thick/279096973579137152.npy


Gaia DR3 4777773507570507648


Saving to widebinaries/chains/thick/4777773507570507648.npy


Gaia DR3 495869303062683904


Saving to widebinaries/chains/thick/495869303062683904.npy


Gaia DR3 3185990694175594752


Saving to widebinaries/chains/thick/3185990694175594752.npy


Gaia DR3 3293031827631621120


Saving to widebinaries/chains/thick/3293031827631621120.npy


Gaia DR3 4786568221908647552


Saving to widebinaries/chains/thick/4786568221908647552.npy


Gaia DR3 3308074555448691712


Saving to widebinaries/chains/thick/3308074555448691712.npy


Gaia DR3 4881098119928195456


Saving to widebinaries/chains/thick/4881098119928195456.npy


Gaia DR3 481953093630928384


Saving to widebinaries/chains/thick/481953093630928384.npy


Gaia DR3 174298775124053760


Saving to widebinaries/chains/thick/174298775124053760.npy


Gaia DR3 4878090955624034048


Saving to widebinaries/chains/thick/4878090955624034048.npy


Gaia DR3 277674171175347840


Saving to widebinaries/chains/thick/277674171175347840.npy


Gaia DR3 4867047628338450560


Saving to widebinaries/chains/thick/4867047628338450560.npy


Gaia DR3 3180994204101151616


Saving to widebinaries/chains/thick/3180994204101151616.npy


Gaia DR3 4867197819050350080


Saving to widebinaries/chains/thick/4867197819050350080.npy


Gaia DR3 2977064930641565696


Saving to widebinaries/chains/thick/2977064930641565696.npy


fit-sed done
