Host: scc-da3
Job:  ember  ID: 3229238  Task: 17
Cmd:  ember fit-sed widebinaries/widebinary_fluxes.pqt widebinaries/chains/thick/ --synthetic --xpphoto --numtasks=128
Warning: the passwords of all user accounts have been inactivated.              Please visit https://cas.cosmos.esa.int/cas/passwd to set a new one. Workaround solutions for the Gaia Archive issues following the infrastructure upgrade: https://www.cosmos.esa.int/web/gaia/news#WorkaroundArchive
['synthetic']
Total rows before filtering: 9477
Rows remaining after removing existing chains: 9476
Rows in this SGE task segment: 74
Bands selected: synthetic
Output directory: /projectnb/mesaelm/ember/widebinaries/chains/thick
mcmc
Bypassing Gaia archive queries temporarily with $EMBER_DIR/widebinaries/widebinary_fluxes.pqt
Nedler mode returns no errors, so assuming 5% error universally!
[1.49290834 1.42003037 1.34610476 1.27218875 1.19762042 1.13007946
 1.05509361 0.99733563 0.93015207 0.88181679 0.82898061 0.78163521
 0.73503799 0.69541353 0.66619626 0.62154845 0.58866829 0.56235899
 0.53157587 0.50467257 0.47871176 0.45783258 0.43639439 0.41680978]
Gaia DR3 6483475342037245184


Saving to widebinaries/chains/thick/6483475342037245184.npy


Gaia DR3 6483872708115513600


Saving to widebinaries/chains/thick/6483872708115513600.npy


Gaia DR3 6881717143651569664


Saving to widebinaries/chains/thick/6881717143651569664.npy


Gaia DR3 6376643695610098816


Saving to widebinaries/chains/thick/6376643695610098816.npy


Gaia DR3 6478328218869704192


Saving to widebinaries/chains/thick/6478328218869704192.npy


Gaia DR3 6451278201305210624


Saving to widebinaries/chains/thick/6451278201305210624.npy


Gaia DR3 6780387423345518208


Saving to widebinaries/chains/thick/6780387423345518208.npy


Gaia DR3 6804172647289013888


Saving to widebinaries/chains/thick/6804172647289013888.npy


Gaia DR3 1845948807496711680


Saving to widebinaries/chains/thick/1845948807496711680.npy


Gaia DR3 1866342682315337088


Saving to widebinaries/chains/thick/1866342682315337088.npy


Gaia DR3 6376652392918420352


Saving to widebinaries/chains/thick/6376652392918420352.npy


Gaia DR3 1841253373149922688


Saving to widebinaries/chains/thick/1841253373149922688.npy


Gaia DR3 6885217889890166656


Saving to widebinaries/chains/thick/6885217889890166656.npy


Gaia DR3 2162694914656212224


Saving to widebinaries/chains/thick/2162694914656212224.npy


Gaia DR3 1764073394954901504


Saving to widebinaries/chains/thick/1764073394954901504.npy


Gaia DR3 6477036219690811136


Saving to widebinaries/chains/thick/6477036219690811136.npy


Gaia DR3 6450005349094365568


Saving to widebinaries/chains/thick/6450005349094365568.npy


Gaia DR3 6450001118550429056


Saving to widebinaries/chains/thick/6450001118550429056.npy


Gaia DR3 6368334617519702656


Saving to widebinaries/chains/thick/6368334617519702656.npy


Gaia DR3 1865477160505807744


Saving to widebinaries/chains/thick/1865477160505807744.npy


Gaia DR3 1759921742129798656


Saving to widebinaries/chains/thick/1759921742129798656.npy


Gaia DR3 2169071321864044800


Saving to widebinaries/chains/thick/2169071321864044800.npy


Gaia DR3 6369831469457388800


Saving to widebinaries/chains/thick/6369831469457388800.npy


Gaia DR3 6374994088865117312


Saving to widebinaries/chains/thick/6374994088865117312.npy


Gaia DR3 1871930606558336896


Saving to widebinaries/chains/thick/1871930606558336896.npy


Gaia DR3 1871930610867039616


Saving to widebinaries/chains/thick/1871930610867039616.npy


Gaia DR3 1838099527127634560


Saving to widebinaries/chains/thick/1838099527127634560.npy


Gaia DR3 2176873834331804672


Saving to widebinaries/chains/thick/2176873834331804672.npy


Gaia DR3 1729985407757746816


Saving to widebinaries/chains/thick/1729985407757746816.npy


Gaia DR3 1865291931453280256


Saving to widebinaries/chains/thick/1865291931453280256.npy


Gaia DR3 6479787678819901568


Saving to widebinaries/chains/thick/6479787678819901568.npy


Gaia DR3 1790003731724029696


Saving to widebinaries/chains/thick/1790003731724029696.npy


Gaia DR3 1968482948841048704


Saving to widebinaries/chains/thick/1968482948841048704.npy


Gaia DR3 6895430424471277056


Saving to widebinaries/chains/thick/6895430424471277056.npy


Gaia DR3 1758942012842831104


Saving to widebinaries/chains/thick/1758942012842831104.npy


Gaia DR3 2176921250777354624


Saving to widebinaries/chains/thick/2176921250777354624.npy


Gaia DR3 6780778991220781440


Saving to widebinaries/chains/thick/6780778991220781440.npy


Gaia DR3 2689069472018944896


Saving to widebinaries/chains/thick/2689069472018944896.npy


Gaia DR3 2690056111908578944


Saving to widebinaries/chains/thick/2690056111908578944.npy


Gaia DR3 1868945574228800512


Saving to widebinaries/chains/thick/1868945574228800512.npy


Gaia DR3 1841001172670205056


Saving to widebinaries/chains/thick/1841001172670205056.npy


Gaia DR3 1853084844128213632


Saving to widebinaries/chains/thick/1853084844128213632.npy


Gaia DR3 6807923803004531072


Saving to widebinaries/chains/thick/6807923803004531072.npy


Gaia DR3 1867079973575187968


Saving to widebinaries/chains/thick/1867079973575187968.npy


Gaia DR3 2271685550922811136


Saving to widebinaries/chains/thick/2271685550922811136.npy


Gaia DR3 2298769168014230528


Saving to widebinaries/chains/thick/2298769168014230528.npy


Gaia DR3 1744903066127593088


Saving to widebinaries/chains/thick/1744903066127593088.npy


Gaia DR3 1970054533224387072


Saving to widebinaries/chains/thick/1970054533224387072.npy


Gaia DR3 6480211373050615680


Saving to widebinaries/chains/thick/6480211373050615680.npy


Gaia DR3 6786943403159625472


Saving to widebinaries/chains/thick/6786943403159625472.npy


Gaia DR3 6786943398864940032


Saving to widebinaries/chains/thick/6786943398864940032.npy


Gaia DR3 6368988556355913600


Saving to widebinaries/chains/thick/6368988556355913600.npy


Gaia DR3 2689960935434596224


Saving to widebinaries/chains/thick/2689960935434596224.npy


Gaia DR3 6368260714018137856


Saving to widebinaries/chains/thick/6368260714018137856.npy


Gaia DR3 6912482651522845312


Saving to widebinaries/chains/thick/6912482651522845312.npy


Gaia DR3 6910805342238827648


Saving to widebinaries/chains/thick/6910805342238827648.npy


Gaia DR3 6911308235665163264


Saving to widebinaries/chains/thick/6911308235665163264.npy


Gaia DR3 6803242323012416768


Saving to widebinaries/chains/thick/6803242323012416768.npy


Gaia DR3 6788644107130998144


Saving to widebinaries/chains/thick/6788644107130998144.npy


Gaia DR3 1788485821562095104


Saving to widebinaries/chains/thick/1788485821562095104.npy


Gaia DR3 1968603242288707840


Saving to widebinaries/chains/thick/1968603242288707840.npy


Gaia DR3 2189534951245689216


Saving to widebinaries/chains/thick/2189534951245689216.npy


Gaia DR3 2690763205257368832


Saving to widebinaries/chains/thick/2690763205257368832.npy


Gaia DR3 1852685236061370496


Saving to widebinaries/chains/thick/1852685236061370496.npy


Gaia DR3 6804914366665785728


Saving to widebinaries/chains/thick/6804914366665785728.npy


Gaia DR3 6787046413658106240


Saving to widebinaries/chains/thick/6787046413658106240.npy


Gaia DR3 6833705387875942144


Saving to widebinaries/chains/thick/6833705387875942144.npy


Gaia DR3 6400862264573935488


Saving to widebinaries/chains/thick/6400862264573935488.npy


Gaia DR3 6478960296320517504


Saving to widebinaries/chains/thick/6478960296320517504.npy


Gaia DR3 2165699497658180864


Saving to widebinaries/chains/thick/2165699497658180864.npy


Gaia DR3 1852733202258176128


Saving to widebinaries/chains/thick/1852733202258176128.npy


Gaia DR3 1746649782083602304


Saving to widebinaries/chains/thick/1746649782083602304.npy


Gaia DR3 6775903859742183680


Saving to widebinaries/chains/thick/6775903859742183680.npy


Gaia DR3 6451818684286200064


Saving to widebinaries/chains/thick/6451818684286200064.npy


fit-sed done
