Host: scc-mh3
Job:  ember  ID: 3229238  Task: 30
Cmd:  ember fit-sed widebinaries/widebinary_fluxes.pqt widebinaries/chains/thick/ --synthetic --xpphoto --numtasks=128
Warning: the passwords of all user accounts have been inactivated.              Please visit https://cas.cosmos.esa.int/cas/passwd to set a new one. Workaround solutions for the Gaia Archive issues following the infrastructure upgrade: https://www.cosmos.esa.int/web/gaia/news#WorkaroundArchive
['synthetic']
Total rows before filtering: 9477
Rows remaining after removing existing chains: 9476
Rows in this SGE task segment: 74
Bands selected: synthetic
Output directory: /projectnb/mesaelm/ember/widebinaries/chains/thick
mcmc
Bypassing Gaia archive queries temporarily with $EMBER_DIR/widebinaries/widebinary_fluxes.pqt
Nedler mode returns no errors, so assuming 5% error universally!
[1.49290834 1.42003037 1.34610476 1.27218875 1.19762042 1.13007946
 1.05509361 0.99733563 0.93015207 0.88181679 0.82898061 0.78163521
 0.73503799 0.69541353 0.66619626 0.62154845 0.58866829 0.56235899
 0.53157587 0.50467257 0.47871176 0.45783258 0.43639439 0.41680978]
Gaia DR3 6489756194835784320


Saving to widebinaries/chains/thick/6489756194835784320.npy


Gaia DR3 2637736267709843584


Saving to widebinaries/chains/thick/2637736267709843584.npy


Gaia DR3 6499756837204676864


Saving to widebinaries/chains/thick/6499756837204676864.npy


Gaia DR3 2839231634746334848


Saving to widebinaries/chains/thick/2839231634746334848.npy


Gaia DR3 2839231634746334976


Saving to widebinaries/chains/thick/2839231634746334976.npy


Gaia DR3 2014124642885125248


Saving to widebinaries/chains/thick/2014124642885125248.npy


Gaia DR3 1909677871531033216


Saving to widebinaries/chains/thick/1909677871531033216.npy


Gaia DR3 6381272850016565632


Saving to widebinaries/chains/thick/6381272850016565632.npy


Gaia DR3 1942430849750138240


Saving to widebinaries/chains/thick/1942430849750138240.npy


Gaia DR3 2844933221011789952


Saving to widebinaries/chains/thick/2844933221011789952.npy


Gaia DR3 2287303769998090240


Saving to widebinaries/chains/thick/2287303769998090240.npy


Gaia DR3 2634003146560869248


Saving to widebinaries/chains/thick/2634003146560869248.npy


Gaia DR3 1911420636118031744


Saving to widebinaries/chains/thick/1911420636118031744.npy


Gaia DR3 1911420636119326976


Saving to widebinaries/chains/thick/1911420636119326976.npy


Gaia DR3 2661055019549371648


Saving to widebinaries/chains/thick/2661055019549371648.npy


Gaia DR3 2385725793147211904


Saving to widebinaries/chains/thick/2385725793147211904.npy


Gaia DR3 2838163905876751872


Saving to widebinaries/chains/thick/2838163905876751872.npy


Gaia DR3 2811363550466857344


Saving to widebinaries/chains/thick/2811363550466857344.npy


Gaia DR3 6549339249634871552


Saving to widebinaries/chains/thick/6549339249634871552.npy


Gaia DR3 1936984796860765824


Saving to widebinaries/chains/thick/1936984796860765824.npy


Gaia DR3 1936984792565002624


Saving to widebinaries/chains/thick/1936984792565002624.npy


Gaia DR3 1917296593758207616


Saving to widebinaries/chains/thick/1917296593758207616.npy


Gaia DR3 6556113508277890560


Saving to widebinaries/chains/thick/6556113508277890560.npy


Gaia DR3 1937827194563435648


Saving to widebinaries/chains/thick/1937827194563435648.npy


Gaia DR3 6529121051866203520


Saving to widebinaries/chains/thick/6529121051866203520.npy


Gaia DR3 2408844399510334464


Saving to widebinaries/chains/thick/2408844399510334464.npy


Gaia DR3 2645295921252503424


Saving to widebinaries/chains/thick/2645295921252503424.npy


Gaia DR3 2645295955612242688


Saving to widebinaries/chains/thick/2645295955612242688.npy


Gaia DR3 2214973561500636544


Saving to widebinaries/chains/thick/2214973561500636544.npy


Gaia DR3 2214973771957744128


Saving to widebinaries/chains/thick/2214973771957744128.npy


Gaia DR3 1936998678196215296


Saving to widebinaries/chains/thick/1936998678196215296.npy


Gaia DR3 1913380751815896704


Saving to widebinaries/chains/thick/1913380751815896704.npy


Gaia DR3 6501248191583961984


Saving to widebinaries/chains/thick/6501248191583961984.npy


Gaia DR3 1991254045110115072


Saving to widebinaries/chains/thick/1991254045110115072.npy


Gaia DR3 2762071409106142080


Saving to widebinaries/chains/thick/2762071409106142080.npy


Gaia DR3 2664559502409847808


Saving to widebinaries/chains/thick/2664559502409847808.npy


Gaia DR3 2762076666146759040


Saving to widebinaries/chains/thick/2762076666146759040.npy


Gaia DR3 2870144296785631488


Saving to widebinaries/chains/thick/2870144296785631488.npy


Gaia DR3 2330432285394244096


Saving to widebinaries/chains/thick/2330432285394244096.npy


Gaia DR3 6492534321415597568


Saving to widebinaries/chains/thick/6492534321415597568.npy


Gaia DR3 6498769681921976832


Saving to widebinaries/chains/thick/6498769681921976832.npy


Gaia DR3 6502048700473677952


Saving to widebinaries/chains/thick/6502048700473677952.npy


Gaia DR3 2825149055458465920


Saving to widebinaries/chains/thick/2825149055458465920.npy


Gaia DR3 2812891489376780672


Saving to widebinaries/chains/thick/2812891489376780672.npy


Gaia DR3 2329764705742441216


Saving to widebinaries/chains/thick/2329764705742441216.npy


Gaia DR3 2329764710037398528


Saving to widebinaries/chains/thick/2329764710037398528.npy


Gaia DR3 2412390466243901184


Saving to widebinaries/chains/thick/2412390466243901184.npy


Gaia DR3 2762485620047367424


Saving to widebinaries/chains/thick/2762485620047367424.npy


Gaia DR3 2812999172796853504


Saving to widebinaries/chains/thick/2812999172796853504.npy


Gaia DR3 2632799529220460416


Saving to widebinaries/chains/thick/2632799529220460416.npy


Gaia DR3 2813049853411236608


Saving to widebinaries/chains/thick/2813049853411236608.npy


Gaia DR3 2841283151645302272


Saving to widebinaries/chains/thick/2841283151645302272.npy


Gaia DR3 2391858628488556032


Saving to widebinaries/chains/thick/2391858628488556032.npy


Gaia DR3 2407503274497851008


Saving to widebinaries/chains/thick/2407503274497851008.npy


Gaia DR3 2825576628042258944


Saving to widebinaries/chains/thick/2825576628042258944.npy


Gaia DR3 2380152403065689984


Saving to widebinaries/chains/thick/2380152403065689984.npy


Gaia DR3 6528413653572784640


Saving to widebinaries/chains/thick/6528413653572784640.npy


Gaia DR3 6501587528361832704


Saving to widebinaries/chains/thick/6501587528361832704.npy


Gaia DR3 2644149993913188224


Saving to widebinaries/chains/thick/2644149993913188224.npy


Gaia DR3 2644149993913188352


Saving to widebinaries/chains/thick/2644149993913188352.npy


Gaia DR3 2760718838005419648


Saving to widebinaries/chains/thick/2760718838005419648.npy


Gaia DR3 6525957786977836288


Saving to widebinaries/chains/thick/6525957786977836288.npy


Gaia DR3 2632593469574891264


Saving to widebinaries/chains/thick/2632593469574891264.npy


Gaia DR3 2380195872429335296


Saving to widebinaries/chains/thick/2380195872429335296.npy


Gaia DR3 2869766477103048704


Saving to widebinaries/chains/thick/2869766477103048704.npy


Gaia DR3 2841680934336159104


Saving to widebinaries/chains/thick/2841680934336159104.npy


Gaia DR3 2841680934336158976


Saving to widebinaries/chains/thick/2841680934336158976.npy


Gaia DR3 6551431139226252032


Saving to widebinaries/chains/thick/6551431139226252032.npy


Gaia DR3 2440179381390739328


Saving to widebinaries/chains/thick/2440179381390739328.npy


Gaia DR3 2634082105239661952


Saving to widebinaries/chains/thick/2634082105239661952.npy


Gaia DR3 2440129216172655488


Saving to widebinaries/chains/thick/2440129216172655488.npy


Gaia DR3 6353191421826961024


Saving to widebinaries/chains/thick/6353191421826961024.npy


Gaia DR3 1991399038907932672


Saving to widebinaries/chains/thick/1991399038907932672.npy


Gaia DR3 2388347308040329216


Saving to widebinaries/chains/thick/2388347308040329216.npy


fit-sed done
