Host: scc-ul1
Job:  ember  ID: 3229238  Task: 126
Cmd:  ember fit-sed widebinaries/widebinary_fluxes.pqt widebinaries/chains/thick/ --synthetic --xpphoto --numtasks=128
Warning: the passwords of all user accounts have been inactivated.              Please visit https://cas.cosmos.esa.int/cas/passwd to set a new one. Workaround solutions for the Gaia Archive issues following the infrastructure upgrade: https://www.cosmos.esa.int/web/gaia/news#WorkaroundArchive
['synthetic']
Total rows before filtering: 9477
Rows remaining after removing existing chains: 9476
Rows in this SGE task segment: 74
Bands selected: synthetic
Output directory: /projectnb/mesaelm/ember/widebinaries/chains/thick
mcmc
Bypassing Gaia archive queries temporarily with $EMBER_DIR/widebinaries/widebinary_fluxes.pqt
Nedler mode returns no errors, so assuming 5% error universally!
[1.49290834 1.42003037 1.34610476 1.27218875 1.19762042 1.13007946
 1.05509361 0.99733563 0.93015207 0.88181679 0.82898061 0.78163521
 0.73503799 0.69541353 0.66619626 0.62154845 0.58866829 0.56235899
 0.53157587 0.50467257 0.47871176 0.45783258 0.43639439 0.41680978]
Gaia DR3 5810409397877633408


Saving to widebinaries/chains/thick/5810409397877633408.npy


Gaia DR3 5947589798613426432


Saving to widebinaries/chains/thick/5947589798613426432.npy


Gaia DR3 5801388901403600000


Saving to widebinaries/chains/thick/5801388901403600000.npy


Gaia DR3 4144704463546665984


Saving to widebinaries/chains/thick/4144704463546665984.npy


Gaia DR3 4603041834106803072


Saving to widebinaries/chains/thick/4603041834106803072.npy


Gaia DR3 4488575286315479424


Saving to widebinaries/chains/thick/4488575286315479424.npy


Gaia DR3 4502615530106044544


Saving to widebinaries/chains/thick/4502615530106044544.npy


Gaia DR3 1345041748308955648


Saving to widebinaries/chains/thick/1345041748308955648.npy


Gaia DR3 4152150321920233728


Saving to widebinaries/chains/thick/4152150321920233728.npy


Gaia DR3 4584518774030007680


Saving to widebinaries/chains/thick/4584518774030007680.npy


Gaia DR3 5774356892637782272


Saving to widebinaries/chains/thick/5774356892637782272.npy


Gaia DR3 4469354448670077824


Saving to widebinaries/chains/thick/4469354448670077824.npy


Gaia DR3 4475715909414047744


Saving to widebinaries/chains/thick/4475715909414047744.npy


Gaia DR3 4580881692647497088


Saving to widebinaries/chains/thick/4580881692647497088.npy


Gaia DR3 5953777089852626048


Saving to widebinaries/chains/thick/5953777089852626048.npy


Gaia DR3 5917877622887649792


Saving to widebinaries/chains/thick/5917877622887649792.npy


Gaia DR3 4577442970027347712


Saving to widebinaries/chains/thick/4577442970027347712.npy


Gaia DR3 4144648251014336000


Saving to widebinaries/chains/thick/4144648251014336000.npy


Gaia DR3 5954363786677864448


Saving to widebinaries/chains/thick/5954363786677864448.npy


Gaia DR3 5956166912748599168


Saving to widebinaries/chains/thick/5956166912748599168.npy


Gaia DR3 4582868127903033856


Saving to widebinaries/chains/thick/4582868127903033856.npy


Gaia DR3 4037344647803725056


Saving to widebinaries/chains/thick/4037344647803725056.npy


Gaia DR3 4582966985165151360


Saving to widebinaries/chains/thick/4582966985165151360.npy


Gaia DR3 4152287455934086912


Saving to widebinaries/chains/thick/4152287455934086912.npy


Gaia DR3 4062359667225659648


Saving to widebinaries/chains/thick/4062359667225659648.npy


Gaia DR3 4476576831311990144


Saving to widebinaries/chains/thick/4476576831311990144.npy


Gaia DR3 4575670930944140160


Saving to widebinaries/chains/thick/4575670930944140160.npy


Gaia DR3 4609978481167300864


Saving to widebinaries/chains/thick/4609978481167300864.npy


Gaia DR3 4582470551369568640


Saving to widebinaries/chains/thick/4582470551369568640.npy


Gaia DR3 4495532338758939904


Saving to widebinaries/chains/thick/4495532338758939904.npy


Gaia DR3 4582874896770173312


Saving to widebinaries/chains/thick/4582874896770173312.npy


Gaia DR3 6702490086833126784


Saving to widebinaries/chains/thick/6702490086833126784.npy


Gaia DR3 6634947980894776448


Saving to widebinaries/chains/thick/6634947980894776448.npy


Gaia DR3 4177329520452373248


Saving to widebinaries/chains/thick/4177329520452373248.npy


Gaia DR3 4177329520448727808


Saving to widebinaries/chains/thick/4177329520448727808.npy


Gaia DR3 4494655070215430912


Saving to widebinaries/chains/thick/4494655070215430912.npy


Gaia DR3 2113848109838152704


Saving to widebinaries/chains/thick/2113848109838152704.npy


Gaia DR3 4177138682169601280


Saving to widebinaries/chains/thick/4177138682169601280.npy


Gaia DR3 6720523829872204800


Saving to widebinaries/chains/thick/6720523829872204800.npy


Gaia DR3 4070918024905961216


Saving to widebinaries/chains/thick/4070918024905961216.npy


Gaia DR3 4610299637344191616


Saving to widebinaries/chains/thick/4610299637344191616.npy


Gaia DR3 2151954472733799808


Saving to widebinaries/chains/thick/2151954472733799808.npy


Gaia DR3 2123416506700342656


Saving to widebinaries/chains/thick/2123416506700342656.npy


Gaia DR3 4603528020108454528


Saving to widebinaries/chains/thick/4603528020108454528.npy


Gaia DR3 4501510452201718144


Saving to widebinaries/chains/thick/4501510452201718144.npy


Gaia DR3 6635012955161032832


Saving to widebinaries/chains/thick/6635012955161032832.npy


Gaia DR3 4584148410409526528


Saving to widebinaries/chains/thick/4584148410409526528.npy


Gaia DR3 4496424077048759296


Saving to widebinaries/chains/thick/4496424077048759296.npy


Gaia DR3 2125533994296308736


Saving to widebinaries/chains/thick/2125533994296308736.npy


Gaia DR3 6647674445731657216


Saving to widebinaries/chains/thick/6647674445731657216.npy


Gaia DR3 6720813310676120448


Saving to widebinaries/chains/thick/6720813310676120448.npy


Gaia DR3 2122637399632980736


Saving to widebinaries/chains/thick/2122637399632980736.npy


Gaia DR3 6701738570634179328


Saving to widebinaries/chains/thick/6701738570634179328.npy


Gaia DR3 6647412147786089216


Saving to widebinaries/chains/thick/6647412147786089216.npy


Gaia DR3 4577547041384382336


Saving to widebinaries/chains/thick/4577547041384382336.npy


Gaia DR3 4527534350534718336


Saving to widebinaries/chains/thick/4527534350534718336.npy


Gaia DR3 2152650596737376000


Saving to widebinaries/chains/thick/2152650596737376000.npy


Gaia DR3 6702887590352465536


Saving to widebinaries/chains/thick/6702887590352465536.npy


Gaia DR3 4610319119317023616


Saving to widebinaries/chains/thick/4610319119317023616.npy


Gaia DR3 2266981870242648448


Saving to widebinaries/chains/thick/2266981870242648448.npy


Gaia DR3 6702887418552407552


Saving to widebinaries/chains/thick/6702887418552407552.npy


Gaia DR3 4606502168995314560


Saving to widebinaries/chains/thick/4606502168995314560.npy


Gaia DR3 6652222545516948096


Saving to widebinaries/chains/thick/6652222545516948096.npy


Gaia DR3 4606606382083654528


Saving to widebinaries/chains/thick/4606606382083654528.npy


Gaia DR3 6437150438963510912


Saving to widebinaries/chains/thick/6437150438963510912.npy


Gaia DR3 6437150438963510784


Saving to widebinaries/chains/thick/6437150438963510784.npy


Gaia DR3 4471072263792974208


Saving to widebinaries/chains/thick/4471072263792974208.npy


Gaia DR3 2125423291513447808


Saving to widebinaries/chains/thick/2125423291513447808.npy


Gaia DR3 4035920260557738496


Saving to widebinaries/chains/thick/4035920260557738496.npy


Gaia DR3 4498082935157622400


Saving to widebinaries/chains/thick/4498082935157622400.npy


Gaia DR3 4170899954423211776


Saving to widebinaries/chains/thick/4170899954423211776.npy


Gaia DR3 2159403487916761472


Saving to widebinaries/chains/thick/2159403487916761472.npy


Gaia DR3 6701493306526878080


Saving to widebinaries/chains/thick/6701493306526878080.npy


Gaia DR3 4590775957262823552


Saving to widebinaries/chains/thick/4590775957262823552.npy


fit-sed done
