Host: scc-gq4
Job:  ember  ID: 3229238  Task: 67
Cmd:  ember fit-sed widebinaries/widebinary_fluxes.pqt widebinaries/chains/thick/ --synthetic --xpphoto --numtasks=128
Warning: the passwords of all user accounts have been inactivated.              Please visit https://cas.cosmos.esa.int/cas/passwd to set a new one. Workaround solutions for the Gaia Archive issues following the infrastructure upgrade: https://www.cosmos.esa.int/web/gaia/news#WorkaroundArchive
['synthetic']
Total rows before filtering: 9477
Rows remaining after removing existing chains: 9476
Rows in this SGE task segment: 74
Bands selected: synthetic
Output directory: /projectnb/mesaelm/ember/widebinaries/chains/thick
mcmc
Bypassing Gaia archive queries temporarily with $EMBER_DIR/widebinaries/widebinary_fluxes.pqt
Nedler mode returns no errors, so assuming 5% error universally!
[1.49290834 1.42003037 1.34610476 1.27218875 1.19762042 1.13007946
 1.05509361 0.99733563 0.93015207 0.88181679 0.82898061 0.78163521
 0.73503799 0.69541353 0.66619626 0.62154845 0.58866829 0.56235899
 0.53157587 0.50467257 0.47871176 0.45783258 0.43639439 0.41680978]
Gaia DR3 3008111535532839296


Saving to widebinaries/chains/thick/3008111535532839296.npy


Gaia DR3 3370646628314237184


Saving to widebinaries/chains/thick/3370646628314237184.npy


Gaia DR3 995933337472284800


Saving to widebinaries/chains/thick/995933337472284800.npy


Gaia DR3 2895095312291078656


Saving to widebinaries/chains/thick/2895095312291078656.npy


Gaia DR3 995546141875666176


Saving to widebinaries/chains/thick/995546141875666176.npy


Gaia DR3 5556668708624351744


Saving to widebinaries/chains/thick/5556668708624351744.npy


Gaia DR3 2899799190538623360


Saving to widebinaries/chains/thick/2899799190538623360.npy


Gaia DR3 3433901257382765184


Saving to widebinaries/chains/thick/3433901257382765184.npy


Gaia DR3 2938201322063999744


Saving to widebinaries/chains/thick/2938201322063999744.npy


Gaia DR3 1114097027475654400


Saving to widebinaries/chains/thick/1114097027475654400.npy


Gaia DR3 2999543385019369856


Saving to widebinaries/chains/thick/2999543385019369856.npy


Gaia DR3 3331261438911560448


Saving to widebinaries/chains/thick/3331261438911560448.npy


Gaia DR3 5573450932555784576


Saving to widebinaries/chains/thick/5573450932555784576.npy


Gaia DR3 5556622666574960000


Saving to widebinaries/chains/thick/5556622666574960000.npy


Gaia DR3 3369544234764481024


Saving to widebinaries/chains/thick/3369544234764481024.npy


Gaia DR3 3125134821523398912


Saving to widebinaries/chains/thick/3125134821523398912.npy


Gaia DR3 5210735004467994368


Saving to widebinaries/chains/thick/5210735004467994368.npy


Gaia DR3 5279982964045369600


Saving to widebinaries/chains/thick/5279982964045369600.npy


Gaia DR3 3439162768415866112


Saving to widebinaries/chains/thick/3439162768415866112.npy


Gaia DR3 5552189680504567680


Saving to widebinaries/chains/thick/5552189680504567680.npy


Gaia DR3 1113705502552347008


Saving to widebinaries/chains/thick/1113705502552347008.npy


Gaia DR3 942871185491320448


Saving to widebinaries/chains/thick/942871185491320448.npy


Gaia DR3 5552100173387374080


Saving to widebinaries/chains/thick/5552100173387374080.npy


Gaia DR3 2951087426540385664


Saving to widebinaries/chains/thick/2951087426540385664.npy


Gaia DR3 942727866726515968


Saving to widebinaries/chains/thick/942727866726515968.npy


Gaia DR3 3116667692931012864


Saving to widebinaries/chains/thick/3116667692931012864.npy


Gaia DR3 2943989597947297536


Saving to widebinaries/chains/thick/2943989597947297536.npy


Gaia DR3 5495474190683387136


Saving to widebinaries/chains/thick/5495474190683387136.npy


Gaia DR3 5495474190684970496


Saving to widebinaries/chains/thick/5495474190684970496.npy


Gaia DR3 3369278767129521792


Saving to widebinaries/chains/thick/3369278767129521792.npy


Gaia DR3 958991159825742336


Saving to widebinaries/chains/thick/958991159825742336.npy


Gaia DR3 2936994191438762496


Saving to widebinaries/chains/thick/2936994191438762496.npy


Gaia DR3 3332289168747563776


Saving to widebinaries/chains/thick/3332289168747563776.npy


Gaia DR3 3432429634085351936


Saving to widebinaries/chains/thick/3432429634085351936.npy


Gaia DR3 959146225323196928


Saving to widebinaries/chains/thick/959146225323196928.npy


Gaia DR3 3438690253294393984


Saving to widebinaries/chains/thick/3438690253294393984.npy


Gaia DR3 3327488430402704000


Saving to widebinaries/chains/thick/3327488430402704000.npy


Gaia DR3 942461445610425856


Saving to widebinaries/chains/thick/942461445610425856.npy


Gaia DR3 967504918876604544


Saving to widebinaries/chains/thick/967504918876604544.npy


Gaia DR3 2937238592258343552


Saving to widebinaries/chains/thick/2937238592258343552.npy


Gaia DR3 2892410266242180864


Saving to widebinaries/chains/thick/2892410266242180864.npy


Gaia DR3 3435668864060964608


Saving to widebinaries/chains/thick/3435668864060964608.npy


Gaia DR3 2892378281623712000


Saving to widebinaries/chains/thick/2892378281623712000.npy


Gaia DR3 1006648215724459648


Saving to widebinaries/chains/thick/1006648215724459648.npy


Gaia DR3 1106723225761676544


Saving to widebinaries/chains/thick/1106723225761676544.npy


Gaia DR3 2891876453345967744


Saving to widebinaries/chains/thick/2891876453345967744.npy


Gaia DR3 5570253243504626304


Saving to widebinaries/chains/thick/5570253243504626304.npy


Gaia DR3 3324229885953813248


Saving to widebinaries/chains/thick/3324229885953813248.npy


Gaia DR3 959127258747686400


Saving to widebinaries/chains/thick/959127258747686400.npy


Gaia DR3 5496277448352075520


Saving to widebinaries/chains/thick/5496277448352075520.npy


Gaia DR3 3123870623669913984


Saving to widebinaries/chains/thick/3123870623669913984.npy


Gaia DR3 2924018240538492544


Saving to widebinaries/chains/thick/2924018240538492544.npy


Gaia DR3 1007588298165790720


Saving to widebinaries/chains/thick/1007588298165790720.npy


Gaia DR3 2899090147274581888


Saving to widebinaries/chains/thick/2899090147274581888.npy


Gaia DR3 3435605122449716864


Saving to widebinaries/chains/thick/3435605122449716864.npy


Gaia DR3 2936974640746632704


Saving to widebinaries/chains/thick/2936974640746632704.npy


Gaia DR3 2898843203833706624


Saving to widebinaries/chains/thick/2898843203833706624.npy


Gaia DR3 2951457755805076352


Saving to widebinaries/chains/thick/2951457755805076352.npy


Gaia DR3 958364128959466624


Saving to widebinaries/chains/thick/958364128959466624.npy


Gaia DR3 3117320802840630400


Saving to widebinaries/chains/thick/3117320802840630400.npy


Gaia DR3 2895564902541301248


Saving to widebinaries/chains/thick/2895564902541301248.npy


Gaia DR3 2895534631612896000


Saving to widebinaries/chains/thick/2895534631612896000.npy


Gaia DR3 3436023662718743168


Saving to widebinaries/chains/thick/3436023662718743168.npy


Gaia DR3 964983150306031616


Saving to widebinaries/chains/thick/964983150306031616.npy


Gaia DR3 2943816424872808192


Saving to widebinaries/chains/thick/2943816424872808192.npy


Gaia DR3 2943816424871800192


Saving to widebinaries/chains/thick/2943816424871800192.npy


Gaia DR3 3124006761248364544


Saving to widebinaries/chains/thick/3124006761248364544.npy


Gaia DR3 2924596304483012480


Saving to widebinaries/chains/thick/2924596304483012480.npy


Gaia DR3 3003361129903452288


Saving to widebinaries/chains/thick/3003361129903452288.npy


Gaia DR3 3002964652883370368


Saving to widebinaries/chains/thick/3002964652883370368.npy


Gaia DR3 3324408694033126528


Saving to widebinaries/chains/thick/3324408694033126528.npy


Gaia DR3 3003421774843247616


Saving to widebinaries/chains/thick/3003421774843247616.npy


Gaia DR3 3383520878685023360


Saving to widebinaries/chains/thick/3383520878685023360.npy


Gaia DR3 2894873657621474816


Saving to widebinaries/chains/thick/2894873657621474816.npy


fit-sed done
