Host: scc-gp4
Job:  ember  ID: 3229238  Task: 100
Cmd:  ember fit-sed widebinaries/widebinary_fluxes.pqt widebinaries/chains/thick/ --synthetic --xpphoto --numtasks=128
Warning: the passwords of all user accounts have been inactivated.              Please visit https://cas.cosmos.esa.int/cas/passwd to set a new one. Workaround solutions for the Gaia Archive issues following the infrastructure upgrade: https://www.cosmos.esa.int/web/gaia/news#WorkaroundArchive
['synthetic']
Total rows before filtering: 9477
Rows remaining after removing existing chains: 9476
Rows in this SGE task segment: 74
Bands selected: synthetic
Output directory: /projectnb/mesaelm/ember/widebinaries/chains/thick
mcmc
Bypassing Gaia archive queries temporarily with $EMBER_DIR/widebinaries/widebinary_fluxes.pqt
Nedler mode returns no errors, so assuming 5% error universally!
[1.49290834 1.42003037 1.34610476 1.27218875 1.19762042 1.13007946
 1.05509361 0.99733563 0.93015207 0.88181679 0.82898061 0.78163521
 0.73503799 0.69541353 0.66619626 0.62154845 0.58866829 0.56235899
 0.53157587 0.50467257 0.47871176 0.45783258 0.43639439 0.41680978]
Gaia DR3 6153596152618032896


Saving to widebinaries/chains/thick/6153596152618032896.npy


Gaia DR3 3682900371460296576


Saving to widebinaries/chains/thick/3682900371460296576.npy


Gaia DR3 1541323334283923200


Saving to widebinaries/chains/thick/1541323334283923200.npy


Gaia DR3 6160221736672454400


Saving to widebinaries/chains/thick/6160221736672454400.npy


Gaia DR3 6079204600337957632


Saving to widebinaries/chains/thick/6079204600337957632.npy


Gaia DR3 3471035647702731648


Saving to widebinaries/chains/thick/3471035647702731648.npy


Gaia DR3 3471035651997200384


Saving to widebinaries/chains/thick/3471035651997200384.npy


Gaia DR3 1568524083723777280


Saving to widebinaries/chains/thick/1568524083723777280.npy


Gaia DR3 6059699165311792384


Saving to widebinaries/chains/thick/6059699165311792384.npy


Gaia DR3 6127993818207078656


Saving to widebinaries/chains/thick/6127993818207078656.npy


Gaia DR3 1689721193164288384


Saving to widebinaries/chains/thick/1689721193164288384.npy


Gaia DR3 1692182175066101376


Saving to widebinaries/chains/thick/1692182175066101376.npy


Gaia DR3 6073246041883366912


Saving to widebinaries/chains/thick/6073246041883366912.npy


Gaia DR3 3961289396992499456


Saving to widebinaries/chains/thick/3961289396992499456.npy


Gaia DR3 1521307274856035840


Saving to widebinaries/chains/thick/1521307274856035840.npy


Gaia DR3 6153079416513336960


Saving to widebinaries/chains/thick/6153079416513336960.npy


Gaia DR3 6077807945692600704


Saving to widebinaries/chains/thick/6077807945692600704.npy


Gaia DR3 3962525561590577408


Saving to widebinaries/chains/thick/3962525561590577408.npy


Gaia DR3 1580749656593029632


Saving to widebinaries/chains/thick/1580749656593029632.npy


Gaia DR3 3928724512568932992


Saving to widebinaries/chains/thick/3928724512568932992.npy


Gaia DR3 3496380597611439744


Saving to widebinaries/chains/thick/3496380597611439744.npy


Gaia DR3 3955445978019368576


Saving to widebinaries/chains/thick/3955445978019368576.npy


Gaia DR3 3683046022391105920


Saving to widebinaries/chains/thick/3683046022391105920.npy


Gaia DR3 3675345219043959680


Saving to widebinaries/chains/thick/3675345219043959680.npy


Gaia DR3 3961323069532233984


Saving to widebinaries/chains/thick/3961323069532233984.npy


Gaia DR3 1567773362097392512


Saving to widebinaries/chains/thick/1567773362097392512.npy


Gaia DR3 1692021543289085184


Saving to widebinaries/chains/thick/1692021543289085184.npy


Gaia DR3 1570828286435383424


Saving to widebinaries/chains/thick/1570828286435383424.npy


Gaia DR3 3935998709699528960


Saving to widebinaries/chains/thick/3935998709699528960.npy


Gaia DR3 3929166408868873344


Saving to widebinaries/chains/thick/3929166408868873344.npy


Gaia DR3 6060865334796682624


Saving to widebinaries/chains/thick/6060865334796682624.npy


Gaia DR3 3530557404729323136


Saving to widebinaries/chains/thick/3530557404729323136.npy


Gaia DR3 3681978259162881792


Saving to widebinaries/chains/thick/3681978259162881792.npy


Gaia DR3 1580126577097365504


Saving to widebinaries/chains/thick/1580126577097365504.npy


Gaia DR3 1580126370938935424


Saving to widebinaries/chains/thick/1580126370938935424.npy


Gaia DR3 3936094878312557184


Saving to widebinaries/chains/thick/3936094878312557184.npy


Gaia DR3 3683717068081040896


Saving to widebinaries/chains/thick/3683717068081040896.npy


Gaia DR3 3932387191959392256


Saving to widebinaries/chains/thick/3932387191959392256.npy


Gaia DR3 1578040258079246592


Saving to widebinaries/chains/thick/1578040258079246592.npy


Gaia DR3 1580122557007924096


Saving to widebinaries/chains/thick/1580122557007924096.npy


Gaia DR3 3710753479189441024


Saving to widebinaries/chains/thick/3710753479189441024.npy


Gaia DR3 6078466901049682304


Saving to widebinaries/chains/thick/6078466901049682304.npy


Gaia DR3 6160864439873785856


Saving to widebinaries/chains/thick/6160864439873785856.npy


Gaia DR3 6160870998289601408


Saving to widebinaries/chains/thick/6160870998289601408.npy


Gaia DR3 3683519503881169920


Saving to widebinaries/chains/thick/3683519503881169920.npy


Gaia DR3 3681806460470915072


Saving to widebinaries/chains/thick/3681806460470915072.npy


Gaia DR3 3954167379139173632


Saving to widebinaries/chains/thick/3954167379139173632.npy


Gaia DR3 3929063123495888512


Saving to widebinaries/chains/thick/3929063123495888512.npy


Gaia DR3 3521869476165328256


Saving to widebinaries/chains/thick/3521869476165328256.npy


Gaia DR3 6154144976424002816


Saving to widebinaries/chains/thick/6154144976424002816.npy


Gaia DR3 3495018676364002304


Saving to widebinaries/chains/thick/3495018676364002304.npy


Gaia DR3 1568292396009852544


Saving to widebinaries/chains/thick/1568292396009852544.npy


Gaia DR3 1580338473603959808


Saving to widebinaries/chains/thick/1580338473603959808.npy


Gaia DR3 3930922058356114560


Saving to widebinaries/chains/thick/3930922058356114560.npy


Gaia DR3 3522681087544051456


Saving to widebinaries/chains/thick/3522681087544051456.npy


Gaia DR3 1579901250228323584


Saving to widebinaries/chains/thick/1579901250228323584.npy


Gaia DR3 5858369824506852864


Saving to widebinaries/chains/thick/5858369824506852864.npy


Gaia DR3 1570574260593313152


Saving to widebinaries/chains/thick/1570574260593313152.npy


Gaia DR3 1570574230528214400


Saving to widebinaries/chains/thick/1570574230528214400.npy


Gaia DR3 6155384813224015232


Saving to widebinaries/chains/thick/6155384813224015232.npy


Gaia DR3 6073767485285583360


Saving to widebinaries/chains/thick/6073767485285583360.npy


Gaia DR3 3498518529249147904


Saving to widebinaries/chains/thick/3498518529249147904.npy


Gaia DR3 6152987194974965760


Saving to widebinaries/chains/thick/6152987194974965760.npy


Gaia DR3 1528722694807934720


Saving to widebinaries/chains/thick/1528722694807934720.npy


Gaia DR3 1570548009752602240


Saving to widebinaries/chains/thick/1570548009752602240.npy


Gaia DR3 3927813116213797760


Saving to widebinaries/chains/thick/3927813116213797760.npy


Gaia DR3 5863079273332761728


Saving to widebinaries/chains/thick/5863079273332761728.npy


Gaia DR3 5862773914031649408


Saving to widebinaries/chains/thick/5862773914031649408.npy


Gaia DR3 5858143428204493952


Saving to widebinaries/chains/thick/5858143428204493952.npy


Gaia DR3 3626643038685765376


Saving to widebinaries/chains/thick/3626643038685765376.npy


Gaia DR3 3733855386719140224


Saving to widebinaries/chains/thick/3733855386719140224.npy


Gaia DR3 3930951809593631360


Saving to widebinaries/chains/thick/3930951809593631360.npy


Gaia DR3 3934512341778701312


Saving to widebinaries/chains/thick/3934512341778701312.npy


Gaia DR3 6159300693821280000


Saving to widebinaries/chains/thick/6159300693821280000.npy


fit-sed done
