Host: scc-mh3
Job:  ember  ID: 3229238  Task: 43
Cmd:  ember fit-sed widebinaries/widebinary_fluxes.pqt widebinaries/chains/thick/ --synthetic --xpphoto --numtasks=128
Warning: the passwords of all user accounts have been inactivated.              Please visit https://cas.cosmos.esa.int/cas/passwd to set a new one. Workaround solutions for the Gaia Archive issues following the infrastructure upgrade: https://www.cosmos.esa.int/web/gaia/news#WorkaroundArchive
['synthetic']
Total rows before filtering: 9477
Rows remaining after removing existing chains: 9476
Rows in this SGE task segment: 74
Bands selected: synthetic
Output directory: /projectnb/mesaelm/ember/widebinaries/chains/thick
mcmc
Bypassing Gaia archive queries temporarily with $EMBER_DIR/widebinaries/widebinary_fluxes.pqt
Nedler mode returns no errors, so assuming 5% error universally!
[1.49290834 1.42003037 1.34610476 1.27218875 1.19762042 1.13007946
 1.05509361 0.99733563 0.93015207 0.88181679 0.82898061 0.78163521
 0.73503799 0.69541353 0.66619626 0.62154845 0.58866829 0.56235899
 0.53157587 0.50467257 0.47871176 0.45783258 0.43639439 0.41680978]
Gaia DR3 5140933603995526656


Saving to widebinaries/chains/thick/5140933603995526656.npy


Gaia DR3 5140933608291107200


Saving to widebinaries/chains/thick/5140933608291107200.npy


Gaia DR3 4711565418472312960


Saving to widebinaries/chains/thick/4711565418472312960.npy


Gaia DR3 4717562498487536128


Saving to widebinaries/chains/thick/4717562498487536128.npy


Gaia DR3 4717562498486739456


Saving to widebinaries/chains/thick/4717562498486739456.npy


Gaia DR3 357569771288217728


Saving to widebinaries/chains/thick/357569771288217728.npy


Gaia DR3 518201792978858880


Saving to widebinaries/chains/thick/518201792978858880.npy


Gaia DR3 4719590788203965440


Saving to widebinaries/chains/thick/4719590788203965440.npy


Gaia DR3 534411789820822272


Saving to widebinaries/chains/thick/534411789820822272.npy


Gaia DR3 5140868938967811072


Saving to widebinaries/chains/thick/5140868938967811072.npy


Gaia DR3 2569277680172652928


Saving to widebinaries/chains/thick/2569277680172652928.npy


Gaia DR3 2567985857088744064


Saving to widebinaries/chains/thick/2567985857088744064.npy


Gaia DR3 4719299997441556992


Saving to widebinaries/chains/thick/4719299997441556992.npy


Gaia DR3 298178379402860288


Saving to widebinaries/chains/thick/298178379402860288.npy


Gaia DR3 2512937604853414528


Saving to widebinaries/chains/thick/2512937604853414528.npy


Gaia DR3 4714563374364671872


Saving to widebinaries/chains/thick/4714563374364671872.npy


Gaia DR3 2511698730127447424


Saving to widebinaries/chains/thick/2511698730127447424.npy


Gaia DR3 5019163825090490368


Saving to widebinaries/chains/thick/5019163825090490368.npy


Gaia DR3 4942530548989184384


Saving to widebinaries/chains/thick/4942530548989184384.npy


Gaia DR3 504685938912308224


Saving to widebinaries/chains/thick/504685938912308224.npy


Gaia DR3 2573966410070436224


Saving to widebinaries/chains/thick/2573966410070436224.npy


Gaia DR3 97294340834478208


Saving to widebinaries/chains/thick/97294340834478208.npy


Gaia DR3 2504876741512820864


Saving to widebinaries/chains/thick/2504876741512820864.npy


Gaia DR3 357479272034582528


Saving to widebinaries/chains/thick/357479272034582528.npy


Gaia DR3 346041636683590528


Saving to widebinaries/chains/thick/346041636683590528.npy


Gaia DR3 97082173743761152


Saving to widebinaries/chains/thick/97082173743761152.npy


Gaia DR3 2518936059258271232


Saving to widebinaries/chains/thick/2518936059258271232.npy


Gaia DR3 4960915478622494080


Saving to widebinaries/chains/thick/4960915478622494080.npy


Gaia DR3 5017210100303920128


Saving to widebinaries/chains/thick/5017210100303920128.npy


Gaia DR3 299129182083300352


Saving to widebinaries/chains/thick/299129182083300352.npy


Gaia DR3 4942195988218119168


Saving to widebinaries/chains/thick/4942195988218119168.npy


Gaia DR3 5018075759550468608


Saving to widebinaries/chains/thick/5018075759550468608.npy


Gaia DR3 304578155551739648


Saving to widebinaries/chains/thick/304578155551739648.npy


Gaia DR3 5122240020833180416


Saving to widebinaries/chains/thick/5122240020833180416.npy


Gaia DR3 2567244958050861824


Saving to widebinaries/chains/thick/2567244958050861824.npy


Gaia DR3 4719760486655533568


Saving to widebinaries/chains/thick/4719760486655533568.npy


Gaia DR3 343397586099356160


Saving to widebinaries/chains/thick/343397586099356160.npy


Gaia DR3 300721515441972608


Saving to widebinaries/chains/thick/300721515441972608.npy


Gaia DR3 4957379552306648064


Saving to widebinaries/chains/thick/4957379552306648064.npy


Gaia DR3 357623342415672960


Saving to widebinaries/chains/thick/357623342415672960.npy


Gaia DR3 4713428815803710080


Saving to widebinaries/chains/thick/4713428815803710080.npy


Gaia DR3 4714360510173404032


Saving to widebinaries/chains/thick/4714360510173404032.npy


Gaia DR3 5149221482127801728


Saving to widebinaries/chains/thick/5149221482127801728.npy


Gaia DR3 521406968154191104


Saving to widebinaries/chains/thick/521406968154191104.npy


Gaia DR3 521406968152848640


Saving to widebinaries/chains/thick/521406968152848640.npy


Gaia DR3 4636644593077501056


Saving to widebinaries/chains/thick/4636644593077501056.npy


Gaia DR3 356649415633450240


Saving to widebinaries/chains/thick/356649415633450240.npy


Gaia DR3 508627344501773952


Saving to widebinaries/chains/thick/508627344501773952.npy


Gaia DR3 92630590465904384


Saving to widebinaries/chains/thick/92630590465904384.npy


Gaia DR3 4969513973083878784


Saving to widebinaries/chains/thick/4969513973083878784.npy


Gaia DR3 2574640827310228992


Saving to widebinaries/chains/thick/2574640827310228992.npy


Gaia DR3 2567879174396643072


Saving to widebinaries/chains/thick/2567879174396643072.npy


Gaia DR3 4967882469627176448


Saving to widebinaries/chains/thick/4967882469627176448.npy


Gaia DR3 2505031119818267136


Saving to widebinaries/chains/thick/2505031119818267136.npy


Gaia DR3 2570595204340077184


Saving to widebinaries/chains/thick/2570595204340077184.npy


Gaia DR3 346662512860939264


Saving to widebinaries/chains/thick/346662512860939264.npy


Gaia DR3 5147930591051748480


Saving to widebinaries/chains/thick/5147930591051748480.npy


Gaia DR3 4968770565784701568


Saving to widebinaries/chains/thick/4968770565784701568.npy


Gaia DR3 76977912867771392


Saving to widebinaries/chains/thick/76977912867771392.npy


Gaia DR3 345808570283216256


Saving to widebinaries/chains/thick/345808570283216256.npy


Gaia DR3 103999471976858496


Saving to widebinaries/chains/thick/103999471976858496.npy


Gaia DR3 330963788918446848


Saving to widebinaries/chains/thick/330963788918446848.npy


Gaia DR3 359329470930119552


Saving to widebinaries/chains/thick/359329470930119552.npy


Gaia DR3 559299750914631424


Saving to widebinaries/chains/thick/559299750914631424.npy


Gaia DR3 2569398935690514176


Saving to widebinaries/chains/thick/2569398935690514176.npy


Gaia DR3 359862974586350848


Saving to widebinaries/chains/thick/359862974586350848.npy


Gaia DR3 2463426497470288640


Saving to widebinaries/chains/thick/2463426497470288640.npy


Gaia DR3 2508290557613898752


Saving to widebinaries/chains/thick/2508290557613898752.npy


Gaia DR3 356839042732924416


Saving to widebinaries/chains/thick/356839042732924416.npy


Gaia DR3 4969237171031590528


Saving to widebinaries/chains/thick/4969237171031590528.npy


Gaia DR3 4942340024239983232


Saving to widebinaries/chains/thick/4942340024239983232.npy


Gaia DR3 5136905543147266688


Saving to widebinaries/chains/thick/5136905543147266688.npy


Gaia DR3 521329590020172928


Saving to widebinaries/chains/thick/521329590020172928.npy


Gaia DR3 508832373363841664


Saving to widebinaries/chains/thick/508832373363841664.npy


fit-sed done
