Host: scc-mh6
Job:  ember  ID: 3229238  Task: 101
Cmd:  ember fit-sed widebinaries/widebinary_fluxes.pqt widebinaries/chains/thick/ --synthetic --xpphoto --numtasks=128
Warning: the passwords of all user accounts have been inactivated.              Please visit https://cas.cosmos.esa.int/cas/passwd to set a new one. Workaround solutions for the Gaia Archive issues following the infrastructure upgrade: https://www.cosmos.esa.int/web/gaia/news#WorkaroundArchive
['synthetic']
Total rows before filtering: 9477
Rows remaining after removing existing chains: 9476
Rows in this SGE task segment: 74
Bands selected: synthetic
Output directory: /projectnb/mesaelm/ember/widebinaries/chains/thick
mcmc
Bypassing Gaia archive queries temporarily with $EMBER_DIR/widebinaries/widebinary_fluxes.pqt
Nedler mode returns no errors, so assuming 5% error universally!
[1.49290834 1.42003037 1.34610476 1.27218875 1.19762042 1.13007946
 1.05509361 0.99733563 0.93015207 0.88181679 0.82898061 0.78163521
 0.73503799 0.69541353 0.66619626 0.62154845 0.58866829 0.56235899
 0.53157587 0.50467257 0.47871176 0.45783258 0.43639439 0.41680978]
Gaia DR3 1530396937482721280


Saving to widebinaries/chains/thick/1530396937482721280.npy


Gaia DR3 5782849387307271808


Saving to widebinaries/chains/thick/5782849387307271808.npy


Gaia DR3 6155564858253131008


Saving to widebinaries/chains/thick/6155564858253131008.npy


Gaia DR3 3929800350337579648


Saving to widebinaries/chains/thick/3929800350337579648.npy


Gaia DR3 6138569470799038208


Saving to widebinaries/chains/thick/6138569470799038208.npy


Gaia DR3 1465046639252791936


Saving to widebinaries/chains/thick/1465046639252791936.npy


Gaia DR3 6140410087623581440


Saving to widebinaries/chains/thick/6140410087623581440.npy


Gaia DR3 1719866434743531904


Saving to widebinaries/chains/thick/1719866434743531904.npy


Gaia DR3 6057158228295138944


Saving to widebinaries/chains/thick/6057158228295138944.npy


Gaia DR3 5838805114592915968


Saving to widebinaries/chains/thick/5838805114592915968.npy


Gaia DR3 6135151054789910912


Saving to widebinaries/chains/thick/6135151054789910912.npy


Gaia DR3 3626784012397400832


Saving to widebinaries/chains/thick/3626784012397400832.npy


Gaia DR3 3941164966946431360


Saving to widebinaries/chains/thick/3941164966946431360.npy


Gaia DR3 6154566604775164672


Saving to widebinaries/chains/thick/6154566604775164672.npy


Gaia DR3 6140186989842194176


Saving to widebinaries/chains/thick/6140186989842194176.npy


Gaia DR3 3930720263611949056


Saving to widebinaries/chains/thick/3930720263611949056.npy


Gaia DR3 3930720057454344960


Saving to widebinaries/chains/thick/3930720057454344960.npy


Gaia DR3 3682458814461982592


Saving to widebinaries/chains/thick/3682458814461982592.npy


Gaia DR3 3682458986260679808


Saving to widebinaries/chains/thick/3682458986260679808.npy


Gaia DR3 6138653957100367232


Saving to widebinaries/chains/thick/6138653957100367232.npy


Gaia DR3 3941964964734084864


Saving to widebinaries/chains/thick/3941964964734084864.npy


Gaia DR3 1527242064961738880


Saving to widebinaries/chains/thick/1527242064961738880.npy


Gaia DR3 3931611963247433344


Saving to widebinaries/chains/thick/3931611963247433344.npy


Gaia DR3 6138896919106096256


Saving to widebinaries/chains/thick/6138896919106096256.npy


Gaia DR3 1579492163183241984


Saving to widebinaries/chains/thick/1579492163183241984.npy


Gaia DR3 6135577734019997952


Saving to widebinaries/chains/thick/6135577734019997952.npy


Gaia DR3 3526180897479427328


Saving to widebinaries/chains/thick/3526180897479427328.npy


Gaia DR3 5863122429179888000


Saving to widebinaries/chains/thick/5863122429179888000.npy


Gaia DR3 1464104190283536000


Saving to widebinaries/chains/thick/1464104190283536000.npy


Gaia DR3 1526761883321880960


Saving to widebinaries/chains/thick/1526761883321880960.npy


Gaia DR3 6185671861738097920


Saving to widebinaries/chains/thick/6185671861738097920.npy


Gaia DR3 6134116517432601856


Saving to widebinaries/chains/thick/6134116517432601856.npy


Gaia DR3 6061504116720537472


Saving to widebinaries/chains/thick/6061504116720537472.npy


Gaia DR3 1570271658673389568


Saving to widebinaries/chains/thick/1570271658673389568.npy


Gaia DR3 5841990949544998784


Saving to widebinaries/chains/thick/5841990949544998784.npy


Gaia DR3 1528594636063458688


Saving to widebinaries/chains/thick/1528594636063458688.npy


Gaia DR3 1528596590271942272


Saving to widebinaries/chains/thick/1528596590271942272.npy


Gaia DR3 6085610664322159744


Saving to widebinaries/chains/thick/6085610664322159744.npy


Gaia DR3 3524537093236071424


Saving to widebinaries/chains/thick/3524537093236071424.npy


Gaia DR3 3944336959207598720


Saving to widebinaries/chains/thick/3944336959207598720.npy


Gaia DR3 3510161807632140672


Saving to widebinaries/chains/thick/3510161807632140672.npy


Gaia DR3 1516442008918967296


Saving to widebinaries/chains/thick/1516442008918967296.npy


Gaia DR3 1716334013121050880


Saving to widebinaries/chains/thick/1716334013121050880.npy


Gaia DR3 5856994679060912128


Saving to widebinaries/chains/thick/5856994679060912128.npy


Gaia DR3 3705070756419217408


Saving to widebinaries/chains/thick/3705070756419217408.npy


Gaia DR3 3957500170681359104


Saving to widebinaries/chains/thick/3957500170681359104.npy


Gaia DR3 6061843659642419072


Saving to widebinaries/chains/thick/6061843659642419072.npy


Gaia DR3 3704393560335039488


Saving to widebinaries/chains/thick/3704393560335039488.npy


Gaia DR3 1578748824604827648


Saving to widebinaries/chains/thick/1578748824604827648.npy


Gaia DR3 1578748858964566400


Saving to widebinaries/chains/thick/1578748858964566400.npy


Gaia DR3 1516545839751897856


Saving to widebinaries/chains/thick/1516545839751897856.npy


Gaia DR3 1527713579355402624


Saving to widebinaries/chains/thick/1527713579355402624.npy


Gaia DR3 3937618084168564992


Saving to widebinaries/chains/thick/3937618084168564992.npy


Gaia DR3 6142227374185556864


Saving to widebinaries/chains/thick/6142227374185556864.npy


Gaia DR3 6187146135032473344


Saving to widebinaries/chains/thick/6187146135032473344.npy


Gaia DR3 3509415411034926592


Saving to widebinaries/chains/thick/3509415411034926592.npy


Gaia DR3 3737424259729387264


Saving to widebinaries/chains/thick/3737424259729387264.npy


Gaia DR3 3734180047591687936


Saving to widebinaries/chains/thick/3734180047591687936.npy


Gaia DR3 6079989037475886720


Saving to widebinaries/chains/thick/6079989037475886720.npy


Gaia DR3 6179312973678864512


Saving to widebinaries/chains/thick/6179312973678864512.npy


Gaia DR3 6142216241630302976


Saving to widebinaries/chains/thick/6142216241630302976.npy


Gaia DR3 1557593018294759168


Saving to widebinaries/chains/thick/1557593018294759168.npy


Gaia DR3 6057003300225300736


Saving to widebinaries/chains/thick/6057003300225300736.npy


Gaia DR3 1523397828713912192


Saving to widebinaries/chains/thick/1523397828713912192.npy


Gaia DR3 1527509448149913344


Saving to widebinaries/chains/thick/1527509448149913344.npy


Gaia DR3 6085748137632995712


Saving to widebinaries/chains/thick/6085748137632995712.npy


Gaia DR3 3737073687317463168


Saving to widebinaries/chains/thick/3737073687317463168.npy


Gaia DR3 6066648044434556032


Saving to widebinaries/chains/thick/6066648044434556032.npy


Gaia DR3 6142758502726375552


Saving to widebinaries/chains/thick/6142758502726375552.npy


Gaia DR3 6154775821221234176


Saving to widebinaries/chains/thick/6154775821221234176.npy


Gaia DR3 5857411050374506112


Saving to widebinaries/chains/thick/5857411050374506112.npy


Gaia DR3 6140960766855198464


Saving to widebinaries/chains/thick/6140960766855198464.npy


Gaia DR3 3734208978490998528


Saving to widebinaries/chains/thick/3734208978490998528.npy


Gaia DR3 3678219101920411904


Saving to widebinaries/chains/thick/3678219101920411904.npy


fit-sed done
