Host: scc-mf8
Job:  ember  ID: 3229238  Task: 115
Cmd:  ember fit-sed widebinaries/widebinary_fluxes.pqt widebinaries/chains/thick/ --synthetic --xpphoto --numtasks=128
Warning: the passwords of all user accounts have been inactivated.              Please visit https://cas.cosmos.esa.int/cas/passwd to set a new one. Workaround solutions for the Gaia Archive issues following the infrastructure upgrade: https://www.cosmos.esa.int/web/gaia/news#WorkaroundArchive
['synthetic']
Total rows before filtering: 9477
Rows remaining after removing existing chains: 9476
Rows in this SGE task segment: 74
Bands selected: synthetic
Output directory: /projectnb/mesaelm/ember/widebinaries/chains/thick
mcmc
Bypassing Gaia archive queries temporarily with $EMBER_DIR/widebinaries/widebinary_fluxes.pqt
Nedler mode returns no errors, so assuming 5% error universally!
[1.49290834 1.42003037 1.34610476 1.27218875 1.19762042 1.13007946
 1.05509361 0.99733563 0.93015207 0.88181679 0.82898061 0.78163521
 0.73503799 0.69541353 0.66619626 0.62154845 0.58866829 0.56235899
 0.53157587 0.50467257 0.47871176 0.45783258 0.43639439 0.41680978]
Gaia DR3 1397065518934383616


Saving to widebinaries/chains/thick/1397065518934383616.npy


Gaia DR3 1642781186349994240


Saving to widebinaries/chains/thick/1642781186349994240.npy


Gaia DR3 1627198460885106944


Saving to widebinaries/chains/thick/1627198460885106944.npy


Gaia DR3 5822344326015259904


Saving to widebinaries/chains/thick/5822344326015259904.npy


Gaia DR3 6011735203904559488


Saving to widebinaries/chains/thick/6011735203904559488.npy


Gaia DR3 4403274517096777728


Saving to widebinaries/chains/thick/4403274517096777728.npy


Gaia DR3 4426460262387977856


Saving to widebinaries/chains/thick/4426460262387977856.npy


Gaia DR3 1204122565656852864


Saving to widebinaries/chains/thick/1204122565656852864.npy


Gaia DR3 1189620767500002560


Saving to widebinaries/chains/thick/1189620767500002560.npy


Gaia DR3 4396555611996513152


Saving to widebinaries/chains/thick/4396555611996513152.npy


Gaia DR3 5885070742834810880


Saving to widebinaries/chains/thick/5885070742834810880.npy


Gaia DR3 1202830540713287936


Saving to widebinaries/chains/thick/1202830540713287936.npy


Gaia DR3 5987589477580185728


Saving to widebinaries/chains/thick/5987589477580185728.npy


Gaia DR3 4346356785855336576


Saving to widebinaries/chains/thick/4346356785855336576.npy


Gaia DR3 6267538233372107648


Saving to widebinaries/chains/thick/6267538233372107648.npy


Gaia DR3 1373395266972223232


Saving to widebinaries/chains/thick/1373395266972223232.npy


Gaia DR3 5884615884312829184


Saving to widebinaries/chains/thick/5884615884312829184.npy


Gaia DR3 1641186069855089536


Saving to widebinaries/chains/thick/1641186069855089536.npy


Gaia DR3 1640349410227024896


Saving to widebinaries/chains/thick/1640349410227024896.npy


Gaia DR3 6237284758612467712


Saving to widebinaries/chains/thick/6237284758612467712.npy


Gaia DR3 1204454485026467200


Saving to widebinaries/chains/thick/1204454485026467200.npy


Gaia DR3 1398291165161647872


Saving to widebinaries/chains/thick/1398291165161647872.npy


Gaia DR3 1398291165161649280


Saving to widebinaries/chains/thick/1398291165161649280.npy


Gaia DR3 1372946666226837632


Saving to widebinaries/chains/thick/1372946666226837632.npy


Gaia DR3 6263604863663750784


Saving to widebinaries/chains/thick/6263604863663750784.npy


Gaia DR3 6039733958272827904


Saving to widebinaries/chains/thick/6039733958272827904.npy


Gaia DR3 6247767360739191680


Saving to widebinaries/chains/thick/6247767360739191680.npy


Gaia DR3 1371753799190180992


Saving to widebinaries/chains/thick/1371753799190180992.npy


Gaia DR3 1371709479423611904


Saving to widebinaries/chains/thick/1371709479423611904.npy


Gaia DR3 1191597517607615104


Saving to widebinaries/chains/thick/1191597517607615104.npy


Gaia DR3 6011432627749466496


Saving to widebinaries/chains/thick/6011432627749466496.npy


Gaia DR3 5982595053413029120


Saving to widebinaries/chains/thick/5982595053413029120.npy


Gaia DR3 6039638438198068096


Saving to widebinaries/chains/thick/6039638438198068096.npy


Gaia DR3 1642722426904507904


Saving to widebinaries/chains/thick/1642722426904507904.npy


Gaia DR3 6040702245754155520


Saving to widebinaries/chains/thick/6040702245754155520.npy


Gaia DR3 5988536676785121536


Saving to widebinaries/chains/thick/5988536676785121536.npy


Gaia DR3 6248519220532006912


Saving to widebinaries/chains/thick/6248519220532006912.npy


Gaia DR3 5995568156721722752


Saving to widebinaries/chains/thick/5995568156721722752.npy


Gaia DR3 5995568156744641408


Saving to widebinaries/chains/thick/5995568156744641408.npy


Gaia DR3 5819595336493225472


Saving to widebinaries/chains/thick/5819595336493225472.npy


Gaia DR3 1369861200377513088


Saving to widebinaries/chains/thick/1369861200377513088.npy


Gaia DR3 6248279939316190464


Saving to widebinaries/chains/thick/6248279939316190464.npy


Gaia DR3 1204247364523767168


Saving to widebinaries/chains/thick/1204247364523767168.npy


Gaia DR3 1321738565727229056


Saving to widebinaries/chains/thick/1321738565727229056.npy


Gaia DR3 6262585311446718080


Saving to widebinaries/chains/thick/6262585311446718080.npy


Gaia DR3 4426983771659623936


Saving to widebinaries/chains/thick/4426983771659623936.npy


Gaia DR3 1218784312695111296


Saving to widebinaries/chains/thick/1218784312695111296.npy


Gaia DR3 5996086988787622400


Saving to widebinaries/chains/thick/5996086988787622400.npy


Gaia DR3 4346423585487436800


Saving to widebinaries/chains/thick/4346423585487436800.npy


Gaia DR3 5836077157662942208


Saving to widebinaries/chains/thick/5836077157662942208.npy


Gaia DR3 5996115296907424896


Saving to widebinaries/chains/thick/5996115296907424896.npy


Gaia DR3 1626723334422140160


Saving to widebinaries/chains/thick/1626723334422140160.npy


Gaia DR3 1218662305561020672


Saving to widebinaries/chains/thick/1218662305561020672.npy


Gaia DR3 4454302237563072768


Saving to widebinaries/chains/thick/4454302237563072768.npy


Gaia DR3 6039805147345576448


Saving to widebinaries/chains/thick/6039805147345576448.npy


Gaia DR3 1321482375222633216


Saving to widebinaries/chains/thick/1321482375222633216.npy


Gaia DR3 1373493230881144448


Saving to widebinaries/chains/thick/1373493230881144448.npy


Gaia DR3 5981257806743601792


Saving to widebinaries/chains/thick/5981257806743601792.npy


Gaia DR3 5998049513967312512


Saving to widebinaries/chains/thick/5998049513967312512.npy


Gaia DR3 5998049513957889536


Saving to widebinaries/chains/thick/5998049513957889536.npy


Gaia DR3 1400015203689753856


Saving to widebinaries/chains/thick/1400015203689753856.npy


Gaia DR3 4347700805681797120


Saving to widebinaries/chains/thick/4347700805681797120.npy


Gaia DR3 5994716035209783552


Saving to widebinaries/chains/thick/5994716035209783552.npy


Gaia DR3 5994716035209781632


Saving to widebinaries/chains/thick/5994716035209781632.npy


Gaia DR3 5781526571745513600


Saving to widebinaries/chains/thick/5781526571745513600.npy


Gaia DR3 1191362939375127296


Saving to widebinaries/chains/thick/1191362939375127296.npy


Gaia DR3 4454924866084349312


Saving to widebinaries/chains/thick/4454924866084349312.npy


Gaia DR3 4455997237817243776


Saving to widebinaries/chains/thick/4455997237817243776.npy


Gaia DR3 1372297061013790336


Saving to widebinaries/chains/thick/1372297061013790336.npy


Gaia DR3 1203312813999856896


Saving to widebinaries/chains/thick/1203312813999856896.npy


Gaia DR3 6010197158941961856


Saving to widebinaries/chains/thick/6010197158941961856.npy


Gaia DR3 1220062430539961344


Saving to widebinaries/chains/thick/1220062430539961344.npy


Gaia DR3 4398028747119936384


Saving to widebinaries/chains/thick/4398028747119936384.npy


Gaia DR3 1202662482934564736


Saving to widebinaries/chains/thick/1202662482934564736.npy


fit-sed done
