Host: scc-gp4
Job:  ember  ID: 3229238  Task: 118
Cmd:  ember fit-sed widebinaries/widebinary_fluxes.pqt widebinaries/chains/thick/ --synthetic --xpphoto --numtasks=128
Warning: the passwords of all user accounts have been inactivated.              Please visit https://cas.cosmos.esa.int/cas/passwd to set a new one. Workaround solutions for the Gaia Archive issues following the infrastructure upgrade: https://www.cosmos.esa.int/web/gaia/news#WorkaroundArchive
['synthetic']
Total rows before filtering: 9477
Rows remaining after removing existing chains: 9476
Rows in this SGE task segment: 74
Bands selected: synthetic
Output directory: /projectnb/mesaelm/ember/widebinaries/chains/thick
mcmc
Bypassing Gaia archive queries temporarily with $EMBER_DIR/widebinaries/widebinary_fluxes.pqt
Nedler mode returns no errors, so assuming 5% error universally!
[1.49290834 1.42003037 1.34610476 1.27218875 1.19762042 1.13007946
 1.05509361 0.99733563 0.93015207 0.88181679 0.82898061 0.78163521
 0.73503799 0.69541353 0.66619626 0.62154845 0.58866829 0.56235899
 0.53157587 0.50467257 0.47871176 0.45783258 0.43639439 0.41680978]
Gaia DR3 1707681921763474304


Saving to widebinaries/chains/thick/1707681921763474304.npy


Gaia DR3 5931253186133008384


Saving to widebinaries/chains/thick/5931253186133008384.npy


Gaia DR3 5941467576152555776


Saving to widebinaries/chains/thick/5941467576152555776.npy


Gaia DR3 4460086458999242368


Saving to widebinaries/chains/thick/4460086458999242368.npy


Gaia DR3 4344582762498441216


Saving to widebinaries/chains/thick/4344582762498441216.npy


Gaia DR3 4453746571874680064


Saving to widebinaries/chains/thick/4453746571874680064.npy


Gaia DR3 5807319632767564544


Saving to widebinaries/chains/thick/5807319632767564544.npy


Gaia DR3 1424470055982781568


Saving to widebinaries/chains/thick/1424470055982781568.npy


Gaia DR3 4439714634542741888


Saving to widebinaries/chains/thick/4439714634542741888.npy


Gaia DR3 1329649307075077504


Saving to widebinaries/chains/thick/1329649307075077504.npy


Gaia DR3 5931408354787051136


Saving to widebinaries/chains/thick/5931408354787051136.npy


Gaia DR3 1381312820138258944


Saving to widebinaries/chains/thick/1381312820138258944.npy


Gaia DR3 1329148518184242688


Saving to widebinaries/chains/thick/1329148518184242688.npy


Gaia DR3 6018034958869558912


Saving to widebinaries/chains/thick/6018034958869558912.npy


Gaia DR3 4358438528859200128


Saving to widebinaries/chains/thick/4358438528859200128.npy


Gaia DR3 5768812742694527744


Saving to widebinaries/chains/thick/5768812742694527744.npy


Gaia DR3 6022379640392225536


Saving to widebinaries/chains/thick/6022379640392225536.npy


Gaia DR3 4463742021628580864


Saving to widebinaries/chains/thick/4463742021628580864.npy


Gaia DR3 1625205527338620800


Saving to widebinaries/chains/thick/1625205527338620800.npy


Gaia DR3 4331764106187008000


Saving to widebinaries/chains/thick/4331764106187008000.npy


Gaia DR3 5992296353762218240


Saving to widebinaries/chains/thick/5992296353762218240.npy


Gaia DR3 1429605771717245312


Saving to widebinaries/chains/thick/1429605771717245312.npy


Gaia DR3 1428737883380276224


Saving to widebinaries/chains/thick/1428737883380276224.npy


Gaia DR3 4439438004289304832


Saving to widebinaries/chains/thick/4439438004289304832.npy


Gaia DR3 5768161728731408512


Saving to widebinaries/chains/thick/5768161728731408512.npy


Gaia DR3 5935337837465622784


Saving to widebinaries/chains/thick/5935337837465622784.npy


Gaia DR3 5992713584049881984


Saving to widebinaries/chains/thick/5992713584049881984.npy


Gaia DR3 4436637994850072192


Saving to widebinaries/chains/thick/4436637994850072192.npy


Gaia DR3 1318291317599542912


Saving to widebinaries/chains/thick/1318291317599542912.npy


Gaia DR3 5933935199933176576


Saving to widebinaries/chains/thick/5933935199933176576.npy


Gaia DR3 5780478664144129152


Saving to widebinaries/chains/thick/5780478664144129152.npy


Gaia DR3 5780478664144123264


Saving to widebinaries/chains/thick/5780478664144123264.npy


Gaia DR3 6044184231574743808


Saving to widebinaries/chains/thick/6044184231574743808.npy


Gaia DR3 1332001785217988992


Saving to widebinaries/chains/thick/1332001785217988992.npy


Gaia DR3 1332001780922289792


Saving to widebinaries/chains/thick/1332001780922289792.npy


Gaia DR3 1424063408479747072


Saving to widebinaries/chains/thick/1424063408479747072.npy


Gaia DR3 4438653541403499776


Saving to widebinaries/chains/thick/4438653541403499776.npy


Gaia DR3 1628641771763439232


Saving to widebinaries/chains/thick/1628641771763439232.npy


Gaia DR3 1628641771759023232


Saving to widebinaries/chains/thick/1628641771759023232.npy


Gaia DR3 1304096180103387520


Saving to widebinaries/chains/thick/1304096180103387520.npy


Gaia DR3 4459738566648617856


Saving to widebinaries/chains/thick/4459738566648617856.npy


Gaia DR3 5781028802209844096


Saving to widebinaries/chains/thick/5781028802209844096.npy


Gaia DR3 4460566151009419776


Saving to widebinaries/chains/thick/4460566151009419776.npy


Gaia DR3 4344431128680150144


Saving to widebinaries/chains/thick/4344431128680150144.npy


Gaia DR3 4331587737652321920


Saving to widebinaries/chains/thick/4331587737652321920.npy


Gaia DR3 6022346178303365248


Saving to widebinaries/chains/thick/6022346178303365248.npy


Gaia DR3 5932011471289378688


Saving to widebinaries/chains/thick/5932011471289378688.npy


Gaia DR3 1332219454160767360


Saving to widebinaries/chains/thick/1332219454160767360.npy


Gaia DR3 6018184767324987008


Saving to widebinaries/chains/thick/6018184767324987008.npy


Gaia DR3 1411226507145210624


Saving to widebinaries/chains/thick/1411226507145210624.npy


Gaia DR3 1299237674444767872


Saving to widebinaries/chains/thick/1299237674444767872.npy


Gaia DR3 4359257394441596416


Saving to widebinaries/chains/thick/4359257394441596416.npy


Gaia DR3 1297547798087250816


Saving to widebinaries/chains/thick/1297547798087250816.npy


Gaia DR3 6024847395455196032


Saving to widebinaries/chains/thick/6024847395455196032.npy


Gaia DR3 4438695868301221760


Saving to widebinaries/chains/thick/4438695868301221760.npy


Gaia DR3 4438822655736145408


Saving to widebinaries/chains/thick/4438822655736145408.npy


Gaia DR3 1325367568277814656


Saving to widebinaries/chains/thick/1325367568277814656.npy


Gaia DR3 4460569312107772672


Saving to widebinaries/chains/thick/4460569312107772672.npy


Gaia DR3 4324784440733168256


Saving to widebinaries/chains/thick/4324784440733168256.npy


Gaia DR3 4459894972177320064


Saving to widebinaries/chains/thick/4459894972177320064.npy


Gaia DR3 6025582418978705536


Saving to widebinaries/chains/thick/6025582418978705536.npy


Gaia DR3 1648607945140751232


Saving to widebinaries/chains/thick/1648607945140751232.npy


Gaia DR3 6051091604138435968


Saving to widebinaries/chains/thick/6051091604138435968.npy


Gaia DR3 1305923804651968256


Saving to widebinaries/chains/thick/1305923804651968256.npy


Gaia DR3 1326275356862476160


Saving to widebinaries/chains/thick/1326275356862476160.npy


Gaia DR3 4465427160637311488


Saving to widebinaries/chains/thick/4465427160637311488.npy


Gaia DR3 1297275668959972736


Saving to widebinaries/chains/thick/1297275668959972736.npy


Gaia DR3 5927945752090216832


Saving to widebinaries/chains/thick/5927945752090216832.npy


Gaia DR3 4330281071162618624


Saving to widebinaries/chains/thick/4330281071162618624.npy


Gaia DR3 1331272912088050688


Saving to widebinaries/chains/thick/1331272912088050688.npy


Gaia DR3 5828334705906205056


Saving to widebinaries/chains/thick/5828334705906205056.npy


Gaia DR3 1312027537295195008


Saving to widebinaries/chains/thick/1312027537295195008.npy


Gaia DR3 5968776047661571328


Saving to widebinaries/chains/thick/5968776047661571328.npy


Gaia DR3 4350525760288078848


Saving to widebinaries/chains/thick/4350525760288078848.npy


fit-sed done
