Host: scc-gq4
Job:  ember  ID: 3229238  Task: 23
Cmd:  ember fit-sed widebinaries/widebinary_fluxes.pqt widebinaries/chains/thick/ --synthetic --xpphoto --numtasks=128
Warning: the passwords of all user accounts have been inactivated.              Please visit https://cas.cosmos.esa.int/cas/passwd to set a new one. Workaround solutions for the Gaia Archive issues following the infrastructure upgrade: https://www.cosmos.esa.int/web/gaia/news#WorkaroundArchive
['synthetic']
Total rows before filtering: 9477
Rows remaining after removing existing chains: 9476
Rows in this SGE task segment: 74
Bands selected: synthetic
Output directory: /projectnb/mesaelm/ember/widebinaries/chains/thick
mcmc
Bypassing Gaia archive queries temporarily with $EMBER_DIR/widebinaries/widebinary_fluxes.pqt
Nedler mode returns no errors, so assuming 5% error universally!
[1.49290834 1.42003037 1.34610476 1.27218875 1.19762042 1.13007946
 1.05509361 0.99733563 0.93015207 0.88181679 0.82898061 0.78163521
 0.73503799 0.69541353 0.66619626 0.62154845 0.58866829 0.56235899
 0.53157587 0.50467257 0.47871176 0.45783258 0.43639439 0.41680978]
Gaia DR3 2725573464218973440


Saving to widebinaries/chains/thick/2725573464218973440.npy


Gaia DR3 6812819584686397184


Saving to widebinaries/chains/thick/6812819584686397184.npy


Gaia DR3 6558259931068461440


Saving to widebinaries/chains/thick/6558259931068461440.npy


Gaia DR3 1962799538879263744


Saving to widebinaries/chains/thick/1962799538879263744.npy


Gaia DR3 1776071953032373888


Saving to widebinaries/chains/thick/1776071953032373888.npy


Gaia DR3 2005527351006726912


Saving to widebinaries/chains/thick/2005527351006726912.npy


Gaia DR3 6818824666225154304


Saving to widebinaries/chains/thick/6818824666225154304.npy


Gaia DR3 6574562729276068224


Saving to widebinaries/chains/thick/6574562729276068224.npy


Gaia DR3 1893069645314308224


Saving to widebinaries/chains/thick/1893069645314308224.npy


Gaia DR3 2617163713666198528


Saving to widebinaries/chains/thick/2617163713666198528.npy


Gaia DR3 1898623523362394112


Saving to widebinaries/chains/thick/1898623523362394112.npy


Gaia DR3 1892693165660705280


Saving to widebinaries/chains/thick/1892693165660705280.npy


Gaia DR3 1959860651669318784


Saving to widebinaries/chains/thick/1959860651669318784.npy


Gaia DR3 6587569406371659776


Saving to widebinaries/chains/thick/6587569406371659776.npy


Gaia DR3 1956146020356266368


Saving to widebinaries/chains/thick/1956146020356266368.npy


Gaia DR3 1899612907730193152


Saving to widebinaries/chains/thick/1899612907730193152.npy


Gaia DR3 6395257499756911104


Saving to widebinaries/chains/thick/6395257499756911104.npy


Gaia DR3 1948829698189462272


Saving to widebinaries/chains/thick/1948829698189462272.npy


Gaia DR3 1954927520958703616


Saving to widebinaries/chains/thick/1954927520958703616.npy


Gaia DR3 1954927520953380608


Saving to widebinaries/chains/thick/1954927520953380608.npy


Gaia DR3 2696438708188701184


Saving to widebinaries/chains/thick/2696438708188701184.npy


Gaia DR3 6408775209240793344


Saving to widebinaries/chains/thick/6408775209240793344.npy


Gaia DR3 2620944075159481216


Saving to widebinaries/chains/thick/2620944075159481216.npy


Gaia DR3 2005525083265046016


Saving to widebinaries/chains/thick/2005525083265046016.npy


Gaia DR3 1899538621976577536


Saving to widebinaries/chains/thick/1899538621976577536.npy


Gaia DR3 1962762086765260416


Saving to widebinaries/chains/thick/1962762086765260416.npy


Gaia DR3 1768449657392315776


Saving to widebinaries/chains/thick/1768449657392315776.npy


Gaia DR3 2620945518268461184


Saving to widebinaries/chains/thick/2620945518268461184.npy


Gaia DR3 1959880305444856192


Saving to widebinaries/chains/thick/1959880305444856192.npy


Gaia DR3 2224491655704638848


Saving to widebinaries/chains/thick/2224491655704638848.npy


Gaia DR3 2725501656661470848


Saving to widebinaries/chains/thick/2725501656661470848.npy


Gaia DR3 6619340963087657984


Saving to widebinaries/chains/thick/6619340963087657984.npy


Gaia DR3 1948624566253222656


Saving to widebinaries/chains/thick/1948624566253222656.npy


Gaia DR3 6571590886785704704


Saving to widebinaries/chains/thick/6571590886785704704.npy


Gaia DR3 6587352493343719936


Saving to widebinaries/chains/thick/6587352493343719936.npy


Gaia DR3 6618429708466041600


Saving to widebinaries/chains/thick/6618429708466041600.npy


Gaia DR3 1781689083060675968


Saving to widebinaries/chains/thick/1781689083060675968.npy


Gaia DR3 2614060479534116608


Saving to widebinaries/chains/thick/2614060479534116608.npy


Gaia DR3 6560425964680362624


Saving to widebinaries/chains/thick/6560425964680362624.npy


Gaia DR3 1900354803201654144


Saving to widebinaries/chains/thick/1900354803201654144.npy


Gaia DR3 1975695642045285248


Saving to widebinaries/chains/thick/1975695642045285248.npy


Gaia DR3 6825526193891059200


Saving to widebinaries/chains/thick/6825526193891059200.npy


Gaia DR3 6820472181320425088


Saving to widebinaries/chains/thick/6820472181320425088.npy


Gaia DR3 2727010113601403008


Saving to widebinaries/chains/thick/2727010113601403008.npy


Gaia DR3 2004402142588248192


Saving to widebinaries/chains/thick/2004402142588248192.npy


Gaia DR3 2612212342222173696


Saving to widebinaries/chains/thick/2612212342222173696.npy


Gaia DR3 2677172996724050048


Saving to widebinaries/chains/thick/2677172996724050048.npy


Gaia DR3 6411817248675622784


Saving to widebinaries/chains/thick/6411817248675622784.npy


Gaia DR3 1954673052736743808


Saving to widebinaries/chains/thick/1954673052736743808.npy


Gaia DR3 6560446683602288640


Saving to widebinaries/chains/thick/6560446683602288640.npy


Gaia DR3 6409220477088273920


Saving to widebinaries/chains/thick/6409220477088273920.npy


Gaia DR3 6560556531686053120


Saving to widebinaries/chains/thick/6560556531686053120.npy


Gaia DR3 6611737152986409984


Saving to widebinaries/chains/thick/6611737152986409984.npy


Gaia DR3 2005457776841026048


Saving to widebinaries/chains/thick/2005457776841026048.npy


Gaia DR3 1891945016717396608


Saving to widebinaries/chains/thick/1891945016717396608.npy


Gaia DR3 1962909391262872832


Saving to widebinaries/chains/thick/1962909391262872832.npy


Gaia DR3 1899967740750057088


Saving to widebinaries/chains/thick/1899967740750057088.npy


Gaia DR3 6411338991182064256


Saving to widebinaries/chains/thick/6411338991182064256.npy


Gaia DR3 2683851258552744960


Saving to widebinaries/chains/thick/2683851258552744960.npy


Gaia DR3 2620690637728851072


Saving to widebinaries/chains/thick/2620690637728851072.npy


Gaia DR3 1975407260759177856


Saving to widebinaries/chains/thick/1975407260759177856.npy


Gaia DR3 1900003376094378880


Saving to widebinaries/chains/thick/1900003376094378880.npy


Gaia DR3 6573854094032156032


Saving to widebinaries/chains/thick/6573854094032156032.npy


Gaia DR3 2280532732579620352


Saving to widebinaries/chains/thick/2280532732579620352.npy


Gaia DR3 6398308610162161536


Saving to widebinaries/chains/thick/6398308610162161536.npy


Gaia DR3 6398308614456941184


Saving to widebinaries/chains/thick/6398308614456941184.npy


Gaia DR3 6613195960103318144


Saving to widebinaries/chains/thick/6613195960103318144.npy


Gaia DR3 6827040015244093056


Saving to widebinaries/chains/thick/6827040015244093056.npy


Gaia DR3 6573660790438823168


Saving to widebinaries/chains/thick/6573660790438823168.npy


Gaia DR3 2005385449610062976


Saving to widebinaries/chains/thick/2005385449610062976.npy


Gaia DR3 1963078922211755520


Saving to widebinaries/chains/thick/1963078922211755520.npy


Gaia DR3 2677011334154974720


Saving to widebinaries/chains/thick/2677011334154974720.npy


Gaia DR3 6614766303226377472


Saving to widebinaries/chains/thick/6614766303226377472.npy


Gaia DR3 2280923750696484736


Saving to widebinaries/chains/thick/2280923750696484736.npy


fit-sed done
