Host: scc-mc1
Job:  ember  ID: 3229238  Task: 121
Cmd:  ember fit-sed widebinaries/widebinary_fluxes.pqt widebinaries/chains/thick/ --synthetic --xpphoto --numtasks=128
Warning: the passwords of all user accounts have been inactivated.              Please visit https://cas.cosmos.esa.int/cas/passwd to set a new one. Workaround solutions for the Gaia Archive issues following the infrastructure upgrade: https://www.cosmos.esa.int/web/gaia/news#WorkaroundArchive
['synthetic']
Total rows before filtering: 9477
Rows remaining after removing existing chains: 9476
Rows in this SGE task segment: 74
Bands selected: synthetic
Output directory: /projectnb/mesaelm/ember/widebinaries/chains/thick
mcmc
Bypassing Gaia archive queries temporarily with $EMBER_DIR/widebinaries/widebinary_fluxes.pqt
Nedler mode returns no errors, so assuming 5% error universally!
[1.49290834 1.42003037 1.34610476 1.27218875 1.19762042 1.13007946
 1.05509361 0.99733563 0.93015207 0.88181679 0.82898061 0.78163521
 0.73503799 0.69541353 0.66619626 0.62154845 0.58866829 0.56235899
 0.53157587 0.50467257 0.47871176 0.45783258 0.43639439 0.41680978]
Gaia DR3 6032719211516656256


Saving to widebinaries/chains/thick/6032719211516656256.npy


Gaia DR3 1339210247873377152


Saving to widebinaries/chains/thick/1339210247873377152.npy


Gaia DR3 5977478785291501696


Saving to widebinaries/chains/thick/5977478785291501696.npy


Gaia DR3 1437038676478839168


Saving to widebinaries/chains/thick/1437038676478839168.npy


Gaia DR3 5817671916991545216


Saving to widebinaries/chains/thick/5817671916991545216.npy


Gaia DR3 4140428222297296384


Saving to widebinaries/chains/thick/4140428222297296384.npy


Gaia DR3 4386153682237796096


Saving to widebinaries/chains/thick/4386153682237796096.npy


Gaia DR3 4557852490326063232


Saving to widebinaries/chains/thick/4557852490326063232.npy


Gaia DR3 5929720226407417728


Saving to widebinaries/chains/thick/5929720226407417728.npy


Gaia DR3 1313443502113859456


Saving to widebinaries/chains/thick/1313443502113859456.npy


Gaia DR3 5936385740814106752


Saving to widebinaries/chains/thick/5936385740814106752.npy


Gaia DR3 4443937072725877504


Saving to widebinaries/chains/thick/4443937072725877504.npy


Gaia DR3 4340322876499078400


Saving to widebinaries/chains/thick/4340322876499078400.npy


Gaia DR3 1307081869571380480


Saving to widebinaries/chains/thick/1307081869571380480.npy


Gaia DR3 4139178116232277632


Saving to widebinaries/chains/thick/4139178116232277632.npy


Gaia DR3 6029260388537810688


Saving to widebinaries/chains/thick/6029260388537810688.npy


Gaia DR3 1354670377792324096


Saving to widebinaries/chains/thick/1354670377792324096.npy


Gaia DR3 1307091623440490752


Saving to widebinaries/chains/thick/1307091623440490752.npy


Gaia DR3 1412685215478228352


Saving to widebinaries/chains/thick/1412685215478228352.npy


Gaia DR3 4561992907514321152


Saving to widebinaries/chains/thick/4561992907514321152.npy


Gaia DR3 4113135633591399808


Saving to widebinaries/chains/thick/4113135633591399808.npy


Gaia DR3 4113135633609628800


Saving to widebinaries/chains/thick/4113135633609628800.npy


Gaia DR3 1310270350211781632


Saving to widebinaries/chains/thick/1310270350211781632.npy


Gaia DR3 4441388061177970816


Saving to widebinaries/chains/thick/4441388061177970816.npy


Gaia DR3 1338872903961291904


Saving to widebinaries/chains/thick/1338872903961291904.npy


Gaia DR3 4443124563697927680


Saving to widebinaries/chains/thick/4443124563697927680.npy


Gaia DR3 4384995239363201280


Saving to widebinaries/chains/thick/4384995239363201280.npy


Gaia DR3 5966328152522612096


Saving to widebinaries/chains/thick/5966328152522612096.npy


Gaia DR3 4571485261975899648


Saving to widebinaries/chains/thick/4571485261975899648.npy


Gaia DR3 1351832950597627648


Saving to widebinaries/chains/thick/1351832950597627648.npy


Gaia DR3 4572458368424152704


Saving to widebinaries/chains/thick/4572458368424152704.npy


Gaia DR3 4336435686281708800


Saving to widebinaries/chains/thick/4336435686281708800.npy


Gaia DR3 6028148335655007488


Saving to widebinaries/chains/thick/6028148335655007488.npy


Gaia DR3 4379877184534900480


Saving to widebinaries/chains/thick/4379877184534900480.npy


Gaia DR3 4561911986031988992


Saving to widebinaries/chains/thick/4561911986031988992.npy


Gaia DR3 4393026312811962368


Saving to widebinaries/chains/thick/4393026312811962368.npy


Gaia DR3 1409601875636162816


Saving to widebinaries/chains/thick/1409601875636162816.npy


Gaia DR3 4392932682523664768


Saving to widebinaries/chains/thick/4392932682523664768.npy


Gaia DR3 1337576648471644800


Saving to widebinaries/chains/thick/1337576648471644800.npy


Gaia DR3 1337576648471644288


Saving to widebinaries/chains/thick/1337576648471644288.npy


Gaia DR3 1705139296828394368


Saving to widebinaries/chains/thick/1705139296828394368.npy


Gaia DR3 4560131979788881920


Saving to widebinaries/chains/thick/4560131979788881920.npy


Gaia DR3 5978440750564471168


Saving to widebinaries/chains/thick/5978440750564471168.npy


Gaia DR3 4443264201674491264


Saving to widebinaries/chains/thick/4443264201674491264.npy


Gaia DR3 1437127393323396224


Saving to widebinaries/chains/thick/1437127393323396224.npy


Gaia DR3 4391499881434862720


Saving to widebinaries/chains/thick/4391499881434862720.npy


Gaia DR3 5814394852650630784


Saving to widebinaries/chains/thick/5814394852650630784.npy


Gaia DR3 4112025470465692288


Saving to widebinaries/chains/thick/4112025470465692288.npy


Gaia DR3 5966742019857816448


Saving to widebinaries/chains/thick/5966742019857816448.npy


Gaia DR3 1408135749896104192


Saving to widebinaries/chains/thick/1408135749896104192.npy


Gaia DR3 1408135749896103936


Saving to widebinaries/chains/thick/1408135749896103936.npy


Gaia DR3 4574942916809993088


Saving to widebinaries/chains/thick/4574942916809993088.npy


Gaia DR3 4573071139998034048


Saving to widebinaries/chains/thick/4573071139998034048.npy


Gaia DR3 4559941974735745024


Saving to widebinaries/chains/thick/4559941974735745024.npy


Gaia DR3 1353609181568788224


Saving to widebinaries/chains/thick/1353609181568788224.npy


Gaia DR3 1339531240844978688


Saving to widebinaries/chains/thick/1339531240844978688.npy


Gaia DR3 4568179481487112832


Saving to widebinaries/chains/thick/4568179481487112832.npy


Gaia DR3 1358905078107000448


Saving to widebinaries/chains/thick/1358905078107000448.npy


Gaia DR3 5923451360893955072


Saving to widebinaries/chains/thick/5923451360893955072.npy


Gaia DR3 4135534094190471296


Saving to widebinaries/chains/thick/4135534094190471296.npy


Gaia DR3 5814962995227630592


Saving to widebinaries/chains/thick/5814962995227630592.npy


Gaia DR3 1632422270692428544


Saving to widebinaries/chains/thick/1632422270692428544.npy


Gaia DR3 1308982817801007488


Saving to widebinaries/chains/thick/1308982817801007488.npy


Gaia DR3 1334638379741833728


Saving to widebinaries/chains/thick/1334638379741833728.npy


Gaia DR3 4574863923770537088


Saving to widebinaries/chains/thick/4574863923770537088.npy


Gaia DR3 4571341505129076992


Saving to widebinaries/chains/thick/4571341505129076992.npy


Gaia DR3 4571341500830941696


Saving to widebinaries/chains/thick/4571341500830941696.npy


Gaia DR3 4360643809885839232


Saving to widebinaries/chains/thick/4360643809885839232.npy


Gaia DR3 1340976819461252224


Saving to widebinaries/chains/thick/1340976819461252224.npy


Gaia DR3 5814182887425188480


Saving to widebinaries/chains/thick/5814182887425188480.npy


Gaia DR3 5979713297864011520


Saving to widebinaries/chains/thick/5979713297864011520.npy


Gaia DR3 1420283012625252096


Saving to widebinaries/chains/thick/1420283012625252096.npy


Gaia DR3 4544705148750824320


Saving to widebinaries/chains/thick/4544705148750824320.npy


Gaia DR3 4568213154031209216


Saving to widebinaries/chains/thick/4568213154031209216.npy


fit-sed done
