Host: scc-mh3
Job:  ember  ID: 3229238  Task: 2
Cmd:  ember fit-sed widebinaries/widebinary_fluxes.pqt widebinaries/chains/thick/ --synthetic --xpphoto --numtasks=128
Warning: the passwords of all user accounts have been inactivated.              Please visit https://cas.cosmos.esa.int/cas/passwd to set a new one. Workaround solutions for the Gaia Archive issues following the infrastructure upgrade: https://www.cosmos.esa.int/web/gaia/news#WorkaroundArchive
['synthetic']
Total rows before filtering: 9477
Rows remaining after removing existing chains: 9476
Rows in this SGE task segment: 75
Bands selected: synthetic
Output directory: /projectnb/mesaelm/ember/widebinaries/chains/thick
mcmc
Bypassing Gaia archive queries temporarily with $EMBER_DIR/widebinaries/widebinary_fluxes.pqt
Nedler mode returns no errors, so assuming 5% error universally!
[1.49290834 1.42003037 1.34610476 1.27218875 1.19762042 1.13007946
 1.05509361 0.99733563 0.93015207 0.88181679 0.82898061 0.78163521
 0.73503799 0.69541353 0.66619626 0.62154845 0.58866829 0.56235899
 0.53157587 0.50467257 0.47871176 0.45783258 0.43639439 0.41680978]
Gaia DR3 6655420165843004416


Saving to widebinaries/chains/thick/6655420165843004416.npy


Gaia DR3 2120272899876707328


Saving to widebinaries/chains/thick/2120272899876707328.npy


Gaia DR3 2117775359215048448


Saving to widebinaries/chains/thick/2117775359215048448.npy


Gaia DR3 6709054304394627968


Saving to widebinaries/chains/thick/6709054304394627968.npy


Gaia DR3 2110942860818007808


Saving to widebinaries/chains/thick/2110942860818007808.npy


Gaia DR3 4525708297956246272


Saving to widebinaries/chains/thick/4525708297956246272.npy


Gaia DR3 2265762928458412672


Saving to widebinaries/chains/thick/2265762928458412672.npy


Gaia DR3 2117801060298733440


Saving to widebinaries/chains/thick/2117801060298733440.npy


Gaia DR3 4538832725870839808


Saving to widebinaries/chains/thick/4538832725870839808.npy


Gaia DR3 6704076372871298816


Saving to widebinaries/chains/thick/6704076372871298816.npy


Gaia DR3 4272723763456415872


Saving to widebinaries/chains/thick/4272723763456415872.npy


Gaia DR3 4532255202500177152


Saving to widebinaries/chains/thick/4532255202500177152.npy


Gaia DR3 6360380479822695808


Saving to widebinaries/chains/thick/6360380479822695808.npy


Gaia DR3 4509225450416776704


Saving to widebinaries/chains/thick/4509225450416776704.npy


Gaia DR3 2094877170572984704


Saving to widebinaries/chains/thick/2094877170572984704.npy


Gaia DR3 4511540098488317312


Saving to widebinaries/chains/thick/4511540098488317312.npy


Gaia DR3 2110965774466388864


Saving to widebinaries/chains/thick/2110965774466388864.npy


Gaia DR3 4103883793033807744


Saving to widebinaries/chains/thick/4103883793033807744.npy


Gaia DR3 4258524090487402624


Saving to widebinaries/chains/thick/4258524090487402624.npy


Gaia DR3 4283721800317089920


Saving to widebinaries/chains/thick/4283721800317089920.npy


Gaia DR3 2094752723894997888


Saving to widebinaries/chains/thick/2094752723894997888.npy


Gaia DR3 2145570845662385024


Saving to widebinaries/chains/thick/2145570845662385024.npy


Gaia DR3 2110776658467416704


Saving to widebinaries/chains/thick/2110776658467416704.npy


Gaia DR3 4252765840714356992


Saving to widebinaries/chains/thick/4252765840714356992.npy


Gaia DR3 4072870005988819712


Saving to widebinaries/chains/thick/4072870005988819712.npy


Gaia DR3 6733676291063499776


Saving to widebinaries/chains/thick/6733676291063499776.npy


Gaia DR3 4587723335033411072


Saving to widebinaries/chains/thick/4587723335033411072.npy


Gaia DR3 4280032943098880768


Saving to widebinaries/chains/thick/4280032943098880768.npy


Gaia DR3 6704174499987876096


Saving to widebinaries/chains/thick/6704174499987876096.npy


Gaia DR3 6655404287348972928


Saving to widebinaries/chains/thick/6655404287348972928.npy


Gaia DR3 4532719784822945792


Saving to widebinaries/chains/thick/4532719784822945792.npy


Gaia DR3 6632998336318282240


Saving to widebinaries/chains/thick/6632998336318282240.npy


Gaia DR3 6728769411167993856


Saving to widebinaries/chains/thick/6728769411167993856.npy


Gaia DR3 4092357436497142144


Saving to widebinaries/chains/thick/4092357436497142144.npy


Gaia DR3 2116814626571334400


Saving to widebinaries/chains/thick/2116814626571334400.npy


Gaia DR3 2144262220667646720


Saving to widebinaries/chains/thick/2144262220667646720.npy


Gaia DR3 4535862085964779520


Saving to widebinaries/chains/thick/4535862085964779520.npy


Gaia DR3 4508928208618332032


Saving to widebinaries/chains/thick/4508928208618332032.npy


Gaia DR3 4285579395175853056


Saving to widebinaries/chains/thick/4285579395175853056.npy


Gaia DR3 2156588909949358592


Saving to widebinaries/chains/thick/2156588909949358592.npy


Gaia DR3 6708815538568649472


Saving to widebinaries/chains/thick/6708815538568649472.npy


Gaia DR3 4107012041007171456


Saving to widebinaries/chains/thick/4107012041007171456.npy


Gaia DR3 2116724500975907456


Saving to widebinaries/chains/thick/2116724500975907456.npy


Gaia DR3 6347142256742560896


Saving to widebinaries/chains/thick/6347142256742560896.npy


Gaia DR3 2268490365835767552


Saving to widebinaries/chains/thick/2268490365835767552.npy


Gaia DR3 2090021456643658624


Saving to widebinaries/chains/thick/2090021456643658624.npy


Gaia DR3 4252781783651905664


Saving to widebinaries/chains/thick/4252781783651905664.npy


Gaia DR3 4537453865275455488


Saving to widebinaries/chains/thick/4537453865275455488.npy


Gaia DR3 2144643167086760320


Saving to widebinaries/chains/thick/2144643167086760320.npy


Gaia DR3 4099585905176320256


Saving to widebinaries/chains/thick/4099585905176320256.npy


Gaia DR3 4505387914314625920


Saving to widebinaries/chains/thick/4505387914314625920.npy


Gaia DR3 2098461441045173504


Saving to widebinaries/chains/thick/2098461441045173504.npy


Gaia DR3 6736439363769228672


Saving to widebinaries/chains/thick/6736439363769228672.npy


Gaia DR3 2144832180007434368


Saving to widebinaries/chains/thick/2144832180007434368.npy


Gaia DR3 4532416521465488512


Saving to widebinaries/chains/thick/4532416521465488512.npy


Gaia DR3 6736942837030008704


Saving to widebinaries/chains/thick/6736942837030008704.npy


Gaia DR3 6736942871389748224


Saving to widebinaries/chains/thick/6736942871389748224.npy


Gaia DR3 2096956862458096512


Saving to widebinaries/chains/thick/2096956862458096512.npy


Gaia DR3 6636215649075146240


Saving to widebinaries/chains/thick/6636215649075146240.npy


Gaia DR3 2097363475600038272


Saving to widebinaries/chains/thick/2097363475600038272.npy


Gaia DR3 2156334716603974528


Saving to widebinaries/chains/thick/2156334716603974528.npy


Gaia DR3 2267990642095302912


Saving to widebinaries/chains/thick/2267990642095302912.npy


Gaia DR3 6419774753628599424


Saving to widebinaries/chains/thick/6419774753628599424.npy


Gaia DR3 6431973766420678784


Saving to widebinaries/chains/thick/6431973766420678784.npy


Gaia DR3 6631606388959095168


Saving to widebinaries/chains/thick/6631606388959095168.npy


Gaia DR3 2253234852454880896


Saving to widebinaries/chains/thick/2253234852454880896.npy


Gaia DR3 4106004407370316032


Saving to widebinaries/chains/thick/4106004407370316032.npy


Gaia DR3 4531563029874123904


Saving to widebinaries/chains/thick/4531563029874123904.npy


Gaia DR3 2104676155639113472


Saving to widebinaries/chains/thick/2104676155639113472.npy


Gaia DR3 4531564984072380288


Saving to widebinaries/chains/thick/4531564984072380288.npy


Gaia DR3 6419473143845481472


Saving to widebinaries/chains/thick/6419473143845481472.npy


Gaia DR3 6728864617706631040


Saving to widebinaries/chains/thick/6728864617706631040.npy


Gaia DR3 4285439237474075904


Saving to widebinaries/chains/thick/4285439237474075904.npy


Gaia DR3 6715223835935241472


Saving to widebinaries/chains/thick/6715223835935241472.npy


Gaia DR3 2253988636396656512


Saving to widebinaries/chains/thick/2253988636396656512.npy


fit-sed done
