Host: scc-mh3
Job:  ember  ID: 3229238  Task: 59
Cmd:  ember fit-sed widebinaries/widebinary_fluxes.pqt widebinaries/chains/thick/ --synthetic --xpphoto --numtasks=128
Warning: the passwords of all user accounts have been inactivated.              Please visit https://cas.cosmos.esa.int/cas/passwd to set a new one. Workaround solutions for the Gaia Archive issues following the infrastructure upgrade: https://www.cosmos.esa.int/web/gaia/news#WorkaroundArchive
['synthetic']
Total rows before filtering: 9477
Rows remaining after removing existing chains: 9476
Rows in this SGE task segment: 74
Bands selected: synthetic
Output directory: /projectnb/mesaelm/ember/widebinaries/chains/thick
mcmc
Bypassing Gaia archive queries temporarily with $EMBER_DIR/widebinaries/widebinary_fluxes.pqt
Nedler mode returns no errors, so assuming 5% error universally!
[1.49290834 1.42003037 1.34610476 1.27218875 1.19762042 1.13007946
 1.05509361 0.99733563 0.93015207 0.88181679 0.82898061 0.78163521
 0.73503799 0.69541353 0.66619626 0.62154845 0.58866829 0.56235899
 0.53157587 0.50467257 0.47871176 0.45783258 0.43639439 0.41680978]
Gaia DR3 3186957336695341312


Saving to widebinaries/chains/thick/3186957336695341312.npy


Gaia DR3 503279908354671616


Saving to widebinaries/chains/thick/503279908354671616.npy


Gaia DR3 3295074857675747584


Saving to widebinaries/chains/thick/3295074857675747584.npy


Gaia DR3 4824612118798089088


Saving to widebinaries/chains/thick/4824612118798089088.npy


Gaia DR3 3183050462644375296


Saving to widebinaries/chains/thick/3183050462644375296.npy


Gaia DR3 4879841756094577152


Saving to widebinaries/chains/thick/4879841756094577152.npy


Gaia DR3 4880759500412788352


Saving to widebinaries/chains/thick/4880759500412788352.npy


Gaia DR3 551747789655856128


Saving to widebinaries/chains/thick/551747789655856128.npy


Gaia DR3 285359727387818496


Saving to widebinaries/chains/thick/285359727387818496.npy


Gaia DR3 156606705320702720


Saving to widebinaries/chains/thick/156606705320702720.npy


Gaia DR3 2979910982127759232


Saving to widebinaries/chains/thick/2979910982127759232.npy


Gaia DR3 2987948377766948224


Saving to widebinaries/chains/thick/2987948377766948224.npy


Gaia DR3 285290045838455680


Saving to widebinaries/chains/thick/285290045838455680.npy


Gaia DR3 2976231397746272000


Saving to widebinaries/chains/thick/2976231397746272000.npy


Gaia DR3 3180316290758080128


Saving to widebinaries/chains/thick/3180316290758080128.npy


Gaia DR3 4880671578136173824


Saving to widebinaries/chains/thick/4880671578136173824.npy


Gaia DR3 3180344461448748928


Saving to widebinaries/chains/thick/3180344461448748928.npy


Gaia DR3 280686729954126080


Saving to widebinaries/chains/thick/280686729954126080.npy


Gaia DR3 2975918006868460032


Saving to widebinaries/chains/thick/2975918006868460032.npy


Gaia DR3 502460493018037760


Saving to widebinaries/chains/thick/502460493018037760.npy


Gaia DR3 2986295403768667264


Saving to widebinaries/chains/thick/2986295403768667264.npy


Gaia DR3 2987266543119414144


Saving to widebinaries/chains/thick/2987266543119414144.npy


Gaia DR3 160609820997846528


Saving to widebinaries/chains/thick/160609820997846528.npy


Gaia DR3 477655240112671360


Saving to widebinaries/chains/thick/477655240112671360.npy


Gaia DR3 3228938619085039744


Saving to widebinaries/chains/thick/3228938619085039744.npy


Gaia DR3 2975144156839804544


Saving to widebinaries/chains/thick/2975144156839804544.npy


Gaia DR3 479091889497784704


Saving to widebinaries/chains/thick/479091889497784704.npy


Gaia DR3 2960141900499581056


Saving to widebinaries/chains/thick/2960141900499581056.npy


Gaia DR3 184735992329821312


Saving to widebinaries/chains/thick/184735992329821312.npy


Gaia DR3 4761606146861982208


Saving to widebinaries/chains/thick/4761606146861982208.npy


Gaia DR3 3239472662032107136


Saving to widebinaries/chains/thick/3239472662032107136.npy


Gaia DR3 3418523109798536576


Saving to widebinaries/chains/thick/3418523109798536576.npy


Gaia DR3 4624760349849745408


Saving to widebinaries/chains/thick/4624760349849745408.npy


Gaia DR3 4654662663808059520


Saving to widebinaries/chains/thick/4654662663808059520.npy


Gaia DR3 3227355627282448384


Saving to widebinaries/chains/thick/3227355627282448384.npy


Gaia DR3 4661882748657487616


Saving to widebinaries/chains/thick/4661882748657487616.npy


Gaia DR3 4764692755174226176


Saving to widebinaries/chains/thick/4764692755174226176.npy


Gaia DR3 3238433859767340288


Saving to widebinaries/chains/thick/3238433859767340288.npy


Gaia DR3 479084673952702464


Saving to widebinaries/chains/thick/479084673952702464.npy


Gaia DR3 3420430556315892480


Saving to widebinaries/chains/thick/3420430556315892480.npy


Gaia DR3 3239803099636898944


Saving to widebinaries/chains/thick/3239803099636898944.npy


Gaia DR3 284161324137283968


Saving to widebinaries/chains/thick/284161324137283968.npy


Gaia DR3 284165314162718848


Saving to widebinaries/chains/thick/284165314162718848.npy


Gaia DR3 3211508915946830080


Saving to widebinaries/chains/thick/3211508915946830080.npy


Gaia DR3 3418344237298097408


Saving to widebinaries/chains/thick/3418344237298097408.npy


Gaia DR3 4810950510729842688


Saving to widebinaries/chains/thick/4810950510729842688.npy


Gaia DR3 4663815552639837824


Saving to widebinaries/chains/thick/4663815552639837824.npy


Gaia DR3 4823467939510588032


Saving to widebinaries/chains/thick/4823467939510588032.npy


Gaia DR3 4810897257431722368


Saving to widebinaries/chains/thick/4810897257431722368.npy


Gaia DR3 206719765255248640


Saving to widebinaries/chains/thick/206719765255248640.npy


Gaia DR3 4785224103302893568


Saving to widebinaries/chains/thick/4785224103302893568.npy


Gaia DR3 502233585603718400


Saving to widebinaries/chains/thick/502233585603718400.npy


Gaia DR3 502233585601231744


Saving to widebinaries/chains/thick/502233585601231744.npy


Gaia DR3 4810893267405616256


Saving to widebinaries/chains/thick/4810893267405616256.npy


Gaia DR3 4876066406825047296


Saving to widebinaries/chains/thick/4876066406825047296.npy


Gaia DR3 3229008712951710464


Saving to widebinaries/chains/thick/3229008712951710464.npy


Gaia DR3 3227070166576344320


Saving to widebinaries/chains/thick/3227070166576344320.npy


Gaia DR3 4661245783622327296


Saving to widebinaries/chains/thick/4661245783622327296.npy


Gaia DR3 157303662547626240


Saving to widebinaries/chains/thick/157303662547626240.npy


Gaia DR3 3290811226460959360


Saving to widebinaries/chains/thick/3290811226460959360.npy


Gaia DR3 284004025257888896


Saving to widebinaries/chains/thick/284004025257888896.npy


Gaia DR3 4663580291528278144


Saving to widebinaries/chains/thick/4663580291528278144.npy


Gaia DR3 3241872822901987712


Saving to widebinaries/chains/thick/3241872822901987712.npy


Gaia DR3 4813073775058747136


Saving to widebinaries/chains/thick/4813073775058747136.npy


Gaia DR3 3213036446839017984


Saving to widebinaries/chains/thick/3213036446839017984.npy


Gaia DR3 4764526419681780864


Saving to widebinaries/chains/thick/4764526419681780864.npy


Gaia DR3 4764526385320444032


Saving to widebinaries/chains/thick/4764526385320444032.npy


Gaia DR3 483726812042115328


Saving to widebinaries/chains/thick/483726812042115328.npy


Gaia DR3 4651483632075388160


Saving to widebinaries/chains/thick/4651483632075388160.npy


Gaia DR3 266049206532585472


Saving to widebinaries/chains/thick/266049206532585472.npy


Gaia DR3 3393101335813439872


Saving to widebinaries/chains/thick/3393101335813439872.npy


Gaia DR3 499162164293613696


Saving to widebinaries/chains/thick/499162164293613696.npy


Gaia DR3 3234801142069429248


Saving to widebinaries/chains/thick/3234801142069429248.npy


Gaia DR3 3235035204902161792


Saving to widebinaries/chains/thick/3235035204902161792.npy


fit-sed done
