Host: scc-mc1
Job:  ember  ID: 3229238  Task: 108
Cmd:  ember fit-sed widebinaries/widebinary_fluxes.pqt widebinaries/chains/thick/ --synthetic --xpphoto --numtasks=128
Warning: the passwords of all user accounts have been inactivated.              Please visit https://cas.cosmos.esa.int/cas/passwd to set a new one. Workaround solutions for the Gaia Archive issues following the infrastructure upgrade: https://www.cosmos.esa.int/web/gaia/news#WorkaroundArchive
['synthetic']
Total rows before filtering: 9477
Rows remaining after removing existing chains: 9476
Rows in this SGE task segment: 74
Bands selected: synthetic
Output directory: /projectnb/mesaelm/ember/widebinaries/chains/thick
mcmc
Bypassing Gaia archive queries temporarily with $EMBER_DIR/widebinaries/widebinary_fluxes.pqt
Nedler mode returns no errors, so assuming 5% error universally!
[1.49290834 1.42003037 1.34610476 1.27218875 1.19762042 1.13007946
 1.05509361 0.99733563 0.93015207 0.88181679 0.82898061 0.78163521
 0.73503799 0.69541353 0.66619626 0.62154845 0.58866829 0.56235899
 0.53157587 0.50467257 0.47871176 0.45783258 0.43639439 0.41680978]
Gaia DR3 1231907361930988032


Saving to widebinaries/chains/thick/1231907361930988032.npy


Gaia DR3 1667610770243901568


Saving to widebinaries/chains/thick/1667610770243901568.npy


Gaia DR3 3667872216467245312


Saving to widebinaries/chains/thick/3667872216467245312.npy


Gaia DR3 5797739038197500160


Saving to widebinaries/chains/thick/5797739038197500160.npy


Gaia DR3 5797739072557238784


Saving to widebinaries/chains/thick/5797739072557238784.npy


Gaia DR3 5772878981507554048


Saving to widebinaries/chains/thick/5772878981507554048.npy


Gaia DR3 6092711658311010304


Saving to widebinaries/chains/thick/6092711658311010304.npy


Gaia DR3 6220881243421735936


Saving to widebinaries/chains/thick/6220881243421735936.npy


Gaia DR3 1228760220348642304


Saving to widebinaries/chains/thick/1228760220348642304.npy


Gaia DR3 5847559593677425792


Saving to widebinaries/chains/thick/5847559593677425792.npy


Gaia DR3 5897116232010617472


Saving to widebinaries/chains/thick/5897116232010617472.npy


Gaia DR3 3639088647023791744


Saving to widebinaries/chains/thick/3639088647023791744.npy


Gaia DR3 6272722529476372864


Saving to widebinaries/chains/thick/6272722529476372864.npy


Gaia DR3 1177125363307054080


Saving to widebinaries/chains/thick/1177125363307054080.npy


Gaia DR3 6091238278374452864


Saving to widebinaries/chains/thick/6091238278374452864.npy


Gaia DR3 5846742763942183808


Saving to widebinaries/chains/thick/5846742763942183808.npy


Gaia DR3 1508275042706284416


Saving to widebinaries/chains/thick/1508275042706284416.npy


Gaia DR3 5772594238061572608


Saving to widebinaries/chains/thick/5772594238061572608.npy


Gaia DR3 1477979369896076800


Saving to widebinaries/chains/thick/1477979369896076800.npy


Gaia DR3 1480615041001932288


Saving to widebinaries/chains/thick/1480615041001932288.npy


Gaia DR3 5892298623069190272


Saving to widebinaries/chains/thick/5892298623069190272.npy


Gaia DR3 1284883279561188480


Saving to widebinaries/chains/thick/1284883279561188480.npy


Gaia DR3 1700052887318626816


Saving to widebinaries/chains/thick/1700052887318626816.npy


Gaia DR3 3642556334899438336


Saving to widebinaries/chains/thick/3642556334899438336.npy


Gaia DR3 6221464023238513280


Saving to widebinaries/chains/thick/6221464023238513280.npy


Gaia DR3 1259582962954609152


Saving to widebinaries/chains/thick/1259582962954609152.npy


Gaia DR3 1253031630294811136


Saving to widebinaries/chains/thick/1253031630294811136.npy


Gaia DR3 1284797070976923264


Saving to widebinaries/chains/thick/1284797070976923264.npy


Gaia DR3 6102888080800225280


Saving to widebinaries/chains/thick/6102888080800225280.npy


Gaia DR3 5892698604746460288


Saving to widebinaries/chains/thick/5892698604746460288.npy


Gaia DR3 6327961924936193536


Saving to widebinaries/chains/thick/6327961924936193536.npy


Gaia DR3 1238892559301718400


Saving to widebinaries/chains/thick/1238892559301718400.npy


Gaia DR3 3641677687669518848


Saving to widebinaries/chains/thick/3641677687669518848.npy


Gaia DR3 3643248408749505536


Saving to widebinaries/chains/thick/3643248408749505536.npy


Gaia DR3 1177218856156004864


Saving to widebinaries/chains/thick/1177218856156004864.npy


Gaia DR3 3669503823003186688


Saving to widebinaries/chains/thick/3669503823003186688.npy


Gaia DR3 3643247687194998656


Saving to widebinaries/chains/thick/3643247687194998656.npy


Gaia DR3 1670271072988154624


Saving to widebinaries/chains/thick/1670271072988154624.npy


Gaia DR3 6299667852916242688


Saving to widebinaries/chains/thick/6299667852916242688.npy


Gaia DR3 1725442569309000704


Saving to widebinaries/chains/thick/1725442569309000704.npy


Gaia DR3 1477919927548534784


Saving to widebinaries/chains/thick/1477919927548534784.npy


Gaia DR3 6102511394992085504


Saving to widebinaries/chains/thick/6102511394992085504.npy


Gaia DR3 3670221151260599680


Saving to widebinaries/chains/thick/3670221151260599680.npy


Gaia DR3 1494448198654273408


Saving to widebinaries/chains/thick/1494448198654273408.npy


Gaia DR3 1238628367272863872


Saving to widebinaries/chains/thick/1238628367272863872.npy


Gaia DR3 6329356487932159232


Saving to widebinaries/chains/thick/6329356487932159232.npy


Gaia DR3 1285326893847215488


Saving to widebinaries/chains/thick/1285326893847215488.npy


Gaia DR3 5849558853776062592


Saving to widebinaries/chains/thick/5849558853776062592.npy


Gaia DR3 6329683450908068480


Saving to widebinaries/chains/thick/6329683450908068480.npy


Gaia DR3 1283540844582413952


Saving to widebinaries/chains/thick/1283540844582413952.npy


Gaia DR3 6282535258437097600


Saving to widebinaries/chains/thick/6282535258437097600.npy


Gaia DR3 5849599570051739008


Saving to widebinaries/chains/thick/5849599570051739008.npy


Gaia DR3 5892401599200616064


Saving to widebinaries/chains/thick/5892401599200616064.npy


Gaia DR3 1284064139104202752


Saving to widebinaries/chains/thick/1284064139104202752.npy


Gaia DR3 1238702137631892224


Saving to widebinaries/chains/thick/1238702137631892224.npy


Gaia DR3 1608497864040134016


Saving to widebinaries/chains/thick/1608497864040134016.npy


Gaia DR3 6102852247888171776


Saving to widebinaries/chains/thick/6102852247888171776.npy


Gaia DR3 6104232650378302720


Saving to widebinaries/chains/thick/6104232650378302720.npy


Gaia DR3 6282761899567811712


Saving to widebinaries/chains/thick/6282761899567811712.npy


Gaia DR3 1235533276400203776


Saving to widebinaries/chains/thick/1235533276400203776.npy


Gaia DR3 6118997751507527040


Saving to widebinaries/chains/thick/6118997751507527040.npy


Gaia DR3 6324476644875447680


Saving to widebinaries/chains/thick/6324476644875447680.npy


Gaia DR3 1254446834903324544


Saving to widebinaries/chains/thick/1254446834903324544.npy


Gaia DR3 6103340018734582656


Saving to widebinaries/chains/thick/6103340018734582656.npy


Gaia DR3 6272326022391660928


Saving to widebinaries/chains/thick/6272326022391660928.npy


Gaia DR3 6271903947364173056


Saving to widebinaries/chains/thick/6271903947364173056.npy


Gaia DR3 6105860683499698176


Saving to widebinaries/chains/thick/6105860683499698176.npy


Gaia DR3 5785833148332941952


Saving to widebinaries/chains/thick/5785833148332941952.npy


Gaia DR3 6328218252880080896


Saving to widebinaries/chains/thick/6328218252880080896.npy


Gaia DR3 1254839364849893120


Saving to widebinaries/chains/thick/1254839364849893120.npy


Gaia DR3 5878654710227808384


Saving to widebinaries/chains/thick/5878654710227808384.npy


Gaia DR3 1242401517517692032


Saving to widebinaries/chains/thick/1242401517517692032.npy


Gaia DR3 1487335427869316736


Saving to widebinaries/chains/thick/1487335427869316736.npy


Gaia DR3 1603370081109395200


Saving to widebinaries/chains/thick/1603370081109395200.npy


fit-sed done
