Host: scc-wh3
Job:  ember  ID: 3229238  Task: 1
Cmd:  ember fit-sed widebinaries/widebinary_fluxes.pqt widebinaries/chains/thick/ --synthetic --xpphoto --numtasks=128
Warning: the passwords of all user accounts have been inactivated.              Please visit https://cas.cosmos.esa.int/cas/passwd to set a new one. Workaround solutions for the Gaia Archive issues following the infrastructure upgrade: https://www.cosmos.esa.int/web/gaia/news#WorkaroundArchive
['synthetic']
Total rows before filtering: 9477
Rows remaining after removing existing chains: 9476
Rows in this SGE task segment: 75
Bands selected: synthetic
Output directory: /projectnb/mesaelm/ember/widebinaries/chains/thick
mcmc
Bypassing Gaia archive queries temporarily with $EMBER_DIR/widebinaries/widebinary_fluxes.pqt
Nedler mode returns no errors, so assuming 5% error universally!
[1.49290834 1.42003037 1.34610476 1.27218875 1.19762042 1.13007946
 1.05509361 0.99733563 0.93015207 0.88181679 0.82898061 0.78163521
 0.73503799 0.69541353 0.66619626 0.62154845 0.58866829 0.56235899
 0.53157587 0.50467257 0.47871176 0.45783258 0.43639439 0.41680978]
Gaia DR3 2158107129347694592


Saving to widebinaries/chains/thick/2158107129347694592.npy


Gaia DR3 6702386144325312384


Saving to widebinaries/chains/thick/6702386144325312384.npy


Gaia DR3 4483974792231866624


Saving to widebinaries/chains/thick/4483974792231866624.npy


Gaia DR3 4273314166840237952


Saving to widebinaries/chains/thick/4273314166840237952.npy


Gaia DR3 4484422808856341632


Saving to widebinaries/chains/thick/4484422808856341632.npy


Gaia DR3 6734326583460686592


Saving to widebinaries/chains/thick/6734326583460686592.npy


Gaia DR3 4273286679048255744


Saving to widebinaries/chains/thick/4273286679048255744.npy


Gaia DR3 2160515953165916032


Saving to widebinaries/chains/thick/2160515953165916032.npy


Gaia DR3 4523509278992412288


Saving to widebinaries/chains/thick/4523509278992412288.npy


Gaia DR3 4284122782775063552


Saving to widebinaries/chains/thick/4284122782775063552.npy


Gaia DR3 4585722773620345984


Saving to widebinaries/chains/thick/4585722773620345984.npy


Gaia DR3 4284122709739805056


Saving to widebinaries/chains/thick/4284122709739805056.npy


Gaia DR3 2108580555787991040


Saving to widebinaries/chains/thick/2108580555787991040.npy


Gaia DR3 2108580658867207936


Saving to widebinaries/chains/thick/2108580658867207936.npy


Gaia DR3 4484033921036658944


Saving to widebinaries/chains/thick/4484033921036658944.npy


Gaia DR3 4270113424069773184


Saving to widebinaries/chains/thick/4270113424069773184.npy


Gaia DR3 6433190582193235712


Saving to widebinaries/chains/thick/6433190582193235712.npy


Gaia DR3 4525050347610878720


Saving to widebinaries/chains/thick/4525050347610878720.npy


Gaia DR3 6703898045827901568


Saving to widebinaries/chains/thick/6703898045827901568.npy


Gaia DR3 2095856148238624512


Saving to widebinaries/chains/thick/2095856148238624512.npy


Gaia DR3 4536310033882496640


Saving to widebinaries/chains/thick/4536310033882496640.npy


Gaia DR3 6704742986154046464


Saving to widebinaries/chains/thick/6704742986154046464.npy


Gaia DR3 4272898585803853568


Saving to widebinaries/chains/thick/4272898585803853568.npy


Gaia DR3 4153365419713623808


Saving to widebinaries/chains/thick/4153365419713623808.npy


Gaia DR3 2157256622744808064


Saving to widebinaries/chains/thick/2157256622744808064.npy


Gaia DR3 2111335107294795520


Saving to widebinaries/chains/thick/2111335107294795520.npy


Gaia DR3 6704014040011490176


Saving to widebinaries/chains/thick/6704014040011490176.npy


Gaia DR3 4257063458004688896


Saving to widebinaries/chains/thick/4257063458004688896.npy


Gaia DR3 4257063453704172416


Saving to widebinaries/chains/thick/4257063453704172416.npy


Gaia DR3 4509454050053734144


Saving to widebinaries/chains/thick/4509454050053734144.npy


Gaia DR3 6726956453945890304


Saving to widebinaries/chains/thick/6726956453945890304.npy


Gaia DR3 4484363400874781184


Saving to widebinaries/chains/thick/4484363400874781184.npy


Gaia DR3 6723614557057843968


Saving to widebinaries/chains/thick/6723614557057843968.npy


Gaia DR3 4536397101454578816


Saving to widebinaries/chains/thick/4536397101454578816.npy


Gaia DR3 4257893554915974400


Saving to widebinaries/chains/thick/4257893554915974400.npy


Gaia DR3 4283311510678734208


Saving to widebinaries/chains/thick/4283311510678734208.npy


Gaia DR3 4524181626049824384


Saving to widebinaries/chains/thick/4524181626049824384.npy


Gaia DR3 4284928514335243776


Saving to widebinaries/chains/thick/4284928514335243776.npy


Gaia DR3 2160164143804513536


Saving to widebinaries/chains/thick/2160164143804513536.npy


Gaia DR3 6436604157779581056


Saving to widebinaries/chains/thick/6436604157779581056.npy


Gaia DR3 6734270199144637824


Saving to widebinaries/chains/thick/6734270199144637824.npy


Gaia DR3 4477403148676643200


Saving to widebinaries/chains/thick/4477403148676643200.npy


Gaia DR3 6432864302117736192


Saving to widebinaries/chains/thick/6432864302117736192.npy


Gaia DR3 4092829779847957632


Saving to widebinaries/chains/thick/4092829779847957632.npy


Gaia DR3 4478900202471373056


Saving to widebinaries/chains/thick/4478900202471373056.npy


Gaia DR3 2296734929768068736


Saving to widebinaries/chains/thick/2296734929768068736.npy


Gaia DR3 6635694961601162240


Saving to widebinaries/chains/thick/6635694961601162240.npy


Gaia DR3 2294106890819234176


Saving to widebinaries/chains/thick/2294106890819234176.npy


Gaia DR3 4093228116568874240


Saving to widebinaries/chains/thick/4093228116568874240.npy


Gaia DR3 2157792531584733568


Saving to widebinaries/chains/thick/2157792531584733568.npy


Gaia DR3 4091541259574942336


Saving to widebinaries/chains/thick/4091541259574942336.npy


Gaia DR3 2111818759265059328


Saving to widebinaries/chains/thick/2111818759265059328.npy


Gaia DR3 6650983391611213056


Saving to widebinaries/chains/thick/6650983391611213056.npy


Gaia DR3 6703823553915615488


Saving to widebinaries/chains/thick/6703823553915615488.npy


Gaia DR3 2145132892139909632


Saving to widebinaries/chains/thick/2145132892139909632.npy


Gaia DR3 6709698863028116096


Saving to widebinaries/chains/thick/6709698863028116096.npy


Gaia DR3 6723849062282999040


Saving to widebinaries/chains/thick/6723849062282999040.npy


Gaia DR3 4075818689987971200


Saving to widebinaries/chains/thick/4075818689987971200.npy


Gaia DR3 4282984302892895360


Saving to widebinaries/chains/thick/4282984302892895360.npy


Gaia DR3 6433161479496767488


Saving to widebinaries/chains/thick/6433161479496767488.npy


Gaia DR3 2259455030251418112


Saving to widebinaries/chains/thick/2259455030251418112.npy


Gaia DR3 2259455025955617280


Saving to widebinaries/chains/thick/2259455025955617280.npy


Gaia DR3 4106530489306653952


Saving to widebinaries/chains/thick/4106530489306653952.npy


Gaia DR3 4508329073564477440


Saving to widebinaries/chains/thick/4508329073564477440.npy


Gaia DR3 6723525938997800448


Saving to widebinaries/chains/thick/6723525938997800448.npy


Gaia DR3 4535988216267824384


Saving to widebinaries/chains/thick/4535988216267824384.npy


Gaia DR3 2110098053632614912


Saving to widebinaries/chains/thick/2110098053632614912.npy


Gaia DR3 4091784698384482816


Saving to widebinaries/chains/thick/4091784698384482816.npy


Gaia DR3 4273632200577129600


Saving to widebinaries/chains/thick/4273632200577129600.npy


Gaia DR3 6636129539276532608


Saving to widebinaries/chains/thick/6636129539276532608.npy


Gaia DR3 6436367865857982080


Saving to widebinaries/chains/thick/6436367865857982080.npy


Gaia DR3 6415169311736708096


Saving to widebinaries/chains/thick/6415169311736708096.npy


Gaia DR3 2096012038370988160


Saving to widebinaries/chains/thick/2096012038370988160.npy


Gaia DR3 2096011969651506560


Saving to widebinaries/chains/thick/2096011969651506560.npy


Gaia DR3 6655420161551244416


Saving to widebinaries/chains/thick/6655420161551244416.npy


fit-sed done
