Host: scc-mh3
Job:  ember  ID: 3229238  Task: 87
Cmd:  ember fit-sed widebinaries/widebinary_fluxes.pqt widebinaries/chains/thick/ --synthetic --xpphoto --numtasks=128
Warning: the passwords of all user accounts have been inactivated.              Please visit https://cas.cosmos.esa.int/cas/passwd to set a new one. Workaround solutions for the Gaia Archive issues following the infrastructure upgrade: https://www.cosmos.esa.int/web/gaia/news#WorkaroundArchive
['synthetic']
Total rows before filtering: 9477
Rows remaining after removing existing chains: 9476
Rows in this SGE task segment: 74
Bands selected: synthetic
Output directory: /projectnb/mesaelm/ember/widebinaries/chains/thick
mcmc
Bypassing Gaia archive queries temporarily with $EMBER_DIR/widebinaries/widebinary_fluxes.pqt
Nedler mode returns no errors, so assuming 5% error universally!
[1.49290834 1.42003037 1.34610476 1.27218875 1.19762042 1.13007946
 1.05509361 0.99733563 0.93015207 0.88181679 0.82898061 0.78163521
 0.73503799 0.69541353 0.66619626 0.62154845 0.58866829 0.56235899
 0.53157587 0.50467257 0.47871176 0.45783258 0.43639439 0.41680978]
Gaia DR3 3773196836178004096


Saving to widebinaries/chains/thick/3773196836178004096.npy


Gaia DR3 3773196836178002944


Saving to widebinaries/chains/thick/3773196836178002944.npy


Gaia DR3 5419739898483106176


Saving to widebinaries/chains/thick/5419739898483106176.npy


Gaia DR3 3849176633005242624


Saving to widebinaries/chains/thick/3849176633005242624.npy


Gaia DR3 616899071986605568


Saving to widebinaries/chains/thick/616899071986605568.npy


Gaia DR3 5687953528010845696


Saving to widebinaries/chains/thick/5687953528010845696.npy


Gaia DR3 5671866156772941568


Saving to widebinaries/chains/thick/5671866156772941568.npy


Gaia DR3 5433741801105990016


Saving to widebinaries/chains/thick/5433741801105990016.npy


Gaia DR3 642011367808812928


Saving to widebinaries/chains/thick/642011367808812928.npy


Gaia DR3 1132527457993881216


Saving to widebinaries/chains/thick/1132527457993881216.npy


Gaia DR3 1050323119681613056


Saving to widebinaries/chains/thick/1050323119681613056.npy


Gaia DR3 1046422877061645952


Saving to widebinaries/chains/thick/1046422877061645952.npy


Gaia DR3 5245575229418550656


Saving to widebinaries/chains/thick/5245575229418550656.npy


Gaia DR3 5463519015527901952


Saving to widebinaries/chains/thick/5463519015527901952.npy


Gaia DR3 823593685911793152


Saving to widebinaries/chains/thick/823593685911793152.npy


Gaia DR3 5666989105444361728


Saving to widebinaries/chains/thick/5666989105444361728.npy


Gaia DR3 5405389966089801984


Saving to widebinaries/chains/thick/5405389966089801984.npy


Gaia DR3 642837135401004672


Saving to widebinaries/chains/thick/642837135401004672.npy


Gaia DR3 5404543994967413504


Saving to widebinaries/chains/thick/5404543994967413504.npy


Gaia DR3 5666971410180063488


Saving to widebinaries/chains/thick/5666971410180063488.npy


Gaia DR3 5666984741757523968


Saving to widebinaries/chains/thick/5666984741757523968.npy


Gaia DR3 627894256983735040


Saving to widebinaries/chains/thick/627894256983735040.npy


Gaia DR3 5459993534571156992


Saving to widebinaries/chains/thick/5459993534571156992.npy


Gaia DR3 5666779957716657792


Saving to widebinaries/chains/thick/5666779957716657792.npy


Gaia DR3 5406953810913456768


Saving to widebinaries/chains/thick/5406953810913456768.npy


Gaia DR3 622730194465620992


Saving to widebinaries/chains/thick/622730194465620992.npy


Gaia DR3 5659891173772545408


Saving to widebinaries/chains/thick/5659891173772545408.npy


Gaia DR3 5404518087715248384


Saving to widebinaries/chains/thick/5404518087715248384.npy


Gaia DR3 739848218845670656


Saving to widebinaries/chains/thick/739848218845670656.npy


Gaia DR3 5259226009874614912


Saving to widebinaries/chains/thick/5259226009874614912.npy


Gaia DR3 744137065813655424


Saving to widebinaries/chains/thick/744137065813655424.npy


Gaia DR3 5463548835485543680


Saving to widebinaries/chains/thick/5463548835485543680.npy


Gaia DR3 795886439568266368


Saving to widebinaries/chains/thick/795886439568266368.npy


Gaia DR3 795886439568268032


Saving to widebinaries/chains/thick/795886439568268032.npy


Gaia DR3 5258257511928576896


Saving to widebinaries/chains/thick/5258257511928576896.npy


Gaia DR3 5258369765211228800


Saving to widebinaries/chains/thick/5258369765211228800.npy


Gaia DR3 5407889426588015360


Saving to widebinaries/chains/thick/5407889426588015360.npy


Gaia DR3 3880231510004004736


Saving to widebinaries/chains/thick/3880231510004004736.npy


Gaia DR3 5418397081260077312


Saving to widebinaries/chains/thick/5418397081260077312.npy


Gaia DR3 806948248098177792


Saving to widebinaries/chains/thick/806948248098177792.npy


Gaia DR3 622893609381209984


Saving to widebinaries/chains/thick/622893609381209984.npy


Gaia DR3 622901172818524160


Saving to widebinaries/chains/thick/622901172818524160.npy


Gaia DR3 3881842363257366912


Saving to widebinaries/chains/thick/3881842363257366912.npy


Gaia DR3 803044058405829760


Saving to widebinaries/chains/thick/803044058405829760.npy


Gaia DR3 5665841004851626240


Saving to widebinaries/chains/thick/5665841004851626240.npy


Gaia DR3 3822028007288795264


Saving to widebinaries/chains/thick/3822028007288795264.npy


Gaia DR3 5466412307360979840


Saving to widebinaries/chains/thick/5466412307360979840.npy


Gaia DR3 5666930655234244864


Saving to widebinaries/chains/thick/5666930655234244864.npy


Gaia DR3 5204269115887501696


Saving to widebinaries/chains/thick/5204269115887501696.npy


Gaia DR3 5670750874026413696


Saving to widebinaries/chains/thick/5670750874026413696.npy


Gaia DR3 3828152866875681536


Saving to widebinaries/chains/thick/3828152866875681536.npy


Gaia DR3 1131489931332676352


Saving to widebinaries/chains/thick/1131489931332676352.npy


Gaia DR3 5458878281887529216


Saving to widebinaries/chains/thick/5458878281887529216.npy


Gaia DR3 5458878316247267968


Saving to widebinaries/chains/thick/5458878316247267968.npy


Gaia DR3 5420171250644338176


Saving to widebinaries/chains/thick/5420171250644338176.npy


Gaia DR3 5460141315810520448


Saving to widebinaries/chains/thick/5460141315810520448.npy


Gaia DR3 3881936165343328128


Saving to widebinaries/chains/thick/3881936165343328128.npy


Gaia DR3 5421389745744276096


Saving to widebinaries/chains/thick/5421389745744276096.npy


Gaia DR3 806968623424621440


Saving to widebinaries/chains/thick/806968623424621440.npy


Gaia DR3 5420582949022731136


Saving to widebinaries/chains/thick/5420582949022731136.npy


Gaia DR3 1050067556244134144


Saving to widebinaries/chains/thick/1050067556244134144.npy


Gaia DR3 5458435659738665216


Saving to widebinaries/chains/thick/5458435659738665216.npy


Gaia DR3 3874412413432647680


Saving to widebinaries/chains/thick/3874412413432647680.npy


Gaia DR3 3874412413432643328


Saving to widebinaries/chains/thick/3874412413432643328.npy


Gaia DR3 5665553929237286400


Saving to widebinaries/chains/thick/5665553929237286400.npy


Gaia DR3 3765518602883852416


Saving to widebinaries/chains/thick/3765518602883852416.npy


Gaia DR3 3836952017914387584


Saving to widebinaries/chains/thick/3836952017914387584.npy


Gaia DR3 5460181374966611840


Saving to widebinaries/chains/thick/5460181374966611840.npy


Gaia DR3 1077800915988438784


Saving to widebinaries/chains/thick/1077800915988438784.npy


Gaia DR3 851543000907468672


Saving to widebinaries/chains/thick/851543000907468672.npy


Gaia DR3 747167663456857472


Saving to widebinaries/chains/thick/747167663456857472.npy


Gaia DR3 5422194145875914880


Saving to widebinaries/chains/thick/5422194145875914880.npy


Gaia DR3 628375057097941760


Saving to widebinaries/chains/thick/628375057097941760.npy


Gaia DR3 1045681604360330624


Saving to widebinaries/chains/thick/1045681604360330624.npy


fit-sed done
