Host: scc-mh3
Job:  ember  ID: 3229238  Task: 3
Cmd:  ember fit-sed widebinaries/widebinary_fluxes.pqt widebinaries/chains/thick/ --synthetic --xpphoto --numtasks=128
Warning: the passwords of all user accounts have been inactivated.              Please visit https://cas.cosmos.esa.int/cas/passwd to set a new one. Workaround solutions for the Gaia Archive issues following the infrastructure upgrade: https://www.cosmos.esa.int/web/gaia/news#WorkaroundArchive
['synthetic']
Total rows before filtering: 9477
Rows remaining after removing existing chains: 9476
Rows in this SGE task segment: 75
Bands selected: synthetic
Output directory: /projectnb/mesaelm/ember/widebinaries/chains/thick
mcmc
Bypassing Gaia archive queries temporarily with $EMBER_DIR/widebinaries/widebinary_fluxes.pqt
Nedler mode returns no errors, so assuming 5% error universally!
[1.49290834 1.42003037 1.34610476 1.27218875 1.19762042 1.13007946
 1.05509361 0.99733563 0.93015207 0.88181679 0.82898061 0.78163521
 0.73503799 0.69541353 0.66619626 0.62154845 0.58866829 0.56235899
 0.53157587 0.50467257 0.47871176 0.45783258 0.43639439 0.41680978]
Gaia DR3 4538304337520289664


Saving to widebinaries/chains/thick/4538304337520289664.npy


Gaia DR3 4252356105208887040


Saving to widebinaries/chains/thick/4252356105208887040.npy


Gaia DR3 4285452672132751232


Saving to widebinaries/chains/thick/4285452672132751232.npy


Gaia DR3 6730238805388214400


Saving to widebinaries/chains/thick/6730238805388214400.npy


Gaia DR3 4504577986571873280


Saving to widebinaries/chains/thick/4504577986571873280.npy


Gaia DR3 6728535386987393792


Saving to widebinaries/chains/thick/6728535386987393792.npy


Gaia DR3 4503856883056192768


Saving to widebinaries/chains/thick/4503856883056192768.npy


Gaia DR3 2259262581356603136


Saving to widebinaries/chains/thick/2259262581356603136.npy


Gaia DR3 2105234196444142208


Saving to widebinaries/chains/thick/2105234196444142208.npy


Gaia DR3 4079852007849614208


Saving to widebinaries/chains/thick/4079852007849614208.npy


Gaia DR3 2096635671922608768


Saving to widebinaries/chains/thick/2096635671922608768.npy


Gaia DR3 6650228409380791040


Saving to widebinaries/chains/thick/6650228409380791040.npy


Gaia DR3 6650228409376970880


Saving to widebinaries/chains/thick/6650228409376970880.npy


Gaia DR3 4252064631569619712


Saving to widebinaries/chains/thick/4252064631569619712.npy


Gaia DR3 4505464609555615616


Saving to widebinaries/chains/thick/4505464609555615616.npy


Gaia DR3 2098318989863211648


Saving to widebinaries/chains/thick/2098318989863211648.npy


Gaia DR3 4311200863636915712


Saving to widebinaries/chains/thick/4311200863636915712.npy


Gaia DR3 2097428557239379968


Saving to widebinaries/chains/thick/2097428557239379968.npy


Gaia DR3 6729474056386325760


Saving to widebinaries/chains/thick/6729474056386325760.npy


Gaia DR3 2097548365354832640


Saving to widebinaries/chains/thick/2097548365354832640.npy


Gaia DR3 2266134254153054464


Saving to widebinaries/chains/thick/2266134254153054464.npy


Gaia DR3 6761558119239570560


Saving to widebinaries/chains/thick/6761558119239570560.npy


Gaia DR3 6732205728600042368


Saving to widebinaries/chains/thick/6732205728600042368.npy


Gaia DR3 4085948284439758080


Saving to widebinaries/chains/thick/4085948284439758080.npy


Gaia DR3 4507505676792063104


Saving to widebinaries/chains/thick/4507505676792063104.npy


Gaia DR3 2093485468030125312


Saving to widebinaries/chains/thick/2093485468030125312.npy


Gaia DR3 6633233941046867200


Saving to widebinaries/chains/thick/6633233941046867200.npy


Gaia DR3 2253023260890436736


Saving to widebinaries/chains/thick/2253023260890436736.npy


Gaia DR3 6651753874386353536


Saving to widebinaries/chains/thick/6651753874386353536.npy


Gaia DR3 4099375451739916544


Saving to widebinaries/chains/thick/4099375451739916544.npy


Gaia DR3 6731816157889400576


Saving to widebinaries/chains/thick/6731816157889400576.npy


Gaia DR3 4510935053563756032


Saving to widebinaries/chains/thick/4510935053563756032.npy


Gaia DR3 4266304887652615424


Saving to widebinaries/chains/thick/4266304887652615424.npy


Gaia DR3 6711602701761713792


Saving to widebinaries/chains/thick/6711602701761713792.npy


Gaia DR3 4533233974004204032


Saving to widebinaries/chains/thick/4533233974004204032.npy


Gaia DR3 2253590677610308992


Saving to widebinaries/chains/thick/2253590677610308992.npy


Gaia DR3 2293260747901303296


Saving to widebinaries/chains/thick/2293260747901303296.npy


Gaia DR3 2267826604410294656


Saving to widebinaries/chains/thick/2267826604410294656.npy


Gaia DR3 6433755941625698048


Saving to widebinaries/chains/thick/6433755941625698048.npy


Gaia DR3 4534657570987930112


Saving to widebinaries/chains/thick/4534657570987930112.npy


Gaia DR3 2267838943853424512


Saving to widebinaries/chains/thick/2267838943853424512.npy


Gaia DR3 4311973098757316608


Saving to widebinaries/chains/thick/4311973098757316608.npy


Gaia DR3 2092434163113040512


Saving to widebinaries/chains/thick/2092434163113040512.npy


Gaia DR3 6650583173679537152


Saving to widebinaries/chains/thick/6650583173679537152.npy


Gaia DR3 2144465183642117888


Saving to widebinaries/chains/thick/2144465183642117888.npy


Gaia DR3 6638242289523896576


Saving to widebinaries/chains/thick/6638242289523896576.npy


Gaia DR3 4253723691465354496


Saving to widebinaries/chains/thick/4253723691465354496.npy


Gaia DR3 4253723691465323648


Saving to widebinaries/chains/thick/4253723691465323648.npy


Gaia DR3 4099016770410419072


Saving to widebinaries/chains/thick/4099016770410419072.npy


Gaia DR3 4534691960780049024


Saving to widebinaries/chains/thick/4534691960780049024.npy


Gaia DR3 4311257007453522176


Saving to widebinaries/chains/thick/4311257007453522176.npy


Gaia DR3 2090438412070596224


Saving to widebinaries/chains/thick/2090438412070596224.npy


Gaia DR3 4254151264048908800


Saving to widebinaries/chains/thick/4254151264048908800.npy


Gaia DR3 2093642900051190784


Saving to widebinaries/chains/thick/2093642900051190784.npy


Gaia DR3 4264942214777843712


Saving to widebinaries/chains/thick/4264942214777843712.npy


Gaia DR3 4203969965634911104


Saving to widebinaries/chains/thick/4203969965634911104.npy


Gaia DR3 4084772288051037440


Saving to widebinaries/chains/thick/4084772288051037440.npy


Gaia DR3 2040611190802315264


Saving to widebinaries/chains/thick/2040611190802315264.npy


Gaia DR3 2040611122078297600


Saving to widebinaries/chains/thick/2040611122078297600.npy


Gaia DR3 4507541037258075776


Saving to widebinaries/chains/thick/4507541037258075776.npy


Gaia DR3 2153380230076376704


Saving to widebinaries/chains/thick/2153380230076376704.npy


Gaia DR3 6716988139778566016


Saving to widebinaries/chains/thick/6716988139778566016.npy


Gaia DR3 4268663511830737408


Saving to widebinaries/chains/thick/4268663511830737408.npy


Gaia DR3 4073522222505044224


Saving to widebinaries/chains/thick/4073522222505044224.npy


Gaia DR3 4281592183725180288


Saving to widebinaries/chains/thick/4281592183725180288.npy


Gaia DR3 6710800367510238720


Saving to widebinaries/chains/thick/6710800367510238720.npy


Gaia DR3 2041078345800350464


Saving to widebinaries/chains/thick/2041078345800350464.npy


Gaia DR3 6730874838503216000


Saving to widebinaries/chains/thick/6730874838503216000.npy


Gaia DR3 6730874838496952832


Saving to widebinaries/chains/thick/6730874838496952832.npy


Gaia DR3 2103614787618232192


Saving to widebinaries/chains/thick/2103614787618232192.npy


Gaia DR3 2134092390945830528


Saving to widebinaries/chains/thick/2134092390945830528.npy


Gaia DR3 4517146607064975232


Saving to widebinaries/chains/thick/4517146607064975232.npy


Gaia DR3 6660881332725538816


Saving to widebinaries/chains/thick/6660881332725538816.npy


Gaia DR3 2092852149329303168


Saving to widebinaries/chains/thick/2092852149329303168.npy


Gaia DR3 6636780901132343424


Saving to widebinaries/chains/thick/6636780901132343424.npy


fit-sed done
