Host: scc-ul1
Job:  ember  ID: 3229238  Task: 117
Cmd:  ember fit-sed widebinaries/widebinary_fluxes.pqt widebinaries/chains/thick/ --synthetic --xpphoto --numtasks=128
Warning: the passwords of all user accounts have been inactivated.              Please visit https://cas.cosmos.esa.int/cas/passwd to set a new one. Workaround solutions for the Gaia Archive issues following the infrastructure upgrade: https://www.cosmos.esa.int/web/gaia/news#WorkaroundArchive
['synthetic']
Total rows before filtering: 9477
Rows remaining after removing existing chains: 9476
Rows in this SGE task segment: 74
Bands selected: synthetic
Output directory: /projectnb/mesaelm/ember/widebinaries/chains/thick
mcmc
Bypassing Gaia archive queries temporarily with $EMBER_DIR/widebinaries/widebinary_fluxes.pqt
Nedler mode returns no errors, so assuming 5% error universally!
[1.49290834 1.42003037 1.34610476 1.27218875 1.19762042 1.13007946
 1.05509361 0.99733563 0.93015207 0.88181679 0.82898061 0.78163521
 0.73503799 0.69541353 0.66619626 0.62154845 0.58866829 0.56235899
 0.53157587 0.50467257 0.47871176 0.45783258 0.43639439 0.41680978]
Gaia DR3 1378788856838159104


Saving to widebinaries/chains/thick/1378788856838159104.npy


Gaia DR3 6038530297971472256


Saving to widebinaries/chains/thick/6038530297971472256.npy


Gaia DR3 1302684712116023552


Saving to widebinaries/chains/thick/1302684712116023552.npy


Gaia DR3 5932562670172096768


Saving to widebinaries/chains/thick/5932562670172096768.npy


Gaia DR3 1322796261553165824


Saving to widebinaries/chains/thick/1322796261553165824.npy


Gaia DR3 5828791896558137984


Saving to widebinaries/chains/thick/5828791896558137984.npy


Gaia DR3 1378669521170866688


Saving to widebinaries/chains/thick/1378669521170866688.npy


Gaia DR3 1201468791266104192


Saving to widebinaries/chains/thick/1201468791266104192.npy


Gaia DR3 5935177377516226816


Saving to widebinaries/chains/thick/5935177377516226816.npy


Gaia DR3 6050397365632814976


Saving to widebinaries/chains/thick/6050397365632814976.npy


Gaia DR3 1385719147346936064


Saving to widebinaries/chains/thick/1385719147346936064.npy


Gaia DR3 4450123371823227008


Saving to widebinaries/chains/thick/4450123371823227008.npy


Gaia DR3 5990758446204657024


Saving to widebinaries/chains/thick/5990758446204657024.npy


Gaia DR3 4329548658975634560


Saving to widebinaries/chains/thick/4329548658975634560.npy


Gaia DR3 5768660082376496384


Saving to widebinaries/chains/thick/5768660082376496384.npy


Gaia DR3 1201397288648928000


Saving to widebinaries/chains/thick/1201397288648928000.npy


Gaia DR3 4345797619771364608


Saving to widebinaries/chains/thick/4345797619771364608.npy


Gaia DR3 5931553765140797824


Saving to widebinaries/chains/thick/5931553765140797824.npy


Gaia DR3 1329751458576932224


Saving to widebinaries/chains/thick/1329751458576932224.npy


Gaia DR3 6023379925395759744


Saving to widebinaries/chains/thick/6023379925395759744.npy


Gaia DR3 5931741541147252864


Saving to widebinaries/chains/thick/5931741541147252864.npy


Gaia DR3 4408166832745003904


Saving to widebinaries/chains/thick/4408166832745003904.npy


Gaia DR3 4408166828443906560


Saving to widebinaries/chains/thick/4408166828443906560.npy


Gaia DR3 4344127392886237824


Saving to widebinaries/chains/thick/4344127392886237824.npy


Gaia DR3 4464464160248224640


Saving to widebinaries/chains/thick/4464464160248224640.npy


Gaia DR3 6022604288655213824


Saving to widebinaries/chains/thick/6022604288655213824.npy


Gaia DR3 4408748985491072128


Saving to widebinaries/chains/thick/4408748985491072128.npy


Gaia DR3 4450343205429610112


Saving to widebinaries/chains/thick/4450343205429610112.npy


Gaia DR3 5831427494700696448


Saving to widebinaries/chains/thick/5831427494700696448.npy


Gaia DR3 1628379675674825984


Saving to widebinaries/chains/thick/1628379675674825984.npy


Gaia DR3 4436335113756385152


Saving to widebinaries/chains/thick/4436335113756385152.npy


Gaia DR3 1319304551924804864


Saving to widebinaries/chains/thick/1319304551924804864.npy


Gaia DR3 1386704545987569280


Saving to widebinaries/chains/thick/1386704545987569280.npy


Gaia DR3 6021829918937120640


Saving to widebinaries/chains/thick/6021829918937120640.npy


Gaia DR3 4345807442359164672


Saving to widebinaries/chains/thick/4345807442359164672.npy


Gaia DR3 1329841618530337408


Saving to widebinaries/chains/thick/1329841618530337408.npy


Gaia DR3 5831594689182325632


Saving to widebinaries/chains/thick/5831594689182325632.npy


Gaia DR3 5931669901038988544


Saving to widebinaries/chains/thick/5931669901038988544.npy


Gaia DR3 4408980780586996096


Saving to widebinaries/chains/thick/4408980780586996096.npy


Gaia DR3 4412044123059611264


Saving to widebinaries/chains/thick/4412044123059611264.npy


Gaia DR3 4408781837702160768


Saving to widebinaries/chains/thick/4408781837702160768.npy


Gaia DR3 1302062083594957184


Saving to widebinaries/chains/thick/1302062083594957184.npy


Gaia DR3 5806735345417197312


Saving to widebinaries/chains/thick/5806735345417197312.npy


Gaia DR3 4343739982541178624


Saving to widebinaries/chains/thick/4343739982541178624.npy


Gaia DR3 6035573711211761152


Saving to widebinaries/chains/thick/6035573711211761152.npy


Gaia DR3 5768657299237659264


Saving to widebinaries/chains/thick/5768657299237659264.npy


Gaia DR3 4328401284234686464


Saving to widebinaries/chains/thick/4328401284234686464.npy


Gaia DR3 4330207330866048256


Saving to widebinaries/chains/thick/4330207330866048256.npy


Gaia DR3 1382382812457475584


Saving to widebinaries/chains/thick/1382382812457475584.npy


Gaia DR3 5932353419436526720


Saving to widebinaries/chains/thick/5932353419436526720.npy


Gaia DR3 1629364528854811904


Saving to widebinaries/chains/thick/1629364528854811904.npy


Gaia DR3 4437842960812987520


Saving to widebinaries/chains/thick/4437842960812987520.npy


Gaia DR3 4466814881747732480


Saving to widebinaries/chains/thick/4466814881747732480.npy


Gaia DR3 5993963556957988352


Saving to widebinaries/chains/thick/5993963556957988352.npy


Gaia DR3 6037510466581968384


Saving to widebinaries/chains/thick/6037510466581968384.npy


Gaia DR3 4407249840044108288


Saving to widebinaries/chains/thick/4407249840044108288.npy


Gaia DR3 5767228277719809408


Saving to widebinaries/chains/thick/5767228277719809408.npy


Gaia DR3 5935306501402096128


Saving to widebinaries/chains/thick/5935306501402096128.npy


Gaia DR3 5808875991474115328


Saving to widebinaries/chains/thick/5808875991474115328.npy


Gaia DR3 4453988808030023680


Saving to widebinaries/chains/thick/4453988808030023680.npy


Gaia DR3 1649826032226708864


Saving to widebinaries/chains/thick/1649826032226708864.npy


Gaia DR3 6023247502960498304


Saving to widebinaries/chains/thick/6023247502960498304.npy


Gaia DR3 4464010508621809664


Saving to widebinaries/chains/thick/4464010508621809664.npy


Gaia DR3 1643524589353691136


Saving to widebinaries/chains/thick/1643524589353691136.npy


Gaia DR3 1298515020427786624


Saving to widebinaries/chains/thick/1298515020427786624.npy


Gaia DR3 1623637756901422976


Saving to widebinaries/chains/thick/1623637756901422976.npy


Gaia DR3 4328933138625682432


Saving to widebinaries/chains/thick/4328933138625682432.npy


Gaia DR3 4463132278006820224


Saving to widebinaries/chains/thick/4463132278006820224.npy


Gaia DR3 1201152784750637440


Saving to widebinaries/chains/thick/1201152784750637440.npy


Gaia DR3 1424736794927164544


Saving to widebinaries/chains/thick/1424736794927164544.npy


Gaia DR3 6037139798019991936


Saving to widebinaries/chains/thick/6037139798019991936.npy


Gaia DR3 1328784472460759808


Saving to widebinaries/chains/thick/1328784472460759808.npy


Gaia DR3 4344587744660559232


Saving to widebinaries/chains/thick/4344587744660559232.npy


Gaia DR3 4355235720207630464


Saving to widebinaries/chains/thick/4355235720207630464.npy


fit-sed done
