Host: scc-ei2
Job:  ember  ID: 3229238  Task: 116
Cmd:  ember fit-sed widebinaries/widebinary_fluxes.pqt widebinaries/chains/thick/ --synthetic --xpphoto --numtasks=128
Warning: the passwords of all user accounts have been inactivated.              Please visit https://cas.cosmos.esa.int/cas/passwd to set a new one. Workaround solutions for the Gaia Archive issues following the infrastructure upgrade: https://www.cosmos.esa.int/web/gaia/news#WorkaroundArchive
['synthetic']
Total rows before filtering: 9477
Rows remaining after removing existing chains: 9476
Rows in this SGE task segment: 74
Bands selected: synthetic
Output directory: /projectnb/mesaelm/ember/widebinaries/chains/thick
mcmc
Bypassing Gaia archive queries temporarily with $EMBER_DIR/widebinaries/widebinary_fluxes.pqt
Nedler mode returns no errors, so assuming 5% error universally!
[1.49290834 1.42003037 1.34610476 1.27218875 1.19762042 1.13007946
 1.05509361 0.99733563 0.93015207 0.88181679 0.82898061 0.78163521
 0.73503799 0.69541353 0.66619626 0.62154845 0.58866829 0.56235899
 0.53157587 0.50467257 0.47871176 0.45783258 0.43639439 0.41680978]
Gaia DR3 1202662487232814848


Saving to widebinaries/chains/thick/1202662487232814848.npy


Gaia DR3 1621317271970503680


Saving to widebinaries/chains/thick/1621317271970503680.npy


Gaia DR3 4457837815983682304


Saving to widebinaries/chains/thick/4457837815983682304.npy


Gaia DR3 1703726390026752000


Saving to widebinaries/chains/thick/1703726390026752000.npy


Gaia DR3 6236113362117992832


Saving to widebinaries/chains/thick/6236113362117992832.npy


Gaia DR3 5779016249255275904


Saving to widebinaries/chains/thick/5779016249255275904.npy


Gaia DR3 1205863230004087808


Saving to widebinaries/chains/thick/1205863230004087808.npy


Gaia DR3 4347850644200898432


Saving to widebinaries/chains/thick/4347850644200898432.npy


Gaia DR3 5997778827939722880


Saving to widebinaries/chains/thick/5997778827939722880.npy


Gaia DR3 5997996496876041600


Saving to widebinaries/chains/thick/5997996496876041600.npy


Gaia DR3 4398887092042907904


Saving to widebinaries/chains/thick/4398887092042907904.npy


Gaia DR3 6235910918843846784


Saving to widebinaries/chains/thick/6235910918843846784.npy


Gaia DR3 1379335004879319808


Saving to widebinaries/chains/thick/1379335004879319808.npy


Gaia DR3 5823019971617830272


Saving to widebinaries/chains/thick/5823019971617830272.npy


Gaia DR3 1206777577000660224


Saving to widebinaries/chains/thick/1206777577000660224.npy


Gaia DR3 1199192840852373376


Saving to widebinaries/chains/thick/1199192840852373376.npy


Gaia DR3 4409604508617046656


Saving to widebinaries/chains/thick/4409604508617046656.npy


Gaia DR3 1323407624377828224


Saving to widebinaries/chains/thick/1323407624377828224.npy


Gaia DR3 1643551566043342848


Saving to widebinaries/chains/thick/1643551566043342848.npy


Gaia DR3 5822665516561099008


Saving to widebinaries/chains/thick/5822665516561099008.npy


Gaia DR3 1400468473062779008


Saving to widebinaries/chains/thick/1400468473062779008.npy


Gaia DR3 4349622919506481024


Saving to widebinaries/chains/thick/4349622919506481024.npy


Gaia DR3 1383625947790085120


Saving to widebinaries/chains/thick/1383625947790085120.npy


Gaia DR3 1702418864543992576


Saving to widebinaries/chains/thick/1702418864543992576.npy


Gaia DR3 6235968471406712960


Saving to widebinaries/chains/thick/6235968471406712960.npy


Gaia DR3 1380183514323483264


Saving to widebinaries/chains/thick/1380183514323483264.npy


Gaia DR3 5822232583853127040


Saving to widebinaries/chains/thick/5822232583853127040.npy


Gaia DR3 1403595037456378368


Saving to widebinaries/chains/thick/1403595037456378368.npy


Gaia DR3 4413279351353925888


Saving to widebinaries/chains/thick/4413279351353925888.npy


Gaia DR3 1205127278767156608


Saving to widebinaries/chains/thick/1205127278767156608.npy


Gaia DR3 4409742119370684672


Saving to widebinaries/chains/thick/4409742119370684672.npy


Gaia DR3 4458312740585482624


Saving to widebinaries/chains/thick/4458312740585482624.npy


Gaia DR3 4454777398385626368


Saving to widebinaries/chains/thick/4454777398385626368.npy


Gaia DR3 6042090692729467136


Saving to widebinaries/chains/thick/6042090692729467136.npy


Gaia DR3 1386096898311119872


Saving to widebinaries/chains/thick/1386096898311119872.npy


Gaia DR3 4451757417900676096


Saving to widebinaries/chains/thick/4451757417900676096.npy


Gaia DR3 1385162244706381312


Saving to widebinaries/chains/thick/1385162244706381312.npy


Gaia DR3 1385162244707678720


Saving to widebinaries/chains/thick/1385162244707678720.npy


Gaia DR3 1400555201338170112


Saving to widebinaries/chains/thick/1400555201338170112.npy


Gaia DR3 4406733207018066944


Saving to widebinaries/chains/thick/4406733207018066944.npy


Gaia DR3 6244198414713179392


Saving to widebinaries/chains/thick/6244198414713179392.npy


Gaia DR3 1647162396588999552


Saving to widebinaries/chains/thick/1647162396588999552.npy


Gaia DR3 6035154835946176896


Saving to widebinaries/chains/thick/6035154835946176896.npy


Gaia DR3 4413410502475127680


Saving to widebinaries/chains/thick/4413410502475127680.npy


Gaia DR3 4409776655203602304


Saving to widebinaries/chains/thick/4409776655203602304.npy


Gaia DR3 6243697041705385984


Saving to widebinaries/chains/thick/6243697041705385984.npy


Gaia DR3 5983509709634084480


Saving to widebinaries/chains/thick/5983509709634084480.npy


Gaia DR3 6250874894133053440


Saving to widebinaries/chains/thick/6250874894133053440.npy


Gaia DR3 4341495230772911616


Saving to widebinaries/chains/thick/4341495230772911616.npy


Gaia DR3 5998680805437175552


Saving to widebinaries/chains/thick/5998680805437175552.npy


Gaia DR3 1642105429079980672


Saving to widebinaries/chains/thick/1642105429079980672.npy


Gaia DR3 1428816391087122432


Saving to widebinaries/chains/thick/1428816391087122432.npy


Gaia DR3 4405463232429732864


Saving to widebinaries/chains/thick/4405463232429732864.npy


Gaia DR3 5991073761208950912


Saving to widebinaries/chains/thick/5991073761208950912.npy


Gaia DR3 1729042855711737472


Saving to widebinaries/chains/thick/1729042855711737472.npy


Gaia DR3 5983258917902962304


Saving to widebinaries/chains/thick/5983258917902962304.npy


Gaia DR3 5983258913595550464


Saving to widebinaries/chains/thick/5983258913595550464.npy


Gaia DR3 1199860794164655104


Saving to widebinaries/chains/thick/1199860794164655104.npy


Gaia DR3 6036983319474242816


Saving to widebinaries/chains/thick/6036983319474242816.npy


Gaia DR3 5782180570708457344


Saving to widebinaries/chains/thick/5782180570708457344.npy


Gaia DR3 4450425359563998720


Saving to widebinaries/chains/thick/4450425359563998720.npy


Gaia DR3 4450425359563998848


Saving to widebinaries/chains/thick/4450425359563998848.npy


Gaia DR3 4405471856730723072


Saving to widebinaries/chains/thick/4405471856730723072.npy


Gaia DR3 5998498767542553728


Saving to widebinaries/chains/thick/5998498767542553728.npy


Gaia DR3 1199807841512141440


Saving to widebinaries/chains/thick/1199807841512141440.npy


Gaia DR3 5829271489800538112


Saving to widebinaries/chains/thick/5829271489800538112.npy


Gaia DR3 1646802890645444352


Saving to widebinaries/chains/thick/1646802890645444352.npy


Gaia DR3 4457170451083163392


Saving to widebinaries/chains/thick/4457170451083163392.npy


Gaia DR3 5998488695833985536


Saving to widebinaries/chains/thick/5998488695833985536.npy


Gaia DR3 6042244551328961536


Saving to widebinaries/chains/thick/6042244551328961536.npy


Gaia DR3 1379988076130545536


Saving to widebinaries/chains/thick/1379988076130545536.npy


Gaia DR3 5819415295760113536


Saving to widebinaries/chains/thick/5819415295760113536.npy


Gaia DR3 6049968143773236480


Saving to widebinaries/chains/thick/6049968143773236480.npy


Gaia DR3 5983713222368499328


Saving to widebinaries/chains/thick/5983713222368499328.npy


fit-sed done
