Host: scc-ta1
Job:  ember  ID: 3229238  Task: 125
Cmd:  ember fit-sed widebinaries/widebinary_fluxes.pqt widebinaries/chains/thick/ --synthetic --xpphoto --numtasks=128
Warning: the passwords of all user accounts have been inactivated.              Please visit https://cas.cosmos.esa.int/cas/passwd to set a new one. Workaround solutions for the Gaia Archive issues following the infrastructure upgrade: https://www.cosmos.esa.int/web/gaia/news#WorkaroundArchive
['synthetic']
Total rows before filtering: 9477
Rows remaining after removing existing chains: 9476
Rows in this SGE task segment: 74
Bands selected: synthetic
Output directory: /projectnb/mesaelm/ember/widebinaries/chains/thick
mcmc
Bypassing Gaia archive queries temporarily with $EMBER_DIR/widebinaries/widebinary_fluxes.pqt
Nedler mode returns no errors, so assuming 5% error universally!
[1.49290834 1.42003037 1.34610476 1.27218875 1.19762042 1.13007946
 1.05509361 0.99733563 0.93015207 0.88181679 0.82898061 0.78163521
 0.73503799 0.69541353 0.66619626 0.62154845 0.58866829 0.56235899
 0.53157587 0.50467257 0.47871176 0.45783258 0.43639439 0.41680978]
Gaia DR3 5803153755006387328


Saving to widebinaries/chains/thick/5803153755006387328.npy


Gaia DR3 1344839644328312064


Saving to widebinaries/chains/thick/1344839644328312064.npy


Gaia DR3 4607518426978990080


Saving to widebinaries/chains/thick/4607518426978990080.npy


Gaia DR3 4168907879862434176


Saving to widebinaries/chains/thick/4168907879862434176.npy


Gaia DR3 4580560016778174848


Saving to widebinaries/chains/thick/4580560016778174848.npy


Gaia DR3 4369211578149826304


Saving to widebinaries/chains/thick/4369211578149826304.npy


Gaia DR3 1418167865786389376


Saving to widebinaries/chains/thick/1418167865786389376.npy


Gaia DR3 4607703041851539328


Saving to widebinaries/chains/thick/4607703041851539328.npy


Gaia DR3 4607703041853608576


Saving to widebinaries/chains/thick/4607703041853608576.npy


Gaia DR3 4581920559335573120


Saving to widebinaries/chains/thick/4581920559335573120.npy


Gaia DR3 5921045182736888832


Saving to widebinaries/chains/thick/5921045182736888832.npy


Gaia DR3 5918832106349269376


Saving to widebinaries/chains/thick/5918832106349269376.npy


Gaia DR3 4148337116844760960


Saving to widebinaries/chains/thick/4148337116844760960.npy


Gaia DR3 5945284191451299840


Saving to widebinaries/chains/thick/5945284191451299840.npy


Gaia DR3 4553004395658740352


Saving to widebinaries/chains/thick/4553004395658740352.npy


Gaia DR3 5809777251706559232


Saving to widebinaries/chains/thick/5809777251706559232.npy


Gaia DR3 1436411267656322304


Saving to widebinaries/chains/thick/1436411267656322304.npy


Gaia DR3 4474190680631598848


Saving to widebinaries/chains/thick/4474190680631598848.npy


Gaia DR3 1436223285528202752


Saving to widebinaries/chains/thick/1436223285528202752.npy


Gaia DR3 4598170069882787712


Saving to widebinaries/chains/thick/4598170069882787712.npy


Gaia DR3 4148350173559946368


Saving to widebinaries/chains/thick/4148350173559946368.npy


Gaia DR3 4596458370794588416


Saving to widebinaries/chains/thick/4596458370794588416.npy


Gaia DR3 4165321062472840320


Saving to widebinaries/chains/thick/4165321062472840320.npy


Gaia DR3 1651299717110087552


Saving to widebinaries/chains/thick/1651299717110087552.npy


Gaia DR3 1633347410947211776


Saving to widebinaries/chains/thick/1633347410947211776.npy


Gaia DR3 1633347410946490368


Saving to widebinaries/chains/thick/1633347410946490368.npy


Gaia DR3 1350900599096860032


Saving to widebinaries/chains/thick/1350900599096860032.npy


Gaia DR3 4120286444978057984


Saving to widebinaries/chains/thick/4120286444978057984.npy


Gaia DR3 4577168225263217664


Saving to widebinaries/chains/thick/4577168225263217664.npy


Gaia DR3 4607232382157733888


Saving to widebinaries/chains/thick/4607232382157733888.npy


Gaia DR3 5954818778342825088


Saving to widebinaries/chains/thick/5954818778342825088.npy


Gaia DR3 4472238811271004544


Saving to widebinaries/chains/thick/4472238811271004544.npy


Gaia DR3 5947871033093145088


Saving to widebinaries/chains/thick/5947871033093145088.npy


Gaia DR3 4469050983464321408


Saving to widebinaries/chains/thick/4469050983464321408.npy


Gaia DR3 5920418388098237056


Saving to widebinaries/chains/thick/5920418388098237056.npy


Gaia DR3 4148684386395882880


Saving to widebinaries/chains/thick/4148684386395882880.npy


Gaia DR3 1417345839109794432


Saving to widebinaries/chains/thick/1417345839109794432.npy


Gaia DR3 4066897355692507520


Saving to widebinaries/chains/thick/4066897355692507520.npy


Gaia DR3 5956505910225013120


Saving to widebinaries/chains/thick/5956505910225013120.npy


Gaia DR3 4500927504877462016


Saving to widebinaries/chains/thick/4500927504877462016.npy


Gaia DR3 4500927474812609536


Saving to widebinaries/chains/thick/4500927474812609536.npy


Gaia DR3 5800661235161967488


Saving to widebinaries/chains/thick/5800661235161967488.npy


Gaia DR3 4144746004462726400


Saving to widebinaries/chains/thick/4144746004462726400.npy


Gaia DR3 4056350324767583744


Saving to widebinaries/chains/thick/4056350324767583744.npy


Gaia DR3 4499747286524365184


Saving to widebinaries/chains/thick/4499747286524365184.npy


Gaia DR3 4499296207582276608


Saving to widebinaries/chains/thick/4499296207582276608.npy


Gaia DR3 4070477262515266432


Saving to widebinaries/chains/thick/4070477262515266432.npy


Gaia DR3 4488750108662714624


Saving to widebinaries/chains/thick/4488750108662714624.npy


Gaia DR3 4502791280167836416


Saving to widebinaries/chains/thick/4502791280167836416.npy


Gaia DR3 4469219105658937600


Saving to widebinaries/chains/thick/4469219105658937600.npy


Gaia DR3 4500006354653490816


Saving to widebinaries/chains/thick/4500006354653490816.npy


Gaia DR3 4475973611749273600


Saving to widebinaries/chains/thick/4475973611749273600.npy


Gaia DR3 4475975364094688512


Saving to widebinaries/chains/thick/4475975364094688512.npy


Gaia DR3 5954781772896301824


Saving to widebinaries/chains/thick/5954781772896301824.npy


Gaia DR3 4469144059696879104


Saving to widebinaries/chains/thick/4469144059696879104.npy


Gaia DR3 4371734308793396992


Saving to widebinaries/chains/thick/4371734308793396992.npy


Gaia DR3 4607773238799201792


Saving to widebinaries/chains/thick/4607773238799201792.npy


Gaia DR3 4502587840452690816


Saving to widebinaries/chains/thick/4502587840452690816.npy


Gaia DR3 4583974236600128768


Saving to widebinaries/chains/thick/4583974236600128768.npy


Gaia DR3 4607978465219089920


Saving to widebinaries/chains/thick/4607978465219089920.npy


Gaia DR3 5810226058607489536


Saving to widebinaries/chains/thick/5810226058607489536.npy


Gaia DR3 5918366733757061376


Saving to widebinaries/chains/thick/5918366733757061376.npy


Gaia DR3 1436260840722171264


Saving to widebinaries/chains/thick/1436260840722171264.npy


Gaia DR3 4371782030179914624


Saving to widebinaries/chains/thick/4371782030179914624.npy


Gaia DR3 1436560423280589440


Saving to widebinaries/chains/thick/1436560423280589440.npy


Gaia DR3 4178251387936479104


Saving to widebinaries/chains/thick/4178251387936479104.npy


Gaia DR3 1363354080110509696


Saving to widebinaries/chains/thick/1363354080110509696.npy


Gaia DR3 4179081038188187136


Saving to widebinaries/chains/thick/4179081038188187136.npy


Gaia DR3 4580965629189776896


Saving to widebinaries/chains/thick/4580965629189776896.npy


Gaia DR3 4580965629189776640


Saving to widebinaries/chains/thick/4580965629189776640.npy


Gaia DR3 1439997393549713664


Saving to widebinaries/chains/thick/1439997393549713664.npy


Gaia DR3 4502746135771270400


Saving to widebinaries/chains/thick/4502746135771270400.npy


Gaia DR3 4056525727025802752


Saving to widebinaries/chains/thick/4056525727025802752.npy


Gaia DR3 4495996882424614912


Saving to widebinaries/chains/thick/4495996882424614912.npy


fit-sed done
