Host: scc-ul1
Job:  ember  ID: 3229238  Task: 48
Cmd:  ember fit-sed widebinaries/widebinary_fluxes.pqt widebinaries/chains/thick/ --synthetic --xpphoto --numtasks=128
Warning: the passwords of all user accounts have been inactivated.              Please visit https://cas.cosmos.esa.int/cas/passwd to set a new one. Workaround solutions for the Gaia Archive issues following the infrastructure upgrade: https://www.cosmos.esa.int/web/gaia/news#WorkaroundArchive
['synthetic']
Total rows before filtering: 9477
Rows remaining after removing existing chains: 9476
Rows in this SGE task segment: 74
Bands selected: synthetic
Output directory: /projectnb/mesaelm/ember/widebinaries/chains/thick
mcmc
Bypassing Gaia archive queries temporarily with $EMBER_DIR/widebinaries/widebinary_fluxes.pqt
Nedler mode returns no errors, so assuming 5% error universally!
[1.49290834 1.42003037 1.34610476 1.27218875 1.19762042 1.13007946
 1.05509361 0.99733563 0.93015207 0.88181679 0.82898061 0.78163521
 0.73503799 0.69541353 0.66619626 0.62154845 0.58866829 0.56235899
 0.53157587 0.50467257 0.47871176 0.45783258 0.43639439 0.41680978]
Gaia DR3 4620640853441445120


Saving to widebinaries/chains/thick/4620640853441445120.npy


Gaia DR3 5474605834008192


Saving to widebinaries/chains/thick/5474605834008192.npy


Gaia DR3 5158584274609992320


Saving to widebinaries/chains/thick/5158584274609992320.npy


Gaia DR3 337376007589716864


Saving to widebinaries/chains/thick/337376007589716864.npy


Gaia DR3 464440484744163200


Saving to widebinaries/chains/thick/464440484744163200.npy


Gaia DR3 140562219332587008


Saving to widebinaries/chains/thick/140562219332587008.npy


Gaia DR3 437763686950231552


Saving to widebinaries/chains/thick/437763686950231552.npy


Gaia DR3 516264071231809664


Saving to widebinaries/chains/thick/516264071231809664.npy


Gaia DR3 4740683681830793728


Saving to widebinaries/chains/thick/4740683681830793728.npy


Gaia DR3 4645881246663066368


Saving to widebinaries/chains/thick/4645881246663066368.npy


Gaia DR3 464676085178192128


Saving to widebinaries/chains/thick/464676085178192128.npy


Gaia DR3 129439563998463616


Saving to widebinaries/chains/thick/129439563998463616.npy


Gaia DR3 84374151493849984


Saving to widebinaries/chains/thick/84374151493849984.npy


Gaia DR3 113652771751937664


Saving to widebinaries/chains/thick/113652771751937664.npy


Gaia DR3 2497895053130247040


Saving to widebinaries/chains/thick/2497895053130247040.npy


Gaia DR3 4618570747924780544


Saving to widebinaries/chains/thick/4618570747924780544.npy


Gaia DR3 4721828191286828672


Saving to widebinaries/chains/thick/4721828191286828672.npy


Gaia DR3 4721829664459413120


Saving to widebinaries/chains/thick/4721829664459413120.npy


Gaia DR3 142994686944818688


Saving to widebinaries/chains/thick/142994686944818688.npy


Gaia DR3 433960819825678848


Saving to widebinaries/chains/thick/433960819825678848.npy


Gaia DR3 5184341945102797696


Saving to widebinaries/chains/thick/5184341945102797696.npy


Gaia DR3 4640488309632641152


Saving to widebinaries/chains/thick/4640488309632641152.npy


Gaia DR3 4947826789126055680


Saving to widebinaries/chains/thick/4947826789126055680.npy


Gaia DR3 4720193247560135936


Saving to widebinaries/chains/thick/4720193247560135936.npy


Gaia DR3 5052391208218637440


Saving to widebinaries/chains/thick/5052391208218637440.npy


Gaia DR3 468326880383720192


Saving to widebinaries/chains/thick/468326880383720192.npy


Gaia DR3 109224626110876928


Saving to widebinaries/chains/thick/109224626110876928.npy


Gaia DR3 32129005369127552


Saving to widebinaries/chains/thick/32129005369127552.npy


Gaia DR3 5065077304657629184


Saving to widebinaries/chains/thick/5065077304657629184.npy


Gaia DR3 549206401673285120


Saving to widebinaries/chains/thick/549206401673285120.npy


Gaia DR3 109247788869176448


Saving to widebinaries/chains/thick/109247788869176448.npy


Gaia DR3 4755647382251174016


Saving to widebinaries/chains/thick/4755647382251174016.npy


Gaia DR3 4755598930723584896


Saving to widebinaries/chains/thick/4755598930723584896.npy


Gaia DR3 461457264877364992


Saving to widebinaries/chains/thick/461457264877364992.npy


Gaia DR3 34947633491917952


Saving to widebinaries/chains/thick/34947633491917952.npy


Gaia DR3 432631956942761088


Saving to widebinaries/chains/thick/432631956942761088.npy


Gaia DR3 4645812797770352640


Saving to widebinaries/chains/thick/4645812797770352640.npy


Gaia DR3 129165712589501312


Saving to widebinaries/chains/thick/129165712589501312.npy


Gaia DR3 115359939648774912


Saving to widebinaries/chains/thick/115359939648774912.npy


Gaia DR3 4721806132334885760


Saving to widebinaries/chains/thick/4721806132334885760.npy


Gaia DR3 129072494619153536


Saving to widebinaries/chains/thick/129072494619153536.npy


Gaia DR3 4722012561347029888


Saving to widebinaries/chains/thick/4722012561347029888.npy


Gaia DR3 437621708214902528


Saving to widebinaries/chains/thick/437621708214902528.npy


Gaia DR3 5079145173683257472


Saving to widebinaries/chains/thick/5079145173683257472.npy


Gaia DR3 116864758749758848


Saving to widebinaries/chains/thick/116864758749758848.npy


Gaia DR3 115344095513403520


Saving to widebinaries/chains/thick/115344095513403520.npy


Gaia DR3 439106255068463872


Saving to widebinaries/chains/thick/439106255068463872.npy


Gaia DR3 439106255070458368


Saving to widebinaries/chains/thick/439106255070458368.npy


Gaia DR3 5072775393585515264


Saving to widebinaries/chains/thick/5072775393585515264.npy


Gaia DR3 4646020811625706752


Saving to widebinaries/chains/thick/4646020811625706752.npy


Gaia DR3 4753655165964785536


Saving to widebinaries/chains/thick/4753655165964785536.npy


Gaia DR3 4753984886310003200


Saving to widebinaries/chains/thick/4753984886310003200.npy


Gaia DR3 4720225240771609600


Saving to widebinaries/chains/thick/4720225240771609600.npy


Gaia DR3 143563478052546688


Saving to widebinaries/chains/thick/143563478052546688.npy


Gaia DR3 4726644735115024768


Saving to widebinaries/chains/thick/4726644735115024768.npy


Gaia DR3 143817499597885824


Saving to widebinaries/chains/thick/143817499597885824.npy


Gaia DR3 4640413577202329728


Saving to widebinaries/chains/thick/4640413577202329728.npy


Gaia DR3 7027562929324416


Saving to widebinaries/chains/thick/7027562929324416.npy


Gaia DR3 7033270940879744


Saving to widebinaries/chains/thick/7033270940879744.npy


Gaia DR3 4851800979770492544


Saving to widebinaries/chains/thick/4851800979770492544.npy


Gaia DR3 4719817867418634752


Saving to widebinaries/chains/thick/4719817867418634752.npy


Gaia DR3 5047757793202041984


Saving to widebinaries/chains/thick/5047757793202041984.npy


Gaia DR3 5182614440536879872


Saving to widebinaries/chains/thick/5182614440536879872.npy


Gaia DR3 4639200025602396928


Saving to widebinaries/chains/thick/4639200025602396928.npy


Gaia DR3 468035574228302592


Saving to widebinaries/chains/thick/468035574228302592.npy


Gaia DR3 4747052564280554112


Saving to widebinaries/chains/thick/4747052564280554112.npy


Gaia DR3 5183039165557720448


Saving to widebinaries/chains/thick/5183039165557720448.npy


Gaia DR3 123169594646720128


Saving to widebinaries/chains/thick/123169594646720128.npy


Gaia DR3 5103841132555777792


Saving to widebinaries/chains/thick/5103841132555777792.npy


Gaia DR3 5059111354565930624


Saving to widebinaries/chains/thick/5059111354565930624.npy


Gaia DR3 4851536341065029888


Saving to widebinaries/chains/thick/4851536341065029888.npy


Gaia DR3 4750614226039509888


Saving to widebinaries/chains/thick/4750614226039509888.npy


Gaia DR3 5074883741491785088


Saving to widebinaries/chains/thick/5074883741491785088.npy


Gaia DR3 123154618096670208


Saving to widebinaries/chains/thick/123154618096670208.npy


fit-sed done
