Host: scc-mf8
Job:  ember  ID: 3229238  Task: 21
Cmd:  ember fit-sed widebinaries/widebinary_fluxes.pqt widebinaries/chains/thick/ --synthetic --xpphoto --numtasks=128
Warning: the passwords of all user accounts have been inactivated.              Please visit https://cas.cosmos.esa.int/cas/passwd to set a new one. Workaround solutions for the Gaia Archive issues following the infrastructure upgrade: https://www.cosmos.esa.int/web/gaia/news#WorkaroundArchive
['synthetic']
Total rows before filtering: 9477
Rows remaining after removing existing chains: 9476
Rows in this SGE task segment: 74
Bands selected: synthetic
Output directory: /projectnb/mesaelm/ember/widebinaries/chains/thick
mcmc
Bypassing Gaia archive queries temporarily with $EMBER_DIR/widebinaries/widebinary_fluxes.pqt
Nedler mode returns no errors, so assuming 5% error universally!
[1.49290834 1.42003037 1.34610476 1.27218875 1.19762042 1.13007946
 1.05509361 0.99733563 0.93015207 0.88181679 0.82898061 0.78163521
 0.73503799 0.69541353 0.66619626 0.62154845 0.58866829 0.56235899
 0.53157587 0.50467257 0.47871176 0.45783258 0.43639439 0.41680978]
Gaia DR3 2695124138955344128


Saving to widebinaries/chains/thick/2695124138955344128.npy


Gaia DR3 2674266437736332160


Saving to widebinaries/chains/thick/2674266437736332160.npy


Gaia DR3 1767494868982336000


Saving to widebinaries/chains/thick/1767494868982336000.npy


Gaia DR3 1767494804558717824


Saving to widebinaries/chains/thick/1767494804558717824.npy


Gaia DR3 2172990810252940032


Saving to widebinaries/chains/thick/2172990810252940032.npy


Gaia DR3 6845299325674588032


Saving to widebinaries/chains/thick/6845299325674588032.npy


Gaia DR3 1954514826142393344


Saving to widebinaries/chains/thick/1954514826142393344.npy


Gaia DR3 6585585883100152960


Saving to widebinaries/chains/thick/6585585883100152960.npy


Gaia DR3 6578278052080756608


Saving to widebinaries/chains/thick/6578278052080756608.npy


Gaia DR3 1801198478081592192


Saving to widebinaries/chains/thick/1801198478081592192.npy


Gaia DR3 1954100172820301056


Saving to widebinaries/chains/thick/1954100172820301056.npy


Gaia DR3 1800899131746046720


Saving to widebinaries/chains/thick/1800899131746046720.npy


Gaia DR3 6410074179147813888


Saving to widebinaries/chains/thick/6410074179147813888.npy


Gaia DR3 6845234183904690176


Saving to widebinaries/chains/thick/6845234183904690176.npy


Gaia DR3 6845412373508016896


Saving to widebinaries/chains/thick/6845412373508016896.npy


Gaia DR3 6355125192198044032


Saving to widebinaries/chains/thick/6355125192198044032.npy


Gaia DR3 1945681177921904384


Saving to widebinaries/chains/thick/1945681177921904384.npy


Gaia DR3 6591047780126915072


Saving to widebinaries/chains/thick/6591047780126915072.npy


Gaia DR3 1973980442569459712


Saving to widebinaries/chains/thick/1973980442569459712.npy


Gaia DR3 6565761452230319872


Saving to widebinaries/chains/thick/6565761452230319872.npy


Gaia DR3 6809452532189464448


Saving to widebinaries/chains/thick/6809452532189464448.npy


Gaia DR3 1765847182089067008


Saving to widebinaries/chains/thick/1765847182089067008.npy


Gaia DR3 1774286346148467968


Saving to widebinaries/chains/thick/1774286346148467968.npy


Gaia DR3 6462142961030422144


Saving to widebinaries/chains/thick/6462142961030422144.npy


Gaia DR3 6409854100728852864


Saving to widebinaries/chains/thick/6409854100728852864.npy


Gaia DR3 1978095639700263680


Saving to widebinaries/chains/thick/1978095639700263680.npy


Gaia DR3 2174709514410809344


Saving to widebinaries/chains/thick/2174709514410809344.npy


Gaia DR3 6461349663391292672


Saving to widebinaries/chains/thick/6461349663391292672.npy


Gaia DR3 6817899706363353984


Saving to widebinaries/chains/thick/6817899706363353984.npy


Gaia DR3 2700398427515184128


Saving to widebinaries/chains/thick/2700398427515184128.npy


Gaia DR3 6810384028991072896


Saving to widebinaries/chains/thick/6810384028991072896.npy


Gaia DR3 6586409348589721728


Saving to widebinaries/chains/thick/6586409348589721728.npy


Gaia DR3 1980806137728089216


Saving to widebinaries/chains/thick/1980806137728089216.npy


Gaia DR3 6810414746597791360


Saving to widebinaries/chains/thick/6810414746597791360.npy


Gaia DR3 2223854488716006656


Saving to widebinaries/chains/thick/2223854488716006656.npy


Gaia DR3 6584531936781838720


Saving to widebinaries/chains/thick/6584531936781838720.npy


Gaia DR3 2668294268534299008


Saving to widebinaries/chains/thick/2668294268534299008.npy


Gaia DR3 6818115485520434048


Saving to widebinaries/chains/thick/6818115485520434048.npy


Gaia DR3 6818115279361744640


Saving to widebinaries/chains/thick/6818115279361744640.npy


Gaia DR3 1800157511154087296


Saving to widebinaries/chains/thick/1800157511154087296.npy


Gaia DR3 6810366917841907712


Saving to widebinaries/chains/thick/6810366917841907712.npy


Gaia DR3 2669871586680710656


Saving to widebinaries/chains/thick/2669871586680710656.npy


Gaia DR3 6356547685365584000


Saving to widebinaries/chains/thick/6356547685365584000.npy


Gaia DR3 2223859196000139648


Saving to widebinaries/chains/thick/2223859196000139648.npy


Gaia DR3 6617007868132824960


Saving to widebinaries/chains/thick/6617007868132824960.npy


Gaia DR3 6586152990581943808


Saving to widebinaries/chains/thick/6586152990581943808.npy


Gaia DR3 6558846928543799424


Saving to widebinaries/chains/thick/6558846928543799424.npy


Gaia DR3 6410871252064350848


Saving to widebinaries/chains/thick/6410871252064350848.npy


Gaia DR3 6356544833508693376


Saving to widebinaries/chains/thick/6356544833508693376.npy


Gaia DR3 6811332628353575296


Saving to widebinaries/chains/thick/6811332628353575296.npy


Gaia DR3 2618068302497100800


Saving to widebinaries/chains/thick/2618068302497100800.npy


Gaia DR3 1800099378770962304


Saving to widebinaries/chains/thick/1800099378770962304.npy


Gaia DR3 2272868174460981760


Saving to widebinaries/chains/thick/2272868174460981760.npy


Gaia DR3 1801059561661569920


Saving to widebinaries/chains/thick/1801059561661569920.npy


Gaia DR3 6558603214919950720


Saving to widebinaries/chains/thick/6558603214919950720.npy


Gaia DR3 6565948674147594496


Saving to widebinaries/chains/thick/6565948674147594496.npy


Gaia DR3 1953375899593370880


Saving to widebinaries/chains/thick/1953375899593370880.npy


Gaia DR3 2681319804829020544


Saving to widebinaries/chains/thick/2681319804829020544.npy


Gaia DR3 1980891452960003712


Saving to widebinaries/chains/thick/1980891452960003712.npy


Gaia DR3 6817293188261618816


Saving to widebinaries/chains/thick/6817293188261618816.npy


Gaia DR3 1972778843851152640


Saving to widebinaries/chains/thick/1972778843851152640.npy


Gaia DR3 1952905205537873408


Saving to widebinaries/chains/thick/1952905205537873408.npy


Gaia DR3 6408927212427549824


Saving to widebinaries/chains/thick/6408927212427549824.npy


Gaia DR3 6408927319800577920


Saving to widebinaries/chains/thick/6408927319800577920.npy


Gaia DR3 1960701640629893888


Saving to widebinaries/chains/thick/1960701640629893888.npy


Gaia DR3 6461418344212954368


Saving to widebinaries/chains/thick/6461418344212954368.npy


Gaia DR3 6370914003077635456


Saving to widebinaries/chains/thick/6370914003077635456.npy


Gaia DR3 1953356593720011904


Saving to widebinaries/chains/thick/1953356593720011904.npy


Gaia DR3 6572314129214128512


Saving to widebinaries/chains/thick/6572314129214128512.npy


Gaia DR3 6399013126533806208


Saving to widebinaries/chains/thick/6399013126533806208.npy


Gaia DR3 1946600026047700480


Saving to widebinaries/chains/thick/1946600026047700480.npy


Gaia DR3 6813759564048571648


Saving to widebinaries/chains/thick/6813759564048571648.npy


Gaia DR3 1896367286845756160


Saving to widebinaries/chains/thick/1896367286845756160.npy


Gaia DR3 2283795194034427648


Saving to widebinaries/chains/thick/2283795194034427648.npy


fit-sed done
