Host: scc-mh6
Job:  ember  ID: 3229238  Task: 45
Cmd:  ember fit-sed widebinaries/widebinary_fluxes.pqt widebinaries/chains/thick/ --synthetic --xpphoto --numtasks=128
Warning: the passwords of all user accounts have been inactivated.              Please visit https://cas.cosmos.esa.int/cas/passwd to set a new one. Workaround solutions for the Gaia Archive issues following the infrastructure upgrade: https://www.cosmos.esa.int/web/gaia/news#WorkaroundArchive
['synthetic']
Total rows before filtering: 9477
Rows remaining after removing existing chains: 9476
Rows in this SGE task segment: 74
Bands selected: synthetic
Output directory: /projectnb/mesaelm/ember/widebinaries/chains/thick
mcmc
Bypassing Gaia archive queries temporarily with $EMBER_DIR/widebinaries/widebinary_fluxes.pqt
Nedler mode returns no errors, so assuming 5% error universally!
[1.49290834 1.42003037 1.34610476 1.27218875 1.19762042 1.13007946
 1.05509361 0.99733563 0.93015207 0.88181679 0.82898061 0.78163521
 0.73503799 0.69541353 0.66619626 0.62154845 0.58866829 0.56235899
 0.53157587 0.50467257 0.47871176 0.45783258 0.43639439 0.41680978]
Gaia DR3 326189816806586752


Saving to widebinaries/chains/thick/326189816806586752.npy


Gaia DR3 4970188626547260928


Saving to widebinaries/chains/thick/4970188626547260928.npy


Gaia DR3 4971571880894586880


Saving to widebinaries/chains/thick/4971571880894586880.npy


Gaia DR3 546062588690052864


Saving to widebinaries/chains/thick/546062588690052864.npy


Gaia DR3 75839334216914688


Saving to widebinaries/chains/thick/75839334216914688.npy


Gaia DR3 521290596013802624


Saving to widebinaries/chains/thick/521290596013802624.npy


Gaia DR3 2513210043219268096


Saving to widebinaries/chains/thick/2513210043219268096.npy


Gaia DR3 5146892548996959616


Saving to widebinaries/chains/thick/5146892548996959616.npy


Gaia DR3 5119965406153172992


Saving to widebinaries/chains/thick/5119965406153172992.npy


Gaia DR3 355663011967874432


Saving to widebinaries/chains/thick/355663011967874432.npy


Gaia DR3 4742547869437542912


Saving to widebinaries/chains/thick/4742547869437542912.npy


Gaia DR3 355547155224747520


Saving to widebinaries/chains/thick/355547155224747520.npy


Gaia DR3 559187222769519872


Saving to widebinaries/chains/thick/559187222769519872.npy


Gaia DR3 73126873390979072


Saving to widebinaries/chains/thick/73126873390979072.npy


Gaia DR3 458263011801000192


Saving to widebinaries/chains/thick/458263011801000192.npy


Gaia DR3 2487100490353908864


Saving to widebinaries/chains/thick/2487100490353908864.npy


Gaia DR3 4742937229696328320


Saving to widebinaries/chains/thick/4742937229696328320.npy


Gaia DR3 5123955362051779072


Saving to widebinaries/chains/thick/5123955362051779072.npy


Gaia DR3 331610271693384576


Saving to widebinaries/chains/thick/331610271693384576.npy


Gaia DR3 79407623111414656


Saving to widebinaries/chains/thick/79407623111414656.npy


Gaia DR3 559185332982600576


Saving to widebinaries/chains/thick/559185332982600576.npy


Gaia DR3 2486660926220785920


Saving to widebinaries/chains/thick/2486660926220785920.npy


Gaia DR3 106402935675615104


Saving to widebinaries/chains/thick/106402935675615104.npy


Gaia DR3 5146493662498666752


Saving to widebinaries/chains/thick/5146493662498666752.npy


Gaia DR3 5146493662498666624


Saving to widebinaries/chains/thick/5146493662498666624.npy


Gaia DR3 4963533213945847296


Saving to widebinaries/chains/thick/4963533213945847296.npy


Gaia DR3 5130742784769630336


Saving to widebinaries/chains/thick/5130742784769630336.npy


Gaia DR3 455517329408362752


Saving to widebinaries/chains/thick/455517329408362752.npy


Gaia DR3 2487080669076532608


Saving to widebinaries/chains/thick/2487080669076532608.npy


Gaia DR3 2489799344719651072


Saving to widebinaries/chains/thick/2489799344719651072.npy


Gaia DR3 4940410931088815360


Saving to widebinaries/chains/thick/4940410931088815360.npy


Gaia DR3 72633600692215424


Saving to widebinaries/chains/thick/72633600692215424.npy


Gaia DR3 4699771644435128064


Saving to widebinaries/chains/thick/4699771644435128064.npy


Gaia DR3 4699771644435128320


Saving to widebinaries/chains/thick/4699771644435128320.npy


Gaia DR3 4746060495554048256


Saving to widebinaries/chains/thick/4746060495554048256.npy


Gaia DR3 4696450599628588544


Saving to widebinaries/chains/thick/4696450599628588544.npy


Gaia DR3 75596273428325888


Saving to widebinaries/chains/thick/75596273428325888.npy


Gaia DR3 131978710009614336


Saving to widebinaries/chains/thick/131978710009614336.npy


Gaia DR3 99915890086770176


Saving to widebinaries/chains/thick/99915890086770176.npy


Gaia DR3 5119666025457517184


Saving to widebinaries/chains/thick/5119666025457517184.npy


Gaia DR3 5119666025457516416


Saving to widebinaries/chains/thick/5119666025457516416.npy


Gaia DR3 520790043346964608


Saving to widebinaries/chains/thick/520790043346964608.npy


Gaia DR3 2488754366292015744


Saving to widebinaries/chains/thick/2488754366292015744.npy


Gaia DR3 99917779872376576


Saving to widebinaries/chains/thick/99917779872376576.npy


Gaia DR3 4939930650666279936


Saving to widebinaries/chains/thick/4939930650666279936.npy


Gaia DR3 4939930650667746304


Saving to widebinaries/chains/thick/4939930650667746304.npy


Gaia DR3 23840470107101440


Saving to widebinaries/chains/thick/23840470107101440.npy


Gaia DR3 4940155500795290624


Saving to widebinaries/chains/thick/4940155500795290624.npy


Gaia DR3 4940155500795290880


Saving to widebinaries/chains/thick/4940155500795290880.npy


Gaia DR3 22855208904337920


Saving to widebinaries/chains/thick/22855208904337920.npy


Gaia DR3 74803108933097216


Saving to widebinaries/chains/thick/74803108933097216.npy


Gaia DR3 2490455242060751360


Saving to widebinaries/chains/thick/2490455242060751360.npy


Gaia DR3 2490455242060072064


Saving to widebinaries/chains/thick/2490455242060072064.npy


Gaia DR3 87577269383664512


Saving to widebinaries/chains/thick/87577269383664512.npy


Gaia DR3 4643341924559988224


Saving to widebinaries/chains/thick/4643341924559988224.npy


Gaia DR3 4965539101112652800


Saving to widebinaries/chains/thick/4965539101112652800.npy


Gaia DR3 85649413183595392


Saving to widebinaries/chains/thick/85649413183595392.npy


Gaia DR3 4965665579309418240


Saving to widebinaries/chains/thick/4965665579309418240.npy


Gaia DR3 23832017611456768


Saving to widebinaries/chains/thick/23832017611456768.npy


Gaia DR3 339492017717622016


Saving to widebinaries/chains/thick/339492017717622016.npy


Gaia DR3 339492052075797376


Saving to widebinaries/chains/thick/339492052075797376.npy


Gaia DR3 5131731035268115584


Saving to widebinaries/chains/thick/5131731035268115584.npy


Gaia DR3 5131731039563630720


Saving to widebinaries/chains/thick/5131731039563630720.npy


Gaia DR3 5068272313649319168


Saving to widebinaries/chains/thick/5068272313649319168.npy


Gaia DR3 5068272309354414976


Saving to widebinaries/chains/thick/5068272309354414976.npy


Gaia DR3 5145369862831234304


Saving to widebinaries/chains/thick/5145369862831234304.npy


Gaia DR3 458918836127254656


Saving to widebinaries/chains/thick/458918836127254656.npy


Gaia DR3 513557971255935744


Saving to widebinaries/chains/thick/513557971255935744.npy


Gaia DR3 514466683260339840


Saving to widebinaries/chains/thick/514466683260339840.npy


Gaia DR3 4644998059654102784


Saving to widebinaries/chains/thick/4644998059654102784.npy


Gaia DR3 546656707224057984


Saving to widebinaries/chains/thick/546656707224057984.npy


Gaia DR3 4632909822659080448


Saving to widebinaries/chains/thick/4632909822659080448.npy


Gaia DR3 5147088326490434560


Saving to widebinaries/chains/thick/5147088326490434560.npy


Gaia DR3 327426526869286656


Saving to widebinaries/chains/thick/327426526869286656.npy


fit-sed done
