Host: scc-gp4
Job:  ember  ID: 3229238  Task: 127
Cmd:  ember fit-sed widebinaries/widebinary_fluxes.pqt widebinaries/chains/thick/ --synthetic --xpphoto --numtasks=128
Warning: the passwords of all user accounts have been inactivated.              Please visit https://cas.cosmos.esa.int/cas/passwd to set a new one. Workaround solutions for the Gaia Archive issues following the infrastructure upgrade: https://www.cosmos.esa.int/web/gaia/news#WorkaroundArchive
['synthetic']
Total rows before filtering: 9477
Rows remaining after removing existing chains: 9476
Rows in this SGE task segment: 74
Bands selected: synthetic
Output directory: /projectnb/mesaelm/ember/widebinaries/chains/thick
mcmc
Bypassing Gaia archive queries temporarily with $EMBER_DIR/widebinaries/widebinary_fluxes.pqt
Nedler mode returns no errors, so assuming 5% error universally!
[1.49290834 1.42003037 1.34610476 1.27218875 1.19762042 1.13007946
 1.05509361 0.99733563 0.93015207 0.88181679 0.82898061 0.78163521
 0.73503799 0.69541353 0.66619626 0.62154845 0.58866829 0.56235899
 0.53157587 0.50467257 0.47871176 0.45783258 0.43639439 0.41680978]
Gaia DR3 6419070344632355200


Saving to widebinaries/chains/thick/6419070344632355200.npy


Gaia DR3 4527254559190360832


Saving to widebinaries/chains/thick/4527254559190360832.npy


Gaia DR3 4495643801754102272


Saving to widebinaries/chains/thick/4495643801754102272.npy


Gaia DR3 4583221109793391232


Saving to widebinaries/chains/thick/4583221109793391232.npy


Gaia DR3 4178085396039438976


Saving to widebinaries/chains/thick/4178085396039438976.npy


Gaia DR3 6725946445144846848


Saving to widebinaries/chains/thick/6725946445144846848.npy


Gaia DR3 4468593341808882176


Saving to widebinaries/chains/thick/4468593341808882176.npy


Gaia DR3 4576446537626664192


Saving to widebinaries/chains/thick/4576446537626664192.npy


Gaia DR3 4527515620182593408


Saving to widebinaries/chains/thick/4527515620182593408.npy


Gaia DR3 4606523089782427136


Saving to widebinaries/chains/thick/4606523089782427136.npy


Gaia DR3 4610156739487249920


Saving to widebinaries/chains/thick/4610156739487249920.npy


Gaia DR3 2152487010023019264


Saving to widebinaries/chains/thick/2152487010023019264.npy


Gaia DR3 2152487014318339584


Saving to widebinaries/chains/thick/2152487014318339584.npy


Gaia DR3 6724397340635494784


Saving to widebinaries/chains/thick/6724397340635494784.npy


Gaia DR3 6360306434584965504


Saving to widebinaries/chains/thick/6360306434584965504.npy


Gaia DR3 6724314018278167296


Saving to widebinaries/chains/thick/6724314018278167296.npy


Gaia DR3 6720649552153656704


Saving to widebinaries/chains/thick/6720649552153656704.npy


Gaia DR3 4583222862135915776


Saving to widebinaries/chains/thick/4583222862135915776.npy


Gaia DR3 6702918685913333120


Saving to widebinaries/chains/thick/6702918685913333120.npy


Gaia DR3 4502170812011314560


Saving to widebinaries/chains/thick/4502170812011314560.npy


Gaia DR3 4146075146551253248


Saving to widebinaries/chains/thick/4146075146551253248.npy


Gaia DR3 2266786775647164672


Saving to widebinaries/chains/thick/2266786775647164672.npy


Gaia DR3 4590489981163833984


Saving to widebinaries/chains/thick/4590489981163833984.npy


Gaia DR3 6719552170830211968


Saving to widebinaries/chains/thick/6719552170830211968.npy


Gaia DR3 6706012608553599616


Saving to widebinaries/chains/thick/6706012608553599616.npy


Gaia DR3 4158137575050183296


Saving to widebinaries/chains/thick/4158137575050183296.npy


Gaia DR3 6725889996426925184


Saving to widebinaries/chains/thick/6725889996426925184.npy


Gaia DR3 4495341642223178240


Saving to widebinaries/chains/thick/4495341642223178240.npy


Gaia DR3 2257888393683939712


Saving to widebinaries/chains/thick/2257888393683939712.npy


Gaia DR3 4589496774267580800


Saving to widebinaries/chains/thick/4589496774267580800.npy


Gaia DR3 4526446413845915648


Saving to widebinaries/chains/thick/4526446413845915648.npy


Gaia DR3 4146113114068097024


Saving to widebinaries/chains/thick/4146113114068097024.npy


Gaia DR3 4590962766864961024


Saving to widebinaries/chains/thick/4590962766864961024.npy


Gaia DR3 6634246316375620480


Saving to widebinaries/chains/thick/6634246316375620480.npy


Gaia DR3 4577923417959444096


Saving to widebinaries/chains/thick/4577923417959444096.npy


Gaia DR3 2149929030579713024


Saving to widebinaries/chains/thick/2149929030579713024.npy


Gaia DR3 2122464127767907584


Saving to widebinaries/chains/thick/2122464127767907584.npy


Gaia DR3 2269560710340167296


Saving to widebinaries/chains/thick/2269560710340167296.npy


Gaia DR3 2269560710341753728


Saving to widebinaries/chains/thick/2269560710341753728.npy


Gaia DR3 4147496020480623744


Saving to widebinaries/chains/thick/4147496020480623744.npy


Gaia DR3 2152181655027176320


Saving to widebinaries/chains/thick/2152181655027176320.npy


Gaia DR3 4606687711586560640


Saving to widebinaries/chains/thick/4606687711586560640.npy


Gaia DR3 4483261273598726272


Saving to widebinaries/chains/thick/4483261273598726272.npy


Gaia DR3 4497308256196457472


Saving to widebinaries/chains/thick/4497308256196457472.npy


Gaia DR3 4482003260497668096


Saving to widebinaries/chains/thick/4482003260497668096.npy


Gaia DR3 4482003260498209152


Saving to widebinaries/chains/thick/4482003260498209152.npy


Gaia DR3 4589206816734978688


Saving to widebinaries/chains/thick/4589206816734978688.npy


Gaia DR3 2121710687425234048


Saving to widebinaries/chains/thick/2121710687425234048.npy


Gaia DR3 6648917649788188544


Saving to widebinaries/chains/thick/6648917649788188544.npy


Gaia DR3 4090806506622567552


Saving to widebinaries/chains/thick/4090806506622567552.npy


Gaia DR3 6652288688008139648


Saving to widebinaries/chains/thick/6652288688008139648.npy


Gaia DR3 4471739010213094272


Saving to widebinaries/chains/thick/4471739010213094272.npy


Gaia DR3 4592910074976281472


Saving to widebinaries/chains/thick/4592910074976281472.npy


Gaia DR3 4471738941493617408


Saving to widebinaries/chains/thick/4471738941493617408.npy


Gaia DR3 4592910105037219072


Saving to widebinaries/chains/thick/4592910105037219072.npy


Gaia DR3 4270931632516313472


Saving to widebinaries/chains/thick/4270931632516313472.npy


Gaia DR3 4529908982121253888


Saving to widebinaries/chains/thick/4529908982121253888.npy


Gaia DR3 4529908986426072704


Saving to widebinaries/chains/thick/4529908986426072704.npy


Gaia DR3 4065463691320200192


Saving to widebinaries/chains/thick/4065463691320200192.npy


Gaia DR3 4497917419998767744


Saving to widebinaries/chains/thick/4497917419998767744.npy


Gaia DR3 4605588573619002752


Saving to widebinaries/chains/thick/4605588573619002752.npy


Gaia DR3 6630958437314630784


Saving to widebinaries/chains/thick/6630958437314630784.npy


Gaia DR3 2122264493394487040


Saving to widebinaries/chains/thick/2122264493394487040.npy


Gaia DR3 2112829549755033472


Saving to widebinaries/chains/thick/2112829549755033472.npy


Gaia DR3 2112829347892877952


Saving to widebinaries/chains/thick/2112829347892877952.npy


Gaia DR3 2121733635434326016


Saving to widebinaries/chains/thick/2121733635434326016.npy


Gaia DR3 4585860689314531968


Saving to widebinaries/chains/thick/4585860689314531968.npy


Gaia DR3 4592991095238722304


Saving to widebinaries/chains/thick/4592991095238722304.npy


Gaia DR3 4039372044206097024


Saving to widebinaries/chains/thick/4039372044206097024.npy


Gaia DR3 4039372044206067840


Saving to widebinaries/chains/thick/4039372044206067840.npy


Gaia DR3 2266566461004962816


Saving to widebinaries/chains/thick/2266566461004962816.npy


Gaia DR3 2115446804041391872


Saving to widebinaries/chains/thick/2115446804041391872.npy


Gaia DR3 4484785853849198208


Saving to widebinaries/chains/thick/4484785853849198208.npy


Gaia DR3 2124519149360417024


Saving to widebinaries/chains/thick/2124519149360417024.npy


fit-sed done
