Host: scc-mc1
Job:  ember  ID: 3229238  Task: 95
Cmd:  ember fit-sed widebinaries/widebinary_fluxes.pqt widebinaries/chains/thick/ --synthetic --xpphoto --numtasks=128
Warning: the passwords of all user accounts have been inactivated.              Please visit https://cas.cosmos.esa.int/cas/passwd to set a new one. Workaround solutions for the Gaia Archive issues following the infrastructure upgrade: https://www.cosmos.esa.int/web/gaia/news#WorkaroundArchive
['synthetic']
Total rows before filtering: 9477
Rows remaining after removing existing chains: 9476
Rows in this SGE task segment: 74
Bands selected: synthetic
Output directory: /projectnb/mesaelm/ember/widebinaries/chains/thick
mcmc
Bypassing Gaia archive queries temporarily with $EMBER_DIR/widebinaries/widebinary_fluxes.pqt
Nedler mode returns no errors, so assuming 5% error universally!
[1.49290834 1.42003037 1.34610476 1.27218875 1.19762042 1.13007946
 1.05509361 0.99733563 0.93015207 0.88181679 0.82898061 0.78163521
 0.73503799 0.69541353 0.66619626 0.62154845 0.58866829 0.56235899
 0.53157587 0.50467257 0.47871176 0.45783258 0.43639439 0.41680978]
Gaia DR3 3478127467639543296


Saving to widebinaries/chains/thick/3478127467639543296.npy


Gaia DR3 1057476580987879808


Saving to widebinaries/chains/thick/1057476580987879808.npy


Gaia DR3 3910505123860559872


Saving to widebinaries/chains/thick/3910505123860559872.npy


Gaia DR3 3477067740290845696


Saving to widebinaries/chains/thick/3477067740290845696.npy


Gaia DR3 5375762697547528192


Saving to widebinaries/chains/thick/5375762697547528192.npy


Gaia DR3 844768768034419456


Saving to widebinaries/chains/thick/844768768034419456.npy


Gaia DR3 5345560521884400128


Saving to widebinaries/chains/thick/5345560521884400128.npy


Gaia DR3 3540228743369046784


Saving to widebinaries/chains/thick/3540228743369046784.npy


Gaia DR3 844546155583913472


Saving to widebinaries/chains/thick/844546155583913472.npy


Gaia DR3 858438549425470976


Saving to widebinaries/chains/thick/858438549425470976.npy


Gaia DR3 5335867089964578560


Saving to widebinaries/chains/thick/5335867089964578560.npy


Gaia DR3 5345083677432047616


Saving to widebinaries/chains/thick/5345083677432047616.npy


Gaia DR3 3966161676608942976


Saving to widebinaries/chains/thick/3966161676608942976.npy


Gaia DR3 3910941183300119808


Saving to widebinaries/chains/thick/3910941183300119808.npy


Gaia DR3 4024461940641381632


Saving to widebinaries/chains/thick/4024461940641381632.npy


Gaia DR3 790463545141273984


Saving to widebinaries/chains/thick/790463545141273984.npy


Gaia DR3 3585367509618090240


Saving to widebinaries/chains/thick/3585367509618090240.npy


Gaia DR3 1062365933101806976


Saving to widebinaries/chains/thick/1062365933101806976.npy


Gaia DR3 767724270288678784


Saving to widebinaries/chains/thick/767724270288678784.npy


Gaia DR3 3974315899653670144


Saving to widebinaries/chains/thick/3974315899653670144.npy


Gaia DR3 5237274221574103040


Saving to widebinaries/chains/thick/5237274221574103040.npy


Gaia DR3 1130335581563940480


Saving to widebinaries/chains/thick/1130335581563940480.npy


Gaia DR3 3546587184750856704


Saving to widebinaries/chains/thick/3546587184750856704.npy


Gaia DR3 5199494039968573568


Saving to widebinaries/chains/thick/5199494039968573568.npy


Gaia DR3 5384610330179661184


Saving to widebinaries/chains/thick/5384610330179661184.npy


Gaia DR3 5378921560097432576


Saving to widebinaries/chains/thick/5378921560097432576.npy


Gaia DR3 5335808231759319552


Saving to widebinaries/chains/thick/5335808231759319552.npy


Gaia DR3 5344886349472226176


Saving to widebinaries/chains/thick/5344886349472226176.npy


Gaia DR3 3464766580292948608


Saving to widebinaries/chains/thick/3464766580292948608.npy


Gaia DR3 3584901282328654336


Saving to widebinaries/chains/thick/3584901282328654336.npy


Gaia DR3 3979143786491250304


Saving to widebinaries/chains/thick/3979143786491250304.npy


Gaia DR3 5333575157950037888


Saving to widebinaries/chains/thick/5333575157950037888.npy


Gaia DR3 3591780205029721216


Saving to widebinaries/chains/thick/3591780205029721216.npy


Gaia DR3 3478739066685185664


Saving to widebinaries/chains/thick/3478739066685185664.npy


Gaia DR3 5369660373657715456


Saving to widebinaries/chains/thick/5369660373657715456.npy


Gaia DR3 3478629978813108864


Saving to widebinaries/chains/thick/3478629978813108864.npy


Gaia DR3 3799009353404271488


Saving to widebinaries/chains/thick/3799009353404271488.npy


Gaia DR3 3464482184740258304


Saving to widebinaries/chains/thick/3464482184740258304.npy


Gaia DR3 5333236435363687936


Saving to widebinaries/chains/thick/5333236435363687936.npy


Gaia DR3 790596693425499392


Saving to widebinaries/chains/thick/790596693425499392.npy


Gaia DR3 5371912585786409088


Saving to widebinaries/chains/thick/5371912585786409088.npy


Gaia DR3 769409069995618432


Saving to widebinaries/chains/thick/769409069995618432.npy


Gaia DR3 3491935581337073152


Saving to widebinaries/chains/thick/3491935581337073152.npy


Gaia DR3 3491749111035692288


Saving to widebinaries/chains/thick/3491749111035692288.npy


Gaia DR3 5371906538472879104


Saving to widebinaries/chains/thick/5371906538472879104.npy


Gaia DR3 3593501387403708032


Saving to widebinaries/chains/thick/3593501387403708032.npy


Gaia DR3 5372318374293282304


Saving to widebinaries/chains/thick/5372318374293282304.npy


Gaia DR3 5385178159211861504


Saving to widebinaries/chains/thick/5385178159211861504.npy


Gaia DR3 5335591799733732480


Saving to widebinaries/chains/thick/5335591799733732480.npy


Gaia DR3 1061214160312368768


Saving to widebinaries/chains/thick/1061214160312368768.npy


Gaia DR3 3491521993166519040


Saving to widebinaries/chains/thick/3491521993166519040.npy


Gaia DR3 3972873370462407936


Saving to widebinaries/chains/thick/3972873370462407936.npy


Gaia DR3 3897219656142973184


Saving to widebinaries/chains/thick/3897219656142973184.npy


Gaia DR3 5235876402989990656


Saving to widebinaries/chains/thick/5235876402989990656.npy


Gaia DR3 5369619348128502912


Saving to widebinaries/chains/thick/5369619348128502912.npy


Gaia DR3 5341675363210102272


Saving to widebinaries/chains/thick/5341675363210102272.npy


Gaia DR3 3592662490095678592


Saving to widebinaries/chains/thick/3592662490095678592.npy


Gaia DR3 1056993173828693888


Saving to widebinaries/chains/thick/1056993173828693888.npy


Gaia DR3 3924220565048765824


Saving to widebinaries/chains/thick/3924220565048765824.npy


Gaia DR3 4017937954038864128


Saving to widebinaries/chains/thick/4017937954038864128.npy


Gaia DR3 3585673311291145856


Saving to widebinaries/chains/thick/3585673311291145856.npy


Gaia DR3 5333329623276751488


Saving to widebinaries/chains/thick/5333329623276751488.npy


Gaia DR3 5380784716908873344


Saving to widebinaries/chains/thick/5380784716908873344.npy


Gaia DR3 5341671343122598144


Saving to widebinaries/chains/thick/5341671343122598144.npy


Gaia DR3 3796364576968366208


Saving to widebinaries/chains/thick/3796364576968366208.npy


Gaia DR3 3542395468468451968


Saving to widebinaries/chains/thick/3542395468468451968.npy


Gaia DR3 4032775038821332608


Saving to widebinaries/chains/thick/4032775038821332608.npy


Gaia DR3 3913346979165756416


Saving to widebinaries/chains/thick/3913346979165756416.npy


Gaia DR3 3573465085794664576


Saving to widebinaries/chains/thick/3573465085794664576.npy


Gaia DR3 4021565827014024576


Saving to widebinaries/chains/thick/4021565827014024576.npy


Gaia DR3 5344044054838423680


Saving to widebinaries/chains/thick/5344044054838423680.npy


Gaia DR3 5379014636328802560


Saving to widebinaries/chains/thick/5379014636328802560.npy


Gaia DR3 4024678647512642688


Saving to widebinaries/chains/thick/4024678647512642688.npy


Gaia DR3 5341672305196280704


Saving to widebinaries/chains/thick/5341672305196280704.npy


fit-sed done
