Host: scc-mc1
Job:  ember  ID: 3229238  Task: 39
Cmd:  ember fit-sed widebinaries/widebinary_fluxes.pqt widebinaries/chains/thick/ --synthetic --xpphoto --numtasks=128
Warning: the passwords of all user accounts have been inactivated.              Please visit https://cas.cosmos.esa.int/cas/passwd to set a new one. Workaround solutions for the Gaia Archive issues following the infrastructure upgrade: https://www.cosmos.esa.int/web/gaia/news#WorkaroundArchive
['synthetic']
Total rows before filtering: 9477
Rows remaining after removing existing chains: 9476
Rows in this SGE task segment: 74
Bands selected: synthetic
Output directory: /projectnb/mesaelm/ember/widebinaries/chains/thick
mcmc
Bypassing Gaia archive queries temporarily with $EMBER_DIR/widebinaries/widebinary_fluxes.pqt
Nedler mode returns no errors, so assuming 5% error universally!
[1.49290834 1.42003037 1.34610476 1.27218875 1.19762042 1.13007946
 1.05509361 0.99733563 0.93015207 0.88181679 0.82898061 0.78163521
 0.73503799 0.69541353 0.66619626 0.62154845 0.58866829 0.56235899
 0.53157587 0.50467257 0.47871176 0.45783258 0.43639439 0.41680978]
Gaia DR3 2344901720977366528


Saving to widebinaries/chains/thick/2344901720977366528.npy


Gaia DR3 4687409663432287488


Saving to widebinaries/chains/thick/4687409663432287488.npy


Gaia DR3 376481886681299840


Saving to widebinaries/chains/thick/376481886681299840.npy


Gaia DR3 4690585426656351616


Saving to widebinaries/chains/thick/4690585426656351616.npy


Gaia DR3 4690585465314600320


Saving to widebinaries/chains/thick/4690585465314600320.npy


Gaia DR3 363276202276103168


Saving to widebinaries/chains/thick/363276202276103168.npy


Gaia DR3 2344828740892209024


Saving to widebinaries/chains/thick/2344828740892209024.npy


Gaia DR3 426382706518452608


Saving to widebinaries/chains/thick/426382706518452608.npy


Gaia DR3 2532398587003795328


Saving to widebinaries/chains/thick/2532398587003795328.npy


Gaia DR3 2790494815860044544


Saving to widebinaries/chains/thick/2790494815860044544.npy


Gaia DR3 2790494850219788160


Saving to widebinaries/chains/thick/2790494850219788160.npy


Gaia DR3 4617470239864728064


Saving to widebinaries/chains/thick/4617470239864728064.npy


Gaia DR3 425760004975732864


Saving to widebinaries/chains/thick/425760004975732864.npy


Gaia DR3 4705980238705783424


Saving to widebinaries/chains/thick/4705980238705783424.npy


Gaia DR3 2475248545276680448


Saving to widebinaries/chains/thick/2475248545276680448.npy


Gaia DR3 2539811387023086976


Saving to widebinaries/chains/thick/2539811387023086976.npy


Gaia DR3 522518883651891584


Saving to widebinaries/chains/thick/522518883651891584.npy


Gaia DR3 4932097759894843264


Saving to widebinaries/chains/thick/4932097759894843264.npy


Gaia DR3 4932097862974059008


Saving to widebinaries/chains/thick/4932097862974059008.npy


Gaia DR3 2791988540677395712


Saving to widebinaries/chains/thick/2791988540677395712.npy


Gaia DR3 4616696733434437888


Saving to widebinaries/chains/thick/4616696733434437888.npy


Gaia DR3 2468096015979417088


Saving to widebinaries/chains/thick/2468096015979417088.npy


Gaia DR3 308486266553392512


Saving to widebinaries/chains/thick/308486266553392512.npy


Gaia DR3 2576089944980543872


Saving to widebinaries/chains/thick/2576089944980543872.npy


Gaia DR3 313031961155966080


Saving to widebinaries/chains/thick/313031961155966080.npy


Gaia DR3 2531029965609341440


Saving to widebinaries/chains/thick/2531029965609341440.npy


Gaia DR3 4904042827358817536


Saving to widebinaries/chains/thick/4904042827358817536.npy


Gaia DR3 4636065249232359552


Saving to widebinaries/chains/thick/4636065249232359552.npy


Gaia DR3 4684781517084823808


Saving to widebinaries/chains/thick/4684781517084823808.npy


Gaia DR3 2790541716519358592


Saving to widebinaries/chains/thick/2790541716519358592.npy


Gaia DR3 2359384522498140288


Saving to widebinaries/chains/thick/2359384522498140288.npy


Gaia DR3 2784980799022628352


Saving to widebinaries/chains/thick/2784980799022628352.npy


Gaia DR3 5014009353235167744


Saving to widebinaries/chains/thick/5014009353235167744.npy


Gaia DR3 5034518337468928896


Saving to widebinaries/chains/thick/5034518337468928896.npy


Gaia DR3 4691865704861089536


Saving to widebinaries/chains/thick/4691865704861089536.npy


Gaia DR3 2783444265882515968


Saving to widebinaries/chains/thick/2783444265882515968.npy


Gaia DR3 2564046444365833856


Saving to widebinaries/chains/thick/2564046444365833856.npy


Gaia DR3 2469900009618822656


Saving to widebinaries/chains/thick/2469900009618822656.npy


Gaia DR3 2469900005324049280


Saving to widebinaries/chains/thick/2469900005324049280.npy


Gaia DR3 2476465876447543552


Saving to widebinaries/chains/thick/2476465876447543552.npy


Gaia DR3 4932059178205795840


Saving to widebinaries/chains/thick/4932059178205795840.npy


Gaia DR3 371028412087446016


Saving to widebinaries/chains/thick/371028412087446016.npy


Gaia DR3 2591056840854977920


Saving to widebinaries/chains/thick/2591056840854977920.npy


Gaia DR3 4636140531422875392


Saving to widebinaries/chains/thick/4636140531422875392.npy


Gaia DR3 5026281655347976448


Saving to widebinaries/chains/thick/5026281655347976448.npy


Gaia DR3 575658456708126208


Saving to widebinaries/chains/thick/575658456708126208.npy


Gaia DR3 401036700046236928


Saving to widebinaries/chains/thick/401036700046236928.npy


Gaia DR3 411951822555835648


Saving to widebinaries/chains/thick/411951822555835648.npy


Gaia DR3 404943058702934016


Saving to widebinaries/chains/thick/404943058702934016.npy


Gaia DR3 2471634484916286336


Saving to widebinaries/chains/thick/2471634484916286336.npy


Gaia DR3 4687445500635789184


Saving to widebinaries/chains/thick/4687445500635789184.npy


Gaia DR3 4909000048547039872


Saving to widebinaries/chains/thick/4909000048547039872.npy


Gaia DR3 2358294421142854272


Saving to widebinaries/chains/thick/2358294421142854272.npy


Gaia DR3 2563779572277485056


Saving to widebinaries/chains/thick/2563779572277485056.npy


Gaia DR3 5033414217343062528


Saving to widebinaries/chains/thick/5033414217343062528.npy


Gaia DR3 4692181440791789824


Saving to widebinaries/chains/thick/4692181440791789824.npy


Gaia DR3 371160628361545216


Saving to widebinaries/chains/thick/371160628361545216.npy


Gaia DR3 371160628361545088


Saving to widebinaries/chains/thick/371160628361545088.npy


Gaia DR3 4988805797946433024


Saving to widebinaries/chains/thick/4988805797946433024.npy


Gaia DR3 562952564763313408


Saving to widebinaries/chains/thick/562952564763313408.npy


Gaia DR3 2564020159166337024


Saving to widebinaries/chains/thick/2564020159166337024.npy


Gaia DR3 309695832425488640


Saving to widebinaries/chains/thick/309695832425488640.npy


Gaia DR3 2456083168546096896


Saving to widebinaries/chains/thick/2456083168546096896.npy


Gaia DR3 5040785485028162944


Saving to widebinaries/chains/thick/5040785485028162944.npy


Gaia DR3 2783805799049284224


Saving to widebinaries/chains/thick/2783805799049284224.npy


Gaia DR3 2351525002929007872


Saving to widebinaries/chains/thick/2351525002929007872.npy


Gaia DR3 2576762266276447104


Saving to widebinaries/chains/thick/2576762266276447104.npy


Gaia DR3 2579867385898745856


Saving to widebinaries/chains/thick/2579867385898745856.npy


Gaia DR3 5014081508685988096


Saving to widebinaries/chains/thick/5014081508685988096.npy


Gaia DR3 2784349060875289216


Saving to widebinaries/chains/thick/2784349060875289216.npy


Gaia DR3 372730975779114752


Saving to widebinaries/chains/thick/372730975779114752.npy


Gaia DR3 2562919651106682368


Saving to widebinaries/chains/thick/2562919651106682368.npy


Gaia DR3 313996228559363840


Saving to widebinaries/chains/thick/313996228559363840.npy


Gaia DR3 535128465245309184


Saving to widebinaries/chains/thick/535128465245309184.npy


fit-sed done
