Host: scc-mh3
Job:  ember  ID: 3229238  Task: 73
Cmd:  ember fit-sed widebinaries/widebinary_fluxes.pqt widebinaries/chains/thick/ --synthetic --xpphoto --numtasks=128
Warning: the passwords of all user accounts have been inactivated.              Please visit https://cas.cosmos.esa.int/cas/passwd to set a new one. Workaround solutions for the Gaia Archive issues following the infrastructure upgrade: https://www.cosmos.esa.int/web/gaia/news#WorkaroundArchive
['synthetic']
Total rows before filtering: 9477
Rows remaining after removing existing chains: 9476
Rows in this SGE task segment: 74
Bands selected: synthetic
Output directory: /projectnb/mesaelm/ember/widebinaries/chains/thick
mcmc
Bypassing Gaia archive queries temporarily with $EMBER_DIR/widebinaries/widebinary_fluxes.pqt
Nedler mode returns no errors, so assuming 5% error universally!
[1.49290834 1.42003037 1.34610476 1.27218875 1.19762042 1.13007946
 1.05509361 0.99733563 0.93015207 0.88181679 0.82898061 0.78163521
 0.73503799 0.69541353 0.66619626 0.62154845 0.58866829 0.56235899
 0.53157587 0.50467257 0.47871176 0.45783258 0.43639439 0.41680978]
Gaia DR3 3061567832367720064


Saving to widebinaries/chains/thick/3061567832367720064.npy


Gaia DR3 3047720376772053504


Saving to widebinaries/chains/thick/3047720376772053504.npy


Gaia DR3 1101840496483443072


Saving to widebinaries/chains/thick/1101840496483443072.npy


Gaia DR3 5586455444990684672


Saving to widebinaries/chains/thick/5586455444990684672.npy


Gaia DR3 5586435993084547840


Saving to widebinaries/chains/thick/5586435993084547840.npy


Gaia DR3 5592485716514387584


Saving to widebinaries/chains/thick/5592485716514387584.npy


Gaia DR3 5291777837593178112


Saving to widebinaries/chains/thick/5291777837593178112.npy


Gaia DR3 973649810191260800


Saving to widebinaries/chains/thick/973649810191260800.npy


Gaia DR3 866770408024513536


Saving to widebinaries/chains/thick/866770408024513536.npy


Gaia DR3 3062285877887101824


Saving to widebinaries/chains/thick/3062285877887101824.npy


Gaia DR3 3053782568490231808


Saving to widebinaries/chains/thick/3053782568490231808.npy


Gaia DR3 5510750186765286144


Saving to widebinaries/chains/thick/5510750186765286144.npy


Gaia DR3 3142543492206659968


Saving to widebinaries/chains/thick/3142543492206659968.npy


Gaia DR3 5505792759420018304


Saving to widebinaries/chains/thick/5505792759420018304.npy


Gaia DR3 865042319342035328


Saving to widebinaries/chains/thick/865042319342035328.npy


Gaia DR3 3362709086369200256


Saving to widebinaries/chains/thick/3362709086369200256.npy


Gaia DR3 5585780035611283840


Saving to widebinaries/chains/thick/5585780035611283840.npy


Gaia DR3 3026941324998436992


Saving to widebinaries/chains/thick/3026941324998436992.npy


Gaia DR3 871778030653142912


Saving to widebinaries/chains/thick/871778030653142912.npy


Gaia DR3 5288393235861328384


Saving to widebinaries/chains/thick/5288393235861328384.npy


Gaia DR3 1087317567082694912


Saving to widebinaries/chains/thick/1087317567082694912.npy


Gaia DR3 1087317562789799680


Saving to widebinaries/chains/thick/1087317562789799680.npy


Gaia DR3 898473932456801024


Saving to widebinaries/chains/thick/898473932456801024.npy


Gaia DR3 3135007783106659584


Saving to widebinaries/chains/thick/3135007783106659584.npy


Gaia DR3 5287590484998589440


Saving to widebinaries/chains/thick/5287590484998589440.npy


Gaia DR3 1085880432371109888


Saving to widebinaries/chains/thick/1085880432371109888.npy


Gaia DR3 1089608807581037312


Saving to widebinaries/chains/thick/1089608807581037312.npy


Gaia DR3 864813315982337792


Saving to widebinaries/chains/thick/864813315982337792.npy


Gaia DR3 975538088268555392


Saving to widebinaries/chains/thick/975538088268555392.npy


Gaia DR3 5510936210394560384


Saving to widebinaries/chains/thick/5510936210394560384.npy


Gaia DR3 5584928944896443776


Saving to widebinaries/chains/thick/5584928944896443776.npy


Gaia DR3 5586391875178809600


Saving to widebinaries/chains/thick/5586391875178809600.npy


Gaia DR3 5275194251607338240


Saving to widebinaries/chains/thick/5275194251607338240.npy


Gaia DR3 3026484061297836160


Saving to widebinaries/chains/thick/3026484061297836160.npy


Gaia DR3 866850569292962688


Saving to widebinaries/chains/thick/866850569292962688.npy


Gaia DR3 3054410247896457088


Saving to widebinaries/chains/thick/3054410247896457088.npy


Gaia DR3 5613340668962508544


Saving to widebinaries/chains/thick/5613340668962508544.npy


Gaia DR3 3142235319712095616


Saving to widebinaries/chains/thick/3142235319712095616.npy


Gaia DR3 3170144227654748032


Saving to widebinaries/chains/thick/3170144227654748032.npy


Gaia DR3 5510986719206007424


Saving to widebinaries/chains/thick/5510986719206007424.npy


Gaia DR3 5510986611832215552


Saving to widebinaries/chains/thick/5510986611832215552.npy


Gaia DR3 5586375386806314112


Saving to widebinaries/chains/thick/5586375386806314112.npy


Gaia DR3 872310915835366656


Saving to widebinaries/chains/thick/872310915835366656.npy


Gaia DR3 5619195087344340608


Saving to widebinaries/chains/thick/5619195087344340608.npy


Gaia DR3 5619195087344338688


Saving to widebinaries/chains/thick/5619195087344338688.npy


Gaia DR3 5586621436885730944


Saving to widebinaries/chains/thick/5586621436885730944.npy


Gaia DR3 872299684497283968


Saving to widebinaries/chains/thick/872299684497283968.npy


Gaia DR3 5599391882194463616


Saving to widebinaries/chains/thick/5599391882194463616.npy


Gaia DR3 5536064483491364736


Saving to widebinaries/chains/thick/5536064483491364736.npy


Gaia DR3 5716592056411195776


Saving to widebinaries/chains/thick/5716592056411195776.npy


Gaia DR3 5492177781810332416


Saving to widebinaries/chains/thick/5492177781810332416.npy


Gaia DR3 5492177781810337152


Saving to widebinaries/chains/thick/5492177781810337152.npy


Gaia DR3 868389129656868736


Saving to widebinaries/chains/thick/868389129656868736.npy


Gaia DR3 3142155059657697408


Saving to widebinaries/chains/thick/3142155059657697408.npy


Gaia DR3 892771521557561856


Saving to widebinaries/chains/thick/892771521557561856.npy


Gaia DR3 5612374782356257664


Saving to widebinaries/chains/thick/5612374782356257664.npy


Gaia DR3 3165237107260436352


Saving to widebinaries/chains/thick/3165237107260436352.npy


Gaia DR3 3165237137324411264


Saving to widebinaries/chains/thick/3165237137324411264.npy


Gaia DR3 3135394712419214080


Saving to widebinaries/chains/thick/3135394712419214080.npy


Gaia DR3 975096973651282048


Saving to widebinaries/chains/thick/975096973651282048.npy


Gaia DR3 5492673734568089984


Saving to widebinaries/chains/thick/5492673734568089984.npy


Gaia DR3 3041064135238502656


Saving to widebinaries/chains/thick/3041064135238502656.npy


Gaia DR3 3135302937555720192


Saving to widebinaries/chains/thick/3135302937555720192.npy


Gaia DR3 5536283355027483776


Saving to widebinaries/chains/thick/5536283355027483776.npy


Gaia DR3 5615298551266801152


Saving to widebinaries/chains/thick/5615298551266801152.npy


Gaia DR3 3086149613833461760


Saving to widebinaries/chains/thick/3086149613833461760.npy


Gaia DR3 1141846540594232192


Saving to widebinaries/chains/thick/1141846540594232192.npy


Gaia DR3 1141846540594232064


Saving to widebinaries/chains/thick/1141846540594232064.npy


Gaia DR3 879383936697674496


Saving to widebinaries/chains/thick/879383936697674496.npy


Gaia DR3 982097186227551232


Saving to widebinaries/chains/thick/982097186227551232.npy


Gaia DR3 1089430519194893824


Saving to widebinaries/chains/thick/1089430519194893824.npy


Gaia DR3 5612506517585426816


Saving to widebinaries/chains/thick/5612506517585426816.npy


Gaia DR3 5591818136859883008


Saving to widebinaries/chains/thick/5591818136859883008.npy


Gaia DR3 1086410435630109568


Saving to widebinaries/chains/thick/1086410435630109568.npy


fit-sed done
