Host: scc-ei2
Job:  ember  ID: 3229238  Task: 85
Cmd:  ember fit-sed widebinaries/widebinary_fluxes.pqt widebinaries/chains/thick/ --synthetic --xpphoto --numtasks=128
Warning: the passwords of all user accounts have been inactivated.              Please visit https://cas.cosmos.esa.int/cas/passwd to set a new one. Workaround solutions for the Gaia Archive issues following the infrastructure upgrade: https://www.cosmos.esa.int/web/gaia/news#WorkaroundArchive
['synthetic']
Total rows before filtering: 9477
Rows remaining after removing existing chains: 9476
Rows in this SGE task segment: 74
Bands selected: synthetic
Output directory: /projectnb/mesaelm/ember/widebinaries/chains/thick
mcmc
Bypassing Gaia archive queries temporarily with $EMBER_DIR/widebinaries/widebinary_fluxes.pqt
Nedler mode returns no errors, so assuming 5% error universally!
[1.49290834 1.42003037 1.34610476 1.27218875 1.19762042 1.13007946
 1.05509361 0.99733563 0.93015207 0.88181679 0.82898061 0.78163521
 0.73503799 0.69541353 0.66619626 0.62154845 0.58866829 0.56235899
 0.53157587 0.50467257 0.47871176 0.45783258 0.43639439 0.41680978]
Gaia DR3 5436104892111059712


Saving to widebinaries/chains/thick/5436104892111059712.npy


Gaia DR3 1064930479550208128


Saving to widebinaries/chains/thick/1064930479550208128.npy


Gaia DR3 5632410491248750848


Saving to widebinaries/chains/thick/5632410491248750848.npy


Gaia DR3 5632409735334501504


Saving to widebinaries/chains/thick/5632409735334501504.npy


Gaia DR3 618835140164057216


Saving to widebinaries/chains/thick/618835140164057216.npy


Gaia DR3 696016634481430912


Saving to widebinaries/chains/thick/696016634481430912.npy


Gaia DR3 5247321906718780160


Saving to widebinaries/chains/thick/5247321906718780160.npy


Gaia DR3 5689919317362203008


Saving to widebinaries/chains/thick/5689919317362203008.npy


Gaia DR3 826184547623588864


Saving to widebinaries/chains/thick/826184547623588864.npy


Gaia DR3 617887567299258752


Saving to widebinaries/chains/thick/617887567299258752.npy


Gaia DR3 645074504125506560


Saving to widebinaries/chains/thick/645074504125506560.npy


Gaia DR3 5632866170098377728


Saving to widebinaries/chains/thick/5632866170098377728.npy


Gaia DR3 794265278392449664


Saving to widebinaries/chains/thick/794265278392449664.npy


Gaia DR3 645129101749359744


Saving to widebinaries/chains/thick/645129101749359744.npy


Gaia DR3 1071240714219850880


Saving to widebinaries/chains/thick/1071240714219850880.npy


Gaia DR3 5633620125838537344


Saving to widebinaries/chains/thick/5633620125838537344.npy


Gaia DR3 3827045525522912128


Saving to widebinaries/chains/thick/3827045525522912128.npy


Gaia DR3 1021410812890001536


Saving to widebinaries/chains/thick/1021410812890001536.npy


Gaia DR3 5308628196887758336


Saving to widebinaries/chains/thick/5308628196887758336.npy


Gaia DR3 5688717070116784768


Saving to widebinaries/chains/thick/5688717070116784768.npy


Gaia DR3 5740508981227865088


Saving to widebinaries/chains/thick/5740508981227865088.npy


Gaia DR3 3824660646147145344


Saving to widebinaries/chains/thick/3824660646147145344.npy


Gaia DR3 588349805894986624


Saving to widebinaries/chains/thick/588349805894986624.npy


Gaia DR3 5436526000773039616


Saving to widebinaries/chains/thick/5436526000773039616.npy


Gaia DR3 3826945813562258432


Saving to widebinaries/chains/thick/3826945813562258432.npy


Gaia DR3 5436899632859860096


Saving to widebinaries/chains/thick/5436899632859860096.npy


Gaia DR3 5439706441233034752


Saving to widebinaries/chains/thick/5439706441233034752.npy


Gaia DR3 614532510646510720


Saving to widebinaries/chains/thick/614532510646510720.npy


Gaia DR3 5244395144207625088


Saving to widebinaries/chains/thick/5244395144207625088.npy


Gaia DR3 824368188774453120


Saving to widebinaries/chains/thick/824368188774453120.npy


Gaia DR3 3854202358921866752


Saving to widebinaries/chains/thick/3854202358921866752.npy


Gaia DR3 5436602588627243520


Saving to widebinaries/chains/thick/5436602588627243520.npy


Gaia DR3 3819347702882594176


Saving to widebinaries/chains/thick/3819347702882594176.npy


Gaia DR3 646608529003958272


Saving to widebinaries/chains/thick/646608529003958272.npy


Gaia DR3 646608632082864256


Saving to widebinaries/chains/thick/646608632082864256.npy


Gaia DR3 619757699139924480


Saving to widebinaries/chains/thick/619757699139924480.npy


Gaia DR3 619757703434479232


Saving to widebinaries/chains/thick/619757703434479232.npy


Gaia DR3 641223189770370176


Saving to widebinaries/chains/thick/641223189770370176.npy


Gaia DR3 5248976843518458496


Saving to widebinaries/chains/thick/5248976843518458496.npy


Gaia DR3 3826330361928383232


Saving to widebinaries/chains/thick/3826330361928383232.npy


Gaia DR3 612511814434087424


Saving to widebinaries/chains/thick/612511814434087424.npy


Gaia DR3 5685726948245332992


Saving to widebinaries/chains/thick/5685726948245332992.npy


Gaia DR3 5413099256275899520


Saving to widebinaries/chains/thick/5413099256275899520.npy


Gaia DR3 3828044221382810752


Saving to widebinaries/chains/thick/3828044221382810752.npy


Gaia DR3 3828044255742549248


Saving to widebinaries/chains/thick/3828044255742549248.npy


Gaia DR3 5431888677335865600


Saving to widebinaries/chains/thick/5431888677335865600.npy


Gaia DR3 5439803580510318848


Saving to widebinaries/chains/thick/5439803580510318848.npy


Gaia DR3 5688801350260033408


Saving to widebinaries/chains/thick/5688801350260033408.npy


Gaia DR3 612933683301036288


Saving to widebinaries/chains/thick/612933683301036288.npy


Gaia DR3 5440333128500905472


Saving to widebinaries/chains/thick/5440333128500905472.npy


Gaia DR3 614711627962567808


Saving to widebinaries/chains/thick/614711627962567808.npy


Gaia DR3 1147426493385107328


Saving to widebinaries/chains/thick/1147426493385107328.npy


Gaia DR3 5405747135571543168


Saving to widebinaries/chains/thick/5405747135571543168.npy


Gaia DR3 5433063917831811840


Saving to widebinaries/chains/thick/5433063917831811840.npy


Gaia DR3 641625576666483584


Saving to widebinaries/chains/thick/641625576666483584.npy


Gaia DR3 641625576666484480


Saving to widebinaries/chains/thick/641625576666484480.npy


Gaia DR3 1063059729235012352


Saving to widebinaries/chains/thick/1063059729235012352.npy


Gaia DR3 5656754404537613568


Saving to widebinaries/chains/thick/5656754404537613568.npy


Gaia DR3 3819491189149848704


Saving to widebinaries/chains/thick/3819491189149848704.npy


Gaia DR3 5464368628776972160


Saving to widebinaries/chains/thick/5464368628776972160.npy


Gaia DR3 5691237146472855424


Saving to widebinaries/chains/thick/5691237146472855424.npy


Gaia DR3 801512095107318144


Saving to widebinaries/chains/thick/801512095107318144.npy


Gaia DR3 3821229624407445888


Saving to widebinaries/chains/thick/3821229624407445888.npy


Gaia DR3 5249010614845788672


Saving to widebinaries/chains/thick/5249010614845788672.npy


Gaia DR3 3834061470568945280


Saving to widebinaries/chains/thick/3834061470568945280.npy


Gaia DR3 5249790653921080704


Saving to widebinaries/chains/thick/5249790653921080704.npy


Gaia DR3 793575201703625984


Saving to widebinaries/chains/thick/793575201703625984.npy


Gaia DR3 5687280626894974464


Saving to widebinaries/chains/thick/5687280626894974464.npy


Gaia DR3 3827559096237286912


Saving to widebinaries/chains/thick/3827559096237286912.npy


Gaia DR3 5692024843475058688


Saving to widebinaries/chains/thick/5692024843475058688.npy


Gaia DR3 5438308377838881920


Saving to widebinaries/chains/thick/5438308377838881920.npy


Gaia DR3 820969357814798080


Saving to widebinaries/chains/thick/820969357814798080.npy


Gaia DR3 820969357814799872


Saving to widebinaries/chains/thick/820969357814799872.npy


Gaia DR3 5438973930268816640


Saving to widebinaries/chains/thick/5438973930268816640.npy


fit-sed done
