Host: scc-db1
Job:  ember  ID: 3229238  Task: 63
Cmd:  ember fit-sed widebinaries/widebinary_fluxes.pqt widebinaries/chains/thick/ --synthetic --xpphoto --numtasks=128
Warning: the passwords of all user accounts have been inactivated.              Please visit https://cas.cosmos.esa.int/cas/passwd to set a new one. Workaround solutions for the Gaia Archive issues following the infrastructure upgrade: https://www.cosmos.esa.int/web/gaia/news#WorkaroundArchive
['synthetic']
Total rows before filtering: 9477
Rows remaining after removing existing chains: 9476
Rows in this SGE task segment: 74
Bands selected: synthetic
Output directory: /projectnb/mesaelm/ember/widebinaries/chains/thick
mcmc
Bypassing Gaia archive queries temporarily with $EMBER_DIR/widebinaries/widebinary_fluxes.pqt
Nedler mode returns no errors, so assuming 5% error universally!
[1.49290834 1.42003037 1.34610476 1.27218875 1.19762042 1.13007946
 1.05509361 0.99733563 0.93015207 0.88181679 0.82898061 0.78163521
 0.73503799 0.69541353 0.66619626 0.62154845 0.58866829 0.56235899
 0.53157587 0.50467257 0.47871176 0.45783258 0.43639439 0.41680978]
Gaia DR3 2967036285081981312


Saving to widebinaries/chains/thick/2967036285081981312.npy


Gaia DR3 571572637140787840


Saving to widebinaries/chains/thick/571572637140787840.npy


Gaia DR3 2964216759311781888


Saving to widebinaries/chains/thick/2964216759311781888.npy


Gaia DR3 3009279109504346112


Saving to widebinaries/chains/thick/3009279109504346112.npy


Gaia DR3 4768294823987145856


Saving to widebinaries/chains/thick/4768294823987145856.npy


Gaia DR3 2963628245713587328


Saving to widebinaries/chains/thick/2963628245713587328.npy


Gaia DR3 287739993965938304


Saving to widebinaries/chains/thick/287739993965938304.npy


Gaia DR3 2902163969467672832


Saving to widebinaries/chains/thick/2902163969467672832.npy


Gaia DR3 2902163969469316480


Saving to widebinaries/chains/thick/2902163969469316480.npy


Gaia DR3 3224270539390160640


Saving to widebinaries/chains/thick/3224270539390160640.npy


Gaia DR3 3217411854574573568


Saving to widebinaries/chains/thick/3217411854574573568.npy


Gaia DR3 2915289900624561792


Saving to widebinaries/chains/thick/2915289900624561792.npy


Gaia DR3 2967093910661901312


Saving to widebinaries/chains/thick/2967093910661901312.npy


Gaia DR3 3403375520357432960


Saving to widebinaries/chains/thick/3403375520357432960.npy


Gaia DR3 3012275862805447168


Saving to widebinaries/chains/thick/3012275862805447168.npy


Gaia DR3 4623019960383054592


Saving to widebinaries/chains/thick/4623019960383054592.npy


Gaia DR3 558036098518042752


Saving to widebinaries/chains/thick/558036098518042752.npy


Gaia DR3 2964060839113851392


Saving to widebinaries/chains/thick/2964060839113851392.npy


Gaia DR3 3223329524941209600


Saving to widebinaries/chains/thick/3223329524941209600.npy


Gaia DR3 2965245489879220224


Saving to widebinaries/chains/thick/2965245489879220224.npy


Gaia DR3 3333336968968120576


Saving to widebinaries/chains/thick/3333336968968120576.npy


Gaia DR3 553601630684241792


Saving to widebinaries/chains/thick/553601630684241792.npy


Gaia DR3 3216638726100907392


Saving to widebinaries/chains/thick/3216638726100907392.npy


Gaia DR3 481711269793488384


Saving to widebinaries/chains/thick/481711269793488384.npy


Gaia DR3 2966885274032108160


Saving to widebinaries/chains/thick/2966885274032108160.npy


Gaia DR3 4808156003144479616


Saving to widebinaries/chains/thick/4808156003144479616.npy


Gaia DR3 2900907635698335488


Saving to widebinaries/chains/thick/2900907635698335488.npy


Gaia DR3 3012016652939886208


Saving to widebinaries/chains/thick/3012016652939886208.npy


Gaia DR3 2900914786819540736


Saving to widebinaries/chains/thick/2900914786819540736.npy


Gaia DR3 4808392290769932288


Saving to widebinaries/chains/thick/4808392290769932288.npy


Gaia DR3 4796030378459369472


Saving to widebinaries/chains/thick/4796030378459369472.npy


Gaia DR3 498275652982959104


Saving to widebinaries/chains/thick/498275652982959104.npy


Gaia DR3 2971121284313243776


Saving to widebinaries/chains/thick/2971121284313243776.npy


Gaia DR3 4802779425643148544


Saving to widebinaries/chains/thick/4802779425643148544.npy


Gaia DR3 4805139866655106944


Saving to widebinaries/chains/thick/4805139866655106944.npy


Gaia DR3 4805139870950231296


Saving to widebinaries/chains/thick/4805139870950231296.npy


Gaia DR3 190181907787135360


Saving to widebinaries/chains/thick/190181907787135360.npy


Gaia DR3 553602390893859328


Saving to widebinaries/chains/thick/553602390893859328.npy


Gaia DR3 2996987222340729088


Saving to widebinaries/chains/thick/2996987222340729088.npy


Gaia DR3 3016190953132133632


Saving to widebinaries/chains/thick/3016190953132133632.npy


Gaia DR3 4623015386240349440


Saving to widebinaries/chains/thick/4623015386240349440.npy


Gaia DR3 3223358833800816256


Saving to widebinaries/chains/thick/3223358833800816256.npy


Gaia DR3 3223358838091565056


Saving to widebinaries/chains/thick/3223358838091565056.npy


Gaia DR3 2997003715016243968


Saving to widebinaries/chains/thick/2997003715016243968.npy


Gaia DR3 2915129818603511296


Saving to widebinaries/chains/thick/2915129818603511296.npy


Gaia DR3 4765883732426779392


Saving to widebinaries/chains/thick/4765883732426779392.npy


Gaia DR3 2913922730933368064


Saving to widebinaries/chains/thick/2913922730933368064.npy


Gaia DR3 3346485856726656896


Saving to widebinaries/chains/thick/3346485856726656896.npy


Gaia DR3 3337021260634868224


Saving to widebinaries/chains/thick/3337021260634868224.npy


Gaia DR3 3219198487955502720


Saving to widebinaries/chains/thick/3219198487955502720.npy


Gaia DR3 2966010445031835520


Saving to widebinaries/chains/thick/2966010445031835520.npy


Gaia DR3 4756806130072828800


Saving to widebinaries/chains/thick/4756806130072828800.npy


Gaia DR3 4756807607541574656


Saving to widebinaries/chains/thick/4756807607541574656.npy


Gaia DR3 4802109372090250752


Saving to widebinaries/chains/thick/4802109372090250752.npy


Gaia DR3 4804232911297598592


Saving to widebinaries/chains/thick/4804232911297598592.npy


Gaia DR3 2904556369332759040


Saving to widebinaries/chains/thick/2904556369332759040.npy


Gaia DR3 502957510928687616


Saving to widebinaries/chains/thick/502957510928687616.npy


Gaia DR3 4611836033045166080


Saving to widebinaries/chains/thick/4611836033045166080.npy


Gaia DR3 502957442209211136


Saving to widebinaries/chains/thick/502957442209211136.npy


Gaia DR3 2904585811330644864


Saving to widebinaries/chains/thick/2904585811330644864.npy


Gaia DR3 3398293092283113856


Saving to widebinaries/chains/thick/3398293092283113856.npy


Gaia DR3 4792905360255248768


Saving to widebinaries/chains/thick/4792905360255248768.npy


Gaia DR3 3011185593949574912


Saving to widebinaries/chains/thick/3011185593949574912.npy


Gaia DR3 3454295170852729600


Saving to widebinaries/chains/thick/3454295170852729600.npy


Gaia DR3 498371997688483968


Saving to widebinaries/chains/thick/498371997688483968.npy


Gaia DR3 4801820376625599232


Saving to widebinaries/chains/thick/4801820376625599232.npy


Gaia DR3 3398078520009209984


Saving to widebinaries/chains/thick/3398078520009209984.npy


Gaia DR3 3398078515721569920


Saving to widebinaries/chains/thick/3398078515721569920.npy


Gaia DR3 210289707712051840


Saving to widebinaries/chains/thick/210289707712051840.npy


Gaia DR3 3219963644972396288


Saving to widebinaries/chains/thick/3219963644972396288.npy


Gaia DR3 3219539783238522368


Saving to widebinaries/chains/thick/3219539783238522368.npy


Gaia DR3 2966103349465902080


Saving to widebinaries/chains/thick/2966103349465902080.npy


Gaia DR3 3400087873225289728


Saving to widebinaries/chains/thick/3400087873225289728.npy


Gaia DR3 2915951810924485248


Saving to widebinaries/chains/thick/2915951810924485248.npy


fit-sed done
