Host: scc-mf8
Job:  ember  ID: 3229238  Task: 34
Cmd:  ember fit-sed widebinaries/widebinary_fluxes.pqt widebinaries/chains/thick/ --synthetic --xpphoto --numtasks=128
Warning: the passwords of all user accounts have been inactivated.              Please visit https://cas.cosmos.esa.int/cas/passwd to set a new one. Workaround solutions for the Gaia Archive issues following the infrastructure upgrade: https://www.cosmos.esa.int/web/gaia/news#WorkaroundArchive
['synthetic']
Total rows before filtering: 9477
Rows remaining after removing existing chains: 9476
Rows in this SGE task segment: 74
Bands selected: synthetic
Output directory: /projectnb/mesaelm/ember/widebinaries/chains/thick
mcmc
Bypassing Gaia archive queries temporarily with $EMBER_DIR/widebinaries/widebinary_fluxes.pqt
Nedler mode returns no errors, so assuming 5% error universally!
[1.49290834 1.42003037 1.34610476 1.27218875 1.19762042 1.13007946
 1.05509361 0.99733563 0.93015207 0.88181679 0.82898061 0.78163521
 0.73503799 0.69541353 0.66619626 0.62154845 0.58866829 0.56235899
 0.53157587 0.50467257 0.47871176 0.45783258 0.43639439 0.41680978]
Gaia DR3 2860945713788450304


Saving to widebinaries/chains/thick/2860945713788450304.npy


Gaia DR3 4706666711918415872


Saving to widebinaries/chains/thick/4706666711918415872.npy


Gaia DR3 4976546449458447104


Saving to widebinaries/chains/thick/4976546449458447104.npy


Gaia DR3 2772541237999191296


Saving to widebinaries/chains/thick/2772541237999191296.npy


Gaia DR3 4973503374932594560


Saving to widebinaries/chains/thick/4973503374932594560.npy


Gaia DR3 4683771963544904448


Saving to widebinaries/chains/thick/4683771963544904448.npy


Gaia DR3 2877617990853335680


Saving to widebinaries/chains/thick/2877617990853335680.npy


Gaia DR3 2448482961923062400


Saving to widebinaries/chains/thick/2448482961923062400.npy


Gaia DR3 2448482961922816512


Saving to widebinaries/chains/thick/2448482961922816512.npy


Gaia DR3 2876719685557466752


Saving to widebinaries/chains/thick/2876719685557466752.npy


Gaia DR3 2416481779075909376


Saving to widebinaries/chains/thick/2416481779075909376.npy


Gaia DR3 2416481783371550976


Saving to widebinaries/chains/thick/2416481783371550976.npy


Gaia DR3 2414541519009830912


Saving to widebinaries/chains/thick/2414541519009830912.npy


Gaia DR3 2767874910650727808


Saving to widebinaries/chains/thick/2767874910650727808.npy


Gaia DR3 2308456483928607488


Saving to widebinaries/chains/thick/2308456483928607488.npy


Gaia DR3 2847116297051972992


Saving to widebinaries/chains/thick/2847116297051972992.npy


Gaia DR3 2847009438265834752


Saving to widebinaries/chains/thick/2847009438265834752.npy


Gaia DR3 2427847052815180544


Saving to widebinaries/chains/thick/2427847052815180544.npy


Gaia DR3 4904769883718299520


Saving to widebinaries/chains/thick/4904769883718299520.npy


Gaia DR3 4994673612331076736


Saving to widebinaries/chains/thick/4994673612331076736.npy


Gaia DR3 2861792754354276352


Saving to widebinaries/chains/thick/2861792754354276352.npy


Gaia DR3 4991573985973695616


Saving to widebinaries/chains/thick/4991573985973695616.npy


Gaia DR3 2876068229214775040


Saving to widebinaries/chains/thick/2876068229214775040.npy


Gaia DR3 4994964020839653248


Saving to widebinaries/chains/thick/4994964020839653248.npy


Gaia DR3 2861820444007540736


Saving to widebinaries/chains/thick/2861820444007540736.npy


Gaia DR3 2848600328513294080


Saving to widebinaries/chains/thick/2848600328513294080.npy


Gaia DR3 422907940534556800


Saving to widebinaries/chains/thick/422907940534556800.npy


Gaia DR3 2310115848838342528


Saving to widebinaries/chains/thick/2310115848838342528.npy


Gaia DR3 386907941268005504


Saving to widebinaries/chains/thick/386907941268005504.npy


Gaia DR3 4922886360715112064


Saving to widebinaries/chains/thick/4922886360715112064.npy


Gaia DR3 2861598583177339136


Saving to widebinaries/chains/thick/2861598583177339136.npy


Gaia DR3 2740894540280319616


Saving to widebinaries/chains/thick/2740894540280319616.npy


Gaia DR3 2544566603015036672


Saving to widebinaries/chains/thick/2544566603015036672.npy


Gaia DR3 4630008761229904768


Saving to widebinaries/chains/thick/4630008761229904768.npy


Gaia DR3 4994751093541357568


Saving to widebinaries/chains/thick/4994751093541357568.npy


Gaia DR3 431317280339793792


Saving to widebinaries/chains/thick/431317280339793792.npy


Gaia DR3 4905784007100613376


Saving to widebinaries/chains/thick/4905784007100613376.npy


Gaia DR3 2848951970370040192


Saving to widebinaries/chains/thick/2848951970370040192.npy


Gaia DR3 2800491235893828608


Saving to widebinaries/chains/thick/2800491235893828608.npy


Gaia DR3 2740676188435713664


Saving to widebinaries/chains/thick/2740676188435713664.npy


Gaia DR3 419990695670004864


Saving to widebinaries/chains/thick/419990695670004864.npy


Gaia DR3 383748460246940032


Saving to widebinaries/chains/thick/383748460246940032.npy


Gaia DR3 4976685056643780608


Saving to widebinaries/chains/thick/4976685056643780608.npy


Gaia DR3 2769690101268873728


Saving to widebinaries/chains/thick/2769690101268873728.npy


Gaia DR3 2798541595619558528


Saving to widebinaries/chains/thick/2798541595619558528.npy


Gaia DR3 2336052881461598464


Saving to widebinaries/chains/thick/2336052881461598464.npy


Gaia DR3 2365306251607092992


Saving to widebinaries/chains/thick/2365306251607092992.npy


Gaia DR3 2875618627744239616


Saving to widebinaries/chains/thick/2875618627744239616.npy


Gaia DR3 2856774441550470656


Saving to widebinaries/chains/thick/2856774441550470656.npy


Gaia DR3 2308556539486596864


Saving to widebinaries/chains/thick/2308556539486596864.npy


Gaia DR3 2740492325179983872


Saving to widebinaries/chains/thick/2740492325179983872.npy


Gaia DR3 395377513698597888


Saving to widebinaries/chains/thick/395377513698597888.npy


Gaia DR3 2769377629512826368


Saving to widebinaries/chains/thick/2769377629512826368.npy


Gaia DR3 395936336190800128


Saving to widebinaries/chains/thick/395936336190800128.npy


Gaia DR3 420531621029108608


Saving to widebinaries/chains/thick/420531621029108608.npy


Gaia DR3 385453248730005888


Saving to widebinaries/chains/thick/385453248730005888.npy


Gaia DR3 2859947872628008832


Saving to widebinaries/chains/thick/2859947872628008832.npy


Gaia DR3 2856711464445552256


Saving to widebinaries/chains/thick/2856711464445552256.npy


Gaia DR3 420670095068644992


Saving to widebinaries/chains/thick/420670095068644992.npy


Gaia DR3 2309079185466853376


Saving to widebinaries/chains/thick/2309079185466853376.npy


Gaia DR3 4901194301968499072


Saving to widebinaries/chains/thick/4901194301968499072.npy


Gaia DR3 2431129163744714240


Saving to widebinaries/chains/thick/2431129163744714240.npy


Gaia DR3 4977418740133758592


Saving to widebinaries/chains/thick/4977418740133758592.npy


Gaia DR3 2429392661221943040


Saving to widebinaries/chains/thick/2429392661221943040.npy


Gaia DR3 2429392656926964864


Saving to widebinaries/chains/thick/2429392656926964864.npy


Gaia DR3 2544797603535982592


Saving to widebinaries/chains/thick/2544797603535982592.npy


Gaia DR3 2365465955670181760


Saving to widebinaries/chains/thick/2365465955670181760.npy


Gaia DR3 2545590733671247744


Saving to widebinaries/chains/thick/2545590733671247744.npy


Gaia DR3 395148849647386496


Saving to widebinaries/chains/thick/395148849647386496.npy


Gaia DR3 2863487028760318592


Saving to widebinaries/chains/thick/2863487028760318592.npy


Gaia DR3 2309993287652412032


Saving to widebinaries/chains/thick/2309993287652412032.npy


Gaia DR3 429122930011556736


Saving to widebinaries/chains/thick/429122930011556736.npy


Gaia DR3 2320262794974771200


Saving to widebinaries/chains/thick/2320262794974771200.npy


Gaia DR3 2365285768910490752


Saving to widebinaries/chains/thick/2365285768910490752.npy


fit-sed done
