Host: scc-mc3
Job:  ember  ID: 3229238  Task: 37
Cmd:  ember fit-sed widebinaries/widebinary_fluxes.pqt widebinaries/chains/thick/ --synthetic --xpphoto --numtasks=128
Warning: the passwords of all user accounts have been inactivated.              Please visit https://cas.cosmos.esa.int/cas/passwd to set a new one. Workaround solutions for the Gaia Archive issues following the infrastructure upgrade: https://www.cosmos.esa.int/web/gaia/news#WorkaroundArchive
['synthetic']
Total rows before filtering: 9477
Rows remaining after removing existing chains: 9476
Rows in this SGE task segment: 74
Bands selected: synthetic
Output directory: /projectnb/mesaelm/ember/widebinaries/chains/thick
mcmc
Bypassing Gaia archive queries temporarily with $EMBER_DIR/widebinaries/widebinary_fluxes.pqt
Nedler mode returns no errors, so assuming 5% error universally!
[1.49290834 1.42003037 1.34610476 1.27218875 1.19762042 1.13007946
 1.05509361 0.99733563 0.93015207 0.88181679 0.82898061 0.78163521
 0.73503799 0.69541353 0.66619626 0.62154845 0.58866829 0.56235899
 0.53157587 0.50467257 0.47871176 0.45783258 0.43639439 0.41680978]
Gaia DR3 2317685436639994368


Saving to widebinaries/chains/thick/2317685436639994368.npy


Gaia DR3 365890566051365248


Saving to widebinaries/chains/thick/365890566051365248.npy


Gaia DR3 4683935717763550720


Saving to widebinaries/chains/thick/4683935717763550720.npy


Gaia DR3 2318209903686296448


Saving to widebinaries/chains/thick/2318209903686296448.npy


Gaia DR3 2318209907981350656


Saving to widebinaries/chains/thick/2318209907981350656.npy


Gaia DR3 416084921124152192


Saving to widebinaries/chains/thick/416084921124152192.npy


Gaia DR3 389957574206272512


Saving to widebinaries/chains/thick/389957574206272512.npy


Gaia DR3 2806739000264778880


Saving to widebinaries/chains/thick/2806739000264778880.npy


Gaia DR3 390493478751885184


Saving to widebinaries/chains/thick/390493478751885184.npy


Gaia DR3 2529964882439353728


Saving to widebinaries/chains/thick/2529964882439353728.npy


Gaia DR3 368382166771642240


Saving to widebinaries/chains/thick/368382166771642240.npy


Gaia DR3 538576842945740288


Saving to widebinaries/chains/thick/538576842945740288.npy


Gaia DR3 418491412783587200


Saving to widebinaries/chains/thick/418491412783587200.npy


Gaia DR3 4702536293409231360


Saving to widebinaries/chains/thick/4702536293409231360.npy


Gaia DR3 361680982703123584


Saving to widebinaries/chains/thick/361680982703123584.npy


Gaia DR3 2806466699339843584


Saving to widebinaries/chains/thick/2806466699339843584.npy


Gaia DR3 4907169670925418752


Saving to widebinaries/chains/thick/4907169670925418752.npy


Gaia DR3 4999520538759053952


Saving to widebinaries/chains/thick/4999520538759053952.npy


Gaia DR3 2350715796730263168


Saving to widebinaries/chains/thick/2350715796730263168.npy


Gaia DR3 2556086220698461696


Saving to widebinaries/chains/thick/2556086220698461696.npy


Gaia DR3 390019142564195840


Saving to widebinaries/chains/thick/390019142564195840.npy


Gaia DR3 427008088110033536


Saving to widebinaries/chains/thick/427008088110033536.npy


Gaia DR3 5001179770525584640


Saving to widebinaries/chains/thick/5001179770525584640.npy


Gaia DR3 4710021772865565696


Saving to widebinaries/chains/thick/4710021772865565696.npy


Gaia DR3 2775987347958346112


Saving to widebinaries/chains/thick/2775987347958346112.npy


Gaia DR3 2377344185944929152


Saving to widebinaries/chains/thick/2377344185944929152.npy


Gaia DR3 2801349056826994176


Saving to widebinaries/chains/thick/2801349056826994176.npy


Gaia DR3 4925259145462443648


Saving to widebinaries/chains/thick/4925259145462443648.npy


Gaia DR3 414668376489985536


Saving to widebinaries/chains/thick/414668376489985536.npy


Gaia DR3 2781085401124115328


Saving to widebinaries/chains/thick/2781085401124115328.npy


Gaia DR3 369163193689359872


Saving to widebinaries/chains/thick/369163193689359872.npy


Gaia DR3 2776464261127797248


Saving to widebinaries/chains/thick/2776464261127797248.npy


Gaia DR3 417094101003315456


Saving to widebinaries/chains/thick/417094101003315456.npy


Gaia DR3 427176661291873536


Saving to widebinaries/chains/thick/427176661291873536.npy


Gaia DR3 427176661284417792


Saving to widebinaries/chains/thick/427176661284417792.npy


Gaia DR3 2776341145888781312


Saving to widebinaries/chains/thick/2776341145888781312.npy


Gaia DR3 2372651435956390144


Saving to widebinaries/chains/thick/2372651435956390144.npy


Gaia DR3 424502747789877760


Saving to widebinaries/chains/thick/424502747789877760.npy


Gaia DR3 2523851803947248512


Saving to widebinaries/chains/thick/2523851803947248512.npy


Gaia DR3 2349597284167363456


Saving to widebinaries/chains/thick/2349597284167363456.npy


Gaia DR3 2808247220982638208


Saving to widebinaries/chains/thick/2808247220982638208.npy


Gaia DR3 2342152387858446848


Saving to widebinaries/chains/thick/2342152387858446848.npy


Gaia DR3 417667569331985408


Saving to widebinaries/chains/thick/417667569331985408.npy


Gaia DR3 5002889304947556352


Saving to widebinaries/chains/thick/5002889304947556352.npy


Gaia DR3 2343822172356790400


Saving to widebinaries/chains/thick/2343822172356790400.npy


Gaia DR3 2550869557716369664


Saving to widebinaries/chains/thick/2550869557716369664.npy


Gaia DR3 2776164811713208448


Saving to widebinaries/chains/thick/2776164811713208448.npy


Gaia DR3 414994995864766720


Saving to widebinaries/chains/thick/414994995864766720.npy


Gaia DR3 2774369687180460416


Saving to widebinaries/chains/thick/2774369687180460416.npy


Gaia DR3 4690089615625487232


Saving to widebinaries/chains/thick/4690089615625487232.npy


Gaia DR3 4617812054836337536


Saving to widebinaries/chains/thick/4617812054836337536.npy


Gaia DR3 2801415714718793344


Saving to widebinaries/chains/thick/2801415714718793344.npy


Gaia DR3 2804717616856619008


Saving to widebinaries/chains/thick/2804717616856619008.npy


Gaia DR3 2782043556789249280


Saving to widebinaries/chains/thick/2782043556789249280.npy


Gaia DR3 5006862630732813568


Saving to widebinaries/chains/thick/5006862630732813568.npy


Gaia DR3 2802336212109700352


Saving to widebinaries/chains/thick/2802336212109700352.npy


Gaia DR3 5006873312316875520


Saving to widebinaries/chains/thick/5006873312316875520.npy


Gaia DR3 426732767830736768


Saving to widebinaries/chains/thick/426732767830736768.npy


Gaia DR3 526191462937594624


Saving to widebinaries/chains/thick/526191462937594624.npy


Gaia DR3 360858032611192576


Saving to widebinaries/chains/thick/360858032611192576.npy


Gaia DR3 414975548252028544


Saving to widebinaries/chains/thick/414975548252028544.npy


Gaia DR3 377490173204283776


Saving to widebinaries/chains/thick/377490173204283776.npy


Gaia DR3 2581715630583489408


Saving to widebinaries/chains/thick/2581715630583489408.npy


Gaia DR3 2809010247690256768


Saving to widebinaries/chains/thick/2809010247690256768.npy


Gaia DR3 312325589359597952


Saving to widebinaries/chains/thick/312325589359597952.npy


Gaia DR3 539076983297822720


Saving to widebinaries/chains/thick/539076983297822720.npy


Gaia DR3 4926630060368578688


Saving to widebinaries/chains/thick/4926630060368578688.npy


Gaia DR3 4985622780504009216


Saving to widebinaries/chains/thick/4985622780504009216.npy


Gaia DR3 4920861030231860736


Saving to widebinaries/chains/thick/4920861030231860736.npy


Gaia DR3 415107455287526912


Saving to widebinaries/chains/thick/415107455287526912.npy


Gaia DR3 4705170310952656512


Saving to widebinaries/chains/thick/4705170310952656512.npy


Gaia DR3 2781575409648123520


Saving to widebinaries/chains/thick/2781575409648123520.npy


Gaia DR3 4987088837525409024


Saving to widebinaries/chains/thick/4987088837525409024.npy


Gaia DR3 423640631895320704


Saving to widebinaries/chains/thick/423640631895320704.npy


fit-sed done
