Host: scc-da2
Job:  ember  ID: 3229238  Task: 55
Cmd:  ember fit-sed widebinaries/widebinary_fluxes.pqt widebinaries/chains/thick/ --synthetic --xpphoto --numtasks=128
Warning: the passwords of all user accounts have been inactivated.              Please visit https://cas.cosmos.esa.int/cas/passwd to set a new one. Workaround solutions for the Gaia Archive issues following the infrastructure upgrade: https://www.cosmos.esa.int/web/gaia/news#WorkaroundArchive
['synthetic']
Total rows before filtering: 9477
Rows remaining after removing existing chains: 9476
Rows in this SGE task segment: 74
Bands selected: synthetic
Output directory: /projectnb/mesaelm/ember/widebinaries/chains/thick
mcmc
Bypassing Gaia archive queries temporarily with $EMBER_DIR/widebinaries/widebinary_fluxes.pqt
Nedler mode returns no errors, so assuming 5% error universally!
[1.49290834 1.42003037 1.34610476 1.27218875 1.19762042 1.13007946
 1.05509361 0.99733563 0.93015207 0.88181679 0.82898061 0.78163521
 0.73503799 0.69541353 0.66619626 0.62154845 0.58866829 0.56235899
 0.53157587 0.50467257 0.47871176 0.45783258 0.43639439 0.41680978]
Gaia DR3 177418948605044864


Saving to widebinaries/chains/thick/177418948605044864.npy


Gaia DR3 166587938734739328


Saving to widebinaries/chains/thick/166587938734739328.npy


Gaia DR3 4895911771369639040


Saving to widebinaries/chains/thick/4895911771369639040.npy


Gaia DR3 48567318384562816


Saving to widebinaries/chains/thick/48567318384562816.npy


Gaia DR3 4869699203708058624


Saving to widebinaries/chains/thick/4869699203708058624.npy


Gaia DR3 5093351654188023680


Saving to widebinaries/chains/thick/5093351654188023680.npy


Gaia DR3 4781939763286555904


Saving to widebinaries/chains/thick/4781939763286555904.npy


Gaia DR3 4668876776445539968


Saving to widebinaries/chains/thick/4668876776445539968.npy


Gaia DR3 4668242152077665024


Saving to widebinaries/chains/thick/4668242152077665024.npy


Gaia DR3 469107808517135360


Saving to widebinaries/chains/thick/469107808517135360.npy


Gaia DR3 469189619064013440


Saving to widebinaries/chains/thick/469189619064013440.npy


Gaia DR3 4779299286113819648


Saving to widebinaries/chains/thick/4779299286113819648.npy


Gaia DR3 227436694624888576


Saving to widebinaries/chains/thick/227436694624888576.npy


Gaia DR3 3285345283576534784


Saving to widebinaries/chains/thick/3285345283576534784.npy


Gaia DR3 3284951791556594816


Saving to widebinaries/chains/thick/3284951791556594816.npy


Gaia DR3 3284951791557832064


Saving to widebinaries/chains/thick/3284951791557832064.npy


Gaia DR3 4884584357765671808


Saving to widebinaries/chains/thick/4884584357765671808.npy


Gaia DR3 4897525957517940480


Saving to widebinaries/chains/thick/4897525957517940480.npy


Gaia DR3 4870138669058260096


Saving to widebinaries/chains/thick/4870138669058260096.npy


Gaia DR3 3175274377109434496


Saving to widebinaries/chains/thick/3175274377109434496.npy


Gaia DR3 3177189756429735296


Saving to widebinaries/chains/thick/3177189756429735296.npy


Gaia DR3 3191747256021968256


Saving to widebinaries/chains/thick/3191747256021968256.npy


Gaia DR3 3284868817084785024


Saving to widebinaries/chains/thick/3284868817084785024.npy


Gaia DR3 49013483883923968


Saving to widebinaries/chains/thick/49013483883923968.npy


Gaia DR3 5093252904299615744


Saving to widebinaries/chains/thick/5093252904299615744.npy


Gaia DR3 150577636388844160


Saving to widebinaries/chains/thick/150577636388844160.npy


Gaia DR3 150577571966860288


Saving to widebinaries/chains/thick/150577571966860288.npy


Gaia DR3 258141793782131456


Saving to widebinaries/chains/thick/258141793782131456.npy


Gaia DR3 4897341377001657216


Saving to widebinaries/chains/thick/4897341377001657216.npy


Gaia DR3 4897149306066662400


Saving to widebinaries/chains/thick/4897149306066662400.npy


Gaia DR3 4779322891253539840


Saving to widebinaries/chains/thick/4779322891253539840.npy


Gaia DR3 4653397881813791744


Saving to widebinaries/chains/thick/4653397881813791744.npy


Gaia DR3 500245668581154176


Saving to widebinaries/chains/thick/500245668581154176.npy


Gaia DR3 4899181203552617216


Saving to widebinaries/chains/thick/4899181203552617216.npy


Gaia DR3 3175193288128400896


Saving to widebinaries/chains/thick/3175193288128400896.npy


Gaia DR3 4778581987920771200


Saving to widebinaries/chains/thick/4778581987920771200.npy


Gaia DR3 276898293920976768


Saving to widebinaries/chains/thick/276898293920976768.npy


Gaia DR3 4837626449525752192


Saving to widebinaries/chains/thick/4837626449525752192.npy


Gaia DR3 165036111213672832


Saving to widebinaries/chains/thick/165036111213672832.npy


Gaia DR3 3205774005030469760


Saving to widebinaries/chains/thick/3205774005030469760.npy


Gaia DR3 175817750438186240


Saving to widebinaries/chains/thick/175817750438186240.npy


Gaia DR3 3203142731972092160


Saving to widebinaries/chains/thick/3203142731972092160.npy


Gaia DR3 4896326733931106816


Saving to widebinaries/chains/thick/4896326733931106816.npy


Gaia DR3 3203932632291764480


Saving to widebinaries/chains/thick/3203932632291764480.npy


Gaia DR3 3311033276814526976


Saving to widebinaries/chains/thick/3311033276814526976.npy


Gaia DR3 270444366823280768


Saving to widebinaries/chains/thick/270444366823280768.npy


Gaia DR3 501279656187088640


Saving to widebinaries/chains/thick/501279656187088640.npy


Gaia DR3 4789565181368223616


Saving to widebinaries/chains/thick/4789565181368223616.npy


Gaia DR3 4868986518310148864


Saving to widebinaries/chains/thick/4868986518310148864.npy


Gaia DR3 166255675767857536


Saving to widebinaries/chains/thick/166255675767857536.npy


Gaia DR3 165401149074789504


Saving to widebinaries/chains/thick/165401149074789504.npy


Gaia DR3 3191919471325368064


Saving to widebinaries/chains/thick/3191919471325368064.npy


Gaia DR3 550320584907717888


Saving to widebinaries/chains/thick/550320584907717888.npy


Gaia DR3 3198711459592965632


Saving to widebinaries/chains/thick/3198711459592965632.npy


Gaia DR3 476933990549861632


Saving to widebinaries/chains/thick/476933990549861632.npy


Gaia DR3 3191421525702434560


Saving to widebinaries/chains/thick/3191421525702434560.npy


Gaia DR3 145724632581075328


Saving to widebinaries/chains/thick/145724632581075328.npy


Gaia DR3 4791086149546843392


Saving to widebinaries/chains/thick/4791086149546843392.npy


Gaia DR3 4788729449451505536


Saving to widebinaries/chains/thick/4788729449451505536.npy


Gaia DR3 3279959050988935040


Saving to widebinaries/chains/thick/3279959050988935040.npy


Gaia DR3 3279959050988934400


Saving to widebinaries/chains/thick/3279959050988934400.npy


Gaia DR3 3204690672544462464


Saving to widebinaries/chains/thick/3204690672544462464.npy


Gaia DR3 4652640009066103808


Saving to widebinaries/chains/thick/4652640009066103808.npy


Gaia DR3 3306811697624576000


Saving to widebinaries/chains/thick/3306811697624576000.npy


Gaia DR3 4652640009066320000


Saving to widebinaries/chains/thick/4652640009066320000.npy


Gaia DR3 4611751645528157440


Saving to widebinaries/chains/thick/4611751645528157440.npy


Gaia DR3 176429285061830144


Saving to widebinaries/chains/thick/176429285061830144.npy


Gaia DR3 4611751649822913024


Saving to widebinaries/chains/thick/4611751649822913024.npy


Gaia DR3 253736600444483456


Saving to widebinaries/chains/thick/253736600444483456.npy


Gaia DR3 3310871201928485248


Saving to widebinaries/chains/thick/3310871201928485248.npy


Gaia DR3 4655943255528986496


Saving to widebinaries/chains/thick/4655943255528986496.npy


Gaia DR3 146192543498736512


Saving to widebinaries/chains/thick/146192543498736512.npy


Gaia DR3 145383406019465728


Saving to widebinaries/chains/thick/145383406019465728.npy


Gaia DR3 3175748124887027328


Saving to widebinaries/chains/thick/3175748124887027328.npy


fit-sed done
