Host: scc-mc1
Job:  ember  ID: 3229238  Task: 53
Cmd:  ember fit-sed widebinaries/widebinary_fluxes.pqt widebinaries/chains/thick/ --synthetic --xpphoto --numtasks=128
Warning: the passwords of all user accounts have been inactivated.              Please visit https://cas.cosmos.esa.int/cas/passwd to set a new one. Workaround solutions for the Gaia Archive issues following the infrastructure upgrade: https://www.cosmos.esa.int/web/gaia/news#WorkaroundArchive
['synthetic']
Total rows before filtering: 9477
Rows remaining after removing existing chains: 9476
Rows in this SGE task segment: 74
Bands selected: synthetic
Output directory: /projectnb/mesaelm/ember/widebinaries/chains/thick
mcmc
Bypassing Gaia archive queries temporarily with $EMBER_DIR/widebinaries/widebinary_fluxes.pqt
Nedler mode returns no errors, so assuming 5% error universally!
[1.49290834 1.42003037 1.34610476 1.27218875 1.19762042 1.13007946
 1.05509361 0.99733563 0.93015207 0.88181679 0.82898061 0.78163521
 0.73503799 0.69541353 0.66619626 0.62154845 0.58866829 0.56235899
 0.53157587 0.50467257 0.47871176 0.45783258 0.43639439 0.41680978]
Gaia DR3 4828239746961279104


Saving to widebinaries/chains/thick/4828239746961279104.npy


Gaia DR3 3246194354571922432


Saving to widebinaries/chains/thick/3246194354571922432.npy


Gaia DR3 3301532152025891456


Saving to widebinaries/chains/thick/3301532152025891456.npy


Gaia DR3 4669661587228569088


Saving to widebinaries/chains/thick/4669661587228569088.npy


Gaia DR3 3273254430945925632


Saving to widebinaries/chains/thick/3273254430945925632.npy


Gaia DR3 246856887470344704


Saving to widebinaries/chains/thick/246856887470344704.npy


Gaia DR3 51519129148306048


Saving to widebinaries/chains/thick/51519129148306048.npy


Gaia DR3 4682959630611217152


Saving to widebinaries/chains/thick/4682959630611217152.npy


Gaia DR3 3194359489491039744


Saving to widebinaries/chains/thick/3194359489491039744.npy


Gaia DR3 4859319058027893504


Saving to widebinaries/chains/thick/4859319058027893504.npy


Gaia DR3 4843582473948513920


Saving to widebinaries/chains/thick/4843582473948513920.npy


Gaia DR3 3301217592917972864


Saving to widebinaries/chains/thick/3301217592917972864.npy


Gaia DR3 4859171624686359808


Saving to widebinaries/chains/thick/4859171624686359808.npy


Gaia DR3 250110381036002176


Saving to widebinaries/chains/thick/250110381036002176.npy


Gaia DR3 3193604953931290112


Saving to widebinaries/chains/thick/3193604953931290112.npy


Gaia DR3 3274003786777102208


Saving to widebinaries/chains/thick/3274003786777102208.npy


Gaia DR3 51338126343808000


Saving to widebinaries/chains/thick/51338126343808000.npy


Gaia DR3 250422191362602112


Saving to widebinaries/chains/thick/250422191362602112.npy


Gaia DR3 4858065962664183168


Saving to widebinaries/chains/thick/4858065962664183168.npy


Gaia DR3 4859365757206702848


Saving to widebinaries/chains/thick/4859365757206702848.npy


Gaia DR3 3302079433938683136


Saving to widebinaries/chains/thick/3302079433938683136.npy


Gaia DR3 251747794368304896


Saving to widebinaries/chains/thick/251747794368304896.npy


Gaia DR3 4626283826288824704


Saving to widebinaries/chains/thick/4626283826288824704.npy


Gaia DR3 4858877264807604992


Saving to widebinaries/chains/thick/4858877264807604992.npy


Gaia DR3 4828782081071624320


Saving to widebinaries/chains/thick/4828782081071624320.npy


Gaia DR3 247074973026247168


Saving to widebinaries/chains/thick/247074973026247168.npy


Gaia DR3 5093839841647305088


Saving to widebinaries/chains/thick/5093839841647305088.npy


Gaia DR3 473069069739718400


Saving to widebinaries/chains/thick/473069069739718400.npy


Gaia DR3 4886627426464690432


Saving to widebinaries/chains/thick/4886627426464690432.npy


Gaia DR3 67156078578905856


Saving to widebinaries/chains/thick/67156078578905856.npy


Gaia DR3 4680313376706884608


Saving to widebinaries/chains/thick/4680313376706884608.npy


Gaia DR3 5084249076595619584


Saving to widebinaries/chains/thick/5084249076595619584.npy


Gaia DR3 231421393485717760


Saving to widebinaries/chains/thick/231421393485717760.npy


Gaia DR3 490321060015495936


Saving to widebinaries/chains/thick/490321060015495936.npy


Gaia DR3 250519124483737728


Saving to widebinaries/chains/thick/250519124483737728.npy


Gaia DR3 495058241441193728


Saving to widebinaries/chains/thick/495058241441193728.npy


Gaia DR3 4883551542685980288


Saving to widebinaries/chains/thick/4883551542685980288.npy


Gaia DR3 4828984395506993024


Saving to widebinaries/chains/thick/4828984395506993024.npy


Gaia DR3 473957032757647744


Saving to widebinaries/chains/thick/473957032757647744.npy


Gaia DR3 3257184621829497472


Saving to widebinaries/chains/thick/3257184621829497472.npy


Gaia DR3 4679463733391272448


Saving to widebinaries/chains/thick/4679463733391272448.npy


Gaia DR3 3305009568002044032


Saving to widebinaries/chains/thick/3305009568002044032.npy


Gaia DR3 4666615046665979392


Saving to widebinaries/chains/thick/4666615046665979392.npy


Gaia DR3 250862824946594816


Saving to widebinaries/chains/thick/250862824946594816.npy


Gaia DR3 549788563014393728


Saving to widebinaries/chains/thick/549788563014393728.npy


Gaia DR3 3245954248719610624


Saving to widebinaries/chains/thick/3245954248719610624.npy


Gaia DR3 230772406745340800


Saving to widebinaries/chains/thick/230772406745340800.npy


Gaia DR3 4680251735334760576


Saving to widebinaries/chains/thick/4680251735334760576.npy


Gaia DR3 5096965409606157056


Saving to widebinaries/chains/thick/5096965409606157056.npy


Gaia DR3 246775562271434752


Saving to widebinaries/chains/thick/246775562271434752.npy


Gaia DR3 246775562270248832


Saving to widebinaries/chains/thick/246775562270248832.npy


Gaia DR3 170548104738128256


Saving to widebinaries/chains/thick/170548104738128256.npy


Gaia DR3 4832286499506799744


Saving to widebinaries/chains/thick/4832286499506799744.npy


Gaia DR3 3196672660094291456


Saving to widebinaries/chains/thick/3196672660094291456.npy


Gaia DR3 5090684135900089216


Saving to widebinaries/chains/thick/5090684135900089216.npy


Gaia DR3 66349346281437952


Saving to widebinaries/chains/thick/66349346281437952.npy


Gaia DR3 5109940402728152064


Saving to widebinaries/chains/thick/5109940402728152064.npy


Gaia DR3 4653722929233862272


Saving to widebinaries/chains/thick/4653722929233862272.npy


Gaia DR3 4669315275425089280


Saving to widebinaries/chains/thick/4669315275425089280.npy


Gaia DR3 66027979649547136


Saving to widebinaries/chains/thick/66027979649547136.npy


Gaia DR3 46212439356238720


Saving to widebinaries/chains/thick/46212439356238720.npy


Gaia DR3 4845024513513451904


Saving to widebinaries/chains/thick/4845024513513451904.npy


Gaia DR3 4679925940590876032


Saving to widebinaries/chains/thick/4679925940590876032.npy


Gaia DR3 251067742128442752


Saving to widebinaries/chains/thick/251067742128442752.npy


Gaia DR3 3256917169922817408


Saving to widebinaries/chains/thick/3256917169922817408.npy


Gaia DR3 52199009586145024


Saving to widebinaries/chains/thick/52199009586145024.npy


Gaia DR3 225488050784395776


Saving to widebinaries/chains/thick/225488050784395776.npy


Gaia DR3 4844921747832068480


Saving to widebinaries/chains/thick/4844921747832068480.npy


Gaia DR3 162545201980769024


Saving to widebinaries/chains/thick/162545201980769024.npy


Gaia DR3 230495402834625280


Saving to widebinaries/chains/thick/230495402834625280.npy


Gaia DR3 4838475100705496192


Saving to widebinaries/chains/thick/4838475100705496192.npy


Gaia DR3 4668504694837351168


Saving to widebinaries/chains/thick/4668504694837351168.npy


Gaia DR3 490692935462411136


Saving to widebinaries/chains/thick/490692935462411136.npy


Gaia DR3 250765238990402304


Saving to widebinaries/chains/thick/250765238990402304.npy


fit-sed done
