Host: scc-db1
Job:  ember  ID: 3229238  Task: 22
Cmd:  ember fit-sed widebinaries/widebinary_fluxes.pqt widebinaries/chains/thick/ --synthetic --xpphoto --numtasks=128
Warning: the passwords of all user accounts have been inactivated.              Please visit https://cas.cosmos.esa.int/cas/passwd to set a new one. Workaround solutions for the Gaia Archive issues following the infrastructure upgrade: https://www.cosmos.esa.int/web/gaia/news#WorkaroundArchive
['synthetic']
Total rows before filtering: 9477
Rows remaining after removing existing chains: 9476
Rows in this SGE task segment: 74
Bands selected: synthetic
Output directory: /projectnb/mesaelm/ember/widebinaries/chains/thick
mcmc
Bypassing Gaia archive queries temporarily with $EMBER_DIR/widebinaries/widebinary_fluxes.pqt
Nedler mode returns no errors, so assuming 5% error universally!
[1.49290834 1.42003037 1.34610476 1.27218875 1.19762042 1.13007946
 1.05509361 0.99733563 0.93015207 0.88181679 0.82898061 0.78163521
 0.73503799 0.69541353 0.66619626 0.62154845 0.58866829 0.56235899
 0.53157587 0.50467257 0.47871176 0.45783258 0.43639439 0.41680978]
Gaia DR3 6395659581709637632


Saving to widebinaries/chains/thick/6395659581709637632.npy


Gaia DR3 2696568794154996608


Saving to widebinaries/chains/thick/2696568794154996608.npy


Gaia DR3 6616952480234225024


Saving to widebinaries/chains/thick/6616952480234225024.npy


Gaia DR3 6591821110461926144


Saving to widebinaries/chains/thick/6591821110461926144.npy


Gaia DR3 1973655154617039488


Saving to widebinaries/chains/thick/1973655154617039488.npy


Gaia DR3 1959369925890724352


Saving to widebinaries/chains/thick/1959369925890724352.npy


Gaia DR3 1953040273672514176


Saving to widebinaries/chains/thick/1953040273672514176.npy


Gaia DR3 6571128993118591616


Saving to widebinaries/chains/thick/6571128993118591616.npy


Gaia DR3 1795096493491034112


Saving to widebinaries/chains/thick/1795096493491034112.npy


Gaia DR3 2617768582499485056


Saving to widebinaries/chains/thick/2617768582499485056.npy


Gaia DR3 1773007339247680256


Saving to widebinaries/chains/thick/1773007339247680256.npy


Gaia DR3 6812108956576997888


Saving to widebinaries/chains/thick/6812108956576997888.npy


Gaia DR3 1780926056351363968


Saving to widebinaries/chains/thick/1780926056351363968.npy


Gaia DR3 6395639996658760832


Saving to widebinaries/chains/thick/6395639996658760832.npy


Gaia DR3 1793244164290433408


Saving to widebinaries/chains/thick/1793244164290433408.npy


Gaia DR3 6617877616190388224


Saving to widebinaries/chains/thick/6617877616190388224.npy


Gaia DR3 2618616409043298688


Saving to widebinaries/chains/thick/2618616409043298688.npy


Gaia DR3 2673712971070672128


Saving to widebinaries/chains/thick/2673712971070672128.npy


Gaia DR3 1973589802393879680


Saving to widebinaries/chains/thick/1973589802393879680.npy


Gaia DR3 1973589802393880704


Saving to widebinaries/chains/thick/1973589802393880704.npy


Gaia DR3 1981038547000277376


Saving to widebinaries/chains/thick/1981038547000277376.npy


Gaia DR3 2679986475182736640


Saving to widebinaries/chains/thick/2679986475182736640.npy


Gaia DR3 1766164322474245376


Saving to widebinaries/chains/thick/1766164322474245376.npy


Gaia DR3 6561131305686430592


Saving to widebinaries/chains/thick/6561131305686430592.npy


Gaia DR3 6586959963397169920


Saving to widebinaries/chains/thick/6586959963397169920.npy


Gaia DR3 6813487636784105856


Saving to widebinaries/chains/thick/6813487636784105856.npy


Gaia DR3 6824715235346420864


Saving to widebinaries/chains/thick/6824715235346420864.npy


Gaia DR3 1973185353913454848


Saving to widebinaries/chains/thick/1973185353913454848.npy


Gaia DR3 6617557894529416064


Saving to widebinaries/chains/thick/6617557894529416064.npy


Gaia DR3 2679765511998843520


Saving to widebinaries/chains/thick/2679765511998843520.npy


Gaia DR3 2299190006090503808


Saving to widebinaries/chains/thick/2299190006090503808.npy


Gaia DR3 6560903328820121728


Saving to widebinaries/chains/thick/6560903328820121728.npy


Gaia DR3 2679752588442464768


Saving to widebinaries/chains/thick/2679752588442464768.npy


Gaia DR3 6587062600232137728


Saving to widebinaries/chains/thick/6587062600232137728.npy


Gaia DR3 2617127812032932352


Saving to widebinaries/chains/thick/2617127812032932352.npy


Gaia DR3 6358200590644694016


Saving to widebinaries/chains/thick/6358200590644694016.npy


Gaia DR3 6812228940782980224


Saving to widebinaries/chains/thick/6812228940782980224.npy


Gaia DR3 2726817046230585472


Saving to widebinaries/chains/thick/2726817046230585472.npy


Gaia DR3 6461144016062542208


Saving to widebinaries/chains/thick/6461144016062542208.npy


Gaia DR3 6402587192157483008


Saving to widebinaries/chains/thick/6402587192157483008.npy


Gaia DR3 6557320050490399360


Saving to widebinaries/chains/thick/6557320050490399360.npy


Gaia DR3 6557320050490395776


Saving to widebinaries/chains/thick/6557320050490395776.npy


Gaia DR3 6409061765161862144


Saving to widebinaries/chains/thick/6409061765161862144.npy


Gaia DR3 1949551665009439104


Saving to widebinaries/chains/thick/1949551665009439104.npy


Gaia DR3 6558209044297239424


Saving to widebinaries/chains/thick/6558209044297239424.npy


Gaia DR3 1959987675327424640


Saving to widebinaries/chains/thick/1959987675327424640.npy


Gaia DR3 2724714646854018048


Saving to widebinaries/chains/thick/2724714646854018048.npy


Gaia DR3 6612776599496985984


Saving to widebinaries/chains/thick/6612776599496985984.npy


Gaia DR3 6358424929672667264


Saving to widebinaries/chains/thick/6358424929672667264.npy


Gaia DR3 6588416885025420672


Saving to widebinaries/chains/thick/6588416885025420672.npy


Gaia DR3 6557676227832889984


Saving to widebinaries/chains/thick/6557676227832889984.npy


Gaia DR3 1794948815334766848


Saving to widebinaries/chains/thick/1794948815334766848.npy


Gaia DR3 6819987021814595584


Saving to widebinaries/chains/thick/6819987021814595584.npy


Gaia DR3 6819987026109577600


Saving to widebinaries/chains/thick/6819987026109577600.npy


Gaia DR3 6558322671952767616


Saving to widebinaries/chains/thick/6558322671952767616.npy


Gaia DR3 2676567307551465088


Saving to widebinaries/chains/thick/2676567307551465088.npy


Gaia DR3 1896971953817169664


Saving to widebinaries/chains/thick/1896971953817169664.npy


Gaia DR3 2676566272464334720


Saving to widebinaries/chains/thick/2676566272464334720.npy


Gaia DR3 1896891204135568128


Saving to widebinaries/chains/thick/1896891204135568128.npy


Gaia DR3 6826749675455553920


Saving to widebinaries/chains/thick/6826749675455553920.npy


Gaia DR3 1779886639905431936


Saving to widebinaries/chains/thick/1779886639905431936.npy


Gaia DR3 6838870068869482368


Saving to widebinaries/chains/thick/6838870068869482368.npy


Gaia DR3 6813645932098719360


Saving to widebinaries/chains/thick/6813645932098719360.npy


Gaia DR3 1768300879724923648


Saving to widebinaries/chains/thick/1768300879724923648.npy


Gaia DR3 1794881504606694784


Saving to widebinaries/chains/thick/1794881504606694784.npy


Gaia DR3 2620293237290015232


Saving to widebinaries/chains/thick/2620293237290015232.npy


Gaia DR3 1892968971280501376


Saving to widebinaries/chains/thick/1892968971280501376.npy


Gaia DR3 2223188910518638080


Saving to widebinaries/chains/thick/2223188910518638080.npy


Gaia DR3 1768731819567721728


Saving to widebinaries/chains/thick/1768731819567721728.npy


Gaia DR3 6398750235879431168


Saving to widebinaries/chains/thick/6398750235879431168.npy


Gaia DR3 1779931822962976256


Saving to widebinaries/chains/thick/1779931822962976256.npy


Gaia DR3 1892643240961076480


Saving to widebinaries/chains/thick/1892643240961076480.npy


Gaia DR3 6612533852239943808


Saving to widebinaries/chains/thick/6612533852239943808.npy


Gaia DR3 2204172238447049472


Saving to widebinaries/chains/thick/2204172238447049472.npy


fit-sed done
