Host: scc-mc1
Job:  ember  ID: 3229238  Task: 27
Cmd:  ember fit-sed widebinaries/widebinary_fluxes.pqt widebinaries/chains/thick/ --synthetic --xpphoto --numtasks=128
Warning: the passwords of all user accounts have been inactivated.              Please visit https://cas.cosmos.esa.int/cas/passwd to set a new one. Workaround solutions for the Gaia Archive issues following the infrastructure upgrade: https://www.cosmos.esa.int/web/gaia/news#WorkaroundArchive
['synthetic']
Total rows before filtering: 9477
Rows remaining after removing existing chains: 9476
Rows in this SGE task segment: 74
Bands selected: synthetic
Output directory: /projectnb/mesaelm/ember/widebinaries/chains/thick
mcmc
Bypassing Gaia archive queries temporarily with $EMBER_DIR/widebinaries/widebinary_fluxes.pqt
Nedler mode returns no errors, so assuming 5% error universally!
[1.49290834 1.42003037 1.34610476 1.27218875 1.19762042 1.13007946
 1.05509361 0.99733563 0.93015207 0.88181679 0.82898061 0.78163521
 0.73503799 0.69541353 0.66619626 0.62154845 0.58866829 0.56235899
 0.53157587 0.50467257 0.47871176 0.45783258 0.43639439 0.41680978]
Gaia DR3 1932497994847161088


Saving to widebinaries/chains/thick/1932497994847161088.npy


Gaia DR3 1887437156483070848


Saving to widebinaries/chains/thick/1887437156483070848.npy


Gaia DR3 1903325752339678336


Saving to widebinaries/chains/thick/1903325752339678336.npy


Gaia DR3 2002304136964484096


Saving to widebinaries/chains/thick/2002304136964484096.npy


Gaia DR3 1932585268583421312


Saving to widebinaries/chains/thick/1932585268583421312.npy


Gaia DR3 1932585302943159808


Saving to widebinaries/chains/thick/1932585302943159808.npy


Gaia DR3 1902773453904187776


Saving to widebinaries/chains/thick/1902773453904187776.npy


Gaia DR3 1933736525977138944


Saving to widebinaries/chains/thick/1933736525977138944.npy


Gaia DR3 2731502443233585280


Saving to widebinaries/chains/thick/2731502443233585280.npy


Gaia DR3 2731501687319341568


Saving to widebinaries/chains/thick/2731501687319341568.npy


Gaia DR3 2008471224669436544


Saving to widebinaries/chains/thick/2008471224669436544.npy


Gaia DR3 6595559587435787008


Saving to widebinaries/chains/thick/6595559587435787008.npy


Gaia DR3 6544064441384903936


Saving to widebinaries/chains/thick/6544064441384903936.npy


Gaia DR3 1876705373244059520


Saving to widebinaries/chains/thick/1876705373244059520.npy


Gaia DR3 1988679779148483072


Saving to widebinaries/chains/thick/1988679779148483072.npy


Gaia DR3 2705382067046689280


Saving to widebinaries/chains/thick/2705382067046689280.npy


Gaia DR3 6514338319894160128


Saving to widebinaries/chains/thick/6514338319894160128.npy


Gaia DR3 2732515029018125312


Saving to widebinaries/chains/thick/2732515029018125312.npy


Gaia DR3 2002003832851662464


Saving to widebinaries/chains/thick/2002003832851662464.npy


Gaia DR3 1982607584450150656


Saving to widebinaries/chains/thick/1982607584450150656.npy


Gaia DR3 6547446509087446400


Saving to widebinaries/chains/thick/6547446509087446400.npy


Gaia DR3 2719153725062290560


Saving to widebinaries/chains/thick/2719153725062290560.npy


Gaia DR3 2608247533357159424


Saving to widebinaries/chains/thick/2608247533357159424.npy


Gaia DR3 2404292352652627456


Saving to widebinaries/chains/thick/2404292352652627456.npy


Gaia DR3 6519720296173216512


Saving to widebinaries/chains/thick/6519720296173216512.npy


Gaia DR3 2836648190441773056


Saving to widebinaries/chains/thick/2836648190441773056.npy


Gaia DR3 2712418151190525312


Saving to widebinaries/chains/thick/2712418151190525312.npy


Gaia DR3 2207045670348333568


Saving to widebinaries/chains/thick/2207045670348333568.npy


Gaia DR3 6384931230144646400


Saving to widebinaries/chains/thick/6384931230144646400.npy


Gaia DR3 1934167775054199168


Saving to widebinaries/chains/thick/1934167775054199168.npy


Gaia DR3 6513542964965575552


Saving to widebinaries/chains/thick/6513542964965575552.npy


Gaia DR3 2833859695810447744


Saving to widebinaries/chains/thick/2833859695810447744.npy


Gaia DR3 6547436338604416640


Saving to widebinaries/chains/thick/6547436338604416640.npy


Gaia DR3 1890822866319032064


Saving to widebinaries/chains/thick/1890822866319032064.npy


Gaia DR3 1903563934045302016


Saving to widebinaries/chains/thick/1903563934045302016.npy


Gaia DR3 6544831148881978368


Saving to widebinaries/chains/thick/6544831148881978368.npy


Gaia DR3 1929197432741953280


Saving to widebinaries/chains/thick/1929197432741953280.npy


Gaia DR3 6623530755223984768


Saving to widebinaries/chains/thick/6623530755223984768.npy


Gaia DR3 2656542452030717952


Saving to widebinaries/chains/thick/2656542452030717952.npy


Gaia DR3 6381644137053760512


Saving to widebinaries/chains/thick/6381644137053760512.npy


Gaia DR3 2230003924109061632


Saving to widebinaries/chains/thick/2230003924109061632.npy


Gaia DR3 6547325219210596096


Saving to widebinaries/chains/thick/6547325219210596096.npy


Gaia DR3 2007368556243043456


Saving to widebinaries/chains/thick/2007368556243043456.npy


Gaia DR3 2230058521733280640


Saving to widebinaries/chains/thick/2230058521733280640.npy


Gaia DR3 6516459587061884288


Saving to widebinaries/chains/thick/6516459587061884288.npy


Gaia DR3 6503784558750861952


Saving to widebinaries/chains/thick/6503784558750861952.npy


Gaia DR3 6503784485736197248


Saving to widebinaries/chains/thick/6503784485736197248.npy


Gaia DR3 2281151001712366336


Saving to widebinaries/chains/thick/2281151001712366336.npy


Gaia DR3 6543927006726508288


Saving to widebinaries/chains/thick/6543927006726508288.npy


Gaia DR3 1890612511706016128


Saving to widebinaries/chains/thick/1890612511706016128.npy


Gaia DR3 2404048398511413120


Saving to widebinaries/chains/thick/2404048398511413120.npy


Gaia DR3 6602640373598717184


Saving to widebinaries/chains/thick/6602640373598717184.npy


Gaia DR3 2397201881337184640


Saving to widebinaries/chains/thick/2397201881337184640.npy


Gaia DR3 1933924370667408640


Saving to widebinaries/chains/thick/1933924370667408640.npy


Gaia DR3 2402959607120035200


Saving to widebinaries/chains/thick/2402959607120035200.npy


Gaia DR3 1903614958258305536


Saving to widebinaries/chains/thick/1903614958258305536.npy


Gaia DR3 6610431856590529664


Saving to widebinaries/chains/thick/6610431856590529664.npy


Gaia DR3 2828662368769331584


Saving to widebinaries/chains/thick/2828662368769331584.npy


Gaia DR3 1883798700708310784


Saving to widebinaries/chains/thick/1883798700708310784.npy


Gaia DR3 1988513920398421120


Saving to widebinaries/chains/thick/1988513920398421120.npy


Gaia DR3 2604863687537831040


Saving to widebinaries/chains/thick/2604863687537831040.npy


Gaia DR3 6546331118965505152


Saving to widebinaries/chains/thick/6546331118965505152.npy


Gaia DR3 2835120144157935616


Saving to widebinaries/chains/thick/2835120144157935616.npy


Gaia DR3 2603586742221130496


Saving to widebinaries/chains/thick/2603586742221130496.npy


Gaia DR3 1985110828827144320


Saving to widebinaries/chains/thick/1985110828827144320.npy


Gaia DR3 6607536498878810880


Saving to widebinaries/chains/thick/6607536498878810880.npy


Gaia DR3 6515600662322496768


Saving to widebinaries/chains/thick/6515600662322496768.npy


Gaia DR3 2605271846869877632


Saving to widebinaries/chains/thick/2605271846869877632.npy


Gaia DR3 2014550737997349376


Saving to widebinaries/chains/thick/2014550737997349376.npy


Gaia DR3 6505661940495461888


Saving to widebinaries/chains/thick/6505661940495461888.npy


Gaia DR3 2718032566799805952


Saving to widebinaries/chains/thick/2718032566799805952.npy


Gaia DR3 6546486704155860992


Saving to widebinaries/chains/thick/6546486704155860992.npy


Gaia DR3 1882537908763700224


Saving to widebinaries/chains/thick/1882537908763700224.npy


Gaia DR3 2657096846409401472


Saving to widebinaries/chains/thick/2657096846409401472.npy


fit-sed done
