Host: scc-tj3
Job:  ember  ID: 3229238  Task: 56
Cmd:  ember fit-sed widebinaries/widebinary_fluxes.pqt widebinaries/chains/thick/ --synthetic --xpphoto --numtasks=128
Warning: the passwords of all user accounts have been inactivated.              Please visit https://cas.cosmos.esa.int/cas/passwd to set a new one. Workaround solutions for the Gaia Archive issues following the infrastructure upgrade: https://www.cosmos.esa.int/web/gaia/news#WorkaroundArchive
['synthetic']
Total rows before filtering: 9477
Rows remaining after removing existing chains: 9476
Rows in this SGE task segment: 74
Bands selected: synthetic
Output directory: /projectnb/mesaelm/ember/widebinaries/chains/thick
mcmc
Bypassing Gaia archive queries temporarily with $EMBER_DIR/widebinaries/widebinary_fluxes.pqt
Nedler mode returns no errors, so assuming 5% error universally!
[1.49290834 1.42003037 1.34610476 1.27218875 1.19762042 1.13007946
 1.05509361 0.99733563 0.93015207 0.88181679 0.82898061 0.78163521
 0.73503799 0.69541353 0.66619626 0.62154845 0.58866829 0.56235899
 0.53157587 0.50467257 0.47871176 0.45783258 0.43639439 0.41680978]
Gaia DR3 472222136549511552


Saving to widebinaries/chains/thick/472222136549511552.npy


Gaia DR3 3179400187118456832


Saving to widebinaries/chains/thick/3179400187118456832.npy


Gaia DR3 4864403371593099264


Saving to widebinaries/chains/thick/4864403371593099264.npy


Gaia DR3 3198823094383794944


Saving to widebinaries/chains/thick/3198823094383794944.npy


Gaia DR3 144454731010594560


Saving to widebinaries/chains/thick/144454731010594560.npy


Gaia DR3 4899868157803497984


Saving to widebinaries/chains/thick/4899868157803497984.npy


Gaia DR3 495761585285669888


Saving to widebinaries/chains/thick/495761585285669888.npy


Gaia DR3 4674958033525400704


Saving to widebinaries/chains/thick/4674958033525400704.npy


Gaia DR3 4790998467789671936


Saving to widebinaries/chains/thick/4790998467789671936.npy


Gaia DR3 3204384497212064512


Saving to widebinaries/chains/thick/3204384497212064512.npy


Gaia DR3 180027716038687872


Saving to widebinaries/chains/thick/180027716038687872.npy


Gaia DR3 180027711740688896


Saving to widebinaries/chains/thick/180027711740688896.npy


Gaia DR3 3198002347608102656


Saving to widebinaries/chains/thick/3198002347608102656.npy


Gaia DR3 4779068663549456128


Saving to widebinaries/chains/thick/4779068663549456128.npy


Gaia DR3 471156851523435776


Saving to widebinaries/chains/thick/471156851523435776.npy


Gaia DR3 180086020217816704


Saving to widebinaries/chains/thick/180086020217816704.npy


Gaia DR3 180086020218649344


Saving to widebinaries/chains/thick/180086020218649344.npy


Gaia DR3 3312946633205011712


Saving to widebinaries/chains/thick/3312946633205011712.npy


Gaia DR3 3312946392688548480


Saving to widebinaries/chains/thick/3312946392688548480.npy


Gaia DR3 3178998560433751552


Saving to widebinaries/chains/thick/3178998560433751552.npy


Gaia DR3 556267534064713344


Saving to widebinaries/chains/thick/556267534064713344.npy


Gaia DR3 152692791818308480


Saving to widebinaries/chains/thick/152692791818308480.npy


Gaia DR3 4781209550127530240


Saving to widebinaries/chains/thick/4781209550127530240.npy


Gaia DR3 4787675464477424512


Saving to widebinaries/chains/thick/4787675464477424512.npy


Gaia DR3 4898104090179616512


Saving to widebinaries/chains/thick/4898104090179616512.npy


Gaia DR3 3199255962664075136


Saving to widebinaries/chains/thick/3199255962664075136.npy


Gaia DR3 470826482637310848


Saving to widebinaries/chains/thick/470826482637310848.npy


Gaia DR3 178383705633917440


Saving to widebinaries/chains/thick/178383705633917440.npy


Gaia DR3 171354974476449024


Saving to widebinaries/chains/thick/171354974476449024.npy


Gaia DR3 3172469175055133056


Saving to widebinaries/chains/thick/3172469175055133056.npy


Gaia DR3 3309378511814580736


Saving to widebinaries/chains/thick/3309378511814580736.npy


Gaia DR3 4863952954079430272


Saving to widebinaries/chains/thick/4863952954079430272.npy


Gaia DR3 495482962167621888


Saving to widebinaries/chains/thick/495482962167621888.npy


Gaia DR3 501910737204155648


Saving to widebinaries/chains/thick/501910737204155648.npy


Gaia DR3 3177761094456310656


Saving to widebinaries/chains/thick/3177761094456310656.npy


Gaia DR3 3185533576511066368


Saving to widebinaries/chains/thick/3185533576511066368.npy


Gaia DR3 500077507724630912


Saving to widebinaries/chains/thick/500077507724630912.npy


Gaia DR3 3287289048334694144


Saving to widebinaries/chains/thick/3287289048334694144.npy


Gaia DR3 4866047008334021376


Saving to widebinaries/chains/thick/4866047008334021376.npy


Gaia DR3 4656503967801733504


Saving to widebinaries/chains/thick/4656503967801733504.npy


Gaia DR3 4871521579808229888


Saving to widebinaries/chains/thick/4871521579808229888.npy


Gaia DR3 4864752883148064512


Saving to widebinaries/chains/thick/4864752883148064512.npy


Gaia DR3 3314337652854828800


Saving to widebinaries/chains/thick/3314337652854828800.npy


Gaia DR3 4891758744152351232


Saving to widebinaries/chains/thick/4891758744152351232.npy


Gaia DR3 277090540953615616


Saving to widebinaries/chains/thick/277090540953615616.npy


Gaia DR3 4781389457716923264


Saving to widebinaries/chains/thick/4781389457716923264.npy


Gaia DR3 4899531015753744896


Saving to widebinaries/chains/thick/4899531015753744896.npy


Gaia DR3 3230292049179110784


Saving to widebinaries/chains/thick/3230292049179110784.npy


Gaia DR3 3204502351115865728


Saving to widebinaries/chains/thick/3204502351115865728.npy


Gaia DR3 253517900710427648


Saving to widebinaries/chains/thick/253517900710427648.npy


Gaia DR3 257617262310835072


Saving to widebinaries/chains/thick/257617262310835072.npy


Gaia DR3 257617262317166848


Saving to widebinaries/chains/thick/257617262317166848.npy


Gaia DR3 476250747153761792


Saving to widebinaries/chains/thick/476250747153761792.npy


Gaia DR3 179017879031821056


Saving to widebinaries/chains/thick/179017879031821056.npy


Gaia DR3 3185172142128461696


Saving to widebinaries/chains/thick/3185172142128461696.npy


Gaia DR3 3293705896978817280


Saving to widebinaries/chains/thick/3293705896978817280.npy


Gaia DR3 3282104782292788480


Saving to widebinaries/chains/thick/3282104782292788480.npy


Gaia DR3 3201873728048770048


Saving to widebinaries/chains/thick/3201873728048770048.npy


Gaia DR3 4777512029961353344


Saving to widebinaries/chains/thick/4777512029961353344.npy


Gaia DR3 4878540582865211648


Saving to widebinaries/chains/thick/4878540582865211648.npy


Gaia DR3 4622912242600556800


Saving to widebinaries/chains/thick/4622912242600556800.npy


Gaia DR3 3229458030954057216


Saving to widebinaries/chains/thick/3229458030954057216.npy


Gaia DR3 3293720980903565568


Saving to widebinaries/chains/thick/3293720980903565568.npy


Gaia DR3 147971725111014144


Saving to widebinaries/chains/thick/147971725111014144.npy


Gaia DR3 4868201978108370048


Saving to widebinaries/chains/thick/4868201978108370048.npy


Gaia DR3 151650935831913216


Saving to widebinaries/chains/thick/151650935831913216.npy


Gaia DR3 3177914510686683776


Saving to widebinaries/chains/thick/3177914510686683776.npy


Gaia DR3 3198603505592320128


Saving to widebinaries/chains/thick/3198603505592320128.npy


Gaia DR3 253905311058582912


Saving to widebinaries/chains/thick/253905311058582912.npy


Gaia DR3 4615832757813000064


Saving to widebinaries/chains/thick/4615832757813000064.npy


Gaia DR3 4867429708628840320


Saving to widebinaries/chains/thick/4867429708628840320.npy


Gaia DR3 4791407967151847296


Saving to widebinaries/chains/thick/4791407967151847296.npy


Gaia DR3 158800402816378240


Saving to widebinaries/chains/thick/158800402816378240.npy


Gaia DR3 4778068760802713728


Saving to widebinaries/chains/thick/4778068760802713728.npy


fit-sed done
