Host: scc-da2
Job:  ember  ID: 3229238  Task: 110
Cmd:  ember fit-sed widebinaries/widebinary_fluxes.pqt widebinaries/chains/thick/ --synthetic --xpphoto --numtasks=128
Warning: the passwords of all user accounts have been inactivated.              Please visit https://cas.cosmos.esa.int/cas/passwd to set a new one. Workaround solutions for the Gaia Archive issues following the infrastructure upgrade: https://www.cosmos.esa.int/web/gaia/news#WorkaroundArchive
['synthetic']
Total rows before filtering: 9477
Rows remaining after removing existing chains: 9476
Rows in this SGE task segment: 74
Bands selected: synthetic
Output directory: /projectnb/mesaelm/ember/widebinaries/chains/thick
mcmc
Bypassing Gaia archive queries temporarily with $EMBER_DIR/widebinaries/widebinary_fluxes.pqt
Nedler mode returns no errors, so assuming 5% error universally!
[1.49290834 1.42003037 1.34610476 1.27218875 1.19762042 1.13007946
 1.05509361 0.99733563 0.93015207 0.88181679 0.82898061 0.78163521
 0.73503799 0.69541353 0.66619626 0.62154845 0.58866829 0.56235899
 0.53157587 0.50467257 0.47871176 0.45783258 0.43639439 0.41680978]
Gaia DR3 1282448170543051648


Saving to widebinaries/chains/thick/1282448170543051648.npy


Gaia DR3 6327403377324977152


Saving to widebinaries/chains/thick/6327403377324977152.npy


Gaia DR3 1281693184011700224


Saving to widebinaries/chains/thick/1281693184011700224.npy


Gaia DR3 1234696926008575232


Saving to widebinaries/chains/thick/1234696926008575232.npy


Gaia DR3 5796756143522199040


Saving to widebinaries/chains/thick/5796756143522199040.npy


Gaia DR3 1607238266094962816


Saving to widebinaries/chains/thick/1607238266094962816.npy


Gaia DR3 6217313263771597696


Saving to widebinaries/chains/thick/6217313263771597696.npy


Gaia DR3 5877451264706714496


Saving to widebinaries/chains/thick/5877451264706714496.npy


Gaia DR3 6202727589191312128


Saving to widebinaries/chains/thick/6202727589191312128.npy


Gaia DR3 6326588055092471296


Saving to widebinaries/chains/thick/6326588055092471296.npy


Gaia DR3 5877446179463285120


Saving to widebinaries/chains/thick/5877446179463285120.npy


Gaia DR3 1282593958912728064


Saving to widebinaries/chains/thick/1282593958912728064.npy


Gaia DR3 1293854293715236736


Saving to widebinaries/chains/thick/1293854293715236736.npy


Gaia DR3 6105399605878145280


Saving to widebinaries/chains/thick/6105399605878145280.npy


Gaia DR3 5796911415176751360


Saving to widebinaries/chains/thick/5796911415176751360.npy


Gaia DR3 1292551922191991680


Saving to widebinaries/chains/thick/1292551922191991680.npy


Gaia DR3 6100579832238874496


Saving to widebinaries/chains/thick/6100579832238874496.npy


Gaia DR3 1283289258283185664


Saving to widebinaries/chains/thick/1283289258283185664.npy


Gaia DR3 1488968748097827584


Saving to widebinaries/chains/thick/1488968748097827584.npy


Gaia DR3 5796907227597048832


Saving to widebinaries/chains/thick/5796907227597048832.npy


Gaia DR3 1292672146917248128


Saving to widebinaries/chains/thick/1292672146917248128.npy


Gaia DR3 3650194302875483648


Saving to widebinaries/chains/thick/3650194302875483648.npy


Gaia DR3 6327053178575915008


Saving to widebinaries/chains/thick/6327053178575915008.npy


Gaia DR3 1173667540972114176


Saving to widebinaries/chains/thick/1173667540972114176.npy


Gaia DR3 1238352119271000448


Saving to widebinaries/chains/thick/1238352119271000448.npy


Gaia DR3 1238352149340737536


Saving to widebinaries/chains/thick/1238352149340737536.npy


Gaia DR3 5793680603338669056


Saving to widebinaries/chains/thick/5793680603338669056.npy


Gaia DR3 1294338048768001408


Saving to widebinaries/chains/thick/1294338048768001408.npy


Gaia DR3 6217755989005739776


Saving to widebinaries/chains/thick/6217755989005739776.npy


Gaia DR3 1613515897670336512


Saving to widebinaries/chains/thick/1613515897670336512.npy


Gaia DR3 1488917620807052800


Saving to widebinaries/chains/thick/1488917620807052800.npy


Gaia DR3 1591657533494401152


Saving to widebinaries/chains/thick/1591657533494401152.npy


Gaia DR3 5796966493840124928


Saving to widebinaries/chains/thick/5796966493840124928.npy


Gaia DR3 6280333555123037312


Saving to widebinaries/chains/thick/6280333555123037312.npy


Gaia DR3 1294445526029702912


Saving to widebinaries/chains/thick/1294445526029702912.npy


Gaia DR3 5894025784010875904


Saving to widebinaries/chains/thick/5894025784010875904.npy


Gaia DR3 1589968374396674560


Saving to widebinaries/chains/thick/1589968374396674560.npy


Gaia DR3 1175151538072196992


Saving to widebinaries/chains/thick/1175151538072196992.npy


Gaia DR3 1489418418289775616


Saving to widebinaries/chains/thick/1489418418289775616.npy


Gaia DR3 1188119762325721600


Saving to widebinaries/chains/thick/1188119762325721600.npy


Gaia DR3 6198592910074687744


Saving to widebinaries/chains/thick/6198592910074687744.npy


Gaia DR3 1489527884121204608


Saving to widebinaries/chains/thick/1489527884121204608.npy


Gaia DR3 3650426742210702976


Saving to widebinaries/chains/thick/3650426742210702976.npy


Gaia DR3 1292740801969121408


Saving to widebinaries/chains/thick/1292740801969121408.npy


Gaia DR3 6228662762088772096


Saving to widebinaries/chains/thick/6228662762088772096.npy


Gaia DR3 1702088809192084608


Saving to widebinaries/chains/thick/1702088809192084608.npy


Gaia DR3 1606153735313233792


Saving to widebinaries/chains/thick/1606153735313233792.npy


Gaia DR3 5796849915551660672


Saving to widebinaries/chains/thick/5796849915551660672.npy


Gaia DR3 1296433683570664064


Saving to widebinaries/chains/thick/1296433683570664064.npy


Gaia DR3 1586418811560728192


Saving to widebinaries/chains/thick/1586418811560728192.npy


Gaia DR3 1489506001262546944


Saving to widebinaries/chains/thick/1489506001262546944.npy


Gaia DR3 1617594536052222464


Saving to widebinaries/chains/thick/1617594536052222464.npy


Gaia DR3 1296355579589243520


Saving to widebinaries/chains/thick/1296355579589243520.npy


Gaia DR3 6310546249162466176


Saving to widebinaries/chains/thick/6310546249162466176.npy


Gaia DR3 6306186204522102272


Saving to widebinaries/chains/thick/6306186204522102272.npy


Gaia DR3 1614333723866658176


Saving to widebinaries/chains/thick/1614333723866658176.npy


Gaia DR3 1701895874965717888


Saving to widebinaries/chains/thick/1701895874965717888.npy


Gaia DR3 1296340431241140992


Saving to widebinaries/chains/thick/1296340431241140992.npy


Gaia DR3 1236858497150236288


Saving to widebinaries/chains/thick/1236858497150236288.npy


Gaia DR3 1293150262676329856


Saving to widebinaries/chains/thick/1293150262676329856.npy


Gaia DR3 1281945036598365440


Saving to widebinaries/chains/thick/1281945036598365440.npy


Gaia DR3 5879854861526053376


Saving to widebinaries/chains/thick/5879854861526053376.npy


Gaia DR3 5766301183258461312


Saving to widebinaries/chains/thick/5766301183258461312.npy


Gaia DR3 1700430814377248768


Saving to widebinaries/chains/thick/1700430814377248768.npy


Gaia DR3 5793665626797718016


Saving to widebinaries/chains/thick/5793665626797718016.npy


Gaia DR3 1295921689109434240


Saving to widebinaries/chains/thick/1295921689109434240.npy


Gaia DR3 6310166397960730240


Saving to widebinaries/chains/thick/6310166397960730240.npy


Gaia DR3 1693645281444251520


Saving to widebinaries/chains/thick/1693645281444251520.npy


Gaia DR3 5900023104568719104


Saving to widebinaries/chains/thick/5900023104568719104.npy


Gaia DR3 6199027384672014208


Saving to widebinaries/chains/thick/6199027384672014208.npy


Gaia DR3 5872790125699899264


Saving to widebinaries/chains/thick/5872790125699899264.npy


Gaia DR3 6199027388967091328


Saving to widebinaries/chains/thick/6199027388967091328.npy


Gaia DR3 1296779269525312384


Saving to widebinaries/chains/thick/1296779269525312384.npy


Gaia DR3 5906772078699040256


Saving to widebinaries/chains/thick/5906772078699040256.npy


fit-sed done
