Host: scc-mf8
Job:  ember  ID: 3229238  Task: 62
Cmd:  ember fit-sed widebinaries/widebinary_fluxes.pqt widebinaries/chains/thick/ --synthetic --xpphoto --numtasks=128
Warning: the passwords of all user accounts have been inactivated.              Please visit https://cas.cosmos.esa.int/cas/passwd to set a new one. Workaround solutions for the Gaia Archive issues following the infrastructure upgrade: https://www.cosmos.esa.int/web/gaia/news#WorkaroundArchive
['synthetic']
Total rows before filtering: 9477
Rows remaining after removing existing chains: 9476
Rows in this SGE task segment: 74
Bands selected: synthetic
Output directory: /projectnb/mesaelm/ember/widebinaries/chains/thick
mcmc
Bypassing Gaia archive queries temporarily with $EMBER_DIR/widebinaries/widebinary_fluxes.pqt
Nedler mode returns no errors, so assuming 5% error universally!
[1.49290834 1.42003037 1.34610476 1.27218875 1.19762042 1.13007946
 1.05509361 0.99733563 0.93015207 0.88181679 0.82898061 0.78163521
 0.73503799 0.69541353 0.66619626 0.62154845 0.58866829 0.56235899
 0.53157587 0.50467257 0.47871176 0.45783258 0.43639439 0.41680978]
Gaia DR3 4660175408960529024


Saving to widebinaries/chains/thick/4660175408960529024.npy


Gaia DR3 3221907787685043456


Saving to widebinaries/chains/thick/3221907787685043456.npy


Gaia DR3 3390809094587324032


Saving to widebinaries/chains/thick/3390809094587324032.npy


Gaia DR3 2964778407893402880


Saving to widebinaries/chains/thick/2964778407893402880.npy


Gaia DR3 3448943542818905856


Saving to widebinaries/chains/thick/3448943542818905856.npy


Gaia DR3 2985572298780245376


Saving to widebinaries/chains/thick/2985572298780245376.npy


Gaia DR3 2956807841944133760


Saving to widebinaries/chains/thick/2956807841944133760.npy


Gaia DR3 4757030391786232576


Saving to widebinaries/chains/thick/4757030391786232576.npy


Gaia DR3 4806300199316094208


Saving to widebinaries/chains/thick/4806300199316094208.npy


Gaia DR3 2956770076294146176


Saving to widebinaries/chains/thick/2956770076294146176.npy


Gaia DR3 497837733818729984


Saving to widebinaries/chains/thick/497837733818729984.npy


Gaia DR3 209304029902058112


Saving to widebinaries/chains/thick/209304029902058112.npy


Gaia DR3 2908272748696611712


Saving to widebinaries/chains/thick/2908272748696611712.npy


Gaia DR3 3338064456654920960


Saving to widebinaries/chains/thick/3338064456654920960.npy


Gaia DR3 287533324437322368


Saving to widebinaries/chains/thick/287533324437322368.npy


Gaia DR3 4805807686824898304


Saving to widebinaries/chains/thick/4805807686824898304.npy


Gaia DR3 3403722102745482112


Saving to widebinaries/chains/thick/3403722102745482112.npy


Gaia DR3 2901583904069034496


Saving to widebinaries/chains/thick/2901583904069034496.npy


Gaia DR3 2905912926162677504


Saving to widebinaries/chains/thick/2905912926162677504.npy


Gaia DR3 4660769488804284416


Saving to widebinaries/chains/thick/4660769488804284416.npy


Gaia DR3 3403730727035023232


Saving to widebinaries/chains/thick/3403730727035023232.npy


Gaia DR3 4660769493122896128


Saving to widebinaries/chains/thick/4660769493122896128.npy


Gaia DR3 4757593517838459904


Saving to widebinaries/chains/thick/4757593517838459904.npy


Gaia DR3 3397380291475669632


Saving to widebinaries/chains/thick/3397380291475669632.npy


Gaia DR3 479791007092171264


Saving to widebinaries/chains/thick/479791007092171264.npy


Gaia DR3 485473042668240000


Saving to widebinaries/chains/thick/485473042668240000.npy


Gaia DR3 4769107186985353216


Saving to widebinaries/chains/thick/4769107186985353216.npy


Gaia DR3 2984663827297591424


Saving to widebinaries/chains/thick/2984663827297591424.npy


Gaia DR3 209415187944458112


Saving to widebinaries/chains/thick/209415187944458112.npy


Gaia DR3 3013535903132021376


Saving to widebinaries/chains/thick/3013535903132021376.npy


Gaia DR3 212489967917584256


Saving to widebinaries/chains/thick/212489967917584256.npy


Gaia DR3 3396120251145386496


Saving to widebinaries/chains/thick/3396120251145386496.npy


Gaia DR3 2971719830954119552


Saving to widebinaries/chains/thick/2971719830954119552.npy


Gaia DR3 556922121440936960


Saving to widebinaries/chains/thick/556922121440936960.npy


Gaia DR3 2963650205883746304


Saving to widebinaries/chains/thick/2963650205883746304.npy


Gaia DR3 4808978330467411712


Saving to widebinaries/chains/thick/4808978330467411712.npy


Gaia DR3 3016562068369362176


Saving to widebinaries/chains/thick/3016562068369362176.npy


Gaia DR3 191122230744346624


Saving to widebinaries/chains/thick/191122230744346624.npy


Gaia DR3 4648725167851581312


Saving to widebinaries/chains/thick/4648725167851581312.npy


Gaia DR3 3224309739555305984


Saving to widebinaries/chains/thick/3224309739555305984.npy


Gaia DR3 265001612467640448


Saving to widebinaries/chains/thick/265001612467640448.npy


Gaia DR3 4660865081911721088


Saving to widebinaries/chains/thick/4660865081911721088.npy


Gaia DR3 4768472768775766144


Saving to widebinaries/chains/thick/4768472768775766144.npy


Gaia DR3 3397097888781683328


Saving to widebinaries/chains/thick/3397097888781683328.npy


Gaia DR3 4796186101087793920


Saving to widebinaries/chains/thick/4796186101087793920.npy


Gaia DR3 183138612392838784


Saving to widebinaries/chains/thick/183138612392838784.npy


Gaia DR3 481675153408272128


Saving to widebinaries/chains/thick/481675153408272128.npy


Gaia DR3 2963452706107430528


Saving to widebinaries/chains/thick/2963452706107430528.npy


Gaia DR3 2972132624557062016


Saving to widebinaries/chains/thick/2972132624557062016.npy


Gaia DR3 2909093053090597376


Saving to widebinaries/chains/thick/2909093053090597376.npy


Gaia DR3 191279838861685120


Saving to widebinaries/chains/thick/191279838861685120.npy


Gaia DR3 4809736168856612608


Saving to widebinaries/chains/thick/4809736168856612608.npy


Gaia DR3 3217819288057214208


Saving to widebinaries/chains/thick/3217819288057214208.npy


Gaia DR3 3334380100562482432


Saving to widebinaries/chains/thick/3334380100562482432.npy


Gaia DR3 265030685101409280


Saving to widebinaries/chains/thick/265030685101409280.npy


Gaia DR3 3334379344646313088


Saving to widebinaries/chains/thick/3334379344646313088.npy


Gaia DR3 3012156295212348544


Saving to widebinaries/chains/thick/3012156295212348544.npy


Gaia DR3 4793995903990360832


Saving to widebinaries/chains/thick/4793995903990360832.npy


Gaia DR3 3395836306562054784


Saving to widebinaries/chains/thick/3395836306562054784.npy


Gaia DR3 3334584678444722688


Saving to widebinaries/chains/thick/3334584678444722688.npy


Gaia DR3 3404213863611804672


Saving to widebinaries/chains/thick/3404213863611804672.npy


Gaia DR3 3404213863614488192


Saving to widebinaries/chains/thick/3404213863614488192.npy


Gaia DR3 3402681930381489792


Saving to widebinaries/chains/thick/3402681930381489792.npy


Gaia DR3 4766758703162595840


Saving to widebinaries/chains/thick/4766758703162595840.npy


Gaia DR3 3444479864910915072


Saving to widebinaries/chains/thick/3444479864910915072.npy


Gaia DR3 189220178705169408


Saving to widebinaries/chains/thick/189220178705169408.npy


Gaia DR3 197048460976343168


Saving to widebinaries/chains/thick/197048460976343168.npy


Gaia DR3 485081960122306048


Saving to widebinaries/chains/thick/485081960122306048.npy


Gaia DR3 3442483156090480640


Saving to widebinaries/chains/thick/3442483156090480640.npy


Gaia DR3 4766190079557876352


Saving to widebinaries/chains/thick/4766190079557876352.npy


Gaia DR3 3397681248421699456


Saving to widebinaries/chains/thick/3397681248421699456.npy


Gaia DR3 2915268911120796928


Saving to widebinaries/chains/thick/2915268911120796928.npy


Gaia DR3 4660085867450146560


Saving to widebinaries/chains/thick/4660085867450146560.npy


Gaia DR3 3404404933821440256


Saving to widebinaries/chains/thick/3404404933821440256.npy


fit-sed done
