Host: scc-mh6
Job:  ember  ID: 3229238  Task: 114
Cmd:  ember fit-sed widebinaries/widebinary_fluxes.pqt widebinaries/chains/thick/ --synthetic --xpphoto --numtasks=128
Warning: the passwords of all user accounts have been inactivated.              Please visit https://cas.cosmos.esa.int/cas/passwd to set a new one. Workaround solutions for the Gaia Archive issues following the infrastructure upgrade: https://www.cosmos.esa.int/web/gaia/news#WorkaroundArchive
['synthetic']
Total rows before filtering: 9477
Rows remaining after removing existing chains: 9476
Rows in this SGE task segment: 74
Bands selected: synthetic
Output directory: /projectnb/mesaelm/ember/widebinaries/chains/thick
mcmc
Bypassing Gaia archive queries temporarily with $EMBER_DIR/widebinaries/widebinary_fluxes.pqt
Nedler mode returns no errors, so assuming 5% error universally!
[1.49290834 1.42003037 1.34610476 1.27218875 1.19762042 1.13007946
 1.05509361 0.99733563 0.93015207 0.88181679 0.82898061 0.78163521
 0.73503799 0.69541353 0.66619626 0.62154845 0.58866829 0.56235899
 0.53157587 0.50467257 0.47871176 0.45783258 0.43639439 0.41680978]
Gaia DR3 4396734179553612160


Saving to widebinaries/chains/thick/4396734179553612160.npy


Gaia DR3 1273181108588232832


Saving to widebinaries/chains/thick/1273181108588232832.npy


Gaia DR3 5989073169767261440


Saving to widebinaries/chains/thick/5989073169767261440.npy


Gaia DR3 4400197705604006784


Saving to widebinaries/chains/thick/4400197705604006784.npy


Gaia DR3 6014198792845858688


Saving to widebinaries/chains/thick/6014198792845858688.npy


Gaia DR3 6001697826678835456


Saving to widebinaries/chains/thick/6001697826678835456.npy


Gaia DR3 6009279199865143040


Saving to widebinaries/chains/thick/6009279199865143040.npy


Gaia DR3 1273176809324669440


Saving to widebinaries/chains/thick/1273176809324669440.npy


Gaia DR3 1596812426258489600


Saving to widebinaries/chains/thick/1596812426258489600.npy


Gaia DR3 1164767677244452096


Saving to widebinaries/chains/thick/1164767677244452096.npy


Gaia DR3 1217631341613757696


Saving to widebinaries/chains/thick/1217631341613757696.npy


Gaia DR3 6015821504507126528


Saving to widebinaries/chains/thick/6015821504507126528.npy


Gaia DR3 5885317922489268992


Saving to widebinaries/chains/thick/5885317922489268992.npy


Gaia DR3 1602106536090424960


Saving to widebinaries/chains/thick/1602106536090424960.npy


Gaia DR3 1602106540386957184


Saving to widebinaries/chains/thick/1602106540386957184.npy


Gaia DR3 5781854398003188608


Saving to widebinaries/chains/thick/5781854398003188608.npy


Gaia DR3 1221593156884688384


Saving to widebinaries/chains/thick/1221593156884688384.npy


Gaia DR3 1377431372293130880


Saving to widebinaries/chains/thick/1377431372293130880.npy


Gaia DR3 1595020561608875520


Saving to widebinaries/chains/thick/1595020561608875520.npy


Gaia DR3 1377401818623167104


Saving to widebinaries/chains/thick/1377401818623167104.npy


Gaia DR3 1370763693265717248


Saving to widebinaries/chains/thick/1370763693265717248.npy


Gaia DR3 4400632871690353024


Saving to widebinaries/chains/thick/4400632871690353024.npy


Gaia DR3 6234352734765518464


Saving to widebinaries/chains/thick/6234352734765518464.npy


Gaia DR3 6008184193663544576


Saving to widebinaries/chains/thick/6008184193663544576.npy


Gaia DR3 1273044185030836736


Saving to widebinaries/chains/thick/1273044185030836736.npy


Gaia DR3 6233342558456809216


Saving to widebinaries/chains/thick/6233342558456809216.npy


Gaia DR3 1190120388156678272


Saving to widebinaries/chains/thick/1190120388156678272.npy


Gaia DR3 6208995767544109056


Saving to widebinaries/chains/thick/6208995767544109056.npy


Gaia DR3 6265350823708196224


Saving to widebinaries/chains/thick/6265350823708196224.npy


Gaia DR3 1696660893947352704


Saving to widebinaries/chains/thick/1696660893947352704.npy


Gaia DR3 1196109290556095104


Saving to widebinaries/chains/thick/1196109290556095104.npy


Gaia DR3 5826325073541486720


Saving to widebinaries/chains/thick/5826325073541486720.npy


Gaia DR3 5989537438552169856


Saving to widebinaries/chains/thick/5989537438552169856.npy


Gaia DR3 1217765378949190272


Saving to widebinaries/chains/thick/1217765378949190272.npy


Gaia DR3 4396064503956040192


Saving to widebinaries/chains/thick/4396064503956040192.npy


Gaia DR3 1369425892555829760


Saving to widebinaries/chains/thick/1369425892555829760.npy


Gaia DR3 1376294816572980480


Saving to widebinaries/chains/thick/1376294816572980480.npy


Gaia DR3 1218155666922068864


Saving to widebinaries/chains/thick/1218155666922068864.npy


Gaia DR3 1218155666922071552


Saving to widebinaries/chains/thick/1218155666922071552.npy


Gaia DR3 4397748307230568576


Saving to widebinaries/chains/thick/4397748307230568576.npy


Gaia DR3 1721209449542205824


Saving to widebinaries/chains/thick/1721209449542205824.npy


Gaia DR3 5989778192917006336


Saving to widebinaries/chains/thick/5989778192917006336.npy


Gaia DR3 1696610591290372608


Saving to widebinaries/chains/thick/1696610591290372608.npy


Gaia DR3 4397658490879335424


Saving to widebinaries/chains/thick/4397658490879335424.npy


Gaia DR3 6015119977429151872


Saving to widebinaries/chains/thick/6015119977429151872.npy


Gaia DR3 5820030232006068864


Saving to widebinaries/chains/thick/5820030232006068864.npy


Gaia DR3 1369123148901369728


Saving to widebinaries/chains/thick/1369123148901369728.npy


Gaia DR3 6233522951380817152


Saving to widebinaries/chains/thick/6233522951380817152.npy


Gaia DR3 6009626752930748928


Saving to widebinaries/chains/thick/6009626752930748928.npy


Gaia DR3 6236729329145889792


Saving to widebinaries/chains/thick/6236729329145889792.npy


Gaia DR3 1195827334540934144


Saving to widebinaries/chains/thick/1195827334540934144.npy


Gaia DR3 1197513023305774080


Saving to widebinaries/chains/thick/1197513023305774080.npy


Gaia DR3 5985905098799419904


Saving to widebinaries/chains/thick/5985905098799419904.npy


Gaia DR3 6239901488912670848


Saving to widebinaries/chains/thick/6239901488912670848.npy


Gaia DR3 1597442545205262976


Saving to widebinaries/chains/thick/1597442545205262976.npy


Gaia DR3 4397428314991464064


Saving to widebinaries/chains/thick/4397428314991464064.npy


Gaia DR3 1192733828516444544


Saving to widebinaries/chains/thick/1192733828516444544.npy


Gaia DR3 1396664918746253440


Saving to widebinaries/chains/thick/1396664918746253440.npy


Gaia DR3 6241690497410908160


Saving to widebinaries/chains/thick/6241690497410908160.npy


Gaia DR3 1369373532611954944


Saving to widebinaries/chains/thick/1369373532611954944.npy


Gaia DR3 6009537829925128064


Saving to widebinaries/chains/thick/6009537829925128064.npy


Gaia DR3 6016497875958846592


Saving to widebinaries/chains/thick/6016497875958846592.npy


Gaia DR3 5988057736415407616


Saving to widebinaries/chains/thick/5988057736415407616.npy


Gaia DR3 5986022329913170688


Saving to widebinaries/chains/thick/5986022329913170688.npy


Gaia DR3 1372782740211432832


Saving to widebinaries/chains/thick/1372782740211432832.npy


Gaia DR3 4425988713638720256


Saving to widebinaries/chains/thick/4425988713638720256.npy


Gaia DR3 6239934027585732992


Saving to widebinaries/chains/thick/6239934027585732992.npy


Gaia DR3 1196365962097660544


Saving to widebinaries/chains/thick/1196365962097660544.npy


Gaia DR3 5826448665493796608


Saving to widebinaries/chains/thick/5826448665493796608.npy


Gaia DR3 6008386881767536128


Saving to widebinaries/chains/thick/6008386881767536128.npy


Gaia DR3 1648175665272757760


Saving to widebinaries/chains/thick/1648175665272757760.npy


Gaia DR3 1372804382555189632


Saving to widebinaries/chains/thick/1372804382555189632.npy


Gaia DR3 1320698698308601600


Saving to widebinaries/chains/thick/1320698698308601600.npy


Gaia DR3 1196820816314793984


Saving to widebinaries/chains/thick/1196820816314793984.npy


fit-sed done
