Host: scc-gp4
Job:  ember  ID: 3229238  Task: 113
Cmd:  ember fit-sed widebinaries/widebinary_fluxes.pqt widebinaries/chains/thick/ --synthetic --xpphoto --numtasks=128
Warning: the passwords of all user accounts have been inactivated.              Please visit https://cas.cosmos.esa.int/cas/passwd to set a new one. Workaround solutions for the Gaia Archive issues following the infrastructure upgrade: https://www.cosmos.esa.int/web/gaia/news#WorkaroundArchive
['synthetic']
Total rows before filtering: 9477
Rows remaining after removing existing chains: 9476
Rows in this SGE task segment: 74
Bands selected: synthetic
Output directory: /projectnb/mesaelm/ember/widebinaries/chains/thick
mcmc
Bypassing Gaia archive queries temporarily with $EMBER_DIR/widebinaries/widebinary_fluxes.pqt
Nedler mode returns no errors, so assuming 5% error universally!
[1.49290834 1.42003037 1.34610476 1.27218875 1.19762042 1.13007946
 1.05509361 0.99733563 0.93015207 0.88181679 0.82898061 0.78163521
 0.73503799 0.69541353 0.66619626 0.62154845 0.58866829 0.56235899
 0.53157587 0.50467257 0.47871176 0.45783258 0.43639439 0.41680978]
Gaia DR3 1393973623517642240


Saving to widebinaries/chains/thick/1393973623517642240.npy


Gaia DR3 1169620543612393856


Saving to widebinaries/chains/thick/1169620543612393856.npy


Gaia DR3 1390852870215428608


Saving to widebinaries/chains/thick/1390852870215428608.npy


Gaia DR3 6251221515175765888


Saving to widebinaries/chains/thick/6251221515175765888.npy


Gaia DR3 5886778250054825344


Saving to widebinaries/chains/thick/5886778250054825344.npy


Gaia DR3 5886777494107570176


Saving to widebinaries/chains/thick/5886777494107570176.npy


Gaia DR3 5799133047145749120


Saving to widebinaries/chains/thick/5799133047145749120.npy


Gaia DR3 1602274318989755264


Saving to widebinaries/chains/thick/1602274318989755264.npy


Gaia DR3 1615421140866969728


Saving to widebinaries/chains/thick/1615421140866969728.npy


Gaia DR3 6266044886123081600


Saving to widebinaries/chains/thick/6266044886123081600.npy


Gaia DR3 1213865338191198080


Saving to widebinaries/chains/thick/1213865338191198080.npy


Gaia DR3 1599832131864165760


Saving to widebinaries/chains/thick/1599832131864165760.npy


Gaia DR3 1599832161929255424


Saving to widebinaries/chains/thick/1599832161929255424.npy


Gaia DR3 1271096675060378624


Saving to widebinaries/chains/thick/1271096675060378624.npy


Gaia DR3 5888550525382212224


Saving to widebinaries/chains/thick/5888550525382212224.npy


Gaia DR3 1602693881458314112


Saving to widebinaries/chains/thick/1602693881458314112.npy


Gaia DR3 6238929421848854528


Saving to widebinaries/chains/thick/6238929421848854528.npy


Gaia DR3 1277028742153245952


Saving to widebinaries/chains/thick/1277028742153245952.npy


Gaia DR3 6002518272812132992


Saving to widebinaries/chains/thick/6002518272812132992.npy


Gaia DR3 1214804394136055936


Saving to widebinaries/chains/thick/1214804394136055936.npy


Gaia DR3 5824019706857119488


Saving to widebinaries/chains/thick/5824019706857119488.npy


Gaia DR3 5826978080337037696


Saving to widebinaries/chains/thick/5826978080337037696.npy


Gaia DR3 1596459169492872832


Saving to widebinaries/chains/thick/1596459169492872832.npy


Gaia DR3 5826877681231375104


Saving to widebinaries/chains/thick/5826877681231375104.npy


Gaia DR3 4414633503003029120


Saving to widebinaries/chains/thick/4414633503003029120.npy


Gaia DR3 5882106219047585280


Saving to widebinaries/chains/thick/5882106219047585280.npy


Gaia DR3 6258803094521064064


Saving to widebinaries/chains/thick/6258803094521064064.npy


Gaia DR3 1645767558714179328


Saving to widebinaries/chains/thick/1645767558714179328.npy


Gaia DR3 6002657567182879616


Saving to widebinaries/chains/thick/6002657567182879616.npy


Gaia DR3 6002657567182879104


Saving to widebinaries/chains/thick/6002657567182879104.npy


Gaia DR3 6209406327760916480


Saving to widebinaries/chains/thick/6209406327760916480.npy


Gaia DR3 1402147706492229120


Saving to widebinaries/chains/thick/1402147706492229120.npy


Gaia DR3 1165357260291400320


Saving to widebinaries/chains/thick/1165357260291400320.npy


Gaia DR3 5889323031036907904


Saving to widebinaries/chains/thick/5889323031036907904.npy


Gaia DR3 1274316388703105024


Saving to widebinaries/chains/thick/1274316388703105024.npy


Gaia DR3 6014308091173018752


Saving to widebinaries/chains/thick/6014308091173018752.npy


Gaia DR3 6014308095466099968


Saving to widebinaries/chains/thick/6014308095466099968.npy


Gaia DR3 5875559211351103488


Saving to widebinaries/chains/thick/5875559211351103488.npy


Gaia DR3 5883023417820592000


Saving to widebinaries/chains/thick/5883023417820592000.npy


Gaia DR3 5883023413533530112


Saving to widebinaries/chains/thick/5883023413533530112.npy


Gaia DR3 6321611729892972032


Saving to widebinaries/chains/thick/6321611729892972032.npy


Gaia DR3 4428364174146593152


Saving to widebinaries/chains/thick/4428364174146593152.npy


Gaia DR3 1222565533185185024


Saving to widebinaries/chains/thick/1222565533185185024.npy


Gaia DR3 1401798710333233664


Saving to widebinaries/chains/thick/1401798710333233664.npy


Gaia DR3 1194759541247591296


Saving to widebinaries/chains/thick/1194759541247591296.npy


Gaia DR3 6209984950049830016


Saving to widebinaries/chains/thick/6209984950049830016.npy


Gaia DR3 1373924102000641664


Saving to widebinaries/chains/thick/1373924102000641664.npy


Gaia DR3 6001364404087552768


Saving to widebinaries/chains/thick/6001364404087552768.npy


Gaia DR3 1391448148387383936


Saving to widebinaries/chains/thick/1391448148387383936.npy


Gaia DR3 1373626301852982784


Saving to widebinaries/chains/thick/1373626301852982784.npy


Gaia DR3 6014424295809270784


Saving to widebinaries/chains/thick/6014424295809270784.npy


Gaia DR3 6255069114377813376


Saving to widebinaries/chains/thick/6255069114377813376.npy


Gaia DR3 1165926910393567872


Saving to widebinaries/chains/thick/1165926910393567872.npy


Gaia DR3 1165926910393568384


Saving to widebinaries/chains/thick/1165926910393568384.npy


Gaia DR3 5986465574850857472


Saving to widebinaries/chains/thick/5986465574850857472.npy


Gaia DR3 6255399831161361024


Saving to widebinaries/chains/thick/6255399831161361024.npy


Gaia DR3 1164237403402081920


Saving to widebinaries/chains/thick/1164237403402081920.npy


Gaia DR3 1708240057058054656


Saving to widebinaries/chains/thick/1708240057058054656.npy


Gaia DR3 1401010605309570816


Saving to widebinaries/chains/thick/1401010605309570816.npy


Gaia DR3 1374545562292690304


Saving to widebinaries/chains/thick/1374545562292690304.npy


Gaia DR3 1222226436929209472


Saving to widebinaries/chains/thick/1222226436929209472.npy


Gaia DR3 4427107020039299968


Saving to widebinaries/chains/thick/4427107020039299968.npy


Gaia DR3 1274417200175476608


Saving to widebinaries/chains/thick/1274417200175476608.npy


Gaia DR3 5771940995009001728


Saving to widebinaries/chains/thick/5771940995009001728.npy


Gaia DR3 6237711678361207168


Saving to widebinaries/chains/thick/6237711678361207168.npy


Gaia DR3 4417682242588480896


Saving to widebinaries/chains/thick/4417682242588480896.npy


Gaia DR3 1211378350265079808


Saving to widebinaries/chains/thick/1211378350265079808.npy


Gaia DR3 1211378350265079552


Saving to widebinaries/chains/thick/1211378350265079552.npy


Gaia DR3 1210067247072723200


Saving to widebinaries/chains/thick/1210067247072723200.npy


Gaia DR3 1389829190529907840


Saving to widebinaries/chains/thick/1389829190529907840.npy


Gaia DR3 1374525397422084992


Saving to widebinaries/chains/thick/1374525397422084992.npy


Gaia DR3 4423974885073388544


Saving to widebinaries/chains/thick/4423974885073388544.npy


Gaia DR3 6254101101769529088


Saving to widebinaries/chains/thick/6254101101769529088.npy


Gaia DR3 1391483229682441856


Saving to widebinaries/chains/thick/1391483229682441856.npy


fit-sed done
