Host: scc-da2
Job:  ember  ID: 3229238  Task: 41
Cmd:  ember fit-sed widebinaries/widebinary_fluxes.pqt widebinaries/chains/thick/ --synthetic --xpphoto --numtasks=128
Warning: the passwords of all user accounts have been inactivated.              Please visit https://cas.cosmos.esa.int/cas/passwd to set a new one. Workaround solutions for the Gaia Archive issues following the infrastructure upgrade: https://www.cosmos.esa.int/web/gaia/news#WorkaroundArchive
['synthetic']
Total rows before filtering: 9477
Rows remaining after removing existing chains: 9476
Rows in this SGE task segment: 74
Bands selected: synthetic
Output directory: /projectnb/mesaelm/ember/widebinaries/chains/thick
mcmc
Bypassing Gaia archive queries temporarily with $EMBER_DIR/widebinaries/widebinary_fluxes.pqt
Nedler mode returns no errors, so assuming 5% error universally!
[1.49290834 1.42003037 1.34610476 1.27218875 1.19762042 1.13007946
 1.05509361 0.99733563 0.93015207 0.88181679 0.82898061 0.78163521
 0.73503799 0.69541353 0.66619626 0.62154845 0.58866829 0.56235899
 0.53157587 0.50467257 0.47871176 0.45783258 0.43639439 0.41680978]
Gaia DR3 4687371043063125120


Saving to widebinaries/chains/thick/4687371043063125120.npy


Gaia DR3 5029260644663277696


Saving to widebinaries/chains/thick/5029260644663277696.npy


Gaia DR3 5029260644663277440


Saving to widebinaries/chains/thick/5029260644663277440.npy


Gaia DR3 4915295332436683776


Saving to widebinaries/chains/thick/4915295332436683776.npy


Gaia DR3 396630024944732800


Saving to widebinaries/chains/thick/396630024944732800.npy


Gaia DR3 5013627066785378048


Saving to widebinaries/chains/thick/5013627066785378048.npy


Gaia DR3 2534319124579003008


Saving to widebinaries/chains/thick/2534319124579003008.npy


Gaia DR3 289415099930938368


Saving to widebinaries/chains/thick/289415099930938368.npy


Gaia DR3 510693533011675008


Saving to widebinaries/chains/thick/510693533011675008.npy


Gaia DR3 575426249301644672


Saving to widebinaries/chains/thick/575426249301644672.npy


Gaia DR3 2484109681283815168


Saving to widebinaries/chains/thick/2484109681283815168.npy


Gaia DR3 400698772021103104


Saving to widebinaries/chains/thick/400698772021103104.npy


Gaia DR3 5029375436254309632


Saving to widebinaries/chains/thick/5029375436254309632.npy


Gaia DR3 2565178013629691648


Saving to widebinaries/chains/thick/2565178013629691648.npy


Gaia DR3 413058584091792000


Saving to widebinaries/chains/thick/413058584091792000.npy


Gaia DR3 4637598659932556928


Saving to widebinaries/chains/thick/4637598659932556928.npy


Gaia DR3 309303306772749440


Saving to widebinaries/chains/thick/309303306772749440.npy


Gaia DR3 4909564437314321408


Saving to widebinaries/chains/thick/4909564437314321408.npy


Gaia DR3 4909560795182000512


Saving to widebinaries/chains/thick/4909560795182000512.npy


Gaia DR3 4715775581638569216


Saving to widebinaries/chains/thick/4715775581638569216.npy


Gaia DR3 4715775585933358720


Saving to widebinaries/chains/thick/4715775585933358720.npy


Gaia DR3 413040858770727168


Saving to widebinaries/chains/thick/413040858770727168.npy


Gaia DR3 565463127766362880


Saving to widebinaries/chains/thick/565463127766362880.npy


Gaia DR3 5035522260304177152


Saving to widebinaries/chains/thick/5035522260304177152.npy


Gaia DR3 2457038502417042176


Saving to widebinaries/chains/thick/2457038502417042176.npy


Gaia DR3 288547550896750720


Saving to widebinaries/chains/thick/288547550896750720.npy


Gaia DR3 2592165217297601792


Saving to widebinaries/chains/thick/2592165217297601792.npy


Gaia DR3 5015089348532586240


Saving to widebinaries/chains/thick/5015089348532586240.npy


Gaia DR3 5044022447260666496


Saving to widebinaries/chains/thick/5044022447260666496.npy


Gaia DR3 290049415061483776


Saving to widebinaries/chains/thick/290049415061483776.npy


Gaia DR3 2564819401040308992


Saving to widebinaries/chains/thick/2564819401040308992.npy


Gaia DR3 396567490220005632


Saving to widebinaries/chains/thick/396567490220005632.npy


Gaia DR3 2585493625551477632


Saving to widebinaries/chains/thick/2585493625551477632.npy


Gaia DR3 565244737268079744


Saving to widebinaries/chains/thick/565244737268079744.npy


Gaia DR3 5016683743469897984


Saving to widebinaries/chains/thick/5016683743469897984.npy


Gaia DR3 4930886514694162944


Saving to widebinaries/chains/thick/4930886514694162944.npy


Gaia DR3 4934783935520992640


Saving to widebinaries/chains/thick/4934783935520992640.npy


Gaia DR3 2560208465885160832


Saving to widebinaries/chains/thick/2560208465885160832.npy


Gaia DR3 288287451972695808


Saving to widebinaries/chains/thick/288287451972695808.npy


Gaia DR3 5011753945649524352


Saving to widebinaries/chains/thick/5011753945649524352.npy


Gaia DR3 319016667370280064


Saving to widebinaries/chains/thick/319016667370280064.npy


Gaia DR3 290410535910963584


Saving to widebinaries/chains/thick/290410535910963584.npy


Gaia DR3 399023455600154624


Saving to widebinaries/chains/thick/399023455600154624.npy


Gaia DR3 4691571967756922368


Saving to widebinaries/chains/thick/4691571967756922368.npy


Gaia DR3 2593774421282488832


Saving to widebinaries/chains/thick/2593774421282488832.npy


Gaia DR3 2564851394251630848


Saving to widebinaries/chains/thick/2564851394251630848.npy


Gaia DR3 4630693791333016064


Saving to widebinaries/chains/thick/4630693791333016064.npy


Gaia DR3 4630693791333016192


Saving to widebinaries/chains/thick/4630693791333016192.npy


Gaia DR3 2564945432560219008


Saving to widebinaries/chains/thick/2564945432560219008.npy


Gaia DR3 4960003708604687488


Saving to widebinaries/chains/thick/4960003708604687488.npy


Gaia DR3 5035875031739240832


Saving to widebinaries/chains/thick/5035875031739240832.npy


Gaia DR3 5140121722033618560


Saving to widebinaries/chains/thick/5140121722033618560.npy


Gaia DR3 2560000280229897344


Saving to widebinaries/chains/thick/2560000280229897344.npy


Gaia DR3 5043742960853131008


Saving to widebinaries/chains/thick/5043742960853131008.npy


Gaia DR3 2477828308798036352


Saving to widebinaries/chains/thick/2477828308798036352.npy


Gaia DR3 2450622822004756352


Saving to widebinaries/chains/thick/2450622822004756352.npy


Gaia DR3 288885272765489280


Saving to widebinaries/chains/thick/288885272765489280.npy


Gaia DR3 2559885724862898304


Saving to widebinaries/chains/thick/2559885724862898304.npy


Gaia DR3 4909733349787996032


Saving to widebinaries/chains/thick/4909733349787996032.npy


Gaia DR3 559853522521229440


Saving to widebinaries/chains/thick/559853522521229440.npy


Gaia DR3 512975019637884032


Saving to widebinaries/chains/thick/512975019637884032.npy


Gaia DR3 512975023938038656


Saving to widebinaries/chains/thick/512975023938038656.npy


Gaia DR3 4912716707086554880


Saving to widebinaries/chains/thick/4912716707086554880.npy


Gaia DR3 5008194375537560576


Saving to widebinaries/chains/thick/5008194375537560576.npy


Gaia DR3 348345659004467840


Saving to widebinaries/chains/thick/348345659004467840.npy


Gaia DR3 2480799056067605760


Saving to widebinaries/chains/thick/2480799056067605760.npy


Gaia DR3 5008585423720471808


Saving to widebinaries/chains/thick/5008585423720471808.npy


Gaia DR3 519434242427811712


Saving to widebinaries/chains/thick/519434242427811712.npy


Gaia DR3 4958826239025726848


Saving to widebinaries/chains/thick/4958826239025726848.npy


Gaia DR3 2478077382536463232


Saving to widebinaries/chains/thick/2478077382536463232.npy


Gaia DR3 2451080424999469440


Saving to widebinaries/chains/thick/2451080424999469440.npy


Gaia DR3 4912408362795672064


Saving to widebinaries/chains/thick/4912408362795672064.npy


Gaia DR3 4633437622600713984


Saving to widebinaries/chains/thick/4633437622600713984.npy


Gaia DR3 5037650983536025728


Saving to widebinaries/chains/thick/5037650983536025728.npy


fit-sed done
