Host: scc-mc3
Job:  ember  ID: 3229238  Task: 119
Cmd:  ember fit-sed widebinaries/widebinary_fluxes.pqt widebinaries/chains/thick/ --synthetic --xpphoto --numtasks=128
Warning: the passwords of all user accounts have been inactivated.              Please visit https://cas.cosmos.esa.int/cas/passwd to set a new one. Workaround solutions for the Gaia Archive issues following the infrastructure upgrade: https://www.cosmos.esa.int/web/gaia/news#WorkaroundArchive
['synthetic']
Total rows before filtering: 9477
Rows remaining after removing existing chains: 9476
Rows in this SGE task segment: 74
Bands selected: synthetic
Output directory: /projectnb/mesaelm/ember/widebinaries/chains/thick
mcmc
Bypassing Gaia archive queries temporarily with $EMBER_DIR/widebinaries/widebinary_fluxes.pqt
Nedler mode returns no errors, so assuming 5% error universally!
[1.49290834 1.42003037 1.34610476 1.27218875 1.19762042 1.13007946
 1.05509361 0.99733563 0.93015207 0.88181679 0.82898061 0.78163521
 0.73503799 0.69541353 0.66619626 0.62154845 0.58866829 0.56235899
 0.53157587 0.50467257 0.47871176 0.45783258 0.43639439 0.41680978]
Gaia DR3 4467468507051720192


Saving to widebinaries/chains/thick/4467468507051720192.npy


Gaia DR3 4357504532389231360


Saving to widebinaries/chains/thick/4357504532389231360.npy


Gaia DR3 6045741036961430400


Saving to widebinaries/chains/thick/6045741036961430400.npy


Gaia DR3 1624484075912093824


Saving to widebinaries/chains/thick/1624484075912093824.npy


Gaia DR3 1648714425970225664


Saving to widebinaries/chains/thick/1648714425970225664.npy


Gaia DR3 5781019387642581376


Saving to widebinaries/chains/thick/5781019387642581376.npy


Gaia DR3 1430403192524427136


Saving to widebinaries/chains/thick/1430403192524427136.npy


Gaia DR3 4446494085800777984


Saving to widebinaries/chains/thick/4446494085800777984.npy


Gaia DR3 4433378806161595904


Saving to widebinaries/chains/thick/4433378806161595904.npy


Gaia DR3 5781043748701211520


Saving to widebinaries/chains/thick/5781043748701211520.npy


Gaia DR3 1312077500651898624


Saving to widebinaries/chains/thick/1312077500651898624.npy


Gaia DR3 1305736475358635264


Saving to widebinaries/chains/thick/1305736475358635264.npy


Gaia DR3 1304868823245737088


Saving to widebinaries/chains/thick/1304868823245737088.npy


Gaia DR3 6017896935796225152


Saving to widebinaries/chains/thick/6017896935796225152.npy


Gaia DR3 1624129483413023360


Saving to widebinaries/chains/thick/1624129483413023360.npy


Gaia DR3 1304881884242947200


Saving to widebinaries/chains/thick/1304881884242947200.npy


Gaia DR3 1703379704562897280


Saving to widebinaries/chains/thick/1703379704562897280.npy


Gaia DR3 1648430442732932608


Saving to widebinaries/chains/thick/1648430442732932608.npy


Gaia DR3 1429936965235471360


Saving to widebinaries/chains/thick/1429936965235471360.npy


Gaia DR3 1431176943768691328


Saving to widebinaries/chains/thick/1431176943768691328.npy


Gaia DR3 1407167664267539840


Saving to widebinaries/chains/thick/1407167664267539840.npy


Gaia DR3 6024630379359322368


Saving to widebinaries/chains/thick/6024630379359322368.npy


Gaia DR3 4563818955807988480


Saving to widebinaries/chains/thick/4563818955807988480.npy


Gaia DR3 1649973744742416768


Saving to widebinaries/chains/thick/1649973744742416768.npy


Gaia DR3 1324732398450984064


Saving to widebinaries/chains/thick/1324732398450984064.npy


Gaia DR3 1411867767238390912


Saving to widebinaries/chains/thick/1411867767238390912.npy


Gaia DR3 5805458743696432384


Saving to widebinaries/chains/thick/5805458743696432384.npy


Gaia DR3 6031896398873598208


Saving to widebinaries/chains/thick/6031896398873598208.npy


Gaia DR3 4446635854081706880


Saving to widebinaries/chains/thick/4446635854081706880.npy


Gaia DR3 4446635647923276288


Saving to widebinaries/chains/thick/4446635647923276288.npy


Gaia DR3 5830145326669899776


Saving to widebinaries/chains/thick/5830145326669899776.npy


Gaia DR3 1407127910049204096


Saving to widebinaries/chains/thick/1407127910049204096.npy


Gaia DR3 4432527955963416064


Saving to widebinaries/chains/thick/4432527955963416064.npy


Gaia DR3 5780950908687534080


Saving to widebinaries/chains/thick/5780950908687534080.npy


Gaia DR3 4563282595995055104


Saving to widebinaries/chains/thick/4563282595995055104.npy


Gaia DR3 1312124917091171072


Saving to widebinaries/chains/thick/1312124917091171072.npy


Gaia DR3 1311690055945250432


Saving to widebinaries/chains/thick/1311690055945250432.npy


Gaia DR3 5941297121808086912


Saving to widebinaries/chains/thick/5941297121808086912.npy


Gaia DR3 5930435596167469440


Saving to widebinaries/chains/thick/5930435596167469440.npy


Gaia DR3 4432583378218484864


Saving to widebinaries/chains/thick/4432583378218484864.npy


Gaia DR3 4564212061278453248


Saving to widebinaries/chains/thick/4564212061278453248.npy


Gaia DR3 4447111809479473408


Saving to widebinaries/chains/thick/4447111809479473408.npy


Gaia DR3 4446395168410569728


Saving to widebinaries/chains/thick/4446395168410569728.npy


Gaia DR3 4358335071686792064


Saving to widebinaries/chains/thick/4358335071686792064.npy


Gaia DR3 5828264852554185472


Saving to widebinaries/chains/thick/5828264852554185472.npy


Gaia DR3 1430434940923048064


Saving to widebinaries/chains/thick/1430434940923048064.npy


Gaia DR3 4447152865064276736


Saving to widebinaries/chains/thick/4447152865064276736.npy


Gaia DR3 4461228611063376128


Saving to widebinaries/chains/thick/4461228611063376128.npy


Gaia DR3 1425705980067439616


Saving to widebinaries/chains/thick/1425705980067439616.npy


Gaia DR3 6020441063956859392


Saving to widebinaries/chains/thick/6020441063956859392.npy


Gaia DR3 1297771819287819520


Saving to widebinaries/chains/thick/1297771819287819520.npy


Gaia DR3 6020328849341077632


Saving to widebinaries/chains/thick/6020328849341077632.npy


Gaia DR3 4354831791419949568


Saving to widebinaries/chains/thick/4354831791419949568.npy


Gaia DR3 4446428286905224704


Saving to widebinaries/chains/thick/4446428286905224704.npy


Gaia DR3 5927233745291195904


Saving to widebinaries/chains/thick/5927233745291195904.npy


Gaia DR3 4434117845479674240


Saving to widebinaries/chains/thick/4434117845479674240.npy


Gaia DR3 5781107795253788032


Saving to widebinaries/chains/thick/5781107795253788032.npy


Gaia DR3 5968536727777067648


Saving to widebinaries/chains/thick/5968536727777067648.npy


Gaia DR3 4564159250363540864


Saving to widebinaries/chains/thick/4564159250363540864.npy


Gaia DR3 5968575008823582976


Saving to widebinaries/chains/thick/5968575008823582976.npy


Gaia DR3 1648851933643976448


Saving to widebinaries/chains/thick/1648851933643976448.npy


Gaia DR3 6019146736927196544


Saving to widebinaries/chains/thick/6019146736927196544.npy


Gaia DR3 4563857193900180480


Saving to widebinaries/chains/thick/4563857193900180480.npy


Gaia DR3 4434222200299612416


Saving to widebinaries/chains/thick/4434222200299612416.npy


Gaia DR3 4434222196004715904


Saving to widebinaries/chains/thick/4434222196004715904.npy


Gaia DR3 4382429219742916608


Saving to widebinaries/chains/thick/4382429219742916608.npy


Gaia DR3 1299293680818146176


Saving to widebinaries/chains/thick/1299293680818146176.npy


Gaia DR3 5927701694875096320


Saving to widebinaries/chains/thick/5927701694875096320.npy


Gaia DR3 4462610044343403520


Saving to widebinaries/chains/thick/4462610044343403520.npy


Gaia DR3 1355692408211800704


Saving to widebinaries/chains/thick/1355692408211800704.npy


Gaia DR3 4445594650929728256


Saving to widebinaries/chains/thick/4445594650929728256.npy


Gaia DR3 4445594655225351552


Saving to widebinaries/chains/thick/4445594655225351552.npy


Gaia DR3 4435598234807569536


Saving to widebinaries/chains/thick/4435598234807569536.npy


Gaia DR3 4446863869601988096


Saving to widebinaries/chains/thick/4446863869601988096.npy


fit-sed done
