Host: scc-mh6
Job:  ember  ID: 3229238  Task: 128
Cmd:  ember fit-sed widebinaries/widebinary_fluxes.pqt widebinaries/chains/thick/ --synthetic --xpphoto --numtasks=128
Warning: the passwords of all user accounts have been inactivated.              Please visit https://cas.cosmos.esa.int/cas/passwd to set a new one. Workaround solutions for the Gaia Archive issues following the infrastructure upgrade: https://www.cosmos.esa.int/web/gaia/news#WorkaroundArchive
['synthetic']
Total rows before filtering: 9477
Rows remaining after removing existing chains: 9476
Rows in this SGE task segment: 74
Bands selected: synthetic
Output directory: /projectnb/mesaelm/ember/widebinaries/chains/thick
mcmc
Bypassing Gaia archive queries temporarily with $EMBER_DIR/widebinaries/widebinary_fluxes.pqt
Nedler mode returns no errors, so assuming 5% error universally!
[1.49290834 1.42003037 1.34610476 1.27218875 1.19762042 1.13007946
 1.05509361 0.99733563 0.93015207 0.88181679 0.82898061 0.78163521
 0.73503799 0.69541353 0.66619626 0.62154845 0.58866829 0.56235899
 0.53157587 0.50467257 0.47871176 0.45783258 0.43639439 0.41680978]
Gaia DR3 4277827700729293824


Saving to widebinaries/chains/thick/4277827700729293824.npy


Gaia DR3 6725751904620247808


Saving to widebinaries/chains/thick/6725751904620247808.npy


Gaia DR3 6418917035774086272


Saving to widebinaries/chains/thick/6418917035774086272.npy


Gaia DR3 4038579880479436160


Saving to widebinaries/chains/thick/4038579880479436160.npy


Gaia DR3 4578905286136561152


Saving to widebinaries/chains/thick/4578905286136561152.npy


Gaia DR3 2157634167550312448


Saving to widebinaries/chains/thick/2157634167550312448.npy


Gaia DR3 4269794320884241024


Saving to widebinaries/chains/thick/4269794320884241024.npy


Gaia DR3 2121629147470776704


Saving to widebinaries/chains/thick/2121629147470776704.npy


Gaia DR3 2107989710021932800


Saving to widebinaries/chains/thick/2107989710021932800.npy


Gaia DR3 6414762870395214080


Saving to widebinaries/chains/thick/6414762870395214080.npy


Gaia DR3 6414762874686188672


Saving to widebinaries/chains/thick/6414762874686188672.npy


Gaia DR3 4523665474066718336


Saving to widebinaries/chains/thick/4523665474066718336.npy


Gaia DR3 4278261423720176000


Saving to widebinaries/chains/thick/4278261423720176000.npy


Gaia DR3 6419282034981576576


Saving to widebinaries/chains/thick/6419282034981576576.npy


Gaia DR3 6631291142656733184


Saving to widebinaries/chains/thick/6631291142656733184.npy


Gaia DR3 4090563347056033408


Saving to widebinaries/chains/thick/4090563347056033408.npy


Gaia DR3 6720365500196554624


Saving to widebinaries/chains/thick/6720365500196554624.npy


Gaia DR3 2259714137037055104


Saving to widebinaries/chains/thick/2259714137037055104.npy


Gaia DR3 2114660825026894592


Saving to widebinaries/chains/thick/2114660825026894592.npy


Gaia DR3 4523585076572785408


Saving to widebinaries/chains/thick/4523585076572785408.npy


Gaia DR3 6707714450688373120


Saving to widebinaries/chains/thick/6707714450688373120.npy


Gaia DR3 4523016903940597248


Saving to widebinaries/chains/thick/4523016903940597248.npy


Gaia DR3 6720372681383934976


Saving to widebinaries/chains/thick/6720372681383934976.npy


Gaia DR3 4586769611770382848


Saving to widebinaries/chains/thick/4586769611770382848.npy


Gaia DR3 4586644198725838976


Saving to widebinaries/chains/thick/4586644198725838976.npy


Gaia DR3 2268813145513879808


Saving to widebinaries/chains/thick/2268813145513879808.npy


Gaia DR3 4528768689787177472


Saving to widebinaries/chains/thick/4528768689787177472.npy


Gaia DR3 2148510901099789952


Saving to widebinaries/chains/thick/2148510901099789952.npy


Gaia DR3 4522128498547381376


Saving to widebinaries/chains/thick/4522128498547381376.npy


Gaia DR3 6631341715892889088


Saving to widebinaries/chains/thick/6631341715892889088.npy


Gaia DR3 4589988913096602624


Saving to widebinaries/chains/thick/4589988913096602624.npy


Gaia DR3 2108994590636648448


Saving to widebinaries/chains/thick/2108994590636648448.npy


Gaia DR3 6634727700608862976


Saving to widebinaries/chains/thick/6634727700608862976.npy


Gaia DR3 4592748682987813376


Saving to widebinaries/chains/thick/4592748682987813376.npy


Gaia DR3 6437256614848810240


Saving to widebinaries/chains/thick/6437256614848810240.npy


Gaia DR3 4593432682298869760


Saving to widebinaries/chains/thick/4593432682298869760.npy


Gaia DR3 2124102498876347008


Saving to widebinaries/chains/thick/2124102498876347008.npy


Gaia DR3 4530186883683428864


Saving to widebinaries/chains/thick/4530186883683428864.npy


Gaia DR3 4521632824961961728


Saving to widebinaries/chains/thick/4521632824961961728.npy


Gaia DR3 4276493817043885056


Saving to widebinaries/chains/thick/4276493817043885056.npy


Gaia DR3 6726566367820438272


Saving to widebinaries/chains/thick/6726566367820438272.npy


Gaia DR3 4593437870619665280


Saving to widebinaries/chains/thick/4593437870619665280.npy


Gaia DR3 4476605860997616256


Saving to widebinaries/chains/thick/4476605860997616256.npy


Gaia DR3 6652819782191757312


Saving to widebinaries/chains/thick/6652819782191757312.npy


Gaia DR3 4093021236676586368


Saving to widebinaries/chains/thick/4093021236676586368.npy


Gaia DR3 4585089519348292224


Saving to widebinaries/chains/thick/4585089519348292224.npy


Gaia DR3 2115192026580095488


Saving to widebinaries/chains/thick/2115192026580095488.npy


Gaia DR3 4277114834939449728


Saving to widebinaries/chains/thick/4277114834939449728.npy


Gaia DR3 4277114731860237056


Saving to widebinaries/chains/thick/4277114731860237056.npy


Gaia DR3 6703314991134746240


Saving to widebinaries/chains/thick/6703314991134746240.npy


Gaia DR3 2121766071027906304


Saving to widebinaries/chains/thick/2121766071027906304.npy


Gaia DR3 6728034692615641472


Saving to widebinaries/chains/thick/6728034692615641472.npy


Gaia DR3 4528439381757452928


Saving to widebinaries/chains/thick/4528439381757452928.npy


Gaia DR3 6709541319328830336


Saving to widebinaries/chains/thick/6709541319328830336.npy


Gaia DR3 4154229090411802112


Saving to widebinaries/chains/thick/4154229090411802112.npy


Gaia DR3 4529233504029088384


Saving to widebinaries/chains/thick/4529233504029088384.npy


Gaia DR3 4588403069436048512


Saving to widebinaries/chains/thick/4588403069436048512.npy


Gaia DR3 6629875585857523712


Saving to widebinaries/chains/thick/6629875585857523712.npy


Gaia DR3 2109841562483681792


Saving to widebinaries/chains/thick/2109841562483681792.npy


Gaia DR3 6722002157630366720


Saving to widebinaries/chains/thick/6722002157630366720.npy


Gaia DR3 4046142183980369536


Saving to widebinaries/chains/thick/4046142183980369536.npy


Gaia DR3 2118342883310054272


Saving to widebinaries/chains/thick/2118342883310054272.npy


Gaia DR3 2260245849692998016


Saving to widebinaries/chains/thick/2260245849692998016.npy


Gaia DR3 2112179880118535552


Saving to widebinaries/chains/thick/2112179880118535552.npy


Gaia DR3 6734289990371428864


Saving to widebinaries/chains/thick/6734289990371428864.npy


Gaia DR3 2108153193659975296


Saving to widebinaries/chains/thick/2108153193659975296.npy


Gaia DR3 4593389492106457984


Saving to widebinaries/chains/thick/4593389492106457984.npy


Gaia DR3 2260254130389975936


Saving to widebinaries/chains/thick/2260254130389975936.npy


Gaia DR3 2150591799870095872


Saving to widebinaries/chains/thick/2150591799870095872.npy


Gaia DR3 2150591795574568192


Saving to widebinaries/chains/thick/2150591795574568192.npy


Gaia DR3 2257245316820589568


Saving to widebinaries/chains/thick/2257245316820589568.npy


Gaia DR3 2109540635598902144


Saving to widebinaries/chains/thick/2109540635598902144.npy


Gaia DR3 4478520321197420672


Saving to widebinaries/chains/thick/4478520321197420672.npy


Gaia DR3 6432846989110977792


Saving to widebinaries/chains/thick/6432846989110977792.npy


fit-sed done
