Host: scc-mc3
Job:  ember  ID: 3229238  Task: 12
Cmd:  ember fit-sed widebinaries/widebinary_fluxes.pqt widebinaries/chains/thick/ --synthetic --xpphoto --numtasks=128
Warning: the passwords of all user accounts have been inactivated.              Please visit https://cas.cosmos.esa.int/cas/passwd to set a new one. Workaround solutions for the Gaia Archive issues following the infrastructure upgrade: https://www.cosmos.esa.int/web/gaia/news#WorkaroundArchive
['synthetic']
Total rows before filtering: 9477
Rows remaining after removing existing chains: 9476
Rows in this SGE task segment: 74
Bands selected: synthetic
Output directory: /projectnb/mesaelm/ember/widebinaries/chains/thick
mcmc
Bypassing Gaia archive queries temporarily with $EMBER_DIR/widebinaries/widebinary_fluxes.pqt
Nedler mode returns no errors, so assuming 5% error universally!
[1.49290834 1.42003037 1.34610476 1.27218875 1.19762042 1.13007946
 1.05509361 0.99733563 0.93015207 0.88181679 0.82898061 0.78163521
 0.73503799 0.69541353 0.66619626 0.62154845 0.58866829 0.56235899
 0.53157587 0.50467257 0.47871176 0.45783258 0.43639439 0.41680978]
Gaia DR3 6874344304010712320


Saving to widebinaries/chains/thick/6874344304010712320.npy


Gaia DR3 2184254581011904384


Saving to widebinaries/chains/thick/2184254581011904384.npy


Gaia DR3 2085047880219457408


Saving to widebinaries/chains/thick/2085047880219457408.npy


Gaia DR3 4216266834963196800


Saving to widebinaries/chains/thick/4216266834963196800.npy


Gaia DR3 6672681501966031232


Saving to widebinaries/chains/thick/6672681501966031232.npy


Gaia DR3 1829120747684239104


Saving to widebinaries/chains/thick/1829120747684239104.npy


Gaia DR3 1829120747684237312


Saving to widebinaries/chains/thick/1829120747684237312.npy


Gaia DR3 6672711906040004736


Saving to widebinaries/chains/thick/6672711906040004736.npy


Gaia DR3 6443232765487202176


Saving to widebinaries/chains/thick/6443232765487202176.npy


Gaia DR3 2062283217823775488


Saving to widebinaries/chains/thick/2062283217823775488.npy


Gaia DR3 6680068188590779904


Saving to widebinaries/chains/thick/6680068188590779904.npy


Gaia DR3 1830333337199612416


Saving to widebinaries/chains/thick/1830333337199612416.npy


Gaia DR3 2054726854218076928


Saving to widebinaries/chains/thick/2054726854218076928.npy


Gaia DR3 6880158173604050176


Saving to widebinaries/chains/thick/6880158173604050176.npy


Gaia DR3 2085033693940476544


Saving to widebinaries/chains/thick/2085033693940476544.npy


Gaia DR3 4250205872691106560


Saving to widebinaries/chains/thick/4250205872691106560.npy


Gaia DR3 4250205872691106176


Saving to widebinaries/chains/thick/4250205872691106176.npy


Gaia DR3 2250430479327475456


Saving to widebinaries/chains/thick/2250430479327475456.npy


Gaia DR3 1816586383837062784


Saving to widebinaries/chains/thick/1816586383837062784.npy


Gaia DR3 4244268612979985280


Saving to widebinaries/chains/thick/4244268612979985280.npy


Gaia DR3 2184284027304201856


Saving to widebinaries/chains/thick/2184284027304201856.npy


Gaia DR3 2304003079589668608


Saving to widebinaries/chains/thick/2304003079589668608.npy


Gaia DR3 4243381341455988096


Saving to widebinaries/chains/thick/4243381341455988096.npy


Gaia DR3 1861145982333443200


Saving to widebinaries/chains/thick/1861145982333443200.npy


Gaia DR3 6473608840085640832


Saving to widebinaries/chains/thick/6473608840085640832.npy


Gaia DR3 6846483160397112960


Saving to widebinaries/chains/thick/6846483160397112960.npy


Gaia DR3 1753449123333346176


Saving to widebinaries/chains/thick/1753449123333346176.npy


Gaia DR3 6423205092468209664


Saving to widebinaries/chains/thick/6423205092468209664.npy


Gaia DR3 6431084300169300224


Saving to widebinaries/chains/thick/6431084300169300224.npy


Gaia DR3 1829566393484946560


Saving to widebinaries/chains/thick/1829566393484946560.npy


Gaia DR3 1753506401018588544


Saving to widebinaries/chains/thick/1753506401018588544.npy


Gaia DR3 4230063811808606208


Saving to widebinaries/chains/thick/4230063811808606208.npy


Gaia DR3 2054216199786969216


Saving to widebinaries/chains/thick/2054216199786969216.npy


Gaia DR3 6363066238835644416


Saving to widebinaries/chains/thick/6363066238835644416.npy


Gaia DR3 1816561365650768000


Saving to widebinaries/chains/thick/1816561365650768000.npy


Gaia DR3 4216404308276086400


Saving to widebinaries/chains/thick/4216404308276086400.npy


Gaia DR3 1829497021177625472


Saving to widebinaries/chains/thick/1829497021177625472.npy


Gaia DR3 1805766124267194368


Saving to widebinaries/chains/thick/1805766124267194368.npy


Gaia DR3 6467585887187253760


Saving to widebinaries/chains/thick/6467585887187253760.npy


Gaia DR3 2305371872776331904


Saving to widebinaries/chains/thick/2305371872776331904.npy


Gaia DR3 6467504381591496704


Saving to widebinaries/chains/thick/6467504381591496704.npy


Gaia DR3 6667752047743341952


Saving to widebinaries/chains/thick/6667752047743341952.npy


Gaia DR3 6468768686820452608


Saving to widebinaries/chains/thick/6468768686820452608.npy


Gaia DR3 2056288680427610112


Saving to widebinaries/chains/thick/2056288680427610112.npy


Gaia DR3 6876026174545050752


Saving to widebinaries/chains/thick/6876026174545050752.npy


Gaia DR3 6876026174545050368


Saving to widebinaries/chains/thick/6876026174545050368.npy


Gaia DR3 6876851327957774336


Saving to widebinaries/chains/thick/6876851327957774336.npy


Gaia DR3 4244731777960304384


Saving to widebinaries/chains/thick/4244731777960304384.npy


Gaia DR3 6679362959252072832


Saving to widebinaries/chains/thick/6679362959252072832.npy


Gaia DR3 6904408216086351360


Saving to widebinaries/chains/thick/6904408216086351360.npy


Gaia DR3 6860969290515866112


Saving to widebinaries/chains/thick/6860969290515866112.npy


Gaia DR3 2056190235474086528


Saving to widebinaries/chains/thick/2056190235474086528.npy


Gaia DR3 6699868232635182720


Saving to widebinaries/chains/thick/6699868232635182720.npy


Gaia DR3 4219603268635199360


Saving to widebinaries/chains/thick/4219603268635199360.npy


Gaia DR3 4231081414113823232


Saving to widebinaries/chains/thick/4231081414113823232.npy


Gaia DR3 2181801948526320768


Saving to widebinaries/chains/thick/2181801948526320768.npy


Gaia DR3 2067496827080173184


Saving to widebinaries/chains/thick/2067496827080173184.npy


Gaia DR3 6846230891195990656


Saving to widebinaries/chains/thick/6846230891195990656.npy


Gaia DR3 2185079665705538048


Saving to widebinaries/chains/thick/2185079665705538048.npy


Gaia DR3 1804015873552680576


Saving to widebinaries/chains/thick/1804015873552680576.npy


Gaia DR3 1805900191668352384


Saving to widebinaries/chains/thick/1805900191668352384.npy


Gaia DR3 4229008869056208256


Saving to widebinaries/chains/thick/4229008869056208256.npy


Gaia DR3 6874825370411033472


Saving to widebinaries/chains/thick/6874825370411033472.npy


Gaia DR3 2056439725830998144


Saving to widebinaries/chains/thick/2056439725830998144.npy


Gaia DR3 2056440344314369280


Saving to widebinaries/chains/thick/2056440344314369280.npy


Gaia DR3 4229328547768399488


Saving to widebinaries/chains/thick/4229328547768399488.npy


Gaia DR3 6696618694738631040


Saving to widebinaries/chains/thick/6696618694738631040.npy


Gaia DR3 6373119623403425920


Saving to widebinaries/chains/thick/6373119623403425920.npy


Gaia DR3 1805006597953157248


Saving to widebinaries/chains/thick/1805006597953157248.npy


Gaia DR3 1861787543075748480


Saving to widebinaries/chains/thick/1861787543075748480.npy


Gaia DR3 6859013774725531904


Saving to widebinaries/chains/thick/6859013774725531904.npy


Gaia DR3 4231104091541727744


Saving to widebinaries/chains/thick/4231104091541727744.npy


Gaia DR3 2068854586499710464


Saving to widebinaries/chains/thick/2068854586499710464.npy


Gaia DR3 6475282434220051968


Saving to widebinaries/chains/thick/6475282434220051968.npy


fit-sed done
