Host: scc-mh6
Job:  ember  ID: 3229238  Task: 89
Cmd:  ember fit-sed widebinaries/widebinary_fluxes.pqt widebinaries/chains/thick/ --synthetic --xpphoto --numtasks=128
Warning: the passwords of all user accounts have been inactivated.              Please visit https://cas.cosmos.esa.int/cas/passwd to set a new one. Workaround solutions for the Gaia Archive issues following the infrastructure upgrade: https://www.cosmos.esa.int/web/gaia/news#WorkaroundArchive
['synthetic']
Total rows before filtering: 9477
Rows remaining after removing existing chains: 9476
Rows in this SGE task segment: 74
Bands selected: synthetic
Output directory: /projectnb/mesaelm/ember/widebinaries/chains/thick
mcmc
Bypassing Gaia archive queries temporarily with $EMBER_DIR/widebinaries/widebinary_fluxes.pqt
Nedler mode returns no errors, so assuming 5% error universally!
[1.49290834 1.42003037 1.34610476 1.27218875 1.19762042 1.13007946
 1.05509361 0.99733563 0.93015207 0.88181679 0.82898061 0.78163521
 0.73503799 0.69541353 0.66619626 0.62154845 0.58866829 0.56235899
 0.53157587 0.50467257 0.47871176 0.45783258 0.43639439 0.41680978]
Gaia DR3 853399315836627456


Saving to widebinaries/chains/thick/853399315836627456.npy


Gaia DR3 753083448331086720


Saving to widebinaries/chains/thick/753083448331086720.npy


Gaia DR3 728820559601001984


Saving to widebinaries/chains/thick/728820559601001984.npy


Gaia DR3 5461464023998484224


Saving to widebinaries/chains/thick/5461464023998484224.npy


Gaia DR3 834689132625664128


Saving to widebinaries/chains/thick/834689132625664128.npy


Gaia DR3 3876218812252784512


Saving to widebinaries/chains/thick/3876218812252784512.npy


Gaia DR3 804040108562044288


Saving to widebinaries/chains/thick/804040108562044288.npy


Gaia DR3 5245023064138162304


Saving to widebinaries/chains/thick/5245023064138162304.npy


Gaia DR3 3752478017021957760


Saving to widebinaries/chains/thick/3752478017021957760.npy


Gaia DR3 741037679973569408


Saving to widebinaries/chains/thick/741037679973569408.npy


Gaia DR3 1051864188307366272


Saving to widebinaries/chains/thick/1051864188307366272.npy


Gaia DR3 5462567182054064896


Saving to widebinaries/chains/thick/5462567182054064896.npy


Gaia DR3 5355479628626007424


Saving to widebinaries/chains/thick/5355479628626007424.npy


Gaia DR3 728855640894001280


Saving to widebinaries/chains/thick/728855640894001280.npy


Gaia DR3 833452873535333760


Saving to widebinaries/chains/thick/833452873535333760.npy


Gaia DR3 3890086260924111360


Saving to widebinaries/chains/thick/3890086260924111360.npy


Gaia DR3 5448628462694711424


Saving to widebinaries/chains/thick/5448628462694711424.npy


Gaia DR3 742716810323314304


Saving to widebinaries/chains/thick/742716810323314304.npy


Gaia DR3 847233804386021248


Saving to widebinaries/chains/thick/847233804386021248.npy


Gaia DR3 5245008946570696960


Saving to widebinaries/chains/thick/5245008946570696960.npy


Gaia DR3 1052455729858691200


Saving to widebinaries/chains/thick/1052455729858691200.npy


Gaia DR3 5254849025919970560


Saving to widebinaries/chains/thick/5254849025919970560.npy


Gaia DR3 3890427590565691776


Saving to widebinaries/chains/thick/3890427590565691776.npy


Gaia DR3 5357342849846593408


Saving to widebinaries/chains/thick/5357342849846593408.npy


Gaia DR3 722128828755291392


Saving to widebinaries/chains/thick/722128828755291392.npy


Gaia DR3 5442034558323173120


Saving to widebinaries/chains/thick/5442034558323173120.npy


Gaia DR3 1073281545241274752


Saving to widebinaries/chains/thick/1073281545241274752.npy


Gaia DR3 1133810794221801856


Saving to widebinaries/chains/thick/1133810794221801856.npy


Gaia DR3 5461709013230667648


Saving to widebinaries/chains/thick/5461709013230667648.npy


Gaia DR3 5449166776715734912


Saving to widebinaries/chains/thick/5449166776715734912.npy


Gaia DR3 834838700566346368


Saving to widebinaries/chains/thick/834838700566346368.npy


Gaia DR3 834838734926085888


Saving to widebinaries/chains/thick/834838734926085888.npy


Gaia DR3 5468729459397226112


Saving to widebinaries/chains/thick/5468729459397226112.npy


Gaia DR3 3830990156631488128


Saving to widebinaries/chains/thick/3830990156631488128.npy


Gaia DR3 5445424799345613568


Saving to widebinaries/chains/thick/5445424799345613568.npy


Gaia DR3 3890541115140838016


Saving to widebinaries/chains/thick/3890541115140838016.npy


Gaia DR3 804880311546740096


Saving to widebinaries/chains/thick/804880311546740096.npy


Gaia DR3 852225282231361280


Saving to widebinaries/chains/thick/852225282231361280.npy


Gaia DR3 1134106833431502720


Saving to widebinaries/chains/thick/1134106833431502720.npy


Gaia DR3 722650375224074496


Saving to widebinaries/chains/thick/722650375224074496.npy


Gaia DR3 5441695255903407104


Saving to widebinaries/chains/thick/5441695255903407104.npy


Gaia DR3 3775407408600360704


Saving to widebinaries/chains/thick/3775407408600360704.npy


Gaia DR3 726116997947606656


Saving to widebinaries/chains/thick/726116997947606656.npy


Gaia DR3 1052236755246289280


Saving to widebinaries/chains/thick/1052236755246289280.npy


Gaia DR3 5416314129488591232


Saving to widebinaries/chains/thick/5416314129488591232.npy


Gaia DR3 5474547392030536320


Saving to widebinaries/chains/thick/5474547392030536320.npy


Gaia DR3 1053717449515782784


Saving to widebinaries/chains/thick/1053717449515782784.npy


Gaia DR3 804721775713564672


Saving to widebinaries/chains/thick/804721775713564672.npy


Gaia DR3 1152605944770342400


Saving to widebinaries/chains/thick/1152605944770342400.npy


Gaia DR3 3863816316796862464


Saving to widebinaries/chains/thick/3863816316796862464.npy


Gaia DR3 5352376428848410624


Saving to widebinaries/chains/thick/5352376428848410624.npy


Gaia DR3 3889155730489668864


Saving to widebinaries/chains/thick/3889155730489668864.npy


Gaia DR3 5255417370353930368


Saving to widebinaries/chains/thick/5255417370353930368.npy


Gaia DR3 5352321625063252864


Saving to widebinaries/chains/thick/5352321625063252864.npy


Gaia DR3 754878504143019136


Saving to widebinaries/chains/thick/754878504143019136.npy


Gaia DR3 741596712916829824


Saving to widebinaries/chains/thick/741596712916829824.npy


Gaia DR3 5442124615196939392


Saving to widebinaries/chains/thick/5442124615196939392.npy


Gaia DR3 3747543649354630144


Saving to widebinaries/chains/thick/3747543649354630144.npy


Gaia DR3 829843657899711872


Saving to widebinaries/chains/thick/829843657899711872.npy


Gaia DR3 3775831167254103424


Saving to widebinaries/chains/thick/3775831167254103424.npy


Gaia DR3 748130595124676992


Saving to widebinaries/chains/thick/748130595124676992.npy


Gaia DR3 828733765333358976


Saving to widebinaries/chains/thick/828733765333358976.npy


Gaia DR3 1076630859521562752


Saving to widebinaries/chains/thick/1076630859521562752.npy


Gaia DR3 5449241204205303680


Saving to widebinaries/chains/thick/5449241204205303680.npy


Gaia DR3 5449241234271119360


Saving to widebinaries/chains/thick/5449241234271119360.npy


Gaia DR3 5367402114212806144


Saving to widebinaries/chains/thick/5367402114212806144.npy


Gaia DR3 828664770979132800


Saving to widebinaries/chains/thick/828664770979132800.npy


Gaia DR3 1059846234703141888


Saving to widebinaries/chains/thick/1059846234703141888.npy


Gaia DR3 5368062607163857280


Saving to widebinaries/chains/thick/5368062607163857280.npy


Gaia DR3 3782950741267429376


Saving to widebinaries/chains/thick/3782950741267429376.npy


Gaia DR3 3775923285713063168


Saving to widebinaries/chains/thick/3775923285713063168.npy


Gaia DR3 3781256703086058624


Saving to widebinaries/chains/thick/3781256703086058624.npy


Gaia DR3 5190957775287157120


Saving to widebinaries/chains/thick/5190957775287157120.npy


Gaia DR3 1052389686145853312


Saving to widebinaries/chains/thick/1052389686145853312.npy


fit-sed done
